/Users/tohid/stm32Projects/sbsfu/st_sbsfu/Projects/NUCLEO-G071RB/Applications/1_Image/1_Image_SBSFU/Core/Src/stm32g0xx_hal_msp.c:27:6:HAL_MspInit	16	static
/Users/tohid/stm32Projects/sbsfu/st_sbsfu/Projects/NUCLEO-G071RB/Applications/1_Image/1_Image_SBSFU/Core/Src/stm32g0xx_hal_msp.c:42:6:HAL_RTC_MspInit	8	static
/Users/tohid/stm32Projects/sbsfu/st_sbsfu/Projects/NUCLEO-G071RB/Applications/1_Image/1_Image_SBSFU/Core/Src/stm32g0xx_hal_msp.c:53:6:HAL_RTC_MspDeInit	8	static
/Users/tohid/stm32Projects/sbsfu/st_sbsfu/Projects/NUCLEO-G071RB/Applications/1_Image/1_Image_SBSFU/Core/Src/stm32g0xx_hal_msp.c:64:6:HAL_UART_MspInit	8	static
/Users/tohid/stm32Projects/sbsfu/st_sbsfu/Projects/NUCLEO-G071RB/Applications/1_Image/1_Image_SBSFU/Core/Src/stm32g0xx_hal_msp.c:76:6:HAL_UART_MspDeInit	8	static
