/Users/tohid/stm32Projects/sbsfu/st_sbsfu/Projects/STM32F413H-Discovery/Applications/2_Images/2_Images_SBSFU/SBSFU/Target/sfu_low_level_flash_int.c:350:24:SFU_LL_FLASH_INT_Clear_Error	8	static
/Users/tohid/stm32Projects/sbsfu/st_sbsfu/Projects/STM32F413H-Discovery/Applications/2_Images/2_Images_SBSFU/SBSFU/Target/sfu_low_level_flash_int.c:56:17:SFU_LL_FLASH_INT_Init	0	static
/Users/tohid/stm32Projects/sbsfu/st_sbsfu/Projects/STM32F413H-Discovery/Applications/2_Images/2_Images_SBSFU/SBSFU/Target/sfu_low_level_flash_int.c:147:17:SFU_LL_FLASH_INT_Write	40	static
/Users/tohid/stm32Projects/sbsfu/st_sbsfu/Projects/STM32F413H-Discovery/Applications/2_Images/2_Images_SBSFU/SBSFU/Target/sfu_low_level_flash_int.c:257:17:SFU_LL_FLASH_INT_Read	24	static
/Users/tohid/stm32Projects/sbsfu/st_sbsfu/Projects/STM32F413H-Discovery/Applications/2_Images/2_Images_SBSFU/SBSFU/Target/sfu_low_level_flash_int.c:306:17:SFU_LL_FLASH_INT_Compare	12	static
/Users/tohid/stm32Projects/sbsfu/st_sbsfu/Projects/STM32F413H-Discovery/Applications/2_Images/2_Images_SBSFU/SBSFU/Target/sfu_low_level_flash_int.c:333:10:SFU_LL_FLASH_INT_GetSector	8	static
/Users/tohid/stm32Projects/sbsfu/st_sbsfu/Projects/STM32F413H-Discovery/Applications/2_Images/2_Images_SBSFU/SBSFU/Target/sfu_low_level_flash_int.c:68:17:SFU_LL_FLASH_INT_Erase_Size	56	static
/Users/tohid/stm32Projects/sbsfu/st_sbsfu/Projects/STM32F413H-Discovery/Applications/2_Images/2_Images_SBSFU/SBSFU/Target/sfu_low_level_flash_int.c:392:6:NMI_Handler	0	static
/Users/tohid/stm32Projects/sbsfu/st_sbsfu/Projects/STM32F413H-Discovery/Applications/2_Images/2_Images_SBSFU/SBSFU/Target/sfu_low_level_flash_int.c:406:6:HardFault_Handler	0	static
