../Application/User/syscalls.c:60:6:initialise_monitor_handles	0	static
../Application/User/syscalls.c:64:5:_getpid	0	static
../Application/User/syscalls.c:69:5:_kill	8	static
../Application/User/syscalls.c:75:6:_exit	8	static
../Application/User/syscalls.c:81:5:_read	16	static
../Application/User/syscalls.c:93:5:_write	16	static
../Application/User/syscalls.c:104:9:_sbrk	8	static
../Application/User/syscalls.c:127:5:_close	0	static
../Application/User/syscalls.c:133:5:_fstat	0	static
../Application/User/syscalls.c:139:5:_isatty	0	static
../Application/User/syscalls.c:144:5:_lseek	0	static
../Application/User/syscalls.c:149:5:_open	0	static
../Application/User/syscalls.c:155:5:_wait	8	static
../Application/User/syscalls.c:161:5:_unlink	8	static
../Application/User/syscalls.c:167:5:_times	0	static
../Application/User/syscalls.c:172:5:_stat	0	static
../Application/User/syscalls.c:178:5:_link	8	static
../Application/User/syscalls.c:184:5:_fork	8	static
../Application/User/syscalls.c:190:5:_execve	8	static
