../../../../../../../Drivers/CMSIS/Include/core_cm4.h:1938:34:__NVIC_SystemReset	0	static,ignoring_inline_asm
/Users/tohid/stm32Projects/sbsfu/st_sbsfu/Projects/STM32F413H-Discovery/Applications/2_Images/2_Images_SECoreBin/Src/se_low_level.c:82:16:SE_LL_CRC_Config	8	static
/Users/tohid/stm32Projects/sbsfu/st_sbsfu/Projects/STM32F413H-Discovery/Applications/2_Images/2_Images_SECoreBin/Src/se_low_level.c:101:16:SE_LL_CRC_Init	8	static
/Users/tohid/stm32Projects/sbsfu/st_sbsfu/Projects/STM32F413H-Discovery/Applications/2_Images/2_Images_SECoreBin/Src/se_low_level.c:114:16:SE_LL_CRC_DeInit	8	static
/Users/tohid/stm32Projects/sbsfu/st_sbsfu/Projects/STM32F413H-Discovery/Applications/2_Images/2_Images_SECoreBin/Src/se_low_level.c:133:10:SE_LL_CRC_Calculate	0	static
/Users/tohid/stm32Projects/sbsfu/st_sbsfu/Projects/STM32F413H-Discovery/Applications/2_Images/2_Images_SECoreBin/Src/se_low_level.c:152:16:SE_LL_FLASH_Erase	40	static
/Users/tohid/stm32Projects/sbsfu/st_sbsfu/Projects/STM32F413H-Discovery/Applications/2_Images/2_Images_SECoreBin/Src/se_low_level.c:192:16:SE_LL_FLASH_Write	24	static
/Users/tohid/stm32Projects/sbsfu/st_sbsfu/Projects/STM32F413H-Discovery/Applications/2_Images/2_Images_SECoreBin/Src/se_low_level.c:249:16:SE_LL_FLASH_Read	16	static
/Users/tohid/stm32Projects/sbsfu/st_sbsfu/Projects/STM32F413H-Discovery/Applications/2_Images/2_Images_SECoreBin/Src/se_low_level.c:299:16:SE_LL_FLASH_EXT_Decrypt_Init	0	static
/Users/tohid/stm32Projects/sbsfu/st_sbsfu/Projects/STM32F413H-Discovery/Applications/2_Images/2_Images_SECoreBin/Src/se_low_level.c:315:16:SE_LL_Buffer_in_ram	8	static
/Users/tohid/stm32Projects/sbsfu/st_sbsfu/Projects/STM32F413H-Discovery/Applications/2_Images/2_Images_SECoreBin/Src/se_low_level.c:342:16:SE_LL_Buffer_in_SBSFU_ram	8	static
/Users/tohid/stm32Projects/sbsfu/st_sbsfu/Projects/STM32F413H-Discovery/Applications/2_Images/2_Images_SECoreBin/Src/se_low_level.c:370:16:SE_LL_Buffer_part_of_SE_ram	8	static
/Users/tohid/stm32Projects/sbsfu/st_sbsfu/Projects/STM32F413H-Discovery/Applications/2_Images/2_Images_SECoreBin/Src/se_low_level.c:399:16:SE_LL_Buffer_part_of_SE_rom	8	static
/Users/tohid/stm32Projects/sbsfu/st_sbsfu/Projects/STM32F413H-Discovery/Applications/2_Images/2_Images_SECoreBin/Src/se_low_level.c:437:16:SE_LL_Save_Disable_Irq	0	static
/Users/tohid/stm32Projects/sbsfu/st_sbsfu/Projects/STM32F413H-Discovery/Applications/2_Images/2_Images_SECoreBin/Src/se_low_level.c:451:16:SE_LL_Restore_Enable_Irq	0	static
/Users/tohid/stm32Projects/sbsfu/st_sbsfu/Projects/STM32F413H-Discovery/Applications/2_Images/2_Images_SECoreBin/Src/se_low_level.c:516:6:NMI_Handler	8	static
/Users/tohid/stm32Projects/sbsfu/st_sbsfu/Projects/STM32F413H-Discovery/Applications/2_Images/2_Images_SECoreBin/Src/se_low_level.c:526:6:HardFault_Handler	0	static
/Users/tohid/stm32Projects/sbsfu/st_sbsfu/Projects/STM32F413H-Discovery/Applications/2_Images/2_Images_SECoreBin/Src/se_low_level.c:536:7:SE_LL_CORE_Cleanup	0	static
/Users/tohid/stm32Projects/sbsfu/st_sbsfu/Projects/STM32F413H-Discovery/Applications/2_Images/2_Images_SECoreBin/Src/se_low_level.c:549:16:SE_LL_Lock_Keys	0	static
