../Application/User/syscalls.c:47:6:initialise_monitor_handles	0	static
../Application/User/syscalls.c:51:5:_getpid	0	static
../Application/User/syscalls.c:56:5:_kill	8	static
../Application/User/syscalls.c:62:6:_exit	8	static
../Application/User/syscalls.c:68:27:_read	16	static
../Application/User/syscalls.c:80:27:_write	16	static
../Application/User/syscalls.c:91:9:_sbrk	8	static
../Application/User/syscalls.c:114:5:_close	0	static
../Application/User/syscalls.c:120:5:_fstat	0	static
../Application/User/syscalls.c:126:5:_isatty	0	static
../Application/User/syscalls.c:131:5:_lseek	0	static
../Application/User/syscalls.c:136:5:_open	0	static
../Application/User/syscalls.c:142:5:_wait	8	static
../Application/User/syscalls.c:148:5:_unlink	8	static
../Application/User/syscalls.c:154:5:_times	0	static
../Application/User/syscalls.c:159:5:_stat	0	static
../Application/User/syscalls.c:165:5:_link	8	static
../Application/User/syscalls.c:171:5:_fork	8	static
../Application/User/syscalls.c:177:5:_execve	8	static
