/Users/tohid/stm32Projects/sbsfu/st_sbsfu/Drivers/STM32F4xx_HAL_Driver/Src/stm32f4xx_hal_rtc_ex.c:186:19:HAL_RTCEx_SetTimeStamp	8	static
/Users/tohid/stm32Projects/sbsfu/st_sbsfu/Drivers/STM32F4xx_HAL_Driver/Src/stm32f4xx_hal_rtc_ex.c:258:19:HAL_RTCEx_SetTimeStamp_IT	8	static
/Users/tohid/stm32Projects/sbsfu/st_sbsfu/Drivers/STM32F4xx_HAL_Driver/Src/stm32f4xx_hal_rtc_ex.c:321:19:HAL_RTCEx_DeactivateTimeStamp	0	static
/Users/tohid/stm32Projects/sbsfu/st_sbsfu/Drivers/STM32F4xx_HAL_Driver/Src/stm32f4xx_hal_rtc_ex.c:365:19:HAL_RTCEx_GetTimeStamp	24	static
/Users/tohid/stm32Projects/sbsfu/st_sbsfu/Drivers/STM32F4xx_HAL_Driver/Src/stm32f4xx_hal_rtc_ex.c:418:19:HAL_RTCEx_SetTamper	12	static
/Users/tohid/stm32Projects/sbsfu/st_sbsfu/Drivers/STM32F4xx_HAL_Driver/Src/stm32f4xx_hal_rtc_ex.c:495:19:HAL_RTCEx_SetTamper_IT	12	static
/Users/tohid/stm32Projects/sbsfu/st_sbsfu/Drivers/STM32F4xx_HAL_Driver/Src/stm32f4xx_hal_rtc_ex.c:581:19:HAL_RTCEx_DeactivateTamper	0	static
/Users/tohid/stm32Projects/sbsfu/st_sbsfu/Drivers/STM32F4xx_HAL_Driver/Src/stm32f4xx_hal_rtc_ex.c:679:13:HAL_RTCEx_TimeStampEventCallback	0	static
/Users/tohid/stm32Projects/sbsfu/st_sbsfu/Drivers/STM32F4xx_HAL_Driver/Src/stm32f4xx_hal_rtc_ex.c:695:13:HAL_RTCEx_Tamper1EventCallback	0	static
/Users/tohid/stm32Projects/sbsfu/st_sbsfu/Drivers/STM32F4xx_HAL_Driver/Src/stm32f4xx_hal_rtc_ex.c:607:6:HAL_RTCEx_TamperTimeStampIRQHandler	8	static
/Users/tohid/stm32Projects/sbsfu/st_sbsfu/Drivers/STM32F4xx_HAL_Driver/Src/stm32f4xx_hal_rtc_ex.c:730:19:HAL_RTCEx_PollForTimeStampEvent	16	static
/Users/tohid/stm32Projects/sbsfu/st_sbsfu/Drivers/STM32F4xx_HAL_Driver/Src/stm32f4xx_hal_rtc_ex.c:773:19:HAL_RTCEx_PollForTamper1Event	16	static
/Users/tohid/stm32Projects/sbsfu/st_sbsfu/Drivers/STM32F4xx_HAL_Driver/Src/stm32f4xx_hal_rtc_ex.c:866:19:HAL_RTCEx_SetWakeUpTimer	24	static
/Users/tohid/stm32Projects/sbsfu/st_sbsfu/Drivers/STM32F4xx_HAL_Driver/Src/stm32f4xx_hal_rtc_ex.c:962:19:HAL_RTCEx_SetWakeUpTimer_IT	24	static
/Users/tohid/stm32Projects/sbsfu/st_sbsfu/Drivers/STM32F4xx_HAL_Driver/Src/stm32f4xx_hal_rtc_ex.c:1063:19:HAL_RTCEx_DeactivateWakeUpTimer	16	static
/Users/tohid/stm32Projects/sbsfu/st_sbsfu/Drivers/STM32F4xx_HAL_Driver/Src/stm32f4xx_hal_rtc_ex.c:1118:10:HAL_RTCEx_GetWakeUpTimer	0	static
/Users/tohid/stm32Projects/sbsfu/st_sbsfu/Drivers/STM32F4xx_HAL_Driver/Src/stm32f4xx_hal_rtc_ex.c:1164:13:HAL_RTCEx_WakeUpTimerEventCallback	0	static
/Users/tohid/stm32Projects/sbsfu/st_sbsfu/Drivers/STM32F4xx_HAL_Driver/Src/stm32f4xx_hal_rtc_ex.c:1135:6:HAL_RTCEx_WakeUpTimerIRQHandler	8	static
/Users/tohid/stm32Projects/sbsfu/st_sbsfu/Drivers/STM32F4xx_HAL_Driver/Src/stm32f4xx_hal_rtc_ex.c:1181:19:HAL_RTCEx_PollForWakeUpTimerEvent	16	static
/Users/tohid/stm32Projects/sbsfu/st_sbsfu/Drivers/STM32F4xx_HAL_Driver/Src/stm32f4xx_hal_rtc_ex.c:1249:6:HAL_RTCEx_BKUPWrite	0	static
/Users/tohid/stm32Projects/sbsfu/st_sbsfu/Drivers/STM32F4xx_HAL_Driver/Src/stm32f4xx_hal_rtc_ex.c:1272:10:HAL_RTCEx_BKUPRead	0	static
/Users/tohid/stm32Projects/sbsfu/st_sbsfu/Drivers/STM32F4xx_HAL_Driver/Src/stm32f4xx_hal_rtc_ex.c:1303:19:HAL_RTCEx_SetCoarseCalib	24	static
/Users/tohid/stm32Projects/sbsfu/st_sbsfu/Drivers/STM32F4xx_HAL_Driver/Src/stm32f4xx_hal_rtc_ex.c:1354:19:HAL_RTCEx_DeactivateCoarseCalib	16	static
/Users/tohid/stm32Projects/sbsfu/st_sbsfu/Drivers/STM32F4xx_HAL_Driver/Src/stm32f4xx_hal_rtc_ex.c:1412:19:HAL_RTCEx_SetSmoothCalib	24	static
/Users/tohid/stm32Projects/sbsfu/st_sbsfu/Drivers/STM32F4xx_HAL_Driver/Src/stm32f4xx_hal_rtc_ex.c:1484:19:HAL_RTCEx_SetSynchroShift	24	static
/Users/tohid/stm32Projects/sbsfu/st_sbsfu/Drivers/STM32F4xx_HAL_Driver/Src/stm32f4xx_hal_rtc_ex.c:1579:19:HAL_RTCEx_SetCalibrationOutPut	0	static
/Users/tohid/stm32Projects/sbsfu/st_sbsfu/Drivers/STM32F4xx_HAL_Driver/Src/stm32f4xx_hal_rtc_ex.c:1618:19:HAL_RTCEx_DeactivateCalibrationOutPut	0	static
/Users/tohid/stm32Projects/sbsfu/st_sbsfu/Drivers/STM32F4xx_HAL_Driver/Src/stm32f4xx_hal_rtc_ex.c:1648:19:HAL_RTCEx_SetRefClock	16	static
/Users/tohid/stm32Projects/sbsfu/st_sbsfu/Drivers/STM32F4xx_HAL_Driver/Src/stm32f4xx_hal_rtc_ex.c:1692:19:HAL_RTCEx_DeactivateRefClock	16	static
/Users/tohid/stm32Projects/sbsfu/st_sbsfu/Drivers/STM32F4xx_HAL_Driver/Src/stm32f4xx_hal_rtc_ex.c:1738:19:HAL_RTCEx_EnableBypassShadow	0	static
/Users/tohid/stm32Projects/sbsfu/st_sbsfu/Drivers/STM32F4xx_HAL_Driver/Src/stm32f4xx_hal_rtc_ex.c:1771:19:HAL_RTCEx_DisableBypassShadow	0	static
/Users/tohid/stm32Projects/sbsfu/st_sbsfu/Drivers/STM32F4xx_HAL_Driver/Src/stm32f4xx_hal_rtc_ex.c:1821:13:HAL_RTCEx_AlarmBEventCallback	0	static
/Users/tohid/stm32Projects/sbsfu/st_sbsfu/Drivers/STM32F4xx_HAL_Driver/Src/stm32f4xx_hal_rtc_ex.c:1838:19:HAL_RTCEx_PollForAlarmBEvent	16	static
