/Users/tohid/stm32Projects/sbsfu/st_sbsfu/Projects/NUCLEO-G071RB/Applications/1_Image/1_Image_SBSFU/SBSFU/App/sfu_fwimg_common.c:73:17:MemoryCompare	24	static
/Users/tohid/stm32Projects/sbsfu/st_sbsfu/Projects/NUCLEO-G071RB/Applications/1_Image/1_Image_SBSFU/SBSFU/App/sfu_fwimg_common.c:152:17:VerifyFwSignatureScatter	2160	static
/Users/tohid/stm32Projects/sbsfu/st_sbsfu/Projects/NUCLEO-G071RB/Applications/1_Image/1_Image_SBSFU/SBSFU/App/sfu_fwimg_common.c:337:17:ParseFWInfo	8	static
/Users/tohid/stm32Projects/sbsfu/st_sbsfu/Projects/NUCLEO-G071RB/Applications/1_Image/1_Image_SBSFU/SBSFU/App/sfu_fwimg_common.c:380:17:VerifyFwSignature	48	static
/Users/tohid/stm32Projects/sbsfu/st_sbsfu/Projects/NUCLEO-G071RB/Applications/1_Image/1_Image_SBSFU/SBSFU/App/sfu_fwimg_common.c:435:17:VerifySlot	8	static
/Users/tohid/stm32Projects/sbsfu/st_sbsfu/Projects/NUCLEO-G071RB/Applications/1_Image/1_Image_SBSFU/SBSFU/App/sfu_fwimg_common.c:458:17:CleanUpSlot	48	static
/Users/tohid/stm32Projects/sbsfu/st_sbsfu/Projects/NUCLEO-G071RB/Applications/1_Image/1_Image_SBSFU/SBSFU/App/sfu_fwimg_common.c:512:27:SFU_IMG_InitImageHandling	24	static
/Users/tohid/stm32Projects/sbsfu/st_sbsfu/Projects/NUCLEO-G071RB/Applications/1_Image/1_Image_SBSFU/SBSFU/App/sfu_fwimg_common.c:650:17:SFU_IMG_InvalidateCurrentFirmware	8	static
/Users/tohid/stm32Projects/sbsfu/st_sbsfu/Projects/NUCLEO-G071RB/Applications/1_Image/1_Image_SBSFU/SBSFU/App/sfu_fwimg_common.c:688:17:SFU_IMG_VerifyActiveImg	16	static
/Users/tohid/stm32Projects/sbsfu/st_sbsfu/Projects/NUCLEO-G071RB/Applications/1_Image/1_Image_SBSFU/SBSFU/App/sfu_fwimg_common.c:714:17:SFU_IMG_VerifyActiveSlot	8	static
/Users/tohid/stm32Projects/sbsfu/st_sbsfu/Projects/NUCLEO-G071RB/Applications/1_Image/1_Image_SBSFU/SBSFU/App/sfu_fwimg_common.c:727:17:SFU_IMG_VerifyEmptyActiveSlot	8	static
/Users/tohid/stm32Projects/sbsfu/st_sbsfu/Projects/NUCLEO-G071RB/Applications/1_Image/1_Image_SBSFU/SBSFU/App/sfu_fwimg_common.c:738:17:SFU_IMG_ControlActiveImgTag	8	static
/Users/tohid/stm32Projects/sbsfu/st_sbsfu/Projects/NUCLEO-G071RB/Applications/1_Image/1_Image_SBSFU/SBSFU/App/sfu_fwimg_common.c:770:17:SFU_IMG_LaunchActiveImg	8	static
/Users/tohid/stm32Projects/sbsfu/st_sbsfu/Projects/NUCLEO-G071RB/Applications/1_Image/1_Image_SBSFU/SBSFU/App/sfu_fwimg_common.c:862:17:SFU_IMG_Validation	0	static
/Users/tohid/stm32Projects/sbsfu/st_sbsfu/Projects/NUCLEO-G071RB/Applications/1_Image/1_Image_SBSFU/SBSFU/App/sfu_fwimg_common.c:898:10:SFU_IMG_GetFwImageSlot	8	static
/Users/tohid/stm32Projects/sbsfu/st_sbsfu/Projects/NUCLEO-G071RB/Applications/1_Image/1_Image_SBSFU/SBSFU/App/sfu_fwimg_common.c:103:17:VerifyHeaderSignature	16	static
/Users/tohid/stm32Projects/sbsfu/st_sbsfu/Projects/NUCLEO-G071RB/Applications/1_Image/1_Image_SBSFU/SBSFU/App/sfu_fwimg_common.c:355:17:CheckAndGetFWHeader	8	static
/Users/tohid/stm32Projects/sbsfu/st_sbsfu/Projects/NUCLEO-G071RB/Applications/1_Image/1_Image_SBSFU/SBSFU/App/sfu_fwimg_common.c:671:17:SFU_IMG_VerifyActiveImgMetadata	8	static
/Users/tohid/stm32Projects/sbsfu/st_sbsfu/Projects/NUCLEO-G071RB/Applications/1_Image/1_Image_SBSFU/SBSFU/App/sfu_fwimg_common.c:801:10:SFU_IMG_GetActiveFwVersion	328	static
/Users/tohid/stm32Projects/sbsfu/st_sbsfu/Projects/NUCLEO-G071RB/Applications/1_Image/1_Image_SBSFU/SBSFU/App/sfu_fwimg_common.c:825:17:SFU_IMG_DetectFW	336	static
/Users/tohid/stm32Projects/sbsfu/st_sbsfu/Projects/NUCLEO-G071RB/Applications/1_Image/1_Image_SBSFU/SBSFU/App/sfu_fwimg_common.c:933:17:SFU_IMG_CheckFwVersion	0	static
