/Users/tohid/stm32Projects/sbsfu/st_sbsfu/Drivers/BSP/STM32G0xx_Nucleo/stm32g0xx_nucleo.c:366:13:SPIx_Init	56	static
/Users/tohid/stm32Projects/sbsfu/st_sbsfu/Drivers/BSP/STM32G0xx_Nucleo/stm32g0xx_nucleo.c:406:13:SPIx_WriteReadData	16	static
/Users/tohid/stm32Projects/sbsfu/st_sbsfu/Drivers/BSP/STM32G0xx_Nucleo/stm32g0xx_nucleo.c:445:13:SPIx_Write	32	static
/Users/tohid/stm32Projects/sbsfu/st_sbsfu/Drivers/BSP/STM32G0xx_Nucleo/stm32g0xx_nucleo.c:143:10:BSP_GetVersion	0	static
/Users/tohid/stm32Projects/sbsfu/st_sbsfu/Drivers/BSP/STM32G0xx_Nucleo/stm32g0xx_nucleo.c:162:6:BSP_LED_Init	32	static
/Users/tohid/stm32Projects/sbsfu/st_sbsfu/Drivers/BSP/STM32G0xx_Nucleo/stm32g0xx_nucleo.c:186:6:BSP_LED_DeInit	16	static
/Users/tohid/stm32Projects/sbsfu/st_sbsfu/Drivers/BSP/STM32G0xx_Nucleo/stm32g0xx_nucleo.c:205:6:BSP_LED_On	8	static
/Users/tohid/stm32Projects/sbsfu/st_sbsfu/Drivers/BSP/STM32G0xx_Nucleo/stm32g0xx_nucleo.c:217:6:BSP_LED_Off	8	static
/Users/tohid/stm32Projects/sbsfu/st_sbsfu/Drivers/BSP/STM32G0xx_Nucleo/stm32g0xx_nucleo.c:229:6:BSP_LED_Toggle	8	static
/Users/tohid/stm32Projects/sbsfu/st_sbsfu/Drivers/BSP/STM32G0xx_Nucleo/stm32g0xx_nucleo.c:253:6:BSP_PB_Init	40	static
/Users/tohid/stm32Projects/sbsfu/st_sbsfu/Drivers/BSP/STM32G0xx_Nucleo/stm32g0xx_nucleo.c:292:6:BSP_PB_DeInit	8	static
/Users/tohid/stm32Projects/sbsfu/st_sbsfu/Drivers/BSP/STM32G0xx_Nucleo/stm32g0xx_nucleo.c:307:10:BSP_PB_GetState	8	static
/Users/tohid/stm32Projects/sbsfu/st_sbsfu/Drivers/BSP/STM32G0xx_Nucleo/stm32g0xx_nucleo.c:524:6:SD_IO_CSState	8	static
/Users/tohid/stm32Projects/sbsfu/st_sbsfu/Drivers/BSP/STM32G0xx_Nucleo/stm32g0xx_nucleo.c:543:6:SD_IO_WriteReadData	8	static
/Users/tohid/stm32Projects/sbsfu/st_sbsfu/Drivers/BSP/STM32G0xx_Nucleo/stm32g0xx_nucleo.c:554:9:SD_IO_WriteByte	24	static
/Users/tohid/stm32Projects/sbsfu/st_sbsfu/Drivers/BSP/STM32G0xx_Nucleo/stm32g0xx_nucleo.c:483:6:SD_IO_Init	40	static
/Users/tohid/stm32Projects/sbsfu/st_sbsfu/Drivers/BSP/STM32G0xx_Nucleo/stm32g0xx_nucleo.c:569:6:SD_IO_ReadData	8	static
/Users/tohid/stm32Projects/sbsfu/st_sbsfu/Drivers/BSP/STM32G0xx_Nucleo/stm32g0xx_nucleo.c:581:6:SD_IO_WriteData	8	static
/Users/tohid/stm32Projects/sbsfu/st_sbsfu/Drivers/BSP/STM32G0xx_Nucleo/stm32g0xx_nucleo.c:592:6:LCD_IO_Init	48	static
/Users/tohid/stm32Projects/sbsfu/st_sbsfu/Drivers/BSP/STM32G0xx_Nucleo/stm32g0xx_nucleo.c:629:6:LCD_IO_WriteReg	16	static
/Users/tohid/stm32Projects/sbsfu/st_sbsfu/Drivers/BSP/STM32G0xx_Nucleo/stm32g0xx_nucleo.c:650:6:LCD_IO_WriteMultipleData	16	static
/Users/tohid/stm32Projects/sbsfu/st_sbsfu/Drivers/BSP/STM32G0xx_Nucleo/stm32g0xx_nucleo.c:701:6:LCD_Delay	8	static
/Users/tohid/stm32Projects/sbsfu/st_sbsfu/Drivers/BSP/STM32G0xx_Nucleo/stm32g0xx_nucleo.c:819:9:BSP_JOY_Init	48	static
/Users/tohid/stm32Projects/sbsfu/st_sbsfu/Drivers/BSP/STM32G0xx_Nucleo/stm32g0xx_nucleo.c:839:6:BSP_JOY_DeInit	8	static
/Users/tohid/stm32Projects/sbsfu/st_sbsfu/Drivers/BSP/STM32G0xx_Nucleo/stm32g0xx_nucleo.c:856:18:BSP_JOY_GetState	8	static
