Archive member included to satisfy reference by file (symbol)

/Applications/STM32CubeIDE.app/Contents/Eclipse/plugins/com.st.stm32cube.ide.mcu.externaltools.gnu-tools-for-stm32.13.3.rel1.macos64_1.0.0.202411102158/tools/bin/../lib/gcc/arm-none-eabi/13.3.1/../../../../arm-none-eabi/lib/thumb/v7e-m+fp/hard/libc_nano.a(libc_a-exit.o)
                              /Applications/STM32CubeIDE.app/Contents/Eclipse/plugins/com.st.stm32cube.ide.mcu.externaltools.gnu-tools-for-stm32.13.3.rel1.macos64_1.0.0.202411102158/tools/bin/../lib/gcc/arm-none-eabi/13.3.1/../../../../arm-none-eabi/lib/thumb/v7e-m+fp/hard/crt0.o (exit)
/Applications/STM32CubeIDE.app/Contents/Eclipse/plugins/com.st.stm32cube.ide.mcu.externaltools.gnu-tools-for-stm32.13.3.rel1.macos64_1.0.0.202411102158/tools/bin/../lib/gcc/arm-none-eabi/13.3.1/../../../../arm-none-eabi/lib/thumb/v7e-m+fp/hard/libc_nano.a(libc_a-setvbuf.o)
                              ./Application/User/com.o (setvbuf)
/Applications/STM32CubeIDE.app/Contents/Eclipse/plugins/com.st.stm32cube.ide.mcu.externaltools.gnu-tools-for-stm32.13.3.rel1.macos64_1.0.0.202411102158/tools/bin/../lib/gcc/arm-none-eabi/13.3.1/../../../../arm-none-eabi/lib/thumb/v7e-m+fp/hard/libc_nano.a(libc_a-findfp.o)
                              /Applications/STM32CubeIDE.app/Contents/Eclipse/plugins/com.st.stm32cube.ide.mcu.externaltools.gnu-tools-for-stm32.13.3.rel1.macos64_1.0.0.202411102158/tools/bin/../lib/gcc/arm-none-eabi/13.3.1/../../../../arm-none-eabi/lib/thumb/v7e-m+fp/hard/libc_nano.a(libc_a-exit.o) (__stdio_exit_handler)
/Applications/STM32CubeIDE.app/Contents/Eclipse/plugins/com.st.stm32cube.ide.mcu.externaltools.gnu-tools-for-stm32.13.3.rel1.macos64_1.0.0.202411102158/tools/bin/../lib/gcc/arm-none-eabi/13.3.1/../../../../arm-none-eabi/lib/thumb/v7e-m+fp/hard/libc_nano.a(libc_a-fwalk.o)
                              /Applications/STM32CubeIDE.app/Contents/Eclipse/plugins/com.st.stm32cube.ide.mcu.externaltools.gnu-tools-for-stm32.13.3.rel1.macos64_1.0.0.202411102158/tools/bin/../lib/gcc/arm-none-eabi/13.3.1/../../../../arm-none-eabi/lib/thumb/v7e-m+fp/hard/libc_nano.a(libc_a-findfp.o) (_fwalk_sglue)
/Applications/STM32CubeIDE.app/Contents/Eclipse/plugins/com.st.stm32cube.ide.mcu.externaltools.gnu-tools-for-stm32.13.3.rel1.macos64_1.0.0.202411102158/tools/bin/../lib/gcc/arm-none-eabi/13.3.1/../../../../arm-none-eabi/lib/thumb/v7e-m+fp/hard/libc_nano.a(libc_a-makebuf.o)
                              /Applications/STM32CubeIDE.app/Contents/Eclipse/plugins/com.st.stm32cube.ide.mcu.externaltools.gnu-tools-for-stm32.13.3.rel1.macos64_1.0.0.202411102158/tools/bin/../lib/gcc/arm-none-eabi/13.3.1/../../../../arm-none-eabi/lib/thumb/v7e-m+fp/hard/libc_nano.a(libc_a-setvbuf.o) (__swhatbuf_r)
/Applications/STM32CubeIDE.app/Contents/Eclipse/plugins/com.st.stm32cube.ide.mcu.externaltools.gnu-tools-for-stm32.13.3.rel1.macos64_1.0.0.202411102158/tools/bin/../lib/gcc/arm-none-eabi/13.3.1/../../../../arm-none-eabi/lib/thumb/v7e-m+fp/hard/libc_nano.a(libc_a-printf.o)
                              ./Application/User/fw_update_app.o (printf)
/Applications/STM32CubeIDE.app/Contents/Eclipse/plugins/com.st.stm32cube.ide.mcu.externaltools.gnu-tools-for-stm32.13.3.rel1.macos64_1.0.0.202411102158/tools/bin/../lib/gcc/arm-none-eabi/13.3.1/../../../../arm-none-eabi/lib/thumb/v7e-m+fp/hard/libc_nano.a(libc_a-puts.o)
                              ./Application/User/flash_if.o (puts)
/Applications/STM32CubeIDE.app/Contents/Eclipse/plugins/com.st.stm32cube.ide.mcu.externaltools.gnu-tools-for-stm32.13.3.rel1.macos64_1.0.0.202411102158/tools/bin/../lib/gcc/arm-none-eabi/13.3.1/../../../../arm-none-eabi/lib/thumb/v7e-m+fp/hard/libc_nano.a(libc_a-memset.o)
                              /Applications/STM32CubeIDE.app/Contents/Eclipse/plugins/com.st.stm32cube.ide.mcu.externaltools.gnu-tools-for-stm32.13.3.rel1.macos64_1.0.0.202411102158/tools/bin/../lib/gcc/arm-none-eabi/13.3.1/../../../../arm-none-eabi/lib/thumb/v7e-m+fp/hard/crt0.o (memset)
/Applications/STM32CubeIDE.app/Contents/Eclipse/plugins/com.st.stm32cube.ide.mcu.externaltools.gnu-tools-for-stm32.13.3.rel1.macos64_1.0.0.202411102158/tools/bin/../lib/gcc/arm-none-eabi/13.3.1/../../../../arm-none-eabi/lib/thumb/v7e-m+fp/hard/libc_nano.a(libc_a-isattyr.o)
                              /Applications/STM32CubeIDE.app/Contents/Eclipse/plugins/com.st.stm32cube.ide.mcu.externaltools.gnu-tools-for-stm32.13.3.rel1.macos64_1.0.0.202411102158/tools/bin/../lib/gcc/arm-none-eabi/13.3.1/../../../../arm-none-eabi/lib/thumb/v7e-m+fp/hard/libc_nano.a(libc_a-makebuf.o) (_isatty_r)
/Applications/STM32CubeIDE.app/Contents/Eclipse/plugins/com.st.stm32cube.ide.mcu.externaltools.gnu-tools-for-stm32.13.3.rel1.macos64_1.0.0.202411102158/tools/bin/../lib/gcc/arm-none-eabi/13.3.1/../../../../arm-none-eabi/lib/thumb/v7e-m+fp/hard/libc_nano.a(libc_a-errno.o)
                              ./Application/User/syscalls.o (__errno)
[...]
Memory Configuration

Name             Origin             Length             Attributes
SE_Entry_Secure_ROM_Region 0x08000200         0x00000200         xr
SE_Key_region_ROM 0x08000400         0x00000100         xr
SE_Startup_region_ROM 0x08000500         0x00000100         xr
SE_ROM_region    0x08000600         0x00007a00         xr
SE_IF_region_ROM 0x08008000         0x00000900         xr
SB_ROM_region    0x08008900         0x00017700         xr
SE_RAM_region    0x20000400         0x00000c00         xrw
SB_RAM_region    0x20001000         0x0001eff0         xrw
ISR_VECTOR       0x08040200         0x00000200         xr
APPLI_region_ROM 0x08040400         0x0001fc00
APPLI_region_RAM 0x20001000         0x0001eff0
*default*        0x00000000         0xffffffff

Linker script and memory map

LOAD /Applications/STM32CubeIDE.app/Contents/Eclipse/plugins/com.st.stm32cube.ide.mcu.externaltools.gnu-tools-for-stm32.13.3.rel1.macos64_1.0.0.202411102158/tools/bin/../lib/gcc/arm-none-eabi/13.3.1/thumb/v7e-m+fp/hard/crti.o
LOAD /Applications/STM32CubeIDE.app/Contents/Eclipse/plugins/com.st.stm32cube.ide.mcu.externaltools.gnu-tools-for-stm32.13.3.rel1.macos64_1.0.0.202411102158/tools/bin/../lib/gcc/arm-none-eabi/13.3.1/thumb/v7e-m+fp/hard/crtbegin.o
LOAD /Applications/STM32CubeIDE.app/Contents/Eclipse/plugins/com.st.stm32cube.ide.mcu.externaltools.gnu-tools-for-stm32.13.3.rel1.macos64_1.0.0.202411102158/tools/bin/../lib/gcc/arm-none-eabi/13.3.1/../../../../arm-none-eabi/lib/thumb/v7e-m+fp/hard/crt0.o
LOAD ./Application/SFU_Services/sfu_app_new_image.o
LOAD ./Application/Startup/startup_stm32f411xe.o
LOAD ./Application/Startup/svc_handler.o
LOAD ./Application/User/com.o
LOAD ./Application/User/common.o
LOAD ./Application/User/flash_if.o
LOAD ./Application/User/fw_update_app.o
LOAD ./Application/User/main.o
LOAD ./Application/User/mpu.o
LOAD ./Application/User/se_user_code.o
LOAD ./Application/User/stm32f4xx_it.o
LOAD ./Application/User/syscalls.o
LOAD ./Application/User/test_protections.o
LOAD ./Application/User/ymodem.o
LOAD ./Drivers/BSP/STM32F413H-Discovery/stm32f413h_discovery.o
LOAD ./Drivers/CMSIS/system_stm32f4xx.o
LOAD ./Drivers/STM32F4xx_HAL_Driver/stm32f4xx_hal.o
LOAD ./Drivers/STM32F4xx_HAL_Driver/stm32f4xx_hal_cortex.o
LOAD ./Drivers/STM32F4xx_HAL_Driver/stm32f4xx_hal_crc.o
LOAD ./Drivers/STM32F4xx_HAL_Driver/stm32f4xx_hal_dma.o
LOAD ./Drivers/STM32F4xx_HAL_Driver/stm32f4xx_hal_dma_ex.o
LOAD ./Drivers/STM32F4xx_HAL_Driver/stm32f4xx_hal_flash.o
LOAD ./Drivers/STM32F4xx_HAL_Driver/stm32f4xx_hal_flash_ex.o
LOAD ./Drivers/STM32F4xx_HAL_Driver/stm32f4xx_hal_gpio.o
LOAD ./Drivers/STM32F4xx_HAL_Driver/stm32f4xx_hal_iwdg.o
LOAD ./Drivers/STM32F4xx_HAL_Driver/stm32f4xx_hal_pwr.o
LOAD ./Drivers/STM32F4xx_HAL_Driver/stm32f4xx_hal_pwr_ex.o
LOAD ./Drivers/STM32F4xx_HAL_Driver/stm32f4xx_hal_rcc.o
LOAD ./Drivers/STM32F4xx_HAL_Driver/stm32f4xx_hal_rcc_ex.o
LOAD ./Drivers/STM32F4xx_HAL_Driver/stm32f4xx_hal_rtc.o
LOAD ./Drivers/STM32F4xx_HAL_Driver/stm32f4xx_hal_rtc_ex.o
LOAD ./Drivers/STM32F4xx_HAL_Driver/stm32f4xx_hal_uart.o
START GROUP
LOAD /Applications/STM32CubeIDE.app/Contents/Eclipse/plugins/com.st.stm32cube.ide.mcu.externaltools.gnu-tools-for-stm32.13.3.rel1.macos64_1.0.0.202411102158/tools/bin/../lib/gcc/arm-none-eabi/13.3.1/../../../../arm-none-eabi/lib/thumb/v7e-m+fp/hard/libc_nano.a
LOAD /Applications/STM32CubeIDE.app/Contents/Eclipse/plugins/com.st.stm32cube.ide.mcu.externaltools.gnu-tools-for-stm32.13.3.rel1.macos64_1.0.0.202411102158/tools/bin/../lib/gcc/arm-none-eabi/13.3.1/../../../../arm-none-eabi/lib/thumb/v7e-m+fp/hard/libm.a
END GROUP
START GROUP
LOAD /Applications/STM32CubeIDE.app/Contents/Eclipse/plugins/com.st.stm32cube.ide.mcu.externaltools.gnu-tools-for-stm32.13.3.rel1.macos64_1.0.0.202411102158/tools/bin/../lib/gcc/arm-none-eabi/13.3.1/thumb/v7e-m+fp/hard/libgcc.a
LOAD /Applications/STM32CubeIDE.app/Contents/Eclipse/plugins/com.st.stm32cube.ide.mcu.externaltools.gnu-tools-for-stm32.13.3.rel1.macos64_1.0.0.202411102158/tools/bin/../lib/gcc/arm-none-eabi/13.3.1/../../../../arm-none-eabi/lib/thumb/v7e-m+fp/hard/libc_nano.a
END GROUP
START GROUP
LOAD /Applications/STM32CubeIDE.app/Contents/Eclipse/plugins/com.st.stm32cube.ide.mcu.externaltools.gnu-tools-for-stm32.13.3.rel1.macos64_1.0.0.202411102158/tools/bin/../lib/gcc/arm-none-eabi/13.3.1/thumb/v7e-m+fp/hard/libgcc.a
LOAD /Applications/STM32CubeIDE.app/Contents/Eclipse/plugins/com.st.stm32cube.ide.mcu.externaltools.gnu-tools-for-stm32.13.3.rel1.macos64_1.0.0.202411102158/tools/bin/../lib/gcc/arm-none-eabi/13.3.1/../../../../arm-none-eabi/lib/thumb/v7e-m+fp/hard/libc_nano.a
LOAD /Applications/STM32CubeIDE.app/Contents/Eclipse/plugins/com.st.stm32cube.ide.mcu.externaltools.gnu-tools-for-stm32.13.3.rel1.macos64_1.0.0.202411102158/tools/bin/../lib/gcc/arm-none-eabi/13.3.1/../../../../arm-none-eabi/lib/thumb/v7e-m+fp/hard/libnosys.a
END GROUP
START GROUP
LOAD /Applications/STM32CubeIDE.app/Contents/Eclipse/plugins/com.st.stm32cube.ide.mcu.externaltools.gnu-tools-for-stm32.13.3.rel1.macos64_1.0.0.202411102158/tools/bin/../lib/gcc/arm-none-eabi/13.3.1/thumb/v7e-m+fp/hard/libgcc.a
LOAD /Applications/STM32CubeIDE.app/Contents/Eclipse/plugins/com.st.stm32cube.ide.mcu.externaltools.gnu-tools-for-stm32.13.3.rel1.macos64_1.0.0.202411102158/tools/bin/../lib/gcc/arm-none-eabi/13.3.1/../../../../arm-none-eabi/lib/thumb/v7e-m+fp/hard/libc_nano.a
LOAD /Applications/STM32CubeIDE.app/Contents/Eclipse/plugins/com.st.stm32cube.ide.mcu.externaltools.gnu-tools-for-stm32.13.3.rel1.macos64_1.0.0.202411102158/tools/bin/../lib/gcc/arm-none-eabi/13.3.1/../../../../arm-none-eabi/lib/thumb/v7e-m+fp/hard/libnosys.a
END GROUP
LOAD /Applications/STM32CubeIDE.app/Contents/Eclipse/plugins/com.st.stm32cube.ide.mcu.externaltools.gnu-tools-for-stm32.13.3.rel1.macos64_1.0.0.202411102158/tools/bin/../lib/gcc/arm-none-eabi/13.3.1/thumb/v7e-m+fp/hard/crtend.o
LOAD /Applications/STM32CubeIDE.app/Contents/Eclipse/plugins/com.st.stm32cube.ide.mcu.externaltools.gnu-tools-for-stm32.13.3.rel1.macos64_1.0.0.202411102158/tools/bin/../lib/gcc/arm-none-eabi/13.3.1/thumb/v7e-m+fp/hard/crtn.o
                0x2001fff0                        _estack = __ICFEDIT_SB_FWIMG_STATE_region_RAM_start__
                0x00000200                        _Min_Heap_Size = 0x200
                0x00000800                        _Min_Stack_Size = 0x800
                0x08008000                        SE_APP_GetActiveFwInfo = 0x8008000
                0x08008048                        SE_APP_SVC_Handler = 0x8008048
                0x08020000                        __ICFEDIT_SWAP_start__ = 0x8020000
                0x0803ffff                        __ICFEDIT_SWAP_end__ = 0x803ffff
                0x08040000                        __ICFEDIT_SLOT_Active_1_start__ = 0x8040000
                0x0805ffff                        __ICFEDIT_SLOT_Active_1_end__ = 0x805ffff
                0x08040000                        __ICFEDIT_SLOT_Active_1_header__ = __ICFEDIT_SLOT_Active_1_start__
                0x08060000                        __ICFEDIT_SLOT_Dwl_1_start__ = 0x8060000
                0x0807ffff                        __ICFEDIT_SLOT_Dwl_1_end__ = 0x807ffff
                0x00000000                        __ICFEDIT_SLOT_Active_2_header__ = 0x0
                0x00000000                        __ICFEDIT_SLOT_Active_2_start__ = 0x0
                0x00000000                        __ICFEDIT_SLOT_Active_2_end__ = 0x0
                0x00000000                        __ICFEDIT_SLOT_Active_3_header__ = 0x0
                0x00000000                        __ICFEDIT_SLOT_Active_3_start__ = 0x0
                0x00000000                        __ICFEDIT_SLOT_Active_3_end__ = 0x0
                0x00000000                        __ICFEDIT_SLOT_Dwl_2_start__ = 0x0
                0x00000000                        __ICFEDIT_SLOT_Dwl_2_end__ = 0x0
                0x00000000                        __ICFEDIT_SLOT_Dwl_3_start__ = 0x0
                0x00000000                        __ICFEDIT_SLOT_Dwl_3_end__ = 0x0
                0x00000200                        VECTOR_SIZE = 0x200
                0x08000200                        __ICFEDIT_SE_Code_region_ROM_start__ = (0x8000000 + VECTOR_SIZE)
                0x08000200                        __ICFEDIT_SE_CallGate_region_ROM_start__ = __ICFEDIT_SE_Code_region_ROM_start__
                0x080003ff                        __ICFEDIT_SE_CallGate_region_ROM_end__ = (__ICFEDIT_SE_Code_region_ROM_start__ + 0x1ff)
                0x08000400                        __ICFEDIT_SE_Key_region_ROM_start__ = (__ICFEDIT_SE_CallGate_region_ROM_end__ + 0x1)
                0x080004ff                        __ICFEDIT_SE_Key_region_ROM_end__ = (__ICFEDIT_SE_Key_region_ROM_start__ + 0xff)
                0x08000500                        __ICFEDIT_SE_Startup_region_ROM_start__ = (__ICFEDIT_SE_Key_region_ROM_end__ + 0x1)
                0x08000600                        __ICFEDIT_SE_Code_nokey_region_ROM_start__ = (__ICFEDIT_SE_Startup_region_ROM_start__ + 0x100)
                0x08007fff                        __ICFEDIT_SE_Code_region_ROM_end__ = 0x8007fff
                0x08008000                        __ICFEDIT_SE_IF_region_ROM_start__ = (__ICFEDIT_SE_Code_region_ROM_end__ + 0x1)
                0x080088ff                        __ICFEDIT_SE_IF_region_ROM_end__ = (__ICFEDIT_SE_IF_region_ROM_start__ + 0x8ff)
                0x08008900                        __ICFEDIT_SB_region_ROM_start__ = (__ICFEDIT_SE_IF_region_ROM_end__ + 0x1)
                0x0801ffff                        __ICFEDIT_SB_region_ROM_end__ = 0x801ffff
                0x00000200                        SE_Entry_Secure_ROM_Region_Length = ((__ICFEDIT_SE_CallGate_region_ROM_end__ - __ICFEDIT_SE_CallGate_region_ROM_start__) + 0x1)
                0x00000100                        SE_Key_region_ROM_Length = ((__ICFEDIT_SE_Key_region_ROM_end__ - __ICFEDIT_SE_Key_region_ROM_start__) + 0x1)
                0x00000100                        SE_Startup_region_ROM_Length = (__ICFEDIT_SE_Code_nokey_region_ROM_start__ - __ICFEDIT_SE_Startup_region_ROM_start__)
                0x00007a00                        SE_ROM_region_Length = ((__ICFEDIT_SE_Code_region_ROM_end__ - __ICFEDIT_SE_Code_nokey_region_ROM_start__) + 0x1)
                0x00000900                        SE_IF_region_ROM_Length = ((__ICFEDIT_SE_IF_region_ROM_end__ - __ICFEDIT_SE_IF_region_ROM_start__) + 0x1)
                0x00017700                        SB_ROM_region_Length = ((__ICFEDIT_SB_region_ROM_end__ - __ICFEDIT_SB_region_ROM_start__) + 0x1)
                0x20000000                        __ICFEDIT_SE_region_RAM_start__ = 0x20000000
                0x20000400                        __ICFEDIT_SE_region_RAM_stack_top__ = 0x20000400
                0x20000fff                        __ICFEDIT_SE_region_RAM_end__ = 0x20000fff
                0x20001000                        __ICFEDIT_SB_region_RAM_start__ = (__ICFEDIT_SE_region_RAM_end__ + 0x1)
                0x2001ffef                        __ICFEDIT_SB_region_RAM_end__ = 0x2001ffef
                0x2001fff0                        __ICFEDIT_SB_FWIMG_STATE_region_RAM_start__ = (__ICFEDIT_SB_region_RAM_end__ + 0x1)
                0x2001ffff                        __ICFEDIT_SB_FWIMG_STATE_region_RAM_end__ = 0x2001ffff
                0x00000c00                        SE_RAM_region_Length = ((__ICFEDIT_SE_region_RAM_end__ - __ICFEDIT_SE_region_RAM_stack_top__) + 0x1)
                0x0001eff0                        SB_RAM_region_Length = ((__ICFEDIT_SB_region_RAM_end__ - __ICFEDIT_SB_region_RAM_start__) + 0x1)
                0x08040200                        __ICFEDIT_intvec_start__ = (__ICFEDIT_SLOT_Active_1_start__ + 0x200)
                0x08040400                        APPLI_region_ROM_start = ((__ICFEDIT_SLOT_Active_1_start__ + VECTOR_SIZE) + 0x200)
                0x0001fc00                        APPLI_region_ROM_length = ((__ICFEDIT_SLOT_Active_1_end__ - APPLI_region_ROM_start) + 0x1)
                0x20001000                        APPLI_region_RAM_start = (__ICFEDIT_SE_region_RAM_end__ + 0x1)
                0x0001eff0                        APPLI_region_RAM_length = ((__ICFEDIT_SB_region_RAM_end__ - APPLI_region_RAM_start) + 0x1)

.isr_vector     0x08040200      0x200
                0x08040200                        . = ALIGN (0x8)
 *(.isr_vector)
 .isr_vector    0x08040200      0x198 ./Application/Startup/startup_stm32f411xe.o
                0x08040200                g_pfnVectors
 FILL mask 0x00000000
                0x080403ff                        . = ((ORIGIN (ISR_VECTOR) + LENGTH (ISR_VECTOR)) - 0x1)
 *fill*         0x08040398       0x67 00000000
                0x080403ff        0x1 BYTE 0x0
                0x08040400                        . = ALIGN (0x8)

.SE_IF_Code
 *se_interface_app.o(.text .text*)

.text           0x08040400     0x36c8
                0x08040400                        . = ALIGN (0x8)
 *(.text)
 .text          0x08040400       0x40 /Applications/STM32CubeIDE.app/Contents/Eclipse/plugins/com.st.stm32cube.ide.mcu.externaltools.gnu-tools-for-stm32.13.3.rel1.macos64_1.0.0.202411102158/tools/bin/../lib/gcc/arm-none-eabi/13.3.1/thumb/v7e-m+fp/hard/crtbegin.o
 .text          0x08040440        0x8 ./Application/Startup/svc_handler.o
                0x08040440                SVC_Handler
 *fill*         0x08040448        0x8 
 .text          0x08040450       0xa0 /Applications/STM32CubeIDE.app/Contents/Eclipse/plugins/com.st.stm32cube.ide.mcu.externaltools.gnu-tools-for-stm32.13.3.rel1.macos64_1.0.0.202411102158/tools/bin/../lib/gcc/arm-none-eabi/13.3.1/../../../../arm-none-eabi/lib/thumb/v7e-m+fp/hard/libc_nano.a(libc_a-memchr.o)
                0x08040450                memchr
 .text          0x080404f0       0x30 /Applications/STM32CubeIDE.app/Contents/Eclipse/plugins/com.st.stm32cube.ide.mcu.externaltools.gnu-tools-for-stm32.13.3.rel1.macos64_1.0.0.202411102158/tools/bin/../lib/gcc/arm-none-eabi/13.3.1/thumb/v7e-m+fp/hard/libgcc.a(_aeabi_uldivmod.o)
                0x080404f0                __aeabi_uldivmod
 .text          0x08040520      0x2f8 /Applications/STM32CubeIDE.app/Contents/Eclipse/plugins/com.st.stm32cube.ide.mcu.externaltools.gnu-tools-for-stm32.13.3.rel1.macos64_1.0.0.202411102158/tools/bin/../lib/gcc/arm-none-eabi/13.3.1/thumb/v7e-m+fp/hard/libgcc.a(_udivmoddi4.o)
                0x08040520                __udivmoddi4
 .text          0x08040818        0x4 /Applications/STM32CubeIDE.app/Contents/Eclipse/plugins/com.st.stm32cube.ide.mcu.externaltools.gnu-tools-for-stm32.13.3.rel1.macos64_1.0.0.202411102158/tools/bin/../lib/gcc/arm-none-eabi/13.3.1/thumb/v7e-m+fp/hard/libgcc.a(_dvmd_tls.o)
                0x08040818                __aeabi_ldiv0
                0x08040818                __aeabi_idiv0
 *(.text*)
 .text.SFU_APP_InstallAtNextReset
                0x0804081c       0x34 ./Application/SFU_Services/sfu_app_new_image.o
                0x0804081c                SFU_APP_InstallAtNextReset
 .text.SFU_APP_GetDownloadAreaInfo
                0x08040850       0x24 ./Application/SFU_Services/sfu_app_new_image.o
                0x08040850                SFU_APP_GetDownloadAreaInfo
 .text.Reset_Handler
                0x08040874       0x50 ./Application/Startup/startup_stm32f411xe.o
                0x08040874                Reset_Handler
 .text.Default_Handler
                0x080408c4        0x2 ./Application/Startup/startup_stm32f411xe.o
                0x080408c4                DMA1_Stream3_IRQHandler
                0x080408c4                EXTI2_IRQHandler
                0x080408c4                SPI4_IRQHandler
                0x080408c4                TIM1_CC_IRQHandler
                0x080408c4                DMA2_Stream5_IRQHandler
                0x080408c4                DMA1_Stream5_IRQHandler
                0x080408c4                PVD_IRQHandler
                0x080408c4                SDIO_IRQHandler
                0x080408c4                EXTI3_IRQHandler
                0x080408c4                TIM1_UP_TIM10_IRQHandler
                0x080408c4                I2C3_ER_IRQHandler
                0x080408c4                EXTI0_IRQHandler
                0x080408c4                I2C2_EV_IRQHandler
                0x080408c4                DMA1_Stream2_IRQHandler
                0x080408c4                FPU_IRQHandler
                0x080408c4                DMA2_Stream2_IRQHandler
                0x080408c4                SPI1_IRQHandler
                0x080408c4                TIM1_BRK_TIM9_IRQHandler
                0x080408c4                DMA2_Stream3_IRQHandler
                0x080408c4                USART6_IRQHandler
                0x080408c4                DMA2_Stream0_IRQHandler
                0x080408c4                TIM4_IRQHandler
                0x080408c4                I2C1_EV_IRQHandler
                0x080408c4                DMA1_Stream6_IRQHandler
                0x080408c4                DMA1_Stream1_IRQHandler
                0x080408c4                TIM3_IRQHandler
                0x080408c4                RCC_IRQHandler
                0x080408c4                Default_Handler
                0x080408c4                EXTI15_10_IRQHandler
                0x080408c4                ADC_IRQHandler
                0x080408c4                DMA1_Stream7_IRQHandler
                0x080408c4                SPI5_IRQHandler
                0x080408c4                TIM5_IRQHandler
                0x080408c4                DMA2_Stream7_IRQHandler
                0x080408c4                I2C3_EV_IRQHandler
                0x080408c4                EXTI9_5_IRQHandler
                0x080408c4                RTC_WKUP_IRQHandler
                0x080408c4                SPI2_IRQHandler
                0x080408c4                DMA1_Stream0_IRQHandler
                0x080408c4                EXTI4_IRQHandler
                0x080408c4                WWDG_IRQHandler
                0x080408c4                TIM2_IRQHandler
                0x080408c4                OTG_FS_WKUP_IRQHandler
                0x080408c4                TIM1_TRG_COM_TIM11_IRQHandler
                0x080408c4                EXTI1_IRQHandler
                0x080408c4                USART2_IRQHandler
                0x080408c4                I2C2_ER_IRQHandler
                0x080408c4                DMA2_Stream1_IRQHandler
                0x080408c4                DMA2_Stream4_IRQHandler
                0x080408c4                USART1_IRQHandler
                0x080408c4                OTG_FS_IRQHandler
                0x080408c4                SPI3_IRQHandler
                0x080408c4                DMA1_Stream4_IRQHandler
                0x080408c4                I2C1_ER_IRQHandler
                0x080408c4                DMA2_Stream6_IRQHandler
                0x080408c4                RTC_Alarm_IRQHandler
 *fill*         0x080408c6        0x2 
 .text.COM_Init
                0x080408c8       0x40 ./Application/User/com.o
                0x080408c8                COM_Init
 .text.HAL_UART_MspInit
                0x08040908       0x8c ./Application/User/com.o
                0x08040908                HAL_UART_MspInit
 .text.COM_Transmit
                0x08040994       0x10 ./Application/User/com.o
                0x08040994                COM_Transmit
 .text.COM_Receive
                0x080409a4       0x10 ./Application/User/com.o
                0x080409a4                COM_Receive
 .text.COM_Flush
                0x080409b4       0x10 ./Application/User/com.o
                0x080409b4                COM_Flush
 .text.__io_putchar
                0x080409c4       0x20 ./Application/User/com.o
                0x080409c4                __io_putchar
 .text.Str2Int  0x080409e4       0xa0 ./Application/User/common.o
                0x080409e4                Str2Int
 .text.Serial_PutByte
                0x08040a84       0x18 ./Application/User/common.o
                0x08040a84                Serial_PutByte
 .text.FLASH_INT_If_Clear_Error
                0x08040a9c       0x30 ./Application/User/flash_if.o
 .text.FLASH_If_Init
                0x08040acc        0x4 ./Application/User/flash_if.o
                0x08040acc                FLASH_If_Init
 .text.FLASH_If_Read
                0x08040ad0       0x14 ./Application/User/flash_if.o
                0x08040ad0                FLASH_If_Read
 .text.FLASH_INT_If_Erase_Size
                0x08040ae4       0x94 ./Application/User/flash_if.o
                0x08040ae4                FLASH_INT_If_Erase_Size
 .text.FLASH_If_Erase_Size
                0x08040b78        0xe ./Application/User/flash_if.o
                0x08040b78                FLASH_If_Erase_Size
 .text.FLASH_INT_If_Write
                0x08040b86       0x4a ./Application/User/flash_if.o
                0x08040b86                FLASH_INT_If_Write
 .text.FLASH_If_Write
                0x08040bd0        0xe ./Application/User/flash_if.o
                0x08040bd0                FLASH_If_Write
 *fill*         0x08040bde        0x2 
 .text.Ymodem_HeaderPktRxCpltCallback
                0x08040be0       0x24 ./Application/User/fw_update_app.o
                0x08040be0                Ymodem_HeaderPktRxCpltCallback
 .text.Ymodem_DataPktRxCpltCallback
                0x08040c04      0x118 ./Application/User/fw_update_app.o
                0x08040c04                Ymodem_DataPktRxCpltCallback
 .text.FW_UPDATE_Run
                0x08040d1c       0xd8 ./Application/User/fw_update_app.o
                0x08040d1c                FW_UPDATE_Run
 .text.FW_UPDATE_MULTIPLE_RunMenu
                0x08040df4       0x58 ./Application/User/fw_update_app.o
                0x08040df4                FW_UPDATE_MULTIPLE_RunMenu
 .text.FW_VALIDATE_RunMenu
                0x08040e4c        0xc ./Application/User/fw_update_app.o
                0x08040e4c                FW_VALIDATE_RunMenu
 .text.FW_APP_PrintMainMenu
                0x08040e58       0x4c ./Application/User/main.o
                0x08040e58                FW_APP_PrintMainMenu
 .text.FW_APP_Run
                0x08040ea4       0x7c ./Application/User/main.o
                0x08040ea4                FW_APP_Run
 .text.startup.main
                0x08040f20      0x190 ./Application/User/main.o
                0x08040f20                main
 .text.SVC_NVIC_SystemReset
                0x080410b0        0x8 ./Application/User/mpu.o
                0x080410b0                SVC_NVIC_SystemReset
 .text.SVC_MPU_Disable
                0x080410b8        0x8 ./Application/User/mpu.o
                0x080410b8                SVC_MPU_Disable
 .text.HAL_APP_SVC_Handler
                0x080410c0        0xe ./Application/User/mpu.o
                0x080410c0                HAL_APP_SVC_Handler
 .text.MPU_SVC_Handler
                0x080410ce       0x16 ./Application/User/mpu.o
                0x080410ce                MPU_SVC_Handler
 .text.MPU_EnterUnprivilegedMode
                0x080410e4       0x28 ./Application/User/mpu.o
                0x080410e4                MPU_EnterUnprivilegedMode
 .text.SE_USER_CODE_PrintMenu
                0x0804110c       0x44 ./Application/User/se_user_code.o
 .text.SE_USER_CODE_RunMenu
                0x08041150       0xe0 ./Application/User/se_user_code.o
                0x08041150                SE_USER_CODE_RunMenu
 .text.NMI_Handler
                0x08041230        0x2 ./Application/User/stm32f4xx_it.o
                0x08041230                NMI_Handler
 .text.HardFault_Handler
                0x08041232        0x2 ./Application/User/stm32f4xx_it.o
                0x08041232                HardFault_Handler
 .text.MemManage_Handler
                0x08041234        0x4 ./Application/User/stm32f4xx_it.o
                0x08041234                MemManage_Handler
 .text.BusFault_Handler
                0x08041238        0x2 ./Application/User/stm32f4xx_it.o
                0x08041238                BusFault_Handler
 .text.UsageFault_Handler
                0x0804123a        0x2 ./Application/User/stm32f4xx_it.o
                0x0804123a                UsageFault_Handler
 .text.DebugMon_Handler
                0x0804123c        0x2 ./Application/User/stm32f4xx_it.o
                0x0804123c                DebugMon_Handler
 .text.PendSV_Handler
                0x0804123e        0x2 ./Application/User/stm32f4xx_it.o
                0x0804123e                PendSV_Handler
 .text.SysTick_Handler
                0x08041240        0x4 ./Application/User/stm32f4xx_it.o
                0x08041240                SysTick_Handler
 .text.FLASH_IRQHandler
                0x08041244        0x4 ./Application/User/stm32f4xx_it.o
                0x08041244                FLASH_IRQHandler
 .text.TAMP_STAMP_IRQHandler
                0x08041248       0x14 ./Application/User/stm32f4xx_it.o
                0x08041248                TAMP_STAMP_IRQHandler
 .text._read    0x0804125c       0x1c ./Application/User/syscalls.o
                0x0804125c                _read
 .text._write   0x08041278       0x1c ./Application/User/syscalls.o
                0x08041278                _write
 .text._sbrk    0x08041294       0x34 ./Application/User/syscalls.o
                0x08041294                _sbrk
 .text._close   0x080412c8        0x6 ./Application/User/syscalls.o
                0x080412c8                _close
 .text._fstat   0x080412ce        0xa ./Application/User/syscalls.o
                0x080412ce                _fstat
 .text._isatty  0x080412d8        0x4 ./Application/User/syscalls.o
                0x080412d8                _isatty
 .text._lseek   0x080412dc        0x4 ./Application/User/syscalls.o
                0x080412dc                _lseek
 .text.TEST_PROTECTIONS_CORRUPT_PrintMenu
                0x080412e0       0x44 ./Application/User/test_protections.o
 .text.TEST_PROTECTIONS_PrintTestingMenu
                0x08041324       0x6c ./Application/User/test_protections.o
 .text.TEST_PROTECTIONS_RunMenu
                0x08041390      0x2e8 ./Application/User/test_protections.o
                0x08041390                TEST_PROTECTIONS_RunMenu
 .text.HAL_RTCEx_Tamper1EventCallback
                0x08041678       0x10 ./Application/User/test_protections.o
                0x08041678                HAL_RTCEx_Tamper1EventCallback
 .text.Ymodem_Init
                0x08041688        0x2 ./Application/User/ymodem.o
                0x08041688                Ymodem_Init
 *fill*         0x0804168a        0x2 
 .text.Ymodem_Receive
                0x0804168c      0x2ac ./Application/User/ymodem.o
                0x0804168c                Ymodem_Receive
 .text.SystemInit
                0x08041938       0x4c ./Drivers/CMSIS/system_stm32f4xx.o
                0x08041938                SystemInit
 .text.HAL_MspInit
                0x08041984        0x2 ./Drivers/STM32F4xx_HAL_Driver/stm32f4xx_hal.o
                0x08041984                HAL_MspInit
 *fill*         0x08041986        0x2 
 .text.HAL_InitTick
                0x08041988       0x44 ./Drivers/STM32F4xx_HAL_Driver/stm32f4xx_hal.o
                0x08041988                HAL_InitTick
 .text.HAL_Init
                0x080419cc       0x34 ./Drivers/STM32F4xx_HAL_Driver/stm32f4xx_hal.o
                0x080419cc                HAL_Init
 .text.HAL_IncTick
                0x08041a00       0x18 ./Drivers/STM32F4xx_HAL_Driver/stm32f4xx_hal.o
                0x08041a00                HAL_IncTick
 .text.HAL_GetTick
                0x08041a18        0xc ./Drivers/STM32F4xx_HAL_Driver/stm32f4xx_hal.o
                0x08041a18                HAL_GetTick
 .text.HAL_Delay
                0x08041a24       0x28 ./Drivers/STM32F4xx_HAL_Driver/stm32f4xx_hal.o
                0x08041a24                HAL_Delay
 .text.HAL_NVIC_SetPriorityGrouping
                0x08041a4c       0x24 ./Drivers/STM32F4xx_HAL_Driver/stm32f4xx_hal_cortex.o
                0x08041a4c                HAL_NVIC_SetPriorityGrouping
 .text.HAL_NVIC_SetPriority
                0x08041a70       0x64 ./Drivers/STM32F4xx_HAL_Driver/stm32f4xx_hal_cortex.o
                0x08041a70                HAL_NVIC_SetPriority
 .text.HAL_NVIC_SystemReset
                0x08041ad4       0x24 ./Drivers/STM32F4xx_HAL_Driver/stm32f4xx_hal_cortex.o
                0x08041ad4                HAL_NVIC_SystemReset
 .text.HAL_SYSTICK_Config
                0x08041af8       0x28 ./Drivers/STM32F4xx_HAL_Driver/stm32f4xx_hal_cortex.o
                0x08041af8                HAL_SYSTICK_Config
 .text.HAL_MPU_Disable
                0x08041b20       0x1c ./Drivers/STM32F4xx_HAL_Driver/stm32f4xx_hal_cortex.o
                0x08041b20                HAL_MPU_Disable
 .text.FLASH_Program_DoubleWord
                0x08041b3c       0x2c ./Drivers/STM32F4xx_HAL_Driver/stm32f4xx_hal_flash.o
 .text.FLASH_Program_Word
                0x08041b68       0x24 ./Drivers/STM32F4xx_HAL_Driver/stm32f4xx_hal_flash.o
 .text.FLASH_Program_HalfWord
                0x08041b8c       0x24 ./Drivers/STM32F4xx_HAL_Driver/stm32f4xx_hal_flash.o
 .text.FLASH_SetErrorCode
                0x08041bb0       0x8c ./Drivers/STM32F4xx_HAL_Driver/stm32f4xx_hal_flash.o
 .text.HAL_FLASH_EndOfOperationCallback
                0x08041c3c        0x2 ./Drivers/STM32F4xx_HAL_Driver/stm32f4xx_hal_flash.o
                0x08041c3c                HAL_FLASH_EndOfOperationCallback
 .text.HAL_FLASH_OperationErrorCallback
                0x08041c3e        0x2 ./Drivers/STM32F4xx_HAL_Driver/stm32f4xx_hal_flash.o
                0x08041c3e                HAL_FLASH_OperationErrorCallback
 .text.HAL_FLASH_IRQHandler
                0x08041c40       0xbc ./Drivers/STM32F4xx_HAL_Driver/stm32f4xx_hal_flash.o
                0x08041c40                HAL_FLASH_IRQHandler
 .text.HAL_FLASH_Unlock
                0x08041cfc       0x24 ./Drivers/STM32F4xx_HAL_Driver/stm32f4xx_hal_flash.o
                0x08041cfc                HAL_FLASH_Unlock
 .text.HAL_FLASH_Lock
                0x08041d20       0x14 ./Drivers/STM32F4xx_HAL_Driver/stm32f4xx_hal_flash.o
                0x08041d20                HAL_FLASH_Lock
 .text.HAL_FLASH_GetError
                0x08041d34        0xc ./Drivers/STM32F4xx_HAL_Driver/stm32f4xx_hal_flash.o
                0x08041d34                HAL_FLASH_GetError
 .text.FLASH_WaitForLastOperation
                0x08041d40       0x50 ./Drivers/STM32F4xx_HAL_Driver/stm32f4xx_hal_flash.o
                0x08041d40                FLASH_WaitForLastOperation
 .text.HAL_FLASH_Program
                0x08041d90       0x8c ./Drivers/STM32F4xx_HAL_Driver/stm32f4xx_hal_flash.o
                0x08041d90                HAL_FLASH_Program
 .text.FLASH_MassErase.isra.0
                0x08041e1c       0x24 ./Drivers/STM32F4xx_HAL_Driver/stm32f4xx_hal_flash_ex.o
 .text.FLASH_Erase_Sector
                0x08041e40       0x3c ./Drivers/STM32F4xx_HAL_Driver/stm32f4xx_hal_flash_ex.o
                0x08041e40                FLASH_Erase_Sector
 .text.FLASH_FlushCaches
                0x08041e7c       0x58 ./Drivers/STM32F4xx_HAL_Driver/stm32f4xx_hal_flash_ex.o
                0x08041e7c                FLASH_FlushCaches
 .text.HAL_FLASHEx_Erase
                0x08041ed4       0xa0 ./Drivers/STM32F4xx_HAL_Driver/stm32f4xx_hal_flash_ex.o
                0x08041ed4                HAL_FLASHEx_Erase
 .text.HAL_GPIO_Init
                0x08041f74      0x1a4 ./Drivers/STM32F4xx_HAL_Driver/stm32f4xx_hal_gpio.o
                0x08041f74                HAL_GPIO_Init
 .text.HAL_GPIO_WritePin
                0x08042118        0xa ./Drivers/STM32F4xx_HAL_Driver/stm32f4xx_hal_gpio.o
                0x08042118                HAL_GPIO_WritePin
 .text.HAL_GPIO_TogglePin
                0x08042122       0x12 ./Drivers/STM32F4xx_HAL_Driver/stm32f4xx_hal_gpio.o
                0x08042122                HAL_GPIO_TogglePin
 .text.HAL_RCC_GetSysClockFreq
                0x08042134       0x5c ./Drivers/STM32F4xx_HAL_Driver/stm32f4xx_hal_rcc.o
                0x08042134                HAL_RCC_GetSysClockFreq
 .text.HAL_RCC_ClockConfig
                0x08042190      0x134 ./Drivers/STM32F4xx_HAL_Driver/stm32f4xx_hal_rcc.o
                0x08042190                HAL_RCC_ClockConfig
 .text.HAL_RCC_GetPCLK1Freq
                0x080422c4       0x20 ./Drivers/STM32F4xx_HAL_Driver/stm32f4xx_hal_rcc.o
                0x080422c4                HAL_RCC_GetPCLK1Freq
 .text.HAL_RCC_GetPCLK2Freq
                0x080422e4       0x20 ./Drivers/STM32F4xx_HAL_Driver/stm32f4xx_hal_rcc.o
                0x080422e4                HAL_RCC_GetPCLK2Freq
 .text.HAL_RCC_OscConfig
                0x08042304      0x370 ./Drivers/STM32F4xx_HAL_Driver/stm32f4xx_hal_rcc_ex.o
                0x08042304                HAL_RCC_OscConfig
 .text.HAL_RTCEx_TimeStampEventCallback
                0x08042674        0x2 ./Drivers/STM32F4xx_HAL_Driver/stm32f4xx_hal_rtc_ex.o
                0x08042674                HAL_RTCEx_TimeStampEventCallback
 *fill*         0x08042676        0x2 
 .text.HAL_RTCEx_TamperTimeStampIRQHandler
                0x08042678       0x54 ./Drivers/STM32F4xx_HAL_Driver/stm32f4xx_hal_rtc_ex.o
                0x08042678                HAL_RTCEx_TamperTimeStampIRQHandler
 .text.UART_EndRxTransfer
                0x080426cc       0x5c ./Drivers/STM32F4xx_HAL_Driver/stm32f4xx_hal_uart.o
 .text.UART_SetConfig
                0x08042728       0xcc ./Drivers/STM32F4xx_HAL_Driver/stm32f4xx_hal_uart.o
 .text.UART_WaitOnFlagUntilTimeout.constprop.0
                0x080427f4       0x64 ./Drivers/STM32F4xx_HAL_Driver/stm32f4xx_hal_uart.o
 .text.HAL_UART_Init
                0x08042858       0x5e ./Drivers/STM32F4xx_HAL_Driver/stm32f4xx_hal_uart.o
                0x08042858                HAL_UART_Init
 .text.HAL_UART_Transmit
                0x080428b6       0x9c ./Drivers/STM32F4xx_HAL_Driver/stm32f4xx_hal_uart.o
                0x080428b6                HAL_UART_Transmit
 .text.HAL_UART_Receive
                0x08042952       0xae ./Drivers/STM32F4xx_HAL_Driver/stm32f4xx_hal_uart.o
                0x08042952                HAL_UART_Receive
 .text.setvbuf  0x08042a00      0x168 /Applications/STM32CubeIDE.app/Contents/Eclipse/plugins/com.st.stm32cube.ide.mcu.externaltools.gnu-tools-for-stm32.13.3.rel1.macos64_1.0.0.202411102158/tools/bin/../lib/gcc/arm-none-eabi/13.3.1/../../../../arm-none-eabi/lib/thumb/v7e-m+fp/hard/libc_nano.a(libc_a-setvbuf.o)
                0x08042a00                setvbuf
 .text.std      0x08042b68       0x6c /Applications/STM32CubeIDE.app/Contents/Eclipse/plugins/com.st.stm32cube.ide.mcu.externaltools.gnu-tools-for-stm32.13.3.rel1.macos64_1.0.0.202411102158/tools/bin/../lib/gcc/arm-none-eabi/13.3.1/../../../../arm-none-eabi/lib/thumb/v7e-m+fp/hard/libc_nano.a(libc_a-findfp.o)
 .text.stdio_exit_handler
                0x08042bd4       0x18 /Applications/STM32CubeIDE.app/Contents/Eclipse/plugins/com.st.stm32cube.ide.mcu.externaltools.gnu-tools-for-stm32.13.3.rel1.macos64_1.0.0.202411102158/tools/bin/../lib/gcc/arm-none-eabi/13.3.1/../../../../arm-none-eabi/lib/thumb/v7e-m+fp/hard/libc_nano.a(libc_a-findfp.o)
 .text.cleanup_stdio
                0x08042bec       0x40 /Applications/STM32CubeIDE.app/Contents/Eclipse/plugins/com.st.stm32cube.ide.mcu.externaltools.gnu-tools-for-stm32.13.3.rel1.macos64_1.0.0.202411102158/tools/bin/../lib/gcc/arm-none-eabi/13.3.1/../../../../arm-none-eabi/lib/thumb/v7e-m+fp/hard/libc_nano.a(libc_a-findfp.o)
 .text.global_stdio_init.part.0
                0x08042c2c       0x3c /Applications/STM32CubeIDE.app/Contents/Eclipse/plugins/com.st.stm32cube.ide.mcu.externaltools.gnu-tools-for-stm32.13.3.rel1.macos64_1.0.0.202411102158/tools/bin/../lib/gcc/arm-none-eabi/13.3.1/../../../../arm-none-eabi/lib/thumb/v7e-m+fp/hard/libc_nano.a(libc_a-findfp.o)
 .text.__sfp_lock_acquire
                0x08042c68        0xc /Applications/STM32CubeIDE.app/Contents/Eclipse/plugins/com.st.stm32cube.ide.mcu.externaltools.gnu-tools-for-stm32.13.3.rel1.macos64_1.0.0.202411102158/tools/bin/../lib/gcc/arm-none-eabi/13.3.1/../../../../arm-none-eabi/lib/thumb/v7e-m+fp/hard/libc_nano.a(libc_a-findfp.o)
                0x08042c68                __sfp_lock_acquire
 .text.__sfp_lock_release
                0x08042c74        0xc /Applications/STM32CubeIDE.app/Contents/Eclipse/plugins/com.st.stm32cube.ide.mcu.externaltools.gnu-tools-for-stm32.13.3.rel1.macos64_1.0.0.202411102158/tools/bin/../lib/gcc/arm-none-eabi/13.3.1/../../../../arm-none-eabi/lib/thumb/v7e-m+fp/hard/libc_nano.a(libc_a-findfp.o)
                0x08042c74                __sfp_lock_release
 .text.__sinit  0x08042c80       0x30 /Applications/STM32CubeIDE.app/Contents/Eclipse/plugins/com.st.stm32cube.ide.mcu.externaltools.gnu-tools-for-stm32.13.3.rel1.macos64_1.0.0.202411102158/tools/bin/../lib/gcc/arm-none-eabi/13.3.1/../../../../arm-none-eabi/lib/thumb/v7e-m+fp/hard/libc_nano.a(libc_a-findfp.o)
                0x08042c80                __sinit
 .text._fwalk_sglue
                0x08042cb0       0x3c /Applications/STM32CubeIDE.app/Contents/Eclipse/plugins/com.st.stm32cube.ide.mcu.externaltools.gnu-tools-for-stm32.13.3.rel1.macos64_1.0.0.202411102158/tools/bin/../lib/gcc/arm-none-eabi/13.3.1/../../../../arm-none-eabi/lib/thumb/v7e-m+fp/hard/libc_nano.a(libc_a-fwalk.o)
                0x08042cb0                _fwalk_sglue
 .text.__swhatbuf_r
                0x08042cec       0x4c /Applications/STM32CubeIDE.app/Contents/Eclipse/plugins/com.st.stm32cube.ide.mcu.externaltools.gnu-tools-for-stm32.13.3.rel1.macos64_1.0.0.202411102158/tools/bin/../lib/gcc/arm-none-eabi/13.3.1/../../../../arm-none-eabi/lib/thumb/v7e-m+fp/hard/libc_nano.a(libc_a-makebuf.o)
                0x08042cec                __swhatbuf_r
 .text.__smakebuf_r
                0x08042d38       0x78 /Applications/STM32CubeIDE.app/Contents/Eclipse/plugins/com.st.stm32cube.ide.mcu.externaltools.gnu-tools-for-stm32.13.3.rel1.macos64_1.0.0.202411102158/tools/bin/../lib/gcc/arm-none-eabi/13.3.1/../../../../arm-none-eabi/lib/thumb/v7e-m+fp/hard/libc_nano.a(libc_a-makebuf.o)
                0x08042d38                __smakebuf_r
 .text.printf   0x08042db0       0x24 /Applications/STM32CubeIDE.app/Contents/Eclipse/plugins/com.st.stm32cube.ide.mcu.externaltools.gnu-tools-for-stm32.13.3.rel1.macos64_1.0.0.202411102158/tools/bin/../lib/gcc/arm-none-eabi/13.3.1/../../../../arm-none-eabi/lib/thumb/v7e-m+fp/hard/libc_nano.a(libc_a-printf.o)
                0x08042db0                printf
                0x08042db0                iprintf
 .text._puts_r  0x08042dd4       0xaa /Applications/STM32CubeIDE.app/Contents/Eclipse/plugins/com.st.stm32cube.ide.mcu.externaltools.gnu-tools-for-stm32.13.3.rel1.macos64_1.0.0.202411102158/tools/bin/../lib/gcc/arm-none-eabi/13.3.1/../../../../arm-none-eabi/lib/thumb/v7e-m+fp/hard/libc_nano.a(libc_a-puts.o)
                0x08042dd4                _puts_r
 *fill*         0x08042e7e        0x2 
 .text.puts     0x08042e80       0x10 /Applications/STM32CubeIDE.app/Contents/Eclipse/plugins/com.st.stm32cube.ide.mcu.externaltools.gnu-tools-for-stm32.13.3.rel1.macos64_1.0.0.202411102158/tools/bin/../lib/gcc/arm-none-eabi/13.3.1/../../../../arm-none-eabi/lib/thumb/v7e-m+fp/hard/libc_nano.a(libc_a-puts.o)
                0x08042e80                puts
 .text.memset   0x08042e90       0x10 /Applications/STM32CubeIDE.app/Contents/Eclipse/plugins/com.st.stm32cube.ide.mcu.externaltools.gnu-tools-for-stm32.13.3.rel1.macos64_1.0.0.202411102158/tools/bin/../lib/gcc/arm-none-eabi/13.3.1/../../../../arm-none-eabi/lib/thumb/v7e-m+fp/hard/libc_nano.a(libc_a-memset.o)
                0x08042e90                memset
 .text._isatty_r
                0x08042ea0       0x20 /Applications/STM32CubeIDE.app/Contents/Eclipse/plugins/com.st.stm32cube.ide.mcu.externaltools.gnu-tools-for-stm32.13.3.rel1.macos64_1.0.0.202411102158/tools/bin/../lib/gcc/arm-none-eabi/13.3.1/../../../../arm-none-eabi/lib/thumb/v7e-m+fp/hard/libc_nano.a(libc_a-isattyr.o)
                0x08042ea0                _isatty_r
 .text.__errno  0x08042ec0        0xc /Applications/STM32CubeIDE.app/Contents/Eclipse/plugins/com.st.stm32cube.ide.mcu.externaltools.gnu-tools-for-stm32.13.3.rel1.macos64_1.0.0.202411102158/tools/bin/../lib/gcc/arm-none-eabi/13.3.1/../../../../arm-none-eabi/lib/thumb/v7e-m+fp/hard/libc_nano.a(libc_a-errno.o)
                0x08042ec0                __errno
 .text.__libc_init_array
                0x08042ecc       0x48 /Applications/STM32CubeIDE.app/Contents/Eclipse/plugins/com.st.stm32cube.ide.mcu.externaltools.gnu-tools-for-stm32.13.3.rel1.macos64_1.0.0.202411102158/tools/bin/../lib/gcc/arm-none-eabi/13.3.1/../../../../arm-none-eabi/lib/thumb/v7e-m+fp/hard/libc_nano.a(libc_a-init.o)
                0x08042ecc                __libc_init_array
 .text.__retarget_lock_init_recursive
                0x08042f14        0x2 /Applications/STM32CubeIDE.app/Contents/Eclipse/plugins/com.st.stm32cube.ide.mcu.externaltools.gnu-tools-for-stm32.13.3.rel1.macos64_1.0.0.202411102158/tools/bin/../lib/gcc/arm-none-eabi/13.3.1/../../../../arm-none-eabi/lib/thumb/v7e-m+fp/hard/libc_nano.a(libc_a-lock.o)
                0x08042f14                __retarget_lock_init_recursive
 .text.__retarget_lock_acquire_recursive
                0x08042f16        0x2 /Applications/STM32CubeIDE.app/Contents/Eclipse/plugins/com.st.stm32cube.ide.mcu.externaltools.gnu-tools-for-stm32.13.3.rel1.macos64_1.0.0.202411102158/tools/bin/../lib/gcc/arm-none-eabi/13.3.1/../../../../arm-none-eabi/lib/thumb/v7e-m+fp/hard/libc_nano.a(libc_a-lock.o)
                0x08042f16                __retarget_lock_acquire_recursive
 .text.__retarget_lock_release_recursive
                0x08042f18        0x2 /Applications/STM32CubeIDE.app/Contents/Eclipse/plugins/com.st.stm32cube.ide.mcu.externaltools.gnu-tools-for-stm32.13.3.rel1.macos64_1.0.0.202411102158/tools/bin/../lib/gcc/arm-none-eabi/13.3.1/../../../../arm-none-eabi/lib/thumb/v7e-m+fp/hard/libc_nano.a(libc_a-lock.o)
                0x08042f18                __retarget_lock_release_recursive
 *fill*         0x08042f1a        0x2 
 .text._fstat_r
                0x08042f1c       0x24 /Applications/STM32CubeIDE.app/Contents/Eclipse/plugins/com.st.stm32cube.ide.mcu.externaltools.gnu-tools-for-stm32.13.3.rel1.macos64_1.0.0.202411102158/tools/bin/../lib/gcc/arm-none-eabi/13.3.1/../../../../arm-none-eabi/lib/thumb/v7e-m+fp/hard/libc_nano.a(libc_a-fstatr.o)
                0x08042f1c                _fstat_r
 .text.memcpy   0x08042f40       0x1c /Applications/STM32CubeIDE.app/Contents/Eclipse/plugins/com.st.stm32cube.ide.mcu.externaltools.gnu-tools-for-stm32.13.3.rel1.macos64_1.0.0.202411102158/tools/bin/../lib/gcc/arm-none-eabi/13.3.1/../../../../arm-none-eabi/lib/thumb/v7e-m+fp/hard/libc_nano.a(libc_a-memcpy-stub.o)
                0x08042f40                memcpy
 .text._free_r  0x08042f5c       0x94 /Applications/STM32CubeIDE.app/Contents/Eclipse/plugins/com.st.stm32cube.ide.mcu.externaltools.gnu-tools-for-stm32.13.3.rel1.macos64_1.0.0.202411102158/tools/bin/../lib/gcc/arm-none-eabi/13.3.1/../../../../arm-none-eabi/lib/thumb/v7e-m+fp/hard/libc_nano.a(libc_a-freer.o)
                0x08042f5c                _free_r
 .text.__sfputc_r
                0x08042ff0       0x2e /Applications/STM32CubeIDE.app/Contents/Eclipse/plugins/com.st.stm32cube.ide.mcu.externaltools.gnu-tools-for-stm32.13.3.rel1.macos64_1.0.0.202411102158/tools/bin/../lib/gcc/arm-none-eabi/13.3.1/../../../../arm-none-eabi/lib/thumb/v7e-m+fp/hard/libc_nano.a(libc_a-nano-vfprintf.o)
 .text.__sfputs_r
                0x0804301e       0x24 /Applications/STM32CubeIDE.app/Contents/Eclipse/plugins/com.st.stm32cube.ide.mcu.externaltools.gnu-tools-for-stm32.13.3.rel1.macos64_1.0.0.202411102158/tools/bin/../lib/gcc/arm-none-eabi/13.3.1/../../../../arm-none-eabi/lib/thumb/v7e-m+fp/hard/libc_nano.a(libc_a-nano-vfprintf.o)
                0x0804301e                __sfputs_r
 *fill*         0x08043042        0x2 
 .text._vfprintf_r
                0x08043044      0x230 /Applications/STM32CubeIDE.app/Contents/Eclipse/plugins/com.st.stm32cube.ide.mcu.externaltools.gnu-tools-for-stm32.13.3.rel1.macos64_1.0.0.202411102158/tools/bin/../lib/gcc/arm-none-eabi/13.3.1/../../../../arm-none-eabi/lib/thumb/v7e-m+fp/hard/libc_nano.a(libc_a-nano-vfprintf.o)
                0x08043044                _vfiprintf_r
                0x08043044                _vfprintf_r
 .text.malloc   0x08043274       0x10 /Applications/STM32CubeIDE.app/Contents/Eclipse/plugins/com.st.stm32cube.ide.mcu.externaltools.gnu-tools-for-stm32.13.3.rel1.macos64_1.0.0.202411102158/tools/bin/../lib/gcc/arm-none-eabi/13.3.1/../../../../arm-none-eabi/lib/thumb/v7e-m+fp/hard/libc_nano.a(libc_a-malloc.o)
                0x08043274                malloc
 .text.sbrk_aligned
                0x08043284       0x44 /Applications/STM32CubeIDE.app/Contents/Eclipse/plugins/com.st.stm32cube.ide.mcu.externaltools.gnu-tools-for-stm32.13.3.rel1.macos64_1.0.0.202411102158/tools/bin/../lib/gcc/arm-none-eabi/13.3.1/../../../../arm-none-eabi/lib/thumb/v7e-m+fp/hard/libc_nano.a(libc_a-mallocr.o)
 .text._malloc_r
                0x080432c8      0x100 /Applications/STM32CubeIDE.app/Contents/Eclipse/plugins/com.st.stm32cube.ide.mcu.externaltools.gnu-tools-for-stm32.13.3.rel1.macos64_1.0.0.202411102158/tools/bin/../lib/gcc/arm-none-eabi/13.3.1/../../../../arm-none-eabi/lib/thumb/v7e-m+fp/hard/libc_nano.a(libc_a-mallocr.o)
                0x080432c8                _malloc_r
 .text._printf_common
                0x080433c8       0xda /Applications/STM32CubeIDE.app/Contents/Eclipse/plugins/com.st.stm32cube.ide.mcu.externaltools.gnu-tools-for-stm32.13.3.rel1.macos64_1.0.0.202411102158/tools/bin/../lib/gcc/arm-none-eabi/13.3.1/../../../../arm-none-eabi/lib/thumb/v7e-m+fp/hard/libc_nano.a(libc_a-nano-vfprintf_i.o)
                0x080433c8                _printf_common
 *fill*         0x080434a2        0x2 
 .text._printf_i
                0x080434a4      0x23c /Applications/STM32CubeIDE.app/Contents/Eclipse/plugins/com.st.stm32cube.ide.mcu.externaltools.gnu-tools-for-stm32.13.3.rel1.macos64_1.0.0.202411102158/tools/bin/../lib/gcc/arm-none-eabi/13.3.1/../../../../arm-none-eabi/lib/thumb/v7e-m+fp/hard/libc_nano.a(libc_a-nano-vfprintf_i.o)
                0x080434a4                _printf_i
 .text.__sflush_r
                0x080436e0      0x108 /Applications/STM32CubeIDE.app/Contents/Eclipse/plugins/com.st.stm32cube.ide.mcu.externaltools.gnu-tools-for-stm32.13.3.rel1.macos64_1.0.0.202411102158/tools/bin/../lib/gcc/arm-none-eabi/13.3.1/../../../../arm-none-eabi/lib/thumb/v7e-m+fp/hard/libc_nano.a(libc_a-fflush.o)
                0x080436e0                __sflush_r
 .text._fflush_r
                0x080437e8       0x50 /Applications/STM32CubeIDE.app/Contents/Eclipse/plugins/com.st.stm32cube.ide.mcu.externaltools.gnu-tools-for-stm32.13.3.rel1.macos64_1.0.0.202411102158/tools/bin/../lib/gcc/arm-none-eabi/13.3.1/../../../../arm-none-eabi/lib/thumb/v7e-m+fp/hard/libc_nano.a(libc_a-fflush.o)
                0x080437e8                _fflush_r
 .text.__malloc_lock
                0x08043838        0xc /Applications/STM32CubeIDE.app/Contents/Eclipse/plugins/com.st.stm32cube.ide.mcu.externaltools.gnu-tools-for-stm32.13.3.rel1.macos64_1.0.0.202411102158/tools/bin/../lib/gcc/arm-none-eabi/13.3.1/../../../../arm-none-eabi/lib/thumb/v7e-m+fp/hard/libc_nano.a(libc_a-mlock.o)
                0x08043838                __malloc_lock
 .text.__malloc_unlock
                0x08043844        0xc /Applications/STM32CubeIDE.app/Contents/Eclipse/plugins/com.st.stm32cube.ide.mcu.externaltools.gnu-tools-for-stm32.13.3.rel1.macos64_1.0.0.202411102158/tools/bin/../lib/gcc/arm-none-eabi/13.3.1/../../../../arm-none-eabi/lib/thumb/v7e-m+fp/hard/libc_nano.a(libc_a-mlock.o)
                0x08043844                __malloc_unlock
 .text.__sread  0x08043850       0x22 /Applications/STM32CubeIDE.app/Contents/Eclipse/plugins/com.st.stm32cube.ide.mcu.externaltools.gnu-tools-for-stm32.13.3.rel1.macos64_1.0.0.202411102158/tools/bin/../lib/gcc/arm-none-eabi/13.3.1/../../../../arm-none-eabi/lib/thumb/v7e-m+fp/hard/libc_nano.a(libc_a-stdio.o)
                0x08043850                __sread
 .text.__swrite
                0x08043872       0x38 /Applications/STM32CubeIDE.app/Contents/Eclipse/plugins/com.st.stm32cube.ide.mcu.externaltools.gnu-tools-for-stm32.13.3.rel1.macos64_1.0.0.202411102158/tools/bin/../lib/gcc/arm-none-eabi/13.3.1/../../../../arm-none-eabi/lib/thumb/v7e-m+fp/hard/libc_nano.a(libc_a-stdio.o)
                0x08043872                __swrite
 .text.__sseek  0x080438aa       0x24 /Applications/STM32CubeIDE.app/Contents/Eclipse/plugins/com.st.stm32cube.ide.mcu.externaltools.gnu-tools-for-stm32.13.3.rel1.macos64_1.0.0.202411102158/tools/bin/../lib/gcc/arm-none-eabi/13.3.1/../../../../arm-none-eabi/lib/thumb/v7e-m+fp/hard/libc_nano.a(libc_a-stdio.o)
                0x080438aa                __sseek
 .text.__sclose
                0x080438ce        0x8 /Applications/STM32CubeIDE.app/Contents/Eclipse/plugins/com.st.stm32cube.ide.mcu.externaltools.gnu-tools-for-stm32.13.3.rel1.macos64_1.0.0.202411102158/tools/bin/../lib/gcc/arm-none-eabi/13.3.1/../../../../arm-none-eabi/lib/thumb/v7e-m+fp/hard/libc_nano.a(libc_a-stdio.o)
                0x080438ce                __sclose
 .text.__swbuf_r
                0x080438d6       0x7c /Applications/STM32CubeIDE.app/Contents/Eclipse/plugins/com.st.stm32cube.ide.mcu.externaltools.gnu-tools-for-stm32.13.3.rel1.macos64_1.0.0.202411102158/tools/bin/../lib/gcc/arm-none-eabi/13.3.1/../../../../arm-none-eabi/lib/thumb/v7e-m+fp/hard/libc_nano.a(libc_a-wbuf.o)
                0x080438d6                __swbuf_r
 *fill*         0x08043952        0x2 
 .text.__swsetup_r
                0x08043954       0xac /Applications/STM32CubeIDE.app/Contents/Eclipse/plugins/com.st.stm32cube.ide.mcu.externaltools.gnu-tools-for-stm32.13.3.rel1.macos64_1.0.0.202411102158/tools/bin/../lib/gcc/arm-none-eabi/13.3.1/../../../../arm-none-eabi/lib/thumb/v7e-m+fp/hard/libc_nano.a(libc_a-wsetup.o)
                0x08043954                __swsetup_r
 .text._lseek_r
                0x08043a00       0x24 /Applications/STM32CubeIDE.app/Contents/Eclipse/plugins/com.st.stm32cube.ide.mcu.externaltools.gnu-tools-for-stm32.13.3.rel1.macos64_1.0.0.202411102158/tools/bin/../lib/gcc/arm-none-eabi/13.3.1/../../../../arm-none-eabi/lib/thumb/v7e-m+fp/hard/libc_nano.a(libc_a-lseekr.o)
                0x08043a00                _lseek_r
 .text._read_r  0x08043a24       0x24 /Applications/STM32CubeIDE.app/Contents/Eclipse/plugins/com.st.stm32cube.ide.mcu.externaltools.gnu-tools-for-stm32.13.3.rel1.macos64_1.0.0.202411102158/tools/bin/../lib/gcc/arm-none-eabi/13.3.1/../../../../arm-none-eabi/lib/thumb/v7e-m+fp/hard/libc_nano.a(libc_a-readr.o)
                0x08043a24                _read_r
 .text._sbrk_r  0x08043a48       0x20 /Applications/STM32CubeIDE.app/Contents/Eclipse/plugins/com.st.stm32cube.ide.mcu.externaltools.gnu-tools-for-stm32.13.3.rel1.macos64_1.0.0.202411102158/tools/bin/../lib/gcc/arm-none-eabi/13.3.1/../../../../arm-none-eabi/lib/thumb/v7e-m+fp/hard/libc_nano.a(libc_a-sbrkr.o)
                0x08043a48                _sbrk_r
 .text._write_r
                0x08043a68       0x24 /Applications/STM32CubeIDE.app/Contents/Eclipse/plugins/com.st.stm32cube.ide.mcu.externaltools.gnu-tools-for-stm32.13.3.rel1.macos64_1.0.0.202411102158/tools/bin/../lib/gcc/arm-none-eabi/13.3.1/../../../../arm-none-eabi/lib/thumb/v7e-m+fp/hard/libc_nano.a(libc_a-writer.o)
                0x08043a68                _write_r
 .text._close_r
                0x08043a8c       0x20 /Applications/STM32CubeIDE.app/Contents/Eclipse/plugins/com.st.stm32cube.ide.mcu.externaltools.gnu-tools-for-stm32.13.3.rel1.macos64_1.0.0.202411102158/tools/bin/../lib/gcc/arm-none-eabi/13.3.1/../../../../arm-none-eabi/lib/thumb/v7e-m+fp/hard/libc_nano.a(libc_a-closer.o)
                0x08043a8c                _close_r
 *(.glue_7)
 .glue_7        0x08043aac        0x0 linker stubs
 *(.glue_7t)
 .glue_7t       0x08043aac        0x0 linker stubs
 *(.eh_frame)
 .eh_frame      0x08043aac        0x0 /Applications/STM32CubeIDE.app/Contents/Eclipse/plugins/com.st.stm32cube.ide.mcu.externaltools.gnu-tools-for-stm32.13.3.rel1.macos64_1.0.0.202411102158/tools/bin/../lib/gcc/arm-none-eabi/13.3.1/thumb/v7e-m+fp/hard/crtbegin.o
 *(.init)
 .init          0x08043aac        0x4 /Applications/STM32CubeIDE.app/Contents/Eclipse/plugins/com.st.stm32cube.ide.mcu.externaltools.gnu-tools-for-stm32.13.3.rel1.macos64_1.0.0.202411102158/tools/bin/../lib/gcc/arm-none-eabi/13.3.1/thumb/v7e-m+fp/hard/crti.o
                0x08043aac                _init
 .init          0x08043ab0        0x8 /Applications/STM32CubeIDE.app/Contents/Eclipse/plugins/com.st.stm32cube.ide.mcu.externaltools.gnu-tools-for-stm32.13.3.rel1.macos64_1.0.0.202411102158/tools/bin/../lib/gcc/arm-none-eabi/13.3.1/thumb/v7e-m+fp/hard/crtn.o
 *(.fini)
 .fini          0x08043ab8        0x4 /Applications/STM32CubeIDE.app/Contents/Eclipse/plugins/com.st.stm32cube.ide.mcu.externaltools.gnu-tools-for-stm32.13.3.rel1.macos64_1.0.0.202411102158/tools/bin/../lib/gcc/arm-none-eabi/13.3.1/thumb/v7e-m+fp/hard/crti.o
                0x08043ab8                _fini
 .fini          0x08043abc        0x8 /Applications/STM32CubeIDE.app/Contents/Eclipse/plugins/com.st.stm32cube.ide.mcu.externaltools.gnu-tools-for-stm32.13.3.rel1.macos64_1.0.0.202411102158/tools/bin/../lib/gcc/arm-none-eabi/13.3.1/thumb/v7e-m+fp/hard/crtn.o
                0x08043ac8                        . = ALIGN (0x8)
 *fill*         0x08043ac4        0x4 
                0x08043ac8                        _etext = .

.vfp11_veneer   0x08043ac8        0x0
 .vfp11_veneer  0x08043ac8        0x0 linker stubs

.v4_bx          0x08043ac8        0x0
 .v4_bx         0x08043ac8        0x0 linker stubs

.iplt           0x08043ac8        0x0
 .iplt          0x08043ac8        0x0 /Applications/STM32CubeIDE.app/Contents/Eclipse/plugins/com.st.stm32cube.ide.mcu.externaltools.gnu-tools-for-stm32.13.3.rel1.macos64_1.0.0.202411102158/tools/bin/../lib/gcc/arm-none-eabi/13.3.1/thumb/v7e-m+fp/hard/crtbegin.o

.rodata         0x08043ac8     0x1170
                0x08043ac8                        . = ALIGN (0x8)
 *(.rodata)
 .rodata        0x08043ac8        0x8 ./Application/User/fw_update_app.o
 .rodata        0x08043ad0        0x1 ./Application/User/main.o
                0x08043ad0                UserAppId
 *fill*         0x08043ad1        0x3 
 .rodata        0x08043ad4       0x60 ./Application/User/test_protections.o
                0x08043ad4                SlotStartAdd
                0x08043af4                SlotEndAdd
                0x08043b14                SlotHeaderAdd
 .rodata        0x08043b34       0x18 ./Drivers/CMSIS/system_stm32f4xx.o
                0x08043b34                AHBPrescTable
                0x08043b44                APBPrescTable
 *(.rodata*)
 .rodata.str1.1
                0x08043b4c     0x10e9 ./Application/User/flash_if.o
                                 0x34 (size before relaxing)
 .rodata.str1.1
                0x08044c35      0x354 ./Application/User/fw_update_app.o
 .rodata.str1.1
                0x08044c35      0x2c0 ./Application/User/main.o
 .rodata.str1.1
                0x08044c35      0x1d8 ./Application/User/se_user_code.o
 .rodata.str1.1
                0x08044c35      0x9a7 ./Application/User/test_protections.o
 .rodata.str1.1
                0x08044c35        0x3 ./Application/User/ymodem.o
 .rodata._vfprintf_r.str1.1
                0x08044c35       0x11 /Applications/STM32CubeIDE.app/Contents/Eclipse/plugins/com.st.stm32cube.ide.mcu.externaltools.gnu-tools-for-stm32.13.3.rel1.macos64_1.0.0.202411102158/tools/bin/../lib/gcc/arm-none-eabi/13.3.1/../../../../arm-none-eabi/lib/thumb/v7e-m+fp/hard/libc_nano.a(libc_a-nano-vfprintf.o)
 .rodata._printf_i.str1.1
                0x08044c35       0x22 /Applications/STM32CubeIDE.app/Contents/Eclipse/plugins/com.st.stm32cube.ide.mcu.externaltools.gnu-tools-for-stm32.13.3.rel1.macos64_1.0.0.202411102158/tools/bin/../lib/gcc/arm-none-eabi/13.3.1/../../../../arm-none-eabi/lib/thumb/v7e-m+fp/hard/libc_nano.a(libc_a-nano-vfprintf_i.o)
                0x080455e0                        . = ALIGN (0x8)
 *fill*         0x08044c35        0x3 

.ARM.extab      0x08044c38        0x0
                0x08044c38                        . = ALIGN (0x8)
 *(.ARM.extab* .gnu.linkonce.armextab.*)
                0x08044c38                        . = ALIGN (0x8)

.ARM            0x08044c38        0x8
                0x08044c38                        . = ALIGN (0x8)
                0x08044c38                        __exidx_start = .
 *(.ARM.exidx*)
 .ARM.exidx     0x08044c38        0x8 /Applications/STM32CubeIDE.app/Contents/Eclipse/plugins/com.st.stm32cube.ide.mcu.externaltools.gnu-tools-for-stm32.13.3.rel1.macos64_1.0.0.202411102158/tools/bin/../lib/gcc/arm-none-eabi/13.3.1/../../../../arm-none-eabi/lib/thumb/v7e-m+fp/hard/libc_nano.a(libc_a-memchr.o)
 .ARM.exidx     0x08044c40        0x0 /Applications/STM32CubeIDE.app/Contents/Eclipse/plugins/com.st.stm32cube.ide.mcu.externaltools.gnu-tools-for-stm32.13.3.rel1.macos64_1.0.0.202411102158/tools/bin/../lib/gcc/arm-none-eabi/13.3.1/thumb/v7e-m+fp/hard/libgcc.a(_udivmoddi4.o)
                                  0x8 (size before relaxing)
                0x08044c40                        __exidx_end = .
                0x08044c40                        . = ALIGN (0x8)

.preinit_array  0x08044c40        0x0
                0x08044c40                        . = ALIGN (0x8)
                0x08044c40                        PROVIDE (__preinit_array_start = .)
 *(.preinit_array*)
                0x08044c40                        PROVIDE (__preinit_array_end = .)
                0x08044c40                        . = ALIGN (0x8)

.init_array     0x08044c40        0x8
                0x08044c40                        . = ALIGN (0x8)
                0x08044c40                        PROVIDE (__init_array_start = .)
 *(SORT_BY_NAME(.init_array.*))
 *(.init_array*)
 .init_array    0x08044c40        0x4 /Applications/STM32CubeIDE.app/Contents/Eclipse/plugins/com.st.stm32cube.ide.mcu.externaltools.gnu-tools-for-stm32.13.3.rel1.macos64_1.0.0.202411102158/tools/bin/../lib/gcc/arm-none-eabi/13.3.1/thumb/v7e-m+fp/hard/crtbegin.o
                0x08044c44                        PROVIDE (__init_array_end = .)
                0x08044c48                        . = ALIGN (0x8)
 *fill*         0x08044c44        0x4 

.fini_array     0x08044c48        0x8
                0x08044c48                        . = ALIGN (0x8)
                [!provide]                        PROVIDE (__fini_array_start = .)
 *(SORT_BY_NAME(.fini_array.*))
 *(.fini_array*)
 .fini_array    0x08044c48        0x4 /Applications/STM32CubeIDE.app/Contents/Eclipse/plugins/com.st.stm32cube.ide.mcu.externaltools.gnu-tools-for-stm32.13.3.rel1.macos64_1.0.0.202411102158/tools/bin/../lib/gcc/arm-none-eabi/13.3.1/thumb/v7e-m+fp/hard/crtbegin.o
                [!provide]                        PROVIDE (__fini_array_end = .)
                0x08044c50                        . = ALIGN (0x8)
 *fill*         0x08044c4c        0x4 
                0x08044c50                        _sidata = LOADADDR (.data)

.data           0x20001000       0xb0 load address 0x08044c50
                0x20001000                        . = ALIGN (0x8)
                0x20001000                        _sdata = .
 *(.data)
 .data          0x20001000       0x44 ./Application/User/flash_if.o
                0x20001000                FlashSectorsAddress
 .data          0x20001044        0x4 ./Drivers/CMSIS/system_stm32f4xx.o
                0x20001044                SystemCoreClock
 .data          0x20001048        0x8 ./Drivers/STM32F4xx_HAL_Driver/stm32f4xx_hal.o
                0x20001048                uwTickFreq
                0x2000104c                uwTickPrio
 *(.data*)
 .data.__sglue  0x20001050        0xc /Applications/STM32CubeIDE.app/Contents/Eclipse/plugins/com.st.stm32cube.ide.mcu.externaltools.gnu-tools-for-stm32.13.3.rel1.macos64_1.0.0.202411102158/tools/bin/../lib/gcc/arm-none-eabi/13.3.1/../../../../arm-none-eabi/lib/thumb/v7e-m+fp/hard/libc_nano.a(libc_a-findfp.o)
                0x20001050                __sglue
 .data._impure_ptr
                0x2000105c        0x4 /Applications/STM32CubeIDE.app/Contents/Eclipse/plugins/com.st.stm32cube.ide.mcu.externaltools.gnu-tools-for-stm32.13.3.rel1.macos64_1.0.0.202411102158/tools/bin/../lib/gcc/arm-none-eabi/13.3.1/../../../../arm-none-eabi/lib/thumb/v7e-m+fp/hard/libc_nano.a(libc_a-impure.o)
                0x2000105c                _impure_ptr
 .data._impure_data
                0x20001060       0x4c /Applications/STM32CubeIDE.app/Contents/Eclipse/plugins/com.st.stm32cube.ide.mcu.externaltools.gnu-tools-for-stm32.13.3.rel1.macos64_1.0.0.202411102158/tools/bin/../lib/gcc/arm-none-eabi/13.3.1/../../../../arm-none-eabi/lib/thumb/v7e-m+fp/hard/libc_nano.a(libc_a-impure.o)
                0x20001060                _impure_data
                0x200010b0                        . = ALIGN (0x8)
 *fill*         0x200010ac        0x4 
                0x200010b0                        _edata = .

.igot.plt       0x200010b0        0x0 load address 0x08044d00
 .igot.plt      0x200010b0        0x0 /Applications/STM32CubeIDE.app/Contents/Eclipse/plugins/com.st.stm32cube.ide.mcu.externaltools.gnu-tools-for-stm32.13.3.rel1.macos64_1.0.0.202411102158/tools/bin/../lib/gcc/arm-none-eabi/13.3.1/thumb/v7e-m+fp/hard/crtbegin.o

.align16        0x08044d00       0x10
                0x08044d00        0x1 BYTE 0xaa
                0x08044d10                        . = ALIGN (0x10)
 *fill*         0x08044d01        0xf 

.rel.dyn        0x08044d10        0x0
 .rel.iplt      0x08044d10        0x0 /Applications/STM32CubeIDE.app/Contents/Eclipse/plugins/com.st.stm32cube.ide.mcu.externaltools.gnu-tools-for-stm32.13.3.rel1.macos64_1.0.0.202411102158/tools/bin/../lib/gcc/arm-none-eabi/13.3.1/thumb/v7e-m+fp/hard/crtbegin.o
                0x08044d10                        . = ALIGN (0x4)

.bss            0x200010b0      0xe68
                0x200010b0                        _sbss = .
                0x200010b0                        __bss_start__ = _sbss
 *(.bss)
 .bss           0x200010b0       0x1c /Applications/STM32CubeIDE.app/Contents/Eclipse/plugins/com.st.stm32cube.ide.mcu.externaltools.gnu-tools-for-stm32.13.3.rel1.macos64_1.0.0.202411102158/tools/bin/../lib/gcc/arm-none-eabi/13.3.1/thumb/v7e-m+fp/hard/crtbegin.o
 .bss           0x200010cc       0x48 ./Application/User/com.o
 .bss           0x20001114       0x18 ./Application/User/fw_update_app.o
 .bss           0x2000112c        0x8 ./Application/User/main.o
                0x2000112c                pUserAppId
                0x20001130                eStatus
 .bss           0x20001134       0x20 ./Application/User/stm32f4xx_it.o
                0x20001134                RtcHandle
 .bss           0x20001154        0x8 ./Application/User/syscalls.o
                0x20001158                __env
 .bss           0x2000115c      0x804 ./Application/User/test_protections.o
 .bss           0x20001960      0x447 ./Application/User/ymodem.o
                0x20001d66                m_aFileName
 *fill*         0x20001da7        0x1 
 .bss           0x20001da8        0x4 ./Drivers/STM32F4xx_HAL_Driver/stm32f4xx_hal.o
                0x20001da8                uwTick
 .bss           0x20001dac       0x20 ./Drivers/STM32F4xx_HAL_Driver/stm32f4xx_hal_flash.o
                0x20001dac                pFlash
 *(.bss*)
 .bss.__sf      0x20001dcc      0x138 /Applications/STM32CubeIDE.app/Contents/Eclipse/plugins/com.st.stm32cube.ide.mcu.externaltools.gnu-tools-for-stm32.13.3.rel1.macos64_1.0.0.202411102158/tools/bin/../lib/gcc/arm-none-eabi/13.3.1/../../../../arm-none-eabi/lib/thumb/v7e-m+fp/hard/libc_nano.a(libc_a-findfp.o)
                0x20001dcc                __sf
 .bss.__stdio_exit_handler
                0x20001f04        0x4 /Applications/STM32CubeIDE.app/Contents/Eclipse/plugins/com.st.stm32cube.ide.mcu.externaltools.gnu-tools-for-stm32.13.3.rel1.macos64_1.0.0.202411102158/tools/bin/../lib/gcc/arm-none-eabi/13.3.1/../../../../arm-none-eabi/lib/thumb/v7e-m+fp/hard/libc_nano.a(libc_a-findfp.o)
                0x20001f04                __stdio_exit_handler
 .bss.__lock___malloc_recursive_mutex
                0x20001f08        0x1 /Applications/STM32CubeIDE.app/Contents/Eclipse/plugins/com.st.stm32cube.ide.mcu.externaltools.gnu-tools-for-stm32.13.3.rel1.macos64_1.0.0.202411102158/tools/bin/../lib/gcc/arm-none-eabi/13.3.1/../../../../arm-none-eabi/lib/thumb/v7e-m+fp/hard/libc_nano.a(libc_a-lock.o)
                0x20001f08                __lock___malloc_recursive_mutex
 .bss.__lock___sfp_recursive_mutex
                0x20001f09        0x1 /Applications/STM32CubeIDE.app/Contents/Eclipse/plugins/com.st.stm32cube.ide.mcu.externaltools.gnu-tools-for-stm32.13.3.rel1.macos64_1.0.0.202411102158/tools/bin/../lib/gcc/arm-none-eabi/13.3.1/../../../../arm-none-eabi/lib/thumb/v7e-m+fp/hard/libc_nano.a(libc_a-lock.o)
                0x20001f09                __lock___sfp_recursive_mutex
 *fill*         0x20001f0a        0x2 
 .bss.errno     0x20001f0c        0x4 /Applications/STM32CubeIDE.app/Contents/Eclipse/plugins/com.st.stm32cube.ide.mcu.externaltools.gnu-tools-for-stm32.13.3.rel1.macos64_1.0.0.202411102158/tools/bin/../lib/gcc/arm-none-eabi/13.3.1/../../../../arm-none-eabi/lib/thumb/v7e-m+fp/hard/libc_nano.a(libc_a-reent.o)
                0x20001f0c                errno
 .bss.__malloc_sbrk_start
                0x20001f10        0x4 /Applications/STM32CubeIDE.app/Contents/Eclipse/plugins/com.st.stm32cube.ide.mcu.externaltools.gnu-tools-for-stm32.13.3.rel1.macos64_1.0.0.202411102158/tools/bin/../lib/gcc/arm-none-eabi/13.3.1/../../../../arm-none-eabi/lib/thumb/v7e-m+fp/hard/libc_nano.a(libc_a-mallocr.o)
                0x20001f10                __malloc_sbrk_start
 .bss.__malloc_free_list
                0x20001f14        0x4 /Applications/STM32CubeIDE.app/Contents/Eclipse/plugins/com.st.stm32cube.ide.mcu.externaltools.gnu-tools-for-stm32.13.3.rel1.macos64_1.0.0.202411102158/tools/bin/../lib/gcc/arm-none-eabi/13.3.1/../../../../arm-none-eabi/lib/thumb/v7e-m+fp/hard/libc_nano.a(libc_a-mallocr.o)
                0x20001f14                __malloc_free_list
 *(COMMON)
                0x20001f18                        . = ALIGN (0x4)
                0x20001f18                        _ebss = .
                0x20001f18                        __bss_end__ = _ebss

._user_heap_stack
                0x20001f18      0xa00
                0x20001f18                        . = ALIGN (0x8)
                0x20001f18                        PROVIDE (end = .)
                [!provide]                        PROVIDE (_end = .)
                0x20002118                        . = (. + _Min_Heap_Size)
 *fill*         0x20001f18      0x200 
                0x20002918                        . = (. + _Min_Stack_Size)
 *fill*         0x20002118      0x800 
                0x20002918                        . = ALIGN (0x8)

/DISCARD/
 libc.a(*)
 libm.a(*)
 libgcc.a(*)

.ARM.attributes
                0x00000000       0x30
 *(.ARM.attributes)
 .ARM.attributes
                0x00000000       0x22 /Applications/STM32CubeIDE.app/Contents/Eclipse/plugins/com.st.stm32cube.ide.mcu.externaltools.gnu-tools-for-stm32.13.3.rel1.macos64_1.0.0.202411102158/tools/bin/../lib/gcc/arm-none-eabi/13.3.1/thumb/v7e-m+fp/hard/crti.o
 .ARM.attributes
                0x00000022       0x34 /Applications/STM32CubeIDE.app/Contents/Eclipse/plugins/com.st.stm32cube.ide.mcu.externaltools.gnu-tools-for-stm32.13.3.rel1.macos64_1.0.0.202411102158/tools/bin/../lib/gcc/arm-none-eabi/13.3.1/thumb/v7e-m+fp/hard/crtbegin.o
 .ARM.attributes
                0x00000056       0x34 ./Application/SFU_Services/sfu_app_new_image.o
 .ARM.attributes
                0x0000008a       0x21 ./Application/Startup/startup_stm32f411xe.o
 .ARM.attributes
                0x000000ab       0x20 ./Application/Startup/svc_handler.o
 .ARM.attributes
                0x000000cb       0x34 ./Application/User/com.o
 .ARM.attributes
                0x000000ff       0x34 ./Application/User/common.o
 .ARM.attributes
                0x00000133       0x34 ./Application/User/flash_if.o
 .ARM.attributes
                0x00000167       0x34 ./Application/User/fw_update_app.o
 .ARM.attributes
                0x0000019b       0x34 ./Application/User/main.o
 .ARM.attributes
                0x000001cf       0x34 ./Application/User/mpu.o
 .ARM.attributes
                0x00000203       0x34 ./Application/User/se_user_code.o
 .ARM.attributes
                0x00000237       0x34 ./Application/User/stm32f4xx_it.o
 .ARM.attributes
                0x0000026b       0x34 ./Application/User/syscalls.o
 .ARM.attributes
                0x0000029f       0x34 ./Application/User/test_protections.o
 .ARM.attributes
                0x000002d3       0x34 ./Application/User/ymodem.o
 .ARM.attributes
                0x00000307       0x34 ./Drivers/CMSIS/system_stm32f4xx.o
 .ARM.attributes
                0x0000033b       0x34 ./Drivers/STM32F4xx_HAL_Driver/stm32f4xx_hal.o
 .ARM.attributes
                0x0000036f       0x34 ./Drivers/STM32F4xx_HAL_Driver/stm32f4xx_hal_cortex.o
 .ARM.attributes
                0x000003a3       0x34 ./Drivers/STM32F4xx_HAL_Driver/stm32f4xx_hal_flash.o
 .ARM.attributes
                0x000003d7       0x34 ./Drivers/STM32F4xx_HAL_Driver/stm32f4xx_hal_flash_ex.o
 .ARM.attributes
                0x0000040b       0x34 ./Drivers/STM32F4xx_HAL_Driver/stm32f4xx_hal_gpio.o
 .ARM.attributes
                0x0000043f       0x34 ./Drivers/STM32F4xx_HAL_Driver/stm32f4xx_hal_rcc.o
 .ARM.attributes
                0x00000473       0x34 ./Drivers/STM32F4xx_HAL_Driver/stm32f4xx_hal_rcc_ex.o
 .ARM.attributes
                0x000004a7       0x34 ./Drivers/STM32F4xx_HAL_Driver/stm32f4xx_hal_rtc_ex.o
 .ARM.attributes
                0x000004db       0x34 ./Drivers/STM32F4xx_HAL_Driver/stm32f4xx_hal_uart.o
 .ARM.attributes
                0x0000050f       0x34 /Applications/STM32CubeIDE.app/Contents/Eclipse/plugins/com.st.stm32cube.ide.mcu.externaltools.gnu-tools-for-stm32.13.3.rel1.macos64_1.0.0.202411102158/tools/bin/../lib/gcc/arm-none-eabi/13.3.1/../../../../arm-none-eabi/lib/thumb/v7e-m+fp/hard/libc_nano.a(libc_a-setvbuf.o)
 .ARM.attributes
                0x00000543       0x34 /Applications/STM32CubeIDE.app/Contents/Eclipse/plugins/com.st.stm32cube.ide.mcu.externaltools.gnu-tools-for-stm32.13.3.rel1.macos64_1.0.0.202411102158/tools/bin/../lib/gcc/arm-none-eabi/13.3.1/../../../../arm-none-eabi/lib/thumb/v7e-m+fp/hard/libc_nano.a(libc_a-findfp.o)
 .ARM.attributes
                0x00000577       0x34 /Applications/STM32CubeIDE.app/Contents/Eclipse/plugins/com.st.stm32cube.ide.mcu.externaltools.gnu-tools-for-stm32.13.3.rel1.macos64_1.0.0.202411102158/tools/bin/../lib/gcc/arm-none-eabi/13.3.1/../../../../arm-none-eabi/lib/thumb/v7e-m+fp/hard/libc_nano.a(libc_a-fwalk.o)
 .ARM.attributes
                0x000005ab       0x34 /Applications/STM32CubeIDE.app/Contents/Eclipse/plugins/com.st.stm32cube.ide.mcu.externaltools.gnu-tools-for-stm32.13.3.rel1.macos64_1.0.0.202411102158/tools/bin/../lib/gcc/arm-none-eabi/13.3.1/../../../../arm-none-eabi/lib/thumb/v7e-m+fp/hard/libc_nano.a(libc_a-makebuf.o)
 .ARM.attributes
                0x000005df       0x34 /Applications/STM32CubeIDE.app/Contents/Eclipse/plugins/com.st.stm32cube.ide.mcu.externaltools.gnu-tools-for-stm32.13.3.rel1.macos64_1.0.0.202411102158/tools/bin/../lib/gcc/arm-none-eabi/13.3.1/../../../../arm-none-eabi/lib/thumb/v7e-m+fp/hard/libc_nano.a(libc_a-printf.o)
 .ARM.attributes
                0x00000613       0x34 /Applications/STM32CubeIDE.app/Contents/Eclipse/plugins/com.st.stm32cube.ide.mcu.externaltools.gnu-tools-for-stm32.13.3.rel1.macos64_1.0.0.202411102158/tools/bin/../lib/gcc/arm-none-eabi/13.3.1/../../../../arm-none-eabi/lib/thumb/v7e-m+fp/hard/libc_nano.a(libc_a-puts.o)
 .ARM.attributes
                0x00000647       0x34 /Applications/STM32CubeIDE.app/Contents/Eclipse/plugins/com.st.stm32cube.ide.mcu.externaltools.gnu-tools-for-stm32.13.3.rel1.macos64_1.0.0.202411102158/tools/bin/../lib/gcc/arm-none-eabi/13.3.1/../../../../arm-none-eabi/lib/thumb/v7e-m+fp/hard/libc_nano.a(libc_a-memset.o)
 .ARM.attributes
                0x0000067b       0x34 /Applications/STM32CubeIDE.app/Contents/Eclipse/plugins/com.st.stm32cube.ide.mcu.externaltools.gnu-tools-for-stm32.13.3.rel1.macos64_1.0.0.202411102158/tools/bin/../lib/gcc/arm-none-eabi/13.3.1/../../../../arm-none-eabi/lib/thumb/v7e-m+fp/hard/libc_nano.a(libc_a-isattyr.o)
 .ARM.attributes
                0x000006af       0x34 /Applications/STM32CubeIDE.app/Contents/Eclipse/plugins/com.st.stm32cube.ide.mcu.externaltools.gnu-tools-for-stm32.13.3.rel1.macos64_1.0.0.202411102158/tools/bin/../lib/gcc/arm-none-eabi/13.3.1/../../../../arm-none-eabi/lib/thumb/v7e-m+fp/hard/libc_nano.a(libc_a-errno.o)
 .ARM.attributes
                0x000006e3       0x34 /Applications/STM32CubeIDE.app/Contents/Eclipse/plugins/com.st.stm32cube.ide.mcu.externaltools.gnu-tools-for-stm32.13.3.rel1.macos64_1.0.0.202411102158/tools/bin/../lib/gcc/arm-none-eabi/13.3.1/../../../../arm-none-eabi/lib/thumb/v7e-m+fp/hard/libc_nano.a(libc_a-init.o)
 .ARM.attributes
                0x00000717       0x34 /Applications/STM32CubeIDE.app/Contents/Eclipse/plugins/com.st.stm32cube.ide.mcu.externaltools.gnu-tools-for-stm32.13.3.rel1.macos64_1.0.0.202411102158/tools/bin/../lib/gcc/arm-none-eabi/13.3.1/../../../../arm-none-eabi/lib/thumb/v7e-m+fp/hard/libc_nano.a(libc_a-lock.o)
 .ARM.attributes
                0x0000074b       0x34 /Applications/STM32CubeIDE.app/Contents/Eclipse/plugins/com.st.stm32cube.ide.mcu.externaltools.gnu-tools-for-stm32.13.3.rel1.macos64_1.0.0.202411102158/tools/bin/../lib/gcc/arm-none-eabi/13.3.1/../../../../arm-none-eabi/lib/thumb/v7e-m+fp/hard/libc_nano.a(libc_a-reent.o)
 .ARM.attributes
                0x0000077f       0x34 /Applications/STM32CubeIDE.app/Contents/Eclipse/plugins/com.st.stm32cube.ide.mcu.externaltools.gnu-tools-for-stm32.13.3.rel1.macos64_1.0.0.202411102158/tools/bin/../lib/gcc/arm-none-eabi/13.3.1/../../../../arm-none-eabi/lib/thumb/v7e-m+fp/hard/libc_nano.a(libc_a-impure.o)
 .ARM.attributes
                0x000007b3       0x34 /Applications/STM32CubeIDE.app/Contents/Eclipse/plugins/com.st.stm32cube.ide.mcu.externaltools.gnu-tools-for-stm32.13.3.rel1.macos64_1.0.0.202411102158/tools/bin/../lib/gcc/arm-none-eabi/13.3.1/../../../../arm-none-eabi/lib/thumb/v7e-m+fp/hard/libc_nano.a(libc_a-fstatr.o)
 .ARM.attributes
                0x000007e7       0x34 /Applications/STM32CubeIDE.app/Contents/Eclipse/plugins/com.st.stm32cube.ide.mcu.externaltools.gnu-tools-for-stm32.13.3.rel1.macos64_1.0.0.202411102158/tools/bin/../lib/gcc/arm-none-eabi/13.3.1/../../../../arm-none-eabi/lib/thumb/v7e-m+fp/hard/libc_nano.a(libc_a-memcpy-stub.o)
 .ARM.attributes
                0x0000081b       0x34 /Applications/STM32CubeIDE.app/Contents/Eclipse/plugins/com.st.stm32cube.ide.mcu.externaltools.gnu-tools-for-stm32.13.3.rel1.macos64_1.0.0.202411102158/tools/bin/../lib/gcc/arm-none-eabi/13.3.1/../../../../arm-none-eabi/lib/thumb/v7e-m+fp/hard/libc_nano.a(libc_a-freer.o)
 .ARM.attributes
                0x0000084f       0x34 /Applications/STM32CubeIDE.app/Contents/Eclipse/plugins/com.st.stm32cube.ide.mcu.externaltools.gnu-tools-for-stm32.13.3.rel1.macos64_1.0.0.202411102158/tools/bin/../lib/gcc/arm-none-eabi/13.3.1/../../../../arm-none-eabi/lib/thumb/v7e-m+fp/hard/libc_nano.a(libc_a-nano-vfprintf.o)
 .ARM.attributes
                0x00000883       0x34 /Applications/STM32CubeIDE.app/Contents/Eclipse/plugins/com.st.stm32cube.ide.mcu.externaltools.gnu-tools-for-stm32.13.3.rel1.macos64_1.0.0.202411102158/tools/bin/../lib/gcc/arm-none-eabi/13.3.1/../../../../arm-none-eabi/lib/thumb/v7e-m+fp/hard/libc_nano.a(libc_a-malloc.o)
 .ARM.attributes
                0x000008b7       0x34 /Applications/STM32CubeIDE.app/Contents/Eclipse/plugins/com.st.stm32cube.ide.mcu.externaltools.gnu-tools-for-stm32.13.3.rel1.macos64_1.0.0.202411102158/tools/bin/../lib/gcc/arm-none-eabi/13.3.1/../../../../arm-none-eabi/lib/thumb/v7e-m+fp/hard/libc_nano.a(libc_a-mallocr.o)
 .ARM.attributes
                0x000008eb       0x34 /Applications/STM32CubeIDE.app/Contents/Eclipse/plugins/com.st.stm32cube.ide.mcu.externaltools.gnu-tools-for-stm32.13.3.rel1.macos64_1.0.0.202411102158/tools/bin/../lib/gcc/arm-none-eabi/13.3.1/../../../../arm-none-eabi/lib/thumb/v7e-m+fp/hard/libc_nano.a(libc_a-nano-vfprintf_i.o)
 .ARM.attributes
                0x0000091f       0x34 /Applications/STM32CubeIDE.app/Contents/Eclipse/plugins/com.st.stm32cube.ide.mcu.externaltools.gnu-tools-for-stm32.13.3.rel1.macos64_1.0.0.202411102158/tools/bin/../lib/gcc/arm-none-eabi/13.3.1/../../../../arm-none-eabi/lib/thumb/v7e-m+fp/hard/libc_nano.a(libc_a-fflush.o)
 .ARM.attributes
                0x00000953       0x34 /Applications/STM32CubeIDE.app/Contents/Eclipse/plugins/com.st.stm32cube.ide.mcu.externaltools.gnu-tools-for-stm32.13.3.rel1.macos64_1.0.0.202411102158/tools/bin/../lib/gcc/arm-none-eabi/13.3.1/../../../../arm-none-eabi/lib/thumb/v7e-m+fp/hard/libc_nano.a(libc_a-mlock.o)
 .ARM.attributes
                0x00000987       0x34 /Applications/STM32CubeIDE.app/Contents/Eclipse/plugins/com.st.stm32cube.ide.mcu.externaltools.gnu-tools-for-stm32.13.3.rel1.macos64_1.0.0.202411102158/tools/bin/../lib/gcc/arm-none-eabi/13.3.1/../../../../arm-none-eabi/lib/thumb/v7e-m+fp/hard/libc_nano.a(libc_a-stdio.o)
 .ARM.attributes
                0x000009bb       0x34 /Applications/STM32CubeIDE.app/Contents/Eclipse/plugins/com.st.stm32cube.ide.mcu.externaltools.gnu-tools-for-stm32.13.3.rel1.macos64_1.0.0.202411102158/tools/bin/../lib/gcc/arm-none-eabi/13.3.1/../../../../arm-none-eabi/lib/thumb/v7e-m+fp/hard/libc_nano.a(libc_a-wbuf.o)
 .ARM.attributes
                0x000009ef       0x34 /Applications/STM32CubeIDE.app/Contents/Eclipse/plugins/com.st.stm32cube.ide.mcu.externaltools.gnu-tools-for-stm32.13.3.rel1.macos64_1.0.0.202411102158/tools/bin/../lib/gcc/arm-none-eabi/13.3.1/../../../../arm-none-eabi/lib/thumb/v7e-m+fp/hard/libc_nano.a(libc_a-wsetup.o)
 .ARM.attributes
                0x00000a23       0x34 /Applications/STM32CubeIDE.app/Contents/Eclipse/plugins/com.st.stm32cube.ide.mcu.externaltools.gnu-tools-for-stm32.13.3.rel1.macos64_1.0.0.202411102158/tools/bin/../lib/gcc/arm-none-eabi/13.3.1/../../../../arm-none-eabi/lib/thumb/v7e-m+fp/hard/libc_nano.a(libc_a-lseekr.o)
 .ARM.attributes
                0x00000a57       0x34 /Applications/STM32CubeIDE.app/Contents/Eclipse/plugins/com.st.stm32cube.ide.mcu.externaltools.gnu-tools-for-stm32.13.3.rel1.macos64_1.0.0.202411102158/tools/bin/../lib/gcc/arm-none-eabi/13.3.1/../../../../arm-none-eabi/lib/thumb/v7e-m+fp/hard/libc_nano.a(libc_a-readr.o)
 .ARM.attributes
                0x00000a8b       0x34 /Applications/STM32CubeIDE.app/Contents/Eclipse/plugins/com.st.stm32cube.ide.mcu.externaltools.gnu-tools-for-stm32.13.3.rel1.macos64_1.0.0.202411102158/tools/bin/../lib/gcc/arm-none-eabi/13.3.1/../../../../arm-none-eabi/lib/thumb/v7e-m+fp/hard/libc_nano.a(libc_a-sbrkr.o)
 .ARM.attributes
                0x00000abf       0x34 /Applications/STM32CubeIDE.app/Contents/Eclipse/plugins/com.st.stm32cube.ide.mcu.externaltools.gnu-tools-for-stm32.13.3.rel1.macos64_1.0.0.202411102158/tools/bin/../lib/gcc/arm-none-eabi/13.3.1/../../../../arm-none-eabi/lib/thumb/v7e-m+fp/hard/libc_nano.a(libc_a-writer.o)
 .ARM.attributes
                0x00000af3       0x34 /Applications/STM32CubeIDE.app/Contents/Eclipse/plugins/com.st.stm32cube.ide.mcu.externaltools.gnu-tools-for-stm32.13.3.rel1.macos64_1.0.0.202411102158/tools/bin/../lib/gcc/arm-none-eabi/13.3.1/../../../../arm-none-eabi/lib/thumb/v7e-m+fp/hard/libc_nano.a(libc_a-closer.o)
 .ARM.attributes
                0x00000b27       0x1c /Applications/STM32CubeIDE.app/Contents/Eclipse/plugins/com.st.stm32cube.ide.mcu.externaltools.gnu-tools-for-stm32.13.3.rel1.macos64_1.0.0.202411102158/tools/bin/../lib/gcc/arm-none-eabi/13.3.1/../../../../arm-none-eabi/lib/thumb/v7e-m+fp/hard/libc_nano.a(libc_a-memchr.o)
 .ARM.attributes
                0x00000b43       0x22 /Applications/STM32CubeIDE.app/Contents/Eclipse/plugins/com.st.stm32cube.ide.mcu.externaltools.gnu-tools-for-stm32.13.3.rel1.macos64_1.0.0.202411102158/tools/bin/../lib/gcc/arm-none-eabi/13.3.1/thumb/v7e-m+fp/hard/libgcc.a(_aeabi_uldivmod.o)
 .ARM.attributes
                0x00000b65       0x34 /Applications/STM32CubeIDE.app/Contents/Eclipse/plugins/com.st.stm32cube.ide.mcu.externaltools.gnu-tools-for-stm32.13.3.rel1.macos64_1.0.0.202411102158/tools/bin/../lib/gcc/arm-none-eabi/13.3.1/thumb/v7e-m+fp/hard/libgcc.a(_udivmoddi4.o)
 .ARM.attributes
                0x00000b99       0x22 /Applications/STM32CubeIDE.app/Contents/Eclipse/plugins/com.st.stm32cube.ide.mcu.externaltools.gnu-tools-for-stm32.13.3.rel1.macos64_1.0.0.202411102158/tools/bin/../lib/gcc/arm-none-eabi/13.3.1/thumb/v7e-m+fp/hard/libgcc.a(_dvmd_tls.o)
 .ARM.attributes
                0x00000bbb       0x22 /Applications/STM32CubeIDE.app/Contents/Eclipse/plugins/com.st.stm32cube.ide.mcu.externaltools.gnu-tools-for-stm32.13.3.rel1.macos64_1.0.0.202411102158/tools/bin/../lib/gcc/arm-none-eabi/13.3.1/thumb/v7e-m+fp/hard/crtn.o
OUTPUT(UserApp.elf elf32-littlearm)
LOAD linker stubs
LOAD /Applications/STM32CubeIDE.app/Contents/Eclipse/plugins/com.st.stm32cube.ide.mcu.externaltools.gnu-tools-for-stm32.13.3.rel1.macos64_1.0.0.202411102158/tools/bin/../lib/gcc/arm-none-eabi/13.3.1/../../../../arm-none-eabi/lib/thumb/v7e-m+fp/hard/libc.a
LOAD /Applications/STM32CubeIDE.app/Contents/Eclipse/plugins/com.st.stm32cube.ide.mcu.externaltools.gnu-tools-for-stm32.13.3.rel1.macos64_1.0.0.202411102158/tools/bin/../lib/gcc/arm-none-eabi/13.3.1/../../../../arm-none-eabi/lib/thumb/v7e-m+fp/hard/libm.a
LOAD /Applications/STM32CubeIDE.app/Contents/Eclipse/plugins/com.st.stm32cube.ide.mcu.externaltools.gnu-tools-for-stm32.13.3.rel1.macos64_1.0.0.202411102158/tools/bin/../lib/gcc/arm-none-eabi/13.3.1/thumb/v7e-m+fp/hard/libgcc.a

.debug_info     0x00000000    0x105be
 .debug_info    0x00000000      0x289 ./Application/SFU_Services/sfu_app_new_image.o
 .debug_info    0x00000289       0x30 ./Application/Startup/startup_stm32f411xe.o
 .debug_info    0x000002b9       0x24 ./Application/Startup/svc_handler.o
 .debug_info    0x000002dd     0x13bb ./Application/User/com.o
 .debug_info    0x00001698      0x1db ./Application/User/common.o
 .debug_info    0x00001873      0x8d6 ./Application/User/flash_if.o
 .debug_info    0x00002149      0xa22 ./Application/User/fw_update_app.o
 .debug_info    0x00002b6b      0xc0b ./Application/User/main.o
 .debug_info    0x00003776      0x36b ./Application/User/mpu.o
 .debug_info    0x00003ae1      0x49e ./Application/User/se_user_code.o
 .debug_info    0x00003f7f      0x4db ./Application/User/stm32f4xx_it.o
 .debug_info    0x0000445a      0x83d ./Application/User/syscalls.o
 .debug_info    0x00004c97      0xee3 ./Application/User/test_protections.o
 .debug_info    0x00005b7a      0x846 ./Application/User/ymodem.o
 .debug_info    0x000063c0      0x574 ./Drivers/CMSIS/system_stm32f4xx.o
 .debug_info    0x00006934      0xaa2 ./Drivers/STM32F4xx_HAL_Driver/stm32f4xx_hal.o
 .debug_info    0x000073d6     0x1051 ./Drivers/STM32F4xx_HAL_Driver/stm32f4xx_hal_cortex.o
 .debug_info    0x00008427      0x72b ./Drivers/STM32F4xx_HAL_Driver/stm32f4xx_hal_flash.o
 .debug_info    0x00008b52      0xa96 ./Drivers/STM32F4xx_HAL_Driver/stm32f4xx_hal_flash_ex.o
 .debug_info    0x000095e8      0x772 ./Drivers/STM32F4xx_HAL_Driver/stm32f4xx_hal_gpio.o
 .debug_info    0x00009d5a      0xb22 ./Drivers/STM32F4xx_HAL_Driver/stm32f4xx_hal_rcc.o
 .debug_info    0x0000a87c      0xa53 ./Drivers/STM32F4xx_HAL_Driver/stm32f4xx_hal_rcc_ex.o
 .debug_info    0x0000b2cf     0x1165 ./Drivers/STM32F4xx_HAL_Driver/stm32f4xx_hal_rtc_ex.o
 .debug_info    0x0000c434     0x418a ./Drivers/STM32F4xx_HAL_Driver/stm32f4xx_hal_uart.o

.debug_abbrev   0x00000000     0x39e2
 .debug_abbrev  0x00000000      0x1b7 ./Application/SFU_Services/sfu_app_new_image.o
 .debug_abbrev  0x000001b7       0x24 ./Application/Startup/startup_stm32f411xe.o
 .debug_abbrev  0x000001db       0x14 ./Application/Startup/svc_handler.o
 .debug_abbrev  0x000001ef      0x2f9 ./Application/User/com.o
 .debug_abbrev  0x000004e8       0xeb ./Application/User/common.o
 .debug_abbrev  0x000005d3      0x370 ./Application/User/flash_if.o
 .debug_abbrev  0x00000943      0x350 ./Application/User/fw_update_app.o
 .debug_abbrev  0x00000c93      0x2e8 ./Application/User/main.o
 .debug_abbrev  0x00000f7b      0x1f3 ./Application/User/mpu.o
 .debug_abbrev  0x0000116e      0x23f ./Application/User/se_user_code.o
 .debug_abbrev  0x000013ad      0x1b3 ./Application/User/stm32f4xx_it.o
 .debug_abbrev  0x00001560      0x22c ./Application/User/syscalls.o
 .debug_abbrev  0x0000178c      0x3c2 ./Application/User/test_protections.o
 .debug_abbrev  0x00001b4e      0x2ed ./Application/User/ymodem.o
 .debug_abbrev  0x00001e3b      0x126 ./Drivers/CMSIS/system_stm32f4xx.o
 .debug_abbrev  0x00001f61      0x285 ./Drivers/STM32F4xx_HAL_Driver/stm32f4xx_hal.o
 .debug_abbrev  0x000021e6      0x386 ./Drivers/STM32F4xx_HAL_Driver/stm32f4xx_hal_cortex.o
 .debug_abbrev  0x0000256c      0x322 ./Drivers/STM32F4xx_HAL_Driver/stm32f4xx_hal_flash.o
 .debug_abbrev  0x0000288e      0x32c ./Drivers/STM32F4xx_HAL_Driver/stm32f4xx_hal_flash_ex.o
 .debug_abbrev  0x00002bba      0x20b ./Drivers/STM32F4xx_HAL_Driver/stm32f4xx_hal_gpio.o
 .debug_abbrev  0x00002dc5      0x34f ./Drivers/STM32F4xx_HAL_Driver/stm32f4xx_hal_rcc.o
 .debug_abbrev  0x00003114      0x20c ./Drivers/STM32F4xx_HAL_Driver/stm32f4xx_hal_rcc_ex.o
 .debug_abbrev  0x00003320      0x278 ./Drivers/STM32F4xx_HAL_Driver/stm32f4xx_hal_rtc_ex.o
 .debug_abbrev  0x00003598      0x44a ./Drivers/STM32F4xx_HAL_Driver/stm32f4xx_hal_uart.o

.debug_loclists
                0x00000000     0x5c09
 .debug_loclists
                0x00000000       0x5e ./Application/SFU_Services/sfu_app_new_image.o
 .debug_loclists
                0x0000005e      0x175 ./Application/User/com.o
 .debug_loclists
                0x000001d3      0x116 ./Application/User/common.o
 .debug_loclists
                0x000002e9      0x4c7 ./Application/User/flash_if.o
 .debug_loclists
                0x000007b0      0x1bb ./Application/User/fw_update_app.o
 .debug_loclists
                0x0000096b       0x41 ./Application/User/main.o
 .debug_loclists
                0x000009ac       0xd9 ./Application/User/mpu.o
 .debug_loclists
                0x00000a85       0x73 ./Application/User/se_user_code.o
 .debug_loclists
                0x00000af8      0x36d ./Application/User/syscalls.o
 .debug_loclists
                0x00000e65      0x114 ./Application/User/test_protections.o
 .debug_loclists
                0x00000f79      0x4c8 ./Application/User/ymodem.o
 .debug_loclists
                0x00001441       0xc4 ./Drivers/CMSIS/system_stm32f4xx.o
 .debug_loclists
                0x00001505       0xd5 ./Drivers/STM32F4xx_HAL_Driver/stm32f4xx_hal.o
 .debug_loclists
                0x000015da      0x410 ./Drivers/STM32F4xx_HAL_Driver/stm32f4xx_hal_cortex.o
 .debug_loclists
                0x000019ea      0x1f1 ./Drivers/STM32F4xx_HAL_Driver/stm32f4xx_hal_flash.o
 .debug_loclists
                0x00001bdb      0x369 ./Drivers/STM32F4xx_HAL_Driver/stm32f4xx_hal_flash_ex.o
 .debug_loclists
                0x00001f44      0x297 ./Drivers/STM32F4xx_HAL_Driver/stm32f4xx_hal_gpio.o
 .debug_loclists
                0x000021db      0x31a ./Drivers/STM32F4xx_HAL_Driver/stm32f4xx_hal_rcc.o
 .debug_loclists
                0x000024f5      0x535 ./Drivers/STM32F4xx_HAL_Driver/stm32f4xx_hal_rcc_ex.o
 .debug_loclists
                0x00002a2a      0x865 ./Drivers/STM32F4xx_HAL_Driver/stm32f4xx_hal_rtc_ex.o
 .debug_loclists
                0x0000328f     0x297a ./Drivers/STM32F4xx_HAL_Driver/stm32f4xx_hal_uart.o

.debug_aranges  0x00000000      0xb00
 .debug_aranges
                0x00000000       0x28 ./Application/SFU_Services/sfu_app_new_image.o
 .debug_aranges
                0x00000028       0x28 ./Application/Startup/startup_stm32f411xe.o
 .debug_aranges
                0x00000050       0x20 ./Application/Startup/svc_handler.o
 .debug_aranges
                0x00000070       0x68 ./Application/User/com.o
 .debug_aranges
                0x000000d8       0x28 ./Application/User/common.o
 .debug_aranges
                0x00000100       0x80 ./Application/User/flash_if.o
 .debug_aranges
                0x00000180       0x40 ./Application/User/fw_update_app.o
 .debug_aranges
                0x000001c0       0x30 ./Application/User/main.o
 .debug_aranges
                0x000001f0       0x40 ./Application/User/mpu.o
 .debug_aranges
                0x00000230       0x28 ./Application/User/se_user_code.o
 .debug_aranges
                0x00000258       0x68 ./Application/User/stm32f4xx_it.o
 .debug_aranges
                0x000002c0       0xb0 ./Application/User/syscalls.o
 .debug_aranges
                0x00000370       0x38 ./Application/User/test_protections.o
 .debug_aranges
                0x000003a8       0x28 ./Application/User/ymodem.o
 .debug_aranges
                0x000003d0       0x28 ./Drivers/CMSIS/system_stm32f4xx.o
 .debug_aranges
                0x000003f8       0xf0 ./Drivers/STM32F4xx_HAL_Driver/stm32f4xx_hal.o
 .debug_aranges
                0x000004e8       0xc0 ./Drivers/STM32F4xx_HAL_Driver/stm32f4xx_hal_cortex.o
 .debug_aranges
                0x000005a8       0x98 ./Drivers/STM32F4xx_HAL_Driver/stm32f4xx_hal_flash.o
 .debug_aranges
                0x00000640       0x70 ./Drivers/STM32F4xx_HAL_Driver/stm32f4xx_hal_flash_ex.o
 .debug_aranges
                0x000006b0       0x58 ./Drivers/STM32F4xx_HAL_Driver/stm32f4xx_hal_gpio.o
 .debug_aranges
                0x00000708       0x88 ./Drivers/STM32F4xx_HAL_Driver/stm32f4xx_hal_rcc.o
 .debug_aranges
                0x00000790       0x60 ./Drivers/STM32F4xx_HAL_Driver/stm32f4xx_hal_rcc_ex.o
 .debug_aranges
                0x000007f0      0x120 ./Drivers/STM32F4xx_HAL_Driver/stm32f4xx_hal_rtc_ex.o
 .debug_aranges
                0x00000910      0x1f0 ./Drivers/STM32F4xx_HAL_Driver/stm32f4xx_hal_uart.o

.debug_rnglists
                0x00000000      0xa36
 .debug_rnglists
                0x00000000       0x19 ./Application/SFU_Services/sfu_app_new_image.o
 .debug_rnglists
                0x00000019       0x19 ./Application/Startup/startup_stm32f411xe.o
 .debug_rnglists
                0x00000032       0x62 ./Application/User/com.o
 .debug_rnglists
                0x00000094       0x1a ./Application/User/common.o
 .debug_rnglists
                0x000000ae       0x74 ./Application/User/flash_if.o
 .debug_rnglists
                0x00000122       0x46 ./Application/User/fw_update_app.o
 .debug_rnglists
                0x00000168       0x5d ./Application/User/main.o
 .debug_rnglists
                0x000001c5       0x37 ./Application/User/mpu.o
 .debug_rnglists
                0x000001fc       0x2a ./Application/User/se_user_code.o
 .debug_rnglists
                0x00000226       0x49 ./Application/User/stm32f4xx_it.o
 .debug_rnglists
                0x0000026f       0x8b ./Application/User/syscalls.o
 .debug_rnglists
                0x000002fa       0x5c ./Application/User/test_protections.o
 .debug_rnglists
                0x00000356       0x4d ./Application/User/ymodem.o
 .debug_rnglists
                0x000003a3       0x19 ./Drivers/CMSIS/system_stm32f4xx.o
 .debug_rnglists
                0x000003bc       0xaf ./Drivers/STM32F4xx_HAL_Driver/stm32f4xx_hal.o
 .debug_rnglists
                0x0000046b       0xf4 ./Drivers/STM32F4xx_HAL_Driver/stm32f4xx_hal_cortex.o
 .debug_rnglists
                0x0000055f       0x88 ./Drivers/STM32F4xx_HAL_Driver/stm32f4xx_hal_flash.o
 .debug_rnglists
                0x000005e7       0x9c ./Drivers/STM32F4xx_HAL_Driver/stm32f4xx_hal_flash_ex.o
 .debug_rnglists
                0x00000683       0x52 ./Drivers/STM32F4xx_HAL_Driver/stm32f4xx_hal_gpio.o
 .debug_rnglists
                0x000006d5       0x80 ./Drivers/STM32F4xx_HAL_Driver/stm32f4xx_hal_rcc.o
 .debug_rnglists
                0x00000755       0x55 ./Drivers/STM32F4xx_HAL_Driver/stm32f4xx_hal_rcc_ex.o
 .debug_rnglists
                0x000007aa       0xd8 ./Drivers/STM32F4xx_HAL_Driver/stm32f4xx_hal_rtc_ex.o
 .debug_rnglists
                0x00000882      0x1b4 ./Drivers/STM32F4xx_HAL_Driver/stm32f4xx_hal_uart.o

.debug_macro    0x00000000    0x252a5
 .debug_macro   0x00000000      0x3bb ./Application/SFU_Services/sfu_app_new_image.o
 .debug_macro   0x000003bb      0xade ./Application/SFU_Services/sfu_app_new_image.o
 .debug_macro   0x00000e99      0x2dc ./Application/SFU_Services/sfu_app_new_image.o
 .debug_macro   0x00001175       0x2e ./Application/SFU_Services/sfu_app_new_image.o
 .debug_macro   0x000011a3       0x28 ./Application/SFU_Services/sfu_app_new_image.o
 .debug_macro   0x000011cb       0x22 ./Application/SFU_Services/sfu_app_new_image.o
 .debug_macro   0x000011ed       0x8e ./Application/SFU_Services/sfu_app_new_image.o
 .debug_macro   0x0000127b       0x51 ./Application/SFU_Services/sfu_app_new_image.o
 .debug_macro   0x000012cc      0x103 ./Application/SFU_Services/sfu_app_new_image.o
 .debug_macro   0x000013cf       0x6a ./Application/SFU_Services/sfu_app_new_image.o
 .debug_macro   0x00001439      0x1df ./Application/SFU_Services/sfu_app_new_image.o
 .debug_macro   0x00001618       0x1c ./Application/SFU_Services/sfu_app_new_image.o
 .debug_macro   0x00001634       0x22 ./Application/SFU_Services/sfu_app_new_image.o
 .debug_macro   0x00001656       0xfb ./Application/SFU_Services/sfu_app_new_image.o
 .debug_macro   0x00001751     0x1011 ./Application/SFU_Services/sfu_app_new_image.o
 .debug_macro   0x00002762      0x11f ./Application/SFU_Services/sfu_app_new_image.o
 .debug_macro   0x00002881    0x15aa0 ./Application/SFU_Services/sfu_app_new_image.o
 .debug_macro   0x00018321       0x6d ./Application/SFU_Services/sfu_app_new_image.o
 .debug_macro   0x0001838e     0x3693 ./Application/SFU_Services/sfu_app_new_image.o
 .debug_macro   0x0001ba21      0x190 ./Application/SFU_Services/sfu_app_new_image.o
 .debug_macro   0x0001bbb1       0x5c ./Application/SFU_Services/sfu_app_new_image.o
 .debug_macro   0x0001bc0d      0xcf2 ./Application/SFU_Services/sfu_app_new_image.o
 .debug_macro   0x0001c8ff      0x9e9 ./Application/SFU_Services/sfu_app_new_image.o
 .debug_macro   0x0001d2e8      0x115 ./Application/SFU_Services/sfu_app_new_image.o
 .debug_macro   0x0001d3fd      0x202 ./Application/SFU_Services/sfu_app_new_image.o