ARM GAS  /tmp/ccvRgEsK.s 			page 1


   1              		.cpu cortex-m0plus
   2              		.arch armv6s-m
   3              		.fpu softvfp
   4              		.eabi_attribute 20, 1
   5              		.eabi_attribute 21, 1
   6              		.eabi_attribute 23, 3
   7              		.eabi_attribute 24, 1
   8              		.eabi_attribute 25, 1
   9              		.eabi_attribute 26, 1
  10              		.eabi_attribute 30, 4
  11              		.eabi_attribute 34, 0
  12              		.eabi_attribute 18, 4
  13              		.file	"se_crypto_common.c"
  14              		.text
  15              	.Ltext0:
  16              		.cfi_sections	.debug_frame
  17              		.file 1 "../../../../..//Middlewares/ST/STM32_Secure_Engine/Core/se_crypto_common.c"
  18              		.section	.text.SE_CRYPTO_AES_GCM_Encrypt_Init,"ax",%progbits
  19              		.align	1
  20              		.global	SE_CRYPTO_AES_GCM_Encrypt_Init
  21              		.syntax unified
  22              		.code	16
  23              		.thumb_func
  25              	SE_CRYPTO_AES_GCM_Encrypt_Init:
  26              	.LVL0:
  27              	.LFB0:
   1:../../../../..//Middlewares/ST/STM32_Secure_Engine/Core/se_crypto_common.c **** /**
   2:../../../../..//Middlewares/ST/STM32_Secure_Engine/Core/se_crypto_common.c ****   ******************************************************************************
   3:../../../../..//Middlewares/ST/STM32_Secure_Engine/Core/se_crypto_common.c ****   * @file    se_crypto_common.c
   4:../../../../..//Middlewares/ST/STM32_Secure_Engine/Core/se_crypto_common.c ****   * @author  MCD Application Team
   5:../../../../..//Middlewares/ST/STM32_Secure_Engine/Core/se_crypto_common.c ****   * @brief   Secure Engine CRYPTO module.
   6:../../../../..//Middlewares/ST/STM32_Secure_Engine/Core/se_crypto_common.c ****   *          This file provides set of firmware functions to manage SE Crypto
   7:../../../../..//Middlewares/ST/STM32_Secure_Engine/Core/se_crypto_common.c ****   *          functionalities.
   8:../../../../..//Middlewares/ST/STM32_Secure_Engine/Core/se_crypto_common.c ****   *          These functions are some common code for the functions used by the
   9:../../../../..//Middlewares/ST/STM32_Secure_Engine/Core/se_crypto_common.c ****   *          bootloader and the application.
  10:../../../../..//Middlewares/ST/STM32_Secure_Engine/Core/se_crypto_common.c ****   ******************************************************************************
  11:../../../../..//Middlewares/ST/STM32_Secure_Engine/Core/se_crypto_common.c ****   * @attention
  12:../../../../..//Middlewares/ST/STM32_Secure_Engine/Core/se_crypto_common.c ****   *
  13:../../../../..//Middlewares/ST/STM32_Secure_Engine/Core/se_crypto_common.c ****   * Copyright (c) 2017 STMicroelectronics.
  14:../../../../..//Middlewares/ST/STM32_Secure_Engine/Core/se_crypto_common.c ****   * All rights reserved.
  15:../../../../..//Middlewares/ST/STM32_Secure_Engine/Core/se_crypto_common.c ****   *
  16:../../../../..//Middlewares/ST/STM32_Secure_Engine/Core/se_crypto_common.c ****   * This software is licensed under terms that can be found in the LICENSE file in
  17:../../../../..//Middlewares/ST/STM32_Secure_Engine/Core/se_crypto_common.c ****   * the root directory of this software component.
  18:../../../../..//Middlewares/ST/STM32_Secure_Engine/Core/se_crypto_common.c ****   * If no LICENSE file comes with this software, it is provided AS-IS.
  19:../../../../..//Middlewares/ST/STM32_Secure_Engine/Core/se_crypto_common.c ****   *
  20:../../../../..//Middlewares/ST/STM32_Secure_Engine/Core/se_crypto_common.c ****   ******************************************************************************
  21:../../../../..//Middlewares/ST/STM32_Secure_Engine/Core/se_crypto_common.c ****   */
  22:../../../../..//Middlewares/ST/STM32_Secure_Engine/Core/se_crypto_common.c **** 
  23:../../../../..//Middlewares/ST/STM32_Secure_Engine/Core/se_crypto_common.c **** /* Includes ------------------------------------------------------------------ */
  24:../../../../..//Middlewares/ST/STM32_Secure_Engine/Core/se_crypto_common.c **** #include "se_crypto_common.h"
  25:../../../../..//Middlewares/ST/STM32_Secure_Engine/Core/se_crypto_common.c **** #include "crypto.h"
  26:../../../../..//Middlewares/ST/STM32_Secure_Engine/Core/se_crypto_common.c **** 
  27:../../../../..//Middlewares/ST/STM32_Secure_Engine/Core/se_crypto_common.c **** /** @addtogroup SE Secure Engine
  28:../../../../..//Middlewares/ST/STM32_Secure_Engine/Core/se_crypto_common.c ****   * @{
  29:../../../../..//Middlewares/ST/STM32_Secure_Engine/Core/se_crypto_common.c ****   */
  30:../../../../..//Middlewares/ST/STM32_Secure_Engine/Core/se_crypto_common.c **** 
  31:../../../../..//Middlewares/ST/STM32_Secure_Engine/Core/se_crypto_common.c **** /** @addtogroup SE_CORE SE Core
ARM GAS  /tmp/ccvRgEsK.s 			page 2


  32:../../../../..//Middlewares/ST/STM32_Secure_Engine/Core/se_crypto_common.c ****   * @{
  33:../../../../..//Middlewares/ST/STM32_Secure_Engine/Core/se_crypto_common.c ****   */
  34:../../../../..//Middlewares/ST/STM32_Secure_Engine/Core/se_crypto_common.c **** 
  35:../../../../..//Middlewares/ST/STM32_Secure_Engine/Core/se_crypto_common.c **** /** @addtogroup  SE_CRYPTO SE Crypto
  36:../../../../..//Middlewares/ST/STM32_Secure_Engine/Core/se_crypto_common.c ****   * @{
  37:../../../../..//Middlewares/ST/STM32_Secure_Engine/Core/se_crypto_common.c ****   */
  38:../../../../..//Middlewares/ST/STM32_Secure_Engine/Core/se_crypto_common.c **** 
  39:../../../../..//Middlewares/ST/STM32_Secure_Engine/Core/se_crypto_common.c **** /** @defgroup SE_CRYPTO_COMMON SE Common Crypto elements
  40:../../../../..//Middlewares/ST/STM32_Secure_Engine/Core/se_crypto_common.c ****   * @brief Common Crypto items for the functions used by the bootloader and the application.
  41:../../../../..//Middlewares/ST/STM32_Secure_Engine/Core/se_crypto_common.c ****   * @{
  42:../../../../..//Middlewares/ST/STM32_Secure_Engine/Core/se_crypto_common.c ****   */
  43:../../../../..//Middlewares/ST/STM32_Secure_Engine/Core/se_crypto_common.c **** 
  44:../../../../..//Middlewares/ST/STM32_Secure_Engine/Core/se_crypto_common.c **** /** @defgroup SE_CRYPTO_COMMON_Exported_Variables Exported Variables
  45:../../../../..//Middlewares/ST/STM32_Secure_Engine/Core/se_crypto_common.c ****   * @{
  46:../../../../..//Middlewares/ST/STM32_Secure_Engine/Core/se_crypto_common.c ****   */
  47:../../../../..//Middlewares/ST/STM32_Secure_Engine/Core/se_crypto_common.c **** 
  48:../../../../..//Middlewares/ST/STM32_Secure_Engine/Core/se_crypto_common.c **** /** @defgroup SE_CRYPTO_COMMON_Exported_Variables_AES_GCM AES GCM Exported Variables
  49:../../../../..//Middlewares/ST/STM32_Secure_Engine/Core/se_crypto_common.c ****   * @brief Private variables used for AES GCM symmetric crypto
  50:../../../../..//Middlewares/ST/STM32_Secure_Engine/Core/se_crypto_common.c ****   * @{
  51:../../../../..//Middlewares/ST/STM32_Secure_Engine/Core/se_crypto_common.c ****   */
  52:../../../../..//Middlewares/ST/STM32_Secure_Engine/Core/se_crypto_common.c **** AESGCMctx_stt m_xSE_AESGCMCtx; /*!< Variable used to store the AES128 context */
  53:../../../../..//Middlewares/ST/STM32_Secure_Engine/Core/se_crypto_common.c **** 
  54:../../../../..//Middlewares/ST/STM32_Secure_Engine/Core/se_crypto_common.c **** /**
  55:../../../../..//Middlewares/ST/STM32_Secure_Engine/Core/se_crypto_common.c ****   * @}
  56:../../../../..//Middlewares/ST/STM32_Secure_Engine/Core/se_crypto_common.c ****   */
  57:../../../../..//Middlewares/ST/STM32_Secure_Engine/Core/se_crypto_common.c **** 
  58:../../../../..//Middlewares/ST/STM32_Secure_Engine/Core/se_crypto_common.c **** /**
  59:../../../../..//Middlewares/ST/STM32_Secure_Engine/Core/se_crypto_common.c ****   * @}
  60:../../../../..//Middlewares/ST/STM32_Secure_Engine/Core/se_crypto_common.c ****   */
  61:../../../../..//Middlewares/ST/STM32_Secure_Engine/Core/se_crypto_common.c **** 
  62:../../../../..//Middlewares/ST/STM32_Secure_Engine/Core/se_crypto_common.c **** /** @defgroup SE_CRYPTO_COMMON_Exported_Functions Exported Functions
  63:../../../../..//Middlewares/ST/STM32_Secure_Engine/Core/se_crypto_common.c ****   * @brief Common crypto functions (helpers) to be used by the bootloader and the user application 
  64:../../../../..//Middlewares/ST/STM32_Secure_Engine/Core/se_crypto_common.c ****   *   This aims at factorizing the crypto code (core code with crypto-dependent APIs).
  65:../../../../..//Middlewares/ST/STM32_Secure_Engine/Core/se_crypto_common.c ****   * @{
  66:../../../../..//Middlewares/ST/STM32_Secure_Engine/Core/se_crypto_common.c ****   */
  67:../../../../..//Middlewares/ST/STM32_Secure_Engine/Core/se_crypto_common.c **** 
  68:../../../../..//Middlewares/ST/STM32_Secure_Engine/Core/se_crypto_common.c **** /** @defgroup SE_CRYPTO_COMMON_AES_GCM_Exported_Functions AES GCM Exported Functions
  69:../../../../..//Middlewares/ST/STM32_Secure_Engine/Core/se_crypto_common.c ****   * @brief Common crypto functions (helpers) for AES GCM symmetric crypto.
  70:../../../../..//Middlewares/ST/STM32_Secure_Engine/Core/se_crypto_common.c ****   * @{
  71:../../../../..//Middlewares/ST/STM32_Secure_Engine/Core/se_crypto_common.c ****   */
  72:../../../../..//Middlewares/ST/STM32_Secure_Engine/Core/se_crypto_common.c **** 
  73:../../../../..//Middlewares/ST/STM32_Secure_Engine/Core/se_crypto_common.c **** /**
  74:../../../../..//Middlewares/ST/STM32_Secure_Engine/Core/se_crypto_common.c ****   * @brief Secure Engine AES GCM Encrypt Init function.
  75:../../../../..//Middlewares/ST/STM32_Secure_Engine/Core/se_crypto_common.c ****   *        It is a wrapper of AES_GCM_Encrypt_Init function included in the protected area.
  76:../../../../..//Middlewares/ST/STM32_Secure_Engine/Core/se_crypto_common.c ****   *        This parameter can be a value of @ref SE_Status_Structure_definition.
  77:../../../../..//Middlewares/ST/STM32_Secure_Engine/Core/se_crypto_common.c ****   * @param pKey: pointer to the key.
  78:../../../../..//Middlewares/ST/STM32_Secure_Engine/Core/se_crypto_common.c ****   * @param pxSE_GCMInit: Secure Engine AES GCM Init structure.
  79:../../../../..//Middlewares/ST/STM32_Secure_Engine/Core/se_crypto_common.c ****   * @retval SE_ErrorStatus SE_SUCCESS if successful, SE_ERROR otherwise.
  80:../../../../..//Middlewares/ST/STM32_Secure_Engine/Core/se_crypto_common.c ****   */
  81:../../../../..//Middlewares/ST/STM32_Secure_Engine/Core/se_crypto_common.c **** SE_ErrorStatus SE_CRYPTO_AES_GCM_Encrypt_Init(const uint8_t *pKey, SE_GCMInitTypeDef *pxSE_GCMInit)
  82:../../../../..//Middlewares/ST/STM32_Secure_Engine/Core/se_crypto_common.c **** {
  28              		.loc 1 82 1 view -0
  29              		.cfi_startproc
  30              		@ args = 0, pretend = 0, frame = 0
  31              		@ frame_needed = 0, uses_anonymous_args = 0
  83:../../../../..//Middlewares/ST/STM32_Secure_Engine/Core/se_crypto_common.c ****   SE_ErrorStatus e_ret_status = SE_ERROR;
  32              		.loc 1 83 3 view .LVU1
ARM GAS  /tmp/ccvRgEsK.s 			page 3


  84:../../../../..//Middlewares/ST/STM32_Secure_Engine/Core/se_crypto_common.c ****   int32_t cryptolib_status;
  33              		.loc 1 84 3 view .LVU2
  85:../../../../..//Middlewares/ST/STM32_Secure_Engine/Core/se_crypto_common.c **** 
  86:../../../../..//Middlewares/ST/STM32_Secure_Engine/Core/se_crypto_common.c ****   /* Check the pointers allocation */
  87:../../../../..//Middlewares/ST/STM32_Secure_Engine/Core/se_crypto_common.c ****   if (pxSE_GCMInit == NULL)
  34              		.loc 1 87 3 view .LVU3
  82:../../../../..//Middlewares/ST/STM32_Secure_Engine/Core/se_crypto_common.c ****   SE_ErrorStatus e_ret_status = SE_ERROR;
  35              		.loc 1 82 1 is_stmt 0 view .LVU4
  36 0000 0300     		movs	r3, r0
  37 0002 10B5     		push	{r4, lr}
  38              	.LCFI0:
  39              		.cfi_def_cfa_offset 8
  40              		.cfi_offset 4, -8
  41              		.cfi_offset 14, -4
  42              		.loc 1 87 6 view .LVU5
  43 0004 0029     		cmp	r1, #0
  44 0006 01D1     		bne	.L2
  45              	.LVL1:
  46              	.L4:
  88:../../../../..//Middlewares/ST/STM32_Secure_Engine/Core/se_crypto_common.c ****   {
  89:../../../../..//Middlewares/ST/STM32_Secure_Engine/Core/se_crypto_common.c ****     return SE_ERROR;
  47              		.loc 1 89 12 view .LVU6
  48 0008 0B48     		ldr	r0, .L5
  49              	.LVL2:
  50              	.L1:
  90:../../../../..//Middlewares/ST/STM32_Secure_Engine/Core/se_crypto_common.c ****   }
  91:../../../../..//Middlewares/ST/STM32_Secure_Engine/Core/se_crypto_common.c **** 
  92:../../../../..//Middlewares/ST/STM32_Secure_Engine/Core/se_crypto_common.c ****   /* Set flag field to default value */
  93:../../../../..//Middlewares/ST/STM32_Secure_Engine/Core/se_crypto_common.c ****   m_xSE_AESGCMCtx.mFlags = E_SK_DEFAULT;
  94:../../../../..//Middlewares/ST/STM32_Secure_Engine/Core/se_crypto_common.c **** 
  95:../../../../..//Middlewares/ST/STM32_Secure_Engine/Core/se_crypto_common.c ****   /* Set key size to 16 (corresponding to AES-128) */
  96:../../../../..//Middlewares/ST/STM32_Secure_Engine/Core/se_crypto_common.c ****   m_xSE_AESGCMCtx.mKeySize = (int32_t) SE_SYMKEY_LEN;
  97:../../../../..//Middlewares/ST/STM32_Secure_Engine/Core/se_crypto_common.c **** 
  98:../../../../..//Middlewares/ST/STM32_Secure_Engine/Core/se_crypto_common.c ****   /* Set nonce size field to iv_length, note that valid values are 7,8,9,10,11,12,13 */
  99:../../../../..//Middlewares/ST/STM32_Secure_Engine/Core/se_crypto_common.c ****   m_xSE_AESGCMCtx.mIvSize = pxSE_GCMInit->NonceSize;
 100:../../../../..//Middlewares/ST/STM32_Secure_Engine/Core/se_crypto_common.c **** 
 101:../../../../..//Middlewares/ST/STM32_Secure_Engine/Core/se_crypto_common.c ****   /* Size of returned authentication TAG */
 102:../../../../..//Middlewares/ST/STM32_Secure_Engine/Core/se_crypto_common.c ****   m_xSE_AESGCMCtx.mTagSize = pxSE_GCMInit->TagSize;
 103:../../../../..//Middlewares/ST/STM32_Secure_Engine/Core/se_crypto_common.c **** 
 104:../../../../..//Middlewares/ST/STM32_Secure_Engine/Core/se_crypto_common.c ****   /* Set the size of the header */
 105:../../../../..//Middlewares/ST/STM32_Secure_Engine/Core/se_crypto_common.c ****   m_xSE_AESGCMCtx.mAADsize = pxSE_GCMInit->HeaderSize;
 106:../../../../..//Middlewares/ST/STM32_Secure_Engine/Core/se_crypto_common.c **** 
 107:../../../../..//Middlewares/ST/STM32_Secure_Engine/Core/se_crypto_common.c ****   /* Set the size of thepayload */
 108:../../../../..//Middlewares/ST/STM32_Secure_Engine/Core/se_crypto_common.c ****   m_xSE_AESGCMCtx.mPayloadSize = pxSE_GCMInit->PayloadSize;
 109:../../../../..//Middlewares/ST/STM32_Secure_Engine/Core/se_crypto_common.c **** 
 110:../../../../..//Middlewares/ST/STM32_Secure_Engine/Core/se_crypto_common.c ****   /* Crypto function call */
 111:../../../../..//Middlewares/ST/STM32_Secure_Engine/Core/se_crypto_common.c ****   cryptolib_status = AES_GCM_Encrypt_Init(&m_xSE_AESGCMCtx, pKey, pxSE_GCMInit->pNonce);
 112:../../../../..//Middlewares/ST/STM32_Secure_Engine/Core/se_crypto_common.c **** 
 113:../../../../..//Middlewares/ST/STM32_Secure_Engine/Core/se_crypto_common.c ****   /* Return status */
 114:../../../../..//Middlewares/ST/STM32_Secure_Engine/Core/se_crypto_common.c ****   if (cryptolib_status == AES_SUCCESS)
 115:../../../../..//Middlewares/ST/STM32_Secure_Engine/Core/se_crypto_common.c ****   {
 116:../../../../..//Middlewares/ST/STM32_Secure_Engine/Core/se_crypto_common.c ****     e_ret_status = SE_SUCCESS;
 117:../../../../..//Middlewares/ST/STM32_Secure_Engine/Core/se_crypto_common.c ****   }
 118:../../../../..//Middlewares/ST/STM32_Secure_Engine/Core/se_crypto_common.c **** 
 119:../../../../..//Middlewares/ST/STM32_Secure_Engine/Core/se_crypto_common.c ****   return e_ret_status;
 120:../../../../..//Middlewares/ST/STM32_Secure_Engine/Core/se_crypto_common.c **** }
  51              		.loc 1 120 1 view .LVU7
ARM GAS  /tmp/ccvRgEsK.s 			page 4


  52              		@ sp needed
  53 000a 10BD     		pop	{r4, pc}
  54              	.LVL3:
  55              	.L2:
  93:../../../../..//Middlewares/ST/STM32_Secure_Engine/Core/se_crypto_common.c **** 
  56              		.loc 1 93 3 is_stmt 1 view .LVU8
  93:../../../../..//Middlewares/ST/STM32_Secure_Engine/Core/se_crypto_common.c **** 
  57              		.loc 1 93 26 is_stmt 0 view .LVU9
  58 000c 0022     		movs	r2, #0
  59 000e 0B48     		ldr	r0, .L5+4
  60              	.LVL4:
  93:../../../../..//Middlewares/ST/STM32_Secure_Engine/Core/se_crypto_common.c **** 
  61              		.loc 1 93 26 view .LVU10
  62 0010 0271     		strb	r2, [r0, #4]
  96:../../../../..//Middlewares/ST/STM32_Secure_Engine/Core/se_crypto_common.c **** 
  63              		.loc 1 96 3 is_stmt 1 view .LVU11
  96:../../../../..//Middlewares/ST/STM32_Secure_Engine/Core/se_crypto_common.c **** 
  64              		.loc 1 96 28 is_stmt 0 view .LVU12
  65 0012 1032     		adds	r2, r2, #16
  66 0014 4262     		str	r2, [r0, #36]
  99:../../../../..//Middlewares/ST/STM32_Secure_Engine/Core/se_crypto_common.c **** 
  67              		.loc 1 99 3 is_stmt 1 view .LVU13
  99:../../../../..//Middlewares/ST/STM32_Secure_Engine/Core/se_crypto_common.c **** 
  68              		.loc 1 99 27 is_stmt 0 view .LVU14
  69 0016 4A68     		ldr	r2, [r1, #4]
  70 0018 0261     		str	r2, [r0, #16]
 102:../../../../..//Middlewares/ST/STM32_Secure_Engine/Core/se_crypto_common.c **** 
  71              		.loc 1 102 3 is_stmt 1 view .LVU15
 102:../../../../..//Middlewares/ST/STM32_Secure_Engine/Core/se_crypto_common.c **** 
  72              		.loc 1 102 28 is_stmt 0 view .LVU16
  73 001a CA68     		ldr	r2, [r1, #12]
  74 001c C262     		str	r2, [r0, #44]
 105:../../../../..//Middlewares/ST/STM32_Secure_Engine/Core/se_crypto_common.c **** 
  75              		.loc 1 105 3 is_stmt 1 view .LVU17
 105:../../../../..//Middlewares/ST/STM32_Secure_Engine/Core/se_crypto_common.c **** 
  76              		.loc 1 105 28 is_stmt 0 view .LVU18
  77 001e 0A69     		ldr	r2, [r1, #16]
  78 0020 0263     		str	r2, [r0, #48]
 108:../../../../..//Middlewares/ST/STM32_Secure_Engine/Core/se_crypto_common.c **** 
  79              		.loc 1 108 3 is_stmt 1 view .LVU19
 108:../../../../..//Middlewares/ST/STM32_Secure_Engine/Core/se_crypto_common.c **** 
  80              		.loc 1 108 32 is_stmt 0 view .LVU20
  81 0022 4A69     		ldr	r2, [r1, #20]
  82 0024 4263     		str	r2, [r0, #52]
 111:../../../../..//Middlewares/ST/STM32_Secure_Engine/Core/se_crypto_common.c **** 
  83              		.loc 1 111 3 is_stmt 1 view .LVU21
 111:../../../../..//Middlewares/ST/STM32_Secure_Engine/Core/se_crypto_common.c **** 
  84              		.loc 1 111 22 is_stmt 0 view .LVU22
  85 0026 0A68     		ldr	r2, [r1]
  86 0028 1900     		movs	r1, r3
  87              	.LVL5:
 111:../../../../..//Middlewares/ST/STM32_Secure_Engine/Core/se_crypto_common.c **** 
  88              		.loc 1 111 22 view .LVU23
  89 002a FFF7FEFF 		bl	AES_GCM_Encrypt_Init
  90              	.LVL6:
 114:../../../../..//Middlewares/ST/STM32_Secure_Engine/Core/se_crypto_common.c ****   {
  91              		.loc 1 114 3 is_stmt 1 view .LVU24
ARM GAS  /tmp/ccvRgEsK.s 			page 5


 114:../../../../..//Middlewares/ST/STM32_Secure_Engine/Core/se_crypto_common.c ****   {
  92              		.loc 1 114 6 is_stmt 0 view .LVU25
  93 002e 0028     		cmp	r0, #0
  94 0030 EAD1     		bne	.L4
 116:../../../../..//Middlewares/ST/STM32_Secure_Engine/Core/se_crypto_common.c ****   }
  95              		.loc 1 116 18 view .LVU26
  96 0032 0348     		ldr	r0, .L5+8
  97              	.LVL7:
 116:../../../../..//Middlewares/ST/STM32_Secure_Engine/Core/se_crypto_common.c ****   }
  98              		.loc 1 116 18 view .LVU27
  99 0034 E9E7     		b	.L1
 100              	.L6:
 101 0036 C046     		.align	2
 102              	.L5:
 103 0038 99870100 		.word	100249
 104 003c 00000000 		.word	m_xSE_AESGCMCtx
 105 0040 0F311200 		.word	1192207
 106              		.cfi_endproc
 107              	.LFE0:
 109              		.section	.text.SE_CRYPTO_AES_GCM_Header_Append,"ax",%progbits
 110              		.align	1
 111              		.global	SE_CRYPTO_AES_GCM_Header_Append
 112              		.syntax unified
 113              		.code	16
 114              		.thumb_func
 116              	SE_CRYPTO_AES_GCM_Header_Append:
 117              	.LVL8:
 118              	.LFB1:
 121:../../../../..//Middlewares/ST/STM32_Secure_Engine/Core/se_crypto_common.c **** 
 122:../../../../..//Middlewares/ST/STM32_Secure_Engine/Core/se_crypto_common.c **** 
 123:../../../../..//Middlewares/ST/STM32_Secure_Engine/Core/se_crypto_common.c **** /**
 124:../../../../..//Middlewares/ST/STM32_Secure_Engine/Core/se_crypto_common.c ****   * @brief Secure Engine AES GCM Header Append function.
 125:../../../../..//Middlewares/ST/STM32_Secure_Engine/Core/se_crypto_common.c ****   *        It is a wrapper of AES_GCM_Header_Append function included in the protected area.
 126:../../../../..//Middlewares/ST/STM32_Secure_Engine/Core/se_crypto_common.c ****   *        This parameter can be a value of @ref SE_Status_Structure_definition.
 127:../../../../..//Middlewares/ST/STM32_Secure_Engine/Core/se_crypto_common.c ****   * @param pInputBuffer: pointer to Input Buffer.
 128:../../../../..//Middlewares/ST/STM32_Secure_Engine/Core/se_crypto_common.c ****   * @param InputSize: Input Size (bytes).
 129:../../../../..//Middlewares/ST/STM32_Secure_Engine/Core/se_crypto_common.c ****   * @retval SE_ErrorStatus SE_SUCCESS if successful, SE_ERROR otherwise.
 130:../../../../..//Middlewares/ST/STM32_Secure_Engine/Core/se_crypto_common.c ****   */
 131:../../../../..//Middlewares/ST/STM32_Secure_Engine/Core/se_crypto_common.c **** SE_ErrorStatus SE_CRYPTO_AES_GCM_Header_Append(const uint8_t *pInputBuffer, int32_t InputSize)
 132:../../../../..//Middlewares/ST/STM32_Secure_Engine/Core/se_crypto_common.c **** {
 119              		.loc 1 132 1 is_stmt 1 view -0
 120              		.cfi_startproc
 121              		@ args = 0, pretend = 0, frame = 0
 122              		@ frame_needed = 0, uses_anonymous_args = 0
 133:../../../../..//Middlewares/ST/STM32_Secure_Engine/Core/se_crypto_common.c ****   SE_ErrorStatus e_ret_status = SE_ERROR;
 123              		.loc 1 133 3 view .LVU29
 134:../../../../..//Middlewares/ST/STM32_Secure_Engine/Core/se_crypto_common.c ****   int32_t cryptolib_status;
 124              		.loc 1 134 3 view .LVU30
 135:../../../../..//Middlewares/ST/STM32_Secure_Engine/Core/se_crypto_common.c **** 
 136:../../../../..//Middlewares/ST/STM32_Secure_Engine/Core/se_crypto_common.c ****   /* Check the pointers allocation */
 137:../../../../..//Middlewares/ST/STM32_Secure_Engine/Core/se_crypto_common.c ****   if (pInputBuffer == NULL)
 125              		.loc 1 137 3 view .LVU31
 132:../../../../..//Middlewares/ST/STM32_Secure_Engine/Core/se_crypto_common.c ****   SE_ErrorStatus e_ret_status = SE_ERROR;
 126              		.loc 1 132 1 is_stmt 0 view .LVU32
 127 0000 0A00     		movs	r2, r1
 128 0002 10B5     		push	{r4, lr}
 129              	.LCFI1:
ARM GAS  /tmp/ccvRgEsK.s 			page 6


 130              		.cfi_def_cfa_offset 8
 131              		.cfi_offset 4, -8
 132              		.cfi_offset 14, -4
 133              		.loc 1 137 6 view .LVU33
 134 0004 0028     		cmp	r0, #0
 135 0006 01D1     		bne	.L8
 136              	.LVL9:
 137              	.L10:
 138:../../../../..//Middlewares/ST/STM32_Secure_Engine/Core/se_crypto_common.c ****   {
 139:../../../../..//Middlewares/ST/STM32_Secure_Engine/Core/se_crypto_common.c ****     return SE_ERROR;
 138              		.loc 1 139 12 view .LVU34
 139 0008 0548     		ldr	r0, .L11
 140              	.LVL10:
 141              	.L7:
 140:../../../../..//Middlewares/ST/STM32_Secure_Engine/Core/se_crypto_common.c ****   }
 141:../../../../..//Middlewares/ST/STM32_Secure_Engine/Core/se_crypto_common.c **** 
 142:../../../../..//Middlewares/ST/STM32_Secure_Engine/Core/se_crypto_common.c ****   /* Crypto function call */
 143:../../../../..//Middlewares/ST/STM32_Secure_Engine/Core/se_crypto_common.c **** 
 144:../../../../..//Middlewares/ST/STM32_Secure_Engine/Core/se_crypto_common.c ****   cryptolib_status = AES_GCM_Header_Append(&m_xSE_AESGCMCtx, pInputBuffer, InputSize);
 145:../../../../..//Middlewares/ST/STM32_Secure_Engine/Core/se_crypto_common.c **** 
 146:../../../../..//Middlewares/ST/STM32_Secure_Engine/Core/se_crypto_common.c ****   /* Return status */
 147:../../../../..//Middlewares/ST/STM32_Secure_Engine/Core/se_crypto_common.c ****   if (cryptolib_status == AES_SUCCESS)
 148:../../../../..//Middlewares/ST/STM32_Secure_Engine/Core/se_crypto_common.c ****   {
 149:../../../../..//Middlewares/ST/STM32_Secure_Engine/Core/se_crypto_common.c ****     e_ret_status = SE_SUCCESS;
 150:../../../../..//Middlewares/ST/STM32_Secure_Engine/Core/se_crypto_common.c ****   }
 151:../../../../..//Middlewares/ST/STM32_Secure_Engine/Core/se_crypto_common.c **** 
 152:../../../../..//Middlewares/ST/STM32_Secure_Engine/Core/se_crypto_common.c ****   return e_ret_status;
 153:../../../../..//Middlewares/ST/STM32_Secure_Engine/Core/se_crypto_common.c **** }
 142              		.loc 1 153 1 view .LVU35
 143              		@ sp needed
 144 000a 10BD     		pop	{r4, pc}
 145              	.LVL11:
 146              	.L8:
 144:../../../../..//Middlewares/ST/STM32_Secure_Engine/Core/se_crypto_common.c **** 
 147              		.loc 1 144 3 is_stmt 1 view .LVU36
 144:../../../../..//Middlewares/ST/STM32_Secure_Engine/Core/se_crypto_common.c **** 
 148              		.loc 1 144 22 is_stmt 0 view .LVU37
 149 000c 054B     		ldr	r3, .L11+4
 150 000e 0100     		movs	r1, r0
 151              	.LVL12:
 144:../../../../..//Middlewares/ST/STM32_Secure_Engine/Core/se_crypto_common.c **** 
 152              		.loc 1 144 22 view .LVU38
 153 0010 1800     		movs	r0, r3
 154              	.LVL13:
 144:../../../../..//Middlewares/ST/STM32_Secure_Engine/Core/se_crypto_common.c **** 
 155              		.loc 1 144 22 view .LVU39
 156 0012 FFF7FEFF 		bl	AES_GCM_Header_Append
 157              	.LVL14:
 147:../../../../..//Middlewares/ST/STM32_Secure_Engine/Core/se_crypto_common.c ****   {
 158              		.loc 1 147 3 is_stmt 1 view .LVU40
 147:../../../../..//Middlewares/ST/STM32_Secure_Engine/Core/se_crypto_common.c ****   {
 159              		.loc 1 147 6 is_stmt 0 view .LVU41
 160 0016 0028     		cmp	r0, #0
 161 0018 F6D1     		bne	.L10
 149:../../../../..//Middlewares/ST/STM32_Secure_Engine/Core/se_crypto_common.c ****   }
 162              		.loc 1 149 18 view .LVU42
 163 001a 0348     		ldr	r0, .L11+8
ARM GAS  /tmp/ccvRgEsK.s 			page 7


 164              	.LVL15:
 149:../../../../..//Middlewares/ST/STM32_Secure_Engine/Core/se_crypto_common.c ****   }
 165              		.loc 1 149 18 view .LVU43
 166 001c F5E7     		b	.L7
 167              	.L12:
 168 001e C046     		.align	2
 169              	.L11:
 170 0020 99870100 		.word	100249
 171 0024 00000000 		.word	m_xSE_AESGCMCtx
 172 0028 0F311200 		.word	1192207
 173              		.cfi_endproc
 174              	.LFE1:
 176              		.section	.text.SE_CRYPTO_AES_GCM_Encrypt_Append,"ax",%progbits
 177              		.align	1
 178              		.global	SE_CRYPTO_AES_GCM_Encrypt_Append
 179              		.syntax unified
 180              		.code	16
 181              		.thumb_func
 183              	SE_CRYPTO_AES_GCM_Encrypt_Append:
 184              	.LVL16:
 185              	.LFB2:
 154:../../../../..//Middlewares/ST/STM32_Secure_Engine/Core/se_crypto_common.c **** 
 155:../../../../..//Middlewares/ST/STM32_Secure_Engine/Core/se_crypto_common.c **** /**
 156:../../../../..//Middlewares/ST/STM32_Secure_Engine/Core/se_crypto_common.c ****   * @brief Secure Engine AES GCM Encrypt Append function.
 157:../../../../..//Middlewares/ST/STM32_Secure_Engine/Core/se_crypto_common.c ****   *        It is a wrapper of AES_GCM_Encrypt_Append function included in the protected area.
 158:../../../../..//Middlewares/ST/STM32_Secure_Engine/Core/se_crypto_common.c ****   *        This parameter can be a value of @ref SE_Status_Structure_definition.
 159:../../../../..//Middlewares/ST/STM32_Secure_Engine/Core/se_crypto_common.c ****   * @param pInputBuffer: pointer to Input Buffer.
 160:../../../../..//Middlewares/ST/STM32_Secure_Engine/Core/se_crypto_common.c ****   * @param InputSize: Input Size (bytes).
 161:../../../../..//Middlewares/ST/STM32_Secure_Engine/Core/se_crypto_common.c ****   * @param pOutputBuffer: pointer to Output Buffer.
 162:../../../../..//Middlewares/ST/STM32_Secure_Engine/Core/se_crypto_common.c ****   * @param pOutputSize: pointer to Output Size (bytes).
 163:../../../../..//Middlewares/ST/STM32_Secure_Engine/Core/se_crypto_common.c ****   * @retval SE_ErrorStatus SE_SUCCESS if successful, SE_ERROR otherwise.
 164:../../../../..//Middlewares/ST/STM32_Secure_Engine/Core/se_crypto_common.c ****   */
 165:../../../../..//Middlewares/ST/STM32_Secure_Engine/Core/se_crypto_common.c **** SE_ErrorStatus SE_CRYPTO_AES_GCM_Encrypt_Append(const uint8_t *pInputBuffer, int32_t InputSize, uin
 166:../../../../..//Middlewares/ST/STM32_Secure_Engine/Core/se_crypto_common.c ****                                                 int32_t *pOutputSize)
 167:../../../../..//Middlewares/ST/STM32_Secure_Engine/Core/se_crypto_common.c **** {
 186              		.loc 1 167 1 is_stmt 1 view -0
 187              		.cfi_startproc
 188              		@ args = 0, pretend = 0, frame = 0
 189              		@ frame_needed = 0, uses_anonymous_args = 0
 168:../../../../..//Middlewares/ST/STM32_Secure_Engine/Core/se_crypto_common.c ****   SE_ErrorStatus e_ret_status = SE_ERROR;
 190              		.loc 1 168 3 view .LVU45
 169:../../../../..//Middlewares/ST/STM32_Secure_Engine/Core/se_crypto_common.c ****   int32_t cryptolib_status;
 191              		.loc 1 169 3 view .LVU46
 170:../../../../..//Middlewares/ST/STM32_Secure_Engine/Core/se_crypto_common.c **** 
 171:../../../../..//Middlewares/ST/STM32_Secure_Engine/Core/se_crypto_common.c ****   /* Check the pointers allocation */
 172:../../../../..//Middlewares/ST/STM32_Secure_Engine/Core/se_crypto_common.c ****   if ((pInputBuffer == NULL) || (pOutputBuffer == NULL) || (pOutputSize == NULL))
 192              		.loc 1 172 3 view .LVU47
 167:../../../../..//Middlewares/ST/STM32_Secure_Engine/Core/se_crypto_common.c ****   SE_ErrorStatus e_ret_status = SE_ERROR;
 193              		.loc 1 167 1 is_stmt 0 view .LVU48
 194 0000 13B5     		push	{r0, r1, r4, lr}
 195              	.LCFI2:
 196              		.cfi_def_cfa_offset 16
 197              		.cfi_offset 0, -16
 198              		.cfi_offset 1, -12
 199              		.cfi_offset 4, -8
 200              		.cfi_offset 14, -4
 167:../../../../..//Middlewares/ST/STM32_Secure_Engine/Core/se_crypto_common.c ****   SE_ErrorStatus e_ret_status = SE_ERROR;
ARM GAS  /tmp/ccvRgEsK.s 			page 8


 201              		.loc 1 167 1 view .LVU49
 202 0002 041E     		subs	r4, r0, #0
 203              		.loc 1 172 6 view .LVU50
 204 0004 03D0     		beq	.L14
 205              		.loc 1 172 30 discriminator 1 view .LVU51
 206 0006 002A     		cmp	r2, #0
 207 0008 01D0     		beq	.L14
 208              		.loc 1 172 57 discriminator 2 view .LVU52
 209 000a 002B     		cmp	r3, #0
 210 000c 01D1     		bne	.L15
 211              	.LVL17:
 212              	.L14:
 173:../../../../..//Middlewares/ST/STM32_Secure_Engine/Core/se_crypto_common.c ****   {
 174:../../../../..//Middlewares/ST/STM32_Secure_Engine/Core/se_crypto_common.c ****     return SE_ERROR;
 213              		.loc 1 174 12 view .LVU53
 214 000e 0648     		ldr	r0, .L23
 215              	.LVL18:
 216              	.L13:
 175:../../../../..//Middlewares/ST/STM32_Secure_Engine/Core/se_crypto_common.c ****   }
 176:../../../../..//Middlewares/ST/STM32_Secure_Engine/Core/se_crypto_common.c **** 
 177:../../../../..//Middlewares/ST/STM32_Secure_Engine/Core/se_crypto_common.c ****   /* Crypto function call */
 178:../../../../..//Middlewares/ST/STM32_Secure_Engine/Core/se_crypto_common.c ****   cryptolib_status = AES_GCM_Encrypt_Append(&m_xSE_AESGCMCtx, pInputBuffer, InputSize, pOutputBuffe
 179:../../../../..//Middlewares/ST/STM32_Secure_Engine/Core/se_crypto_common.c **** 
 180:../../../../..//Middlewares/ST/STM32_Secure_Engine/Core/se_crypto_common.c ****   /* Return status */
 181:../../../../..//Middlewares/ST/STM32_Secure_Engine/Core/se_crypto_common.c ****   if (cryptolib_status == AES_SUCCESS)
 182:../../../../..//Middlewares/ST/STM32_Secure_Engine/Core/se_crypto_common.c ****   {
 183:../../../../..//Middlewares/ST/STM32_Secure_Engine/Core/se_crypto_common.c ****     e_ret_status = SE_SUCCESS;
 184:../../../../..//Middlewares/ST/STM32_Secure_Engine/Core/se_crypto_common.c ****   }
 185:../../../../..//Middlewares/ST/STM32_Secure_Engine/Core/se_crypto_common.c **** 
 186:../../../../..//Middlewares/ST/STM32_Secure_Engine/Core/se_crypto_common.c ****   return e_ret_status;
 187:../../../../..//Middlewares/ST/STM32_Secure_Engine/Core/se_crypto_common.c **** }
 217              		.loc 1 187 1 view .LVU54
 218              		@ sp needed
 219              	.LVL19:
 220              		.loc 1 187 1 view .LVU55
 221 0010 16BD     		pop	{r1, r2, r4, pc}
 222              	.LVL20:
 223              	.L15:
 178:../../../../..//Middlewares/ST/STM32_Secure_Engine/Core/se_crypto_common.c **** 
 224              		.loc 1 178 3 is_stmt 1 view .LVU56
 178:../../../../..//Middlewares/ST/STM32_Secure_Engine/Core/se_crypto_common.c **** 
 225              		.loc 1 178 22 is_stmt 0 view .LVU57
 226 0012 0093     		str	r3, [sp]
 227 0014 0548     		ldr	r0, .L23+4
 228              	.LVL21:
 178:../../../../..//Middlewares/ST/STM32_Secure_Engine/Core/se_crypto_common.c **** 
 229              		.loc 1 178 22 view .LVU58
 230 0016 1300     		movs	r3, r2
 231              	.LVL22:
 178:../../../../..//Middlewares/ST/STM32_Secure_Engine/Core/se_crypto_common.c **** 
 232              		.loc 1 178 22 view .LVU59
 233 0018 0A00     		movs	r2, r1
 234              	.LVL23:
 178:../../../../..//Middlewares/ST/STM32_Secure_Engine/Core/se_crypto_common.c **** 
 235              		.loc 1 178 22 view .LVU60
 236 001a 2100     		movs	r1, r4
 237              	.LVL24:
ARM GAS  /tmp/ccvRgEsK.s 			page 9


 178:../../../../..//Middlewares/ST/STM32_Secure_Engine/Core/se_crypto_common.c **** 
 238              		.loc 1 178 22 view .LVU61
 239 001c FFF7FEFF 		bl	AES_GCM_Encrypt_Append
 240              	.LVL25:
 181:../../../../..//Middlewares/ST/STM32_Secure_Engine/Core/se_crypto_common.c ****   {
 241              		.loc 1 181 3 is_stmt 1 view .LVU62
 181:../../../../..//Middlewares/ST/STM32_Secure_Engine/Core/se_crypto_common.c ****   {
 242              		.loc 1 181 6 is_stmt 0 view .LVU63
 243 0020 0028     		cmp	r0, #0
 244 0022 F4D1     		bne	.L14
 183:../../../../..//Middlewares/ST/STM32_Secure_Engine/Core/se_crypto_common.c ****   }
 245              		.loc 1 183 18 view .LVU64
 246 0024 0248     		ldr	r0, .L23+8
 247              	.LVL26:
 183:../../../../..//Middlewares/ST/STM32_Secure_Engine/Core/se_crypto_common.c ****   }
 248              		.loc 1 183 18 view .LVU65
 249 0026 F3E7     		b	.L13
 250              	.L24:
 251              		.align	2
 252              	.L23:
 253 0028 99870100 		.word	100249
 254 002c 00000000 		.word	m_xSE_AESGCMCtx
 255 0030 0F311200 		.word	1192207
 256              		.cfi_endproc
 257              	.LFE2:
 259              		.section	.text.SE_CRYPTO_AES_GCM_Encrypt_Finish,"ax",%progbits
 260              		.align	1
 261              		.global	SE_CRYPTO_AES_GCM_Encrypt_Finish
 262              		.syntax unified
 263              		.code	16
 264              		.thumb_func
 266              	SE_CRYPTO_AES_GCM_Encrypt_Finish:
 267              	.LVL27:
 268              	.LFB3:
 188:../../../../..//Middlewares/ST/STM32_Secure_Engine/Core/se_crypto_common.c **** 
 189:../../../../..//Middlewares/ST/STM32_Secure_Engine/Core/se_crypto_common.c **** /**
 190:../../../../..//Middlewares/ST/STM32_Secure_Engine/Core/se_crypto_common.c ****   * @brief Secure Engine AES GCM Encrypt Finish function.
 191:../../../../..//Middlewares/ST/STM32_Secure_Engine/Core/se_crypto_common.c ****   *        It is a wrapper of AES_GCM_Encrypt_Finish function included in the protected area.
 192:../../../../..//Middlewares/ST/STM32_Secure_Engine/Core/se_crypto_common.c ****   *        This parameter can be a value of @ref SE_Status_Structure_definition.
 193:../../../../..//Middlewares/ST/STM32_Secure_Engine/Core/se_crypto_common.c ****   * @param pOutputBuffer: pointer to Output Buffer.
 194:../../../../..//Middlewares/ST/STM32_Secure_Engine/Core/se_crypto_common.c ****   * @param pOutputSize: pointer to Output Size (bytes).
 195:../../../../..//Middlewares/ST/STM32_Secure_Engine/Core/se_crypto_common.c ****   * @retval SE_ErrorStatus SE_SUCCESS if successful, SE_ERROR otherwise.
 196:../../../../..//Middlewares/ST/STM32_Secure_Engine/Core/se_crypto_common.c ****   */
 197:../../../../..//Middlewares/ST/STM32_Secure_Engine/Core/se_crypto_common.c **** SE_ErrorStatus SE_CRYPTO_AES_GCM_Encrypt_Finish(uint8_t *pOutputBuffer, int32_t *pOutputSize)
 198:../../../../..//Middlewares/ST/STM32_Secure_Engine/Core/se_crypto_common.c **** {
 269              		.loc 1 198 1 is_stmt 1 view -0
 270              		.cfi_startproc
 271              		@ args = 0, pretend = 0, frame = 0
 272              		@ frame_needed = 0, uses_anonymous_args = 0
 199:../../../../..//Middlewares/ST/STM32_Secure_Engine/Core/se_crypto_common.c ****   SE_ErrorStatus e_ret_status = SE_ERROR;
 273              		.loc 1 199 3 view .LVU67
 200:../../../../..//Middlewares/ST/STM32_Secure_Engine/Core/se_crypto_common.c ****   int32_t cryptolib_status;
 274              		.loc 1 200 3 view .LVU68
 201:../../../../..//Middlewares/ST/STM32_Secure_Engine/Core/se_crypto_common.c **** 
 202:../../../../..//Middlewares/ST/STM32_Secure_Engine/Core/se_crypto_common.c ****   /* Check the pointers allocation */
 203:../../../../..//Middlewares/ST/STM32_Secure_Engine/Core/se_crypto_common.c ****   if ((pOutputBuffer == NULL) || (pOutputSize == NULL))
 275              		.loc 1 203 3 view .LVU69
ARM GAS  /tmp/ccvRgEsK.s 			page 10


 198:../../../../..//Middlewares/ST/STM32_Secure_Engine/Core/se_crypto_common.c ****   SE_ErrorStatus e_ret_status = SE_ERROR;
 276              		.loc 1 198 1 is_stmt 0 view .LVU70
 277 0000 0A00     		movs	r2, r1
 278 0002 10B5     		push	{r4, lr}
 279              	.LCFI3:
 280              		.cfi_def_cfa_offset 8
 281              		.cfi_offset 4, -8
 282              		.cfi_offset 14, -4
 283              		.loc 1 203 6 view .LVU71
 284 0004 0028     		cmp	r0, #0
 285 0006 01D0     		beq	.L26
 286              		.loc 1 203 31 discriminator 1 view .LVU72
 287 0008 0029     		cmp	r1, #0
 288 000a 01D1     		bne	.L27
 289              	.LVL28:
 290              	.L26:
 204:../../../../..//Middlewares/ST/STM32_Secure_Engine/Core/se_crypto_common.c ****   {
 205:../../../../..//Middlewares/ST/STM32_Secure_Engine/Core/se_crypto_common.c ****     return SE_ERROR;
 291              		.loc 1 205 12 view .LVU73
 292 000c 0548     		ldr	r0, .L32
 293              	.LVL29:
 294              	.L25:
 206:../../../../..//Middlewares/ST/STM32_Secure_Engine/Core/se_crypto_common.c ****   }
 207:../../../../..//Middlewares/ST/STM32_Secure_Engine/Core/se_crypto_common.c **** 
 208:../../../../..//Middlewares/ST/STM32_Secure_Engine/Core/se_crypto_common.c ****   /* Crypto function call */
 209:../../../../..//Middlewares/ST/STM32_Secure_Engine/Core/se_crypto_common.c ****   cryptolib_status = AES_GCM_Encrypt_Finish(&m_xSE_AESGCMCtx, pOutputBuffer, pOutputSize);
 210:../../../../..//Middlewares/ST/STM32_Secure_Engine/Core/se_crypto_common.c **** 
 211:../../../../..//Middlewares/ST/STM32_Secure_Engine/Core/se_crypto_common.c ****   /* Return status */
 212:../../../../..//Middlewares/ST/STM32_Secure_Engine/Core/se_crypto_common.c ****   if (cryptolib_status == AES_SUCCESS)
 213:../../../../..//Middlewares/ST/STM32_Secure_Engine/Core/se_crypto_common.c ****   {
 214:../../../../..//Middlewares/ST/STM32_Secure_Engine/Core/se_crypto_common.c ****     e_ret_status = SE_SUCCESS;
 215:../../../../..//Middlewares/ST/STM32_Secure_Engine/Core/se_crypto_common.c ****   }
 216:../../../../..//Middlewares/ST/STM32_Secure_Engine/Core/se_crypto_common.c **** 
 217:../../../../..//Middlewares/ST/STM32_Secure_Engine/Core/se_crypto_common.c ****   return e_ret_status;
 218:../../../../..//Middlewares/ST/STM32_Secure_Engine/Core/se_crypto_common.c **** }
 295              		.loc 1 218 1 view .LVU74
 296              		@ sp needed
 297 000e 10BD     		pop	{r4, pc}
 298              	.LVL30:
 299              	.L27:
 209:../../../../..//Middlewares/ST/STM32_Secure_Engine/Core/se_crypto_common.c **** 
 300              		.loc 1 209 3 is_stmt 1 view .LVU75
 209:../../../../..//Middlewares/ST/STM32_Secure_Engine/Core/se_crypto_common.c **** 
 301              		.loc 1 209 22 is_stmt 0 view .LVU76
 302 0010 054B     		ldr	r3, .L32+4
 303 0012 0100     		movs	r1, r0
 304              	.LVL31:
 209:../../../../..//Middlewares/ST/STM32_Secure_Engine/Core/se_crypto_common.c **** 
 305              		.loc 1 209 22 view .LVU77
 306 0014 1800     		movs	r0, r3
 307              	.LVL32:
 209:../../../../..//Middlewares/ST/STM32_Secure_Engine/Core/se_crypto_common.c **** 
 308              		.loc 1 209 22 view .LVU78
 309 0016 FFF7FEFF 		bl	AES_GCM_Encrypt_Finish
 310              	.LVL33:
 212:../../../../..//Middlewares/ST/STM32_Secure_Engine/Core/se_crypto_common.c ****   {
 311              		.loc 1 212 3 is_stmt 1 view .LVU79
ARM GAS  /tmp/ccvRgEsK.s 			page 11


 212:../../../../..//Middlewares/ST/STM32_Secure_Engine/Core/se_crypto_common.c ****   {
 312              		.loc 1 212 6 is_stmt 0 view .LVU80
 313 001a 0028     		cmp	r0, #0
 314 001c F6D1     		bne	.L26
 214:../../../../..//Middlewares/ST/STM32_Secure_Engine/Core/se_crypto_common.c ****   }
 315              		.loc 1 214 18 view .LVU81
 316 001e 0348     		ldr	r0, .L32+8
 317              	.LVL34:
 214:../../../../..//Middlewares/ST/STM32_Secure_Engine/Core/se_crypto_common.c ****   }
 318              		.loc 1 214 18 view .LVU82
 319 0020 F5E7     		b	.L25
 320              	.L33:
 321 0022 C046     		.align	2
 322              	.L32:
 323 0024 99870100 		.word	100249
 324 0028 00000000 		.word	m_xSE_AESGCMCtx
 325 002c 0F311200 		.word	1192207
 326              		.cfi_endproc
 327              	.LFE3:
 329              		.section	.text.SE_CRYPTO_AES_GCM_Decrypt_Init,"ax",%progbits
 330              		.align	1
 331              		.global	SE_CRYPTO_AES_GCM_Decrypt_Init
 332              		.syntax unified
 333              		.code	16
 334              		.thumb_func
 336              	SE_CRYPTO_AES_GCM_Decrypt_Init:
 337              	.LVL35:
 338              	.LFB4:
 219:../../../../..//Middlewares/ST/STM32_Secure_Engine/Core/se_crypto_common.c **** 
 220:../../../../..//Middlewares/ST/STM32_Secure_Engine/Core/se_crypto_common.c **** /**
 221:../../../../..//Middlewares/ST/STM32_Secure_Engine/Core/se_crypto_common.c ****   * @brief Secure Engine AES GCM Decrypt Init function.
 222:../../../../..//Middlewares/ST/STM32_Secure_Engine/Core/se_crypto_common.c ****   *        It is a wrapper of AES_GCM_Decrypt_Init function included in the protected area.
 223:../../../../..//Middlewares/ST/STM32_Secure_Engine/Core/se_crypto_common.c ****   *        This parameter can be a value of @ref SE_Status_Structure_definition.
 224:../../../../..//Middlewares/ST/STM32_Secure_Engine/Core/se_crypto_common.c ****   * @param pKey: pointer to the key.
 225:../../../../..//Middlewares/ST/STM32_Secure_Engine/Core/se_crypto_common.c ****   * @param pxSE_GCMInit: Secure Engine AES GCM Init structure.
 226:../../../../..//Middlewares/ST/STM32_Secure_Engine/Core/se_crypto_common.c ****   * @retval SE_ErrorStatus SE_SUCCESS if successful, SE_ERROR otherwise.
 227:../../../../..//Middlewares/ST/STM32_Secure_Engine/Core/se_crypto_common.c ****   */
 228:../../../../..//Middlewares/ST/STM32_Secure_Engine/Core/se_crypto_common.c **** SE_ErrorStatus SE_CRYPTO_AES_GCM_Decrypt_Init(const uint8_t *pKey, SE_GCMInitTypeDef *pxSE_GCMInit)
 229:../../../../..//Middlewares/ST/STM32_Secure_Engine/Core/se_crypto_common.c **** {
 339              		.loc 1 229 1 is_stmt 1 view -0
 340              		.cfi_startproc
 341              		@ args = 0, pretend = 0, frame = 0
 342              		@ frame_needed = 0, uses_anonymous_args = 0
 230:../../../../..//Middlewares/ST/STM32_Secure_Engine/Core/se_crypto_common.c ****   SE_ErrorStatus e_ret_status = SE_ERROR;
 343              		.loc 1 230 3 view .LVU84
 231:../../../../..//Middlewares/ST/STM32_Secure_Engine/Core/se_crypto_common.c ****   int32_t cryptolib_status;
 344              		.loc 1 231 3 view .LVU85
 232:../../../../..//Middlewares/ST/STM32_Secure_Engine/Core/se_crypto_common.c **** 
 233:../../../../..//Middlewares/ST/STM32_Secure_Engine/Core/se_crypto_common.c ****   /* Check the pointers allocation */
 234:../../../../..//Middlewares/ST/STM32_Secure_Engine/Core/se_crypto_common.c ****   if (pxSE_GCMInit == NULL)
 345              		.loc 1 234 3 view .LVU86
 229:../../../../..//Middlewares/ST/STM32_Secure_Engine/Core/se_crypto_common.c ****   SE_ErrorStatus e_ret_status = SE_ERROR;
 346              		.loc 1 229 1 is_stmt 0 view .LVU87
 347 0000 0300     		movs	r3, r0
 348 0002 10B5     		push	{r4, lr}
 349              	.LCFI4:
 350              		.cfi_def_cfa_offset 8
ARM GAS  /tmp/ccvRgEsK.s 			page 12


 351              		.cfi_offset 4, -8
 352              		.cfi_offset 14, -4
 353              		.loc 1 234 6 view .LVU88
 354 0004 0029     		cmp	r1, #0
 355 0006 01D1     		bne	.L35
 356              	.LVL36:
 357              	.L37:
 235:../../../../..//Middlewares/ST/STM32_Secure_Engine/Core/se_crypto_common.c ****   {
 236:../../../../..//Middlewares/ST/STM32_Secure_Engine/Core/se_crypto_common.c ****     return SE_ERROR;
 358              		.loc 1 236 12 view .LVU89
 359 0008 0C48     		ldr	r0, .L38
 360              	.LVL37:
 361              	.L34:
 237:../../../../..//Middlewares/ST/STM32_Secure_Engine/Core/se_crypto_common.c ****   }
 238:../../../../..//Middlewares/ST/STM32_Secure_Engine/Core/se_crypto_common.c **** 
 239:../../../../..//Middlewares/ST/STM32_Secure_Engine/Core/se_crypto_common.c ****   /* Set flag field to default value */
 240:../../../../..//Middlewares/ST/STM32_Secure_Engine/Core/se_crypto_common.c ****   m_xSE_AESGCMCtx.mFlags = E_SK_DEFAULT;
 241:../../../../..//Middlewares/ST/STM32_Secure_Engine/Core/se_crypto_common.c **** 
 242:../../../../..//Middlewares/ST/STM32_Secure_Engine/Core/se_crypto_common.c ****   /* Set key size to 16 (corresponding to AES-128) */
 243:../../../../..//Middlewares/ST/STM32_Secure_Engine/Core/se_crypto_common.c ****   m_xSE_AESGCMCtx.mKeySize = (int32_t) SE_SYMKEY_LEN;
 244:../../../../..//Middlewares/ST/STM32_Secure_Engine/Core/se_crypto_common.c **** 
 245:../../../../..//Middlewares/ST/STM32_Secure_Engine/Core/se_crypto_common.c ****   /* Set nonce size field to iv_length, note that valid values are 7,8,9,10,11,12,13 */
 246:../../../../..//Middlewares/ST/STM32_Secure_Engine/Core/se_crypto_common.c ****   m_xSE_AESGCMCtx.mIvSize = pxSE_GCMInit->NonceSize;
 247:../../../../..//Middlewares/ST/STM32_Secure_Engine/Core/se_crypto_common.c **** 
 248:../../../../..//Middlewares/ST/STM32_Secure_Engine/Core/se_crypto_common.c ****   /* Set the size of the header */
 249:../../../../..//Middlewares/ST/STM32_Secure_Engine/Core/se_crypto_common.c ****   m_xSE_AESGCMCtx.mAADsize = pxSE_GCMInit->HeaderSize;
 250:../../../../..//Middlewares/ST/STM32_Secure_Engine/Core/se_crypto_common.c **** 
 251:../../../../..//Middlewares/ST/STM32_Secure_Engine/Core/se_crypto_common.c ****   /* Set the size of thepayload */
 252:../../../../..//Middlewares/ST/STM32_Secure_Engine/Core/se_crypto_common.c ****   m_xSE_AESGCMCtx.mPayloadSize = pxSE_GCMInit->PayloadSize;
 253:../../../../..//Middlewares/ST/STM32_Secure_Engine/Core/se_crypto_common.c **** 
 254:../../../../..//Middlewares/ST/STM32_Secure_Engine/Core/se_crypto_common.c ****   /* Set the pointer to the TAG to be checked */
 255:../../../../..//Middlewares/ST/STM32_Secure_Engine/Core/se_crypto_common.c ****   m_xSE_AESGCMCtx.pmTag = pxSE_GCMInit->pTag;
 256:../../../../..//Middlewares/ST/STM32_Secure_Engine/Core/se_crypto_common.c **** 
 257:../../../../..//Middlewares/ST/STM32_Secure_Engine/Core/se_crypto_common.c ****   /* Size of returned authentication TAG */
 258:../../../../..//Middlewares/ST/STM32_Secure_Engine/Core/se_crypto_common.c ****   m_xSE_AESGCMCtx.mTagSize = pxSE_GCMInit->TagSize;
 259:../../../../..//Middlewares/ST/STM32_Secure_Engine/Core/se_crypto_common.c **** 
 260:../../../../..//Middlewares/ST/STM32_Secure_Engine/Core/se_crypto_common.c ****   /* Crypto function call */
 261:../../../../..//Middlewares/ST/STM32_Secure_Engine/Core/se_crypto_common.c ****   cryptolib_status = AES_GCM_Decrypt_Init(&m_xSE_AESGCMCtx, pKey, pxSE_GCMInit->pNonce);
 262:../../../../..//Middlewares/ST/STM32_Secure_Engine/Core/se_crypto_common.c **** 
 263:../../../../..//Middlewares/ST/STM32_Secure_Engine/Core/se_crypto_common.c ****   /* Return status */
 264:../../../../..//Middlewares/ST/STM32_Secure_Engine/Core/se_crypto_common.c ****   if (cryptolib_status == AES_SUCCESS)
 265:../../../../..//Middlewares/ST/STM32_Secure_Engine/Core/se_crypto_common.c ****   {
 266:../../../../..//Middlewares/ST/STM32_Secure_Engine/Core/se_crypto_common.c ****     e_ret_status = SE_SUCCESS;
 267:../../../../..//Middlewares/ST/STM32_Secure_Engine/Core/se_crypto_common.c ****   }
 268:../../../../..//Middlewares/ST/STM32_Secure_Engine/Core/se_crypto_common.c **** 
 269:../../../../..//Middlewares/ST/STM32_Secure_Engine/Core/se_crypto_common.c ****   return e_ret_status;
 270:../../../../..//Middlewares/ST/STM32_Secure_Engine/Core/se_crypto_common.c **** }
 362              		.loc 1 270 1 view .LVU90
 363              		@ sp needed
 364 000a 10BD     		pop	{r4, pc}
 365              	.LVL38:
 366              	.L35:
 240:../../../../..//Middlewares/ST/STM32_Secure_Engine/Core/se_crypto_common.c **** 
 367              		.loc 1 240 3 is_stmt 1 view .LVU91
 240:../../../../..//Middlewares/ST/STM32_Secure_Engine/Core/se_crypto_common.c **** 
 368              		.loc 1 240 26 is_stmt 0 view .LVU92
 369 000c 0022     		movs	r2, #0
ARM GAS  /tmp/ccvRgEsK.s 			page 13


 370 000e 0C48     		ldr	r0, .L38+4
 371              	.LVL39:
 240:../../../../..//Middlewares/ST/STM32_Secure_Engine/Core/se_crypto_common.c **** 
 372              		.loc 1 240 26 view .LVU93
 373 0010 0271     		strb	r2, [r0, #4]
 243:../../../../..//Middlewares/ST/STM32_Secure_Engine/Core/se_crypto_common.c **** 
 374              		.loc 1 243 3 is_stmt 1 view .LVU94
 243:../../../../..//Middlewares/ST/STM32_Secure_Engine/Core/se_crypto_common.c **** 
 375              		.loc 1 243 28 is_stmt 0 view .LVU95
 376 0012 1032     		adds	r2, r2, #16
 377 0014 4262     		str	r2, [r0, #36]
 246:../../../../..//Middlewares/ST/STM32_Secure_Engine/Core/se_crypto_common.c **** 
 378              		.loc 1 246 3 is_stmt 1 view .LVU96
 246:../../../../..//Middlewares/ST/STM32_Secure_Engine/Core/se_crypto_common.c **** 
 379              		.loc 1 246 27 is_stmt 0 view .LVU97
 380 0016 4A68     		ldr	r2, [r1, #4]
 381 0018 0261     		str	r2, [r0, #16]
 249:../../../../..//Middlewares/ST/STM32_Secure_Engine/Core/se_crypto_common.c **** 
 382              		.loc 1 249 3 is_stmt 1 view .LVU98
 249:../../../../..//Middlewares/ST/STM32_Secure_Engine/Core/se_crypto_common.c **** 
 383              		.loc 1 249 28 is_stmt 0 view .LVU99
 384 001a 0A69     		ldr	r2, [r1, #16]
 385 001c 0263     		str	r2, [r0, #48]
 252:../../../../..//Middlewares/ST/STM32_Secure_Engine/Core/se_crypto_common.c **** 
 386              		.loc 1 252 3 is_stmt 1 view .LVU100
 252:../../../../..//Middlewares/ST/STM32_Secure_Engine/Core/se_crypto_common.c **** 
 387              		.loc 1 252 32 is_stmt 0 view .LVU101
 388 001e 4A69     		ldr	r2, [r1, #20]
 389 0020 4263     		str	r2, [r0, #52]
 255:../../../../..//Middlewares/ST/STM32_Secure_Engine/Core/se_crypto_common.c **** 
 390              		.loc 1 255 3 is_stmt 1 view .LVU102
 255:../../../../..//Middlewares/ST/STM32_Secure_Engine/Core/se_crypto_common.c **** 
 391              		.loc 1 255 25 is_stmt 0 view .LVU103
 392 0022 8A68     		ldr	r2, [r1, #8]
 393 0024 8262     		str	r2, [r0, #40]
 258:../../../../..//Middlewares/ST/STM32_Secure_Engine/Core/se_crypto_common.c **** 
 394              		.loc 1 258 3 is_stmt 1 view .LVU104
 258:../../../../..//Middlewares/ST/STM32_Secure_Engine/Core/se_crypto_common.c **** 
 395              		.loc 1 258 28 is_stmt 0 view .LVU105
 396 0026 CA68     		ldr	r2, [r1, #12]
 397 0028 C262     		str	r2, [r0, #44]
 261:../../../../..//Middlewares/ST/STM32_Secure_Engine/Core/se_crypto_common.c **** 
 398              		.loc 1 261 3 is_stmt 1 view .LVU106
 261:../../../../..//Middlewares/ST/STM32_Secure_Engine/Core/se_crypto_common.c **** 
 399              		.loc 1 261 22 is_stmt 0 view .LVU107
 400 002a 0A68     		ldr	r2, [r1]
 401 002c 1900     		movs	r1, r3
 402              	.LVL40:
 261:../../../../..//Middlewares/ST/STM32_Secure_Engine/Core/se_crypto_common.c **** 
 403              		.loc 1 261 22 view .LVU108
 404 002e FFF7FEFF 		bl	AES_GCM_Decrypt_Init
 405              	.LVL41:
 264:../../../../..//Middlewares/ST/STM32_Secure_Engine/Core/se_crypto_common.c ****   {
 406              		.loc 1 264 3 is_stmt 1 view .LVU109
 264:../../../../..//Middlewares/ST/STM32_Secure_Engine/Core/se_crypto_common.c ****   {
 407              		.loc 1 264 6 is_stmt 0 view .LVU110
 408 0032 0028     		cmp	r0, #0
ARM GAS  /tmp/ccvRgEsK.s 			page 14


 409 0034 E8D1     		bne	.L37
 266:../../../../..//Middlewares/ST/STM32_Secure_Engine/Core/se_crypto_common.c ****   }
 410              		.loc 1 266 18 view .LVU111
 411 0036 0348     		ldr	r0, .L38+8
 412              	.LVL42:
 266:../../../../..//Middlewares/ST/STM32_Secure_Engine/Core/se_crypto_common.c ****   }
 413              		.loc 1 266 18 view .LVU112
 414 0038 E7E7     		b	.L34
 415              	.L39:
 416 003a C046     		.align	2
 417              	.L38:
 418 003c 99870100 		.word	100249
 419 0040 00000000 		.word	m_xSE_AESGCMCtx
 420 0044 0F311200 		.word	1192207
 421              		.cfi_endproc
 422              	.LFE4:
 424              		.section	.text.SE_CRYPTO_AES_GCM_Decrypt_Append,"ax",%progbits
 425              		.align	1
 426              		.global	SE_CRYPTO_AES_GCM_Decrypt_Append
 427              		.syntax unified
 428              		.code	16
 429              		.thumb_func
 431              	SE_CRYPTO_AES_GCM_Decrypt_Append:
 432              	.LVL43:
 433              	.LFB5:
 271:../../../../..//Middlewares/ST/STM32_Secure_Engine/Core/se_crypto_common.c **** 
 272:../../../../..//Middlewares/ST/STM32_Secure_Engine/Core/se_crypto_common.c **** /**
 273:../../../../..//Middlewares/ST/STM32_Secure_Engine/Core/se_crypto_common.c ****   * @brief Secure Engine AES GCM Decrypt Append function.
 274:../../../../..//Middlewares/ST/STM32_Secure_Engine/Core/se_crypto_common.c ****   *        It is a wrapper of AES_GCM_Decrypt_Append function included in the protected area.
 275:../../../../..//Middlewares/ST/STM32_Secure_Engine/Core/se_crypto_common.c ****   *        This parameter can be a value of @ref SE_Status_Structure_definition.
 276:../../../../..//Middlewares/ST/STM32_Secure_Engine/Core/se_crypto_common.c ****   * @param pInputBuffer: pointer to Input Buffer.
 277:../../../../..//Middlewares/ST/STM32_Secure_Engine/Core/se_crypto_common.c ****   * @param InputSize: Input Size (bytes).
 278:../../../../..//Middlewares/ST/STM32_Secure_Engine/Core/se_crypto_common.c ****   * @param pOutputBuffer: pointer to Output Buffer.
 279:../../../../..//Middlewares/ST/STM32_Secure_Engine/Core/se_crypto_common.c ****   * @param pOutputSize: pointer to Output Size (bytes).
 280:../../../../..//Middlewares/ST/STM32_Secure_Engine/Core/se_crypto_common.c ****   * @retval SE_ErrorStatus SE_SUCCESS if successful, SE_ERROR otherwise.
 281:../../../../..//Middlewares/ST/STM32_Secure_Engine/Core/se_crypto_common.c ****   */
 282:../../../../..//Middlewares/ST/STM32_Secure_Engine/Core/se_crypto_common.c **** SE_ErrorStatus SE_CRYPTO_AES_GCM_Decrypt_Append(const uint8_t *pInputBuffer, int32_t InputSize, uin
 283:../../../../..//Middlewares/ST/STM32_Secure_Engine/Core/se_crypto_common.c ****                                                 int32_t *pOutputSize)
 284:../../../../..//Middlewares/ST/STM32_Secure_Engine/Core/se_crypto_common.c **** {
 434              		.loc 1 284 1 is_stmt 1 view -0
 435              		.cfi_startproc
 436              		@ args = 0, pretend = 0, frame = 0
 437              		@ frame_needed = 0, uses_anonymous_args = 0
 285:../../../../..//Middlewares/ST/STM32_Secure_Engine/Core/se_crypto_common.c ****   SE_ErrorStatus e_ret_status = SE_ERROR;
 438              		.loc 1 285 3 view .LVU114
 286:../../../../..//Middlewares/ST/STM32_Secure_Engine/Core/se_crypto_common.c ****   int32_t cryptolib_status;
 439              		.loc 1 286 3 view .LVU115
 287:../../../../..//Middlewares/ST/STM32_Secure_Engine/Core/se_crypto_common.c **** 
 288:../../../../..//Middlewares/ST/STM32_Secure_Engine/Core/se_crypto_common.c ****   /* Check the pointers allocation */
 289:../../../../..//Middlewares/ST/STM32_Secure_Engine/Core/se_crypto_common.c ****   if ((pInputBuffer == NULL) || (pOutputBuffer == NULL) || (pOutputSize == NULL))
 440              		.loc 1 289 3 view .LVU116
 284:../../../../..//Middlewares/ST/STM32_Secure_Engine/Core/se_crypto_common.c ****   SE_ErrorStatus e_ret_status = SE_ERROR;
 441              		.loc 1 284 1 is_stmt 0 view .LVU117
 442 0000 13B5     		push	{r0, r1, r4, lr}
 443              	.LCFI5:
 444              		.cfi_def_cfa_offset 16
 445              		.cfi_offset 0, -16
ARM GAS  /tmp/ccvRgEsK.s 			page 15


 446              		.cfi_offset 1, -12
 447              		.cfi_offset 4, -8
 448              		.cfi_offset 14, -4
 284:../../../../..//Middlewares/ST/STM32_Secure_Engine/Core/se_crypto_common.c ****   SE_ErrorStatus e_ret_status = SE_ERROR;
 449              		.loc 1 284 1 view .LVU118
 450 0002 041E     		subs	r4, r0, #0
 451              		.loc 1 289 6 view .LVU119
 452 0004 03D0     		beq	.L41
 453              		.loc 1 289 30 discriminator 1 view .LVU120
 454 0006 002A     		cmp	r2, #0
 455 0008 01D0     		beq	.L41
 456              		.loc 1 289 57 discriminator 2 view .LVU121
 457 000a 002B     		cmp	r3, #0
 458 000c 01D1     		bne	.L42
 459              	.LVL44:
 460              	.L41:
 290:../../../../..//Middlewares/ST/STM32_Secure_Engine/Core/se_crypto_common.c ****   {
 291:../../../../..//Middlewares/ST/STM32_Secure_Engine/Core/se_crypto_common.c ****     return SE_ERROR;
 461              		.loc 1 291 12 view .LVU122
 462 000e 0648     		ldr	r0, .L50
 463              	.LVL45:
 464              	.L40:
 292:../../../../..//Middlewares/ST/STM32_Secure_Engine/Core/se_crypto_common.c ****   }
 293:../../../../..//Middlewares/ST/STM32_Secure_Engine/Core/se_crypto_common.c **** 
 294:../../../../..//Middlewares/ST/STM32_Secure_Engine/Core/se_crypto_common.c ****   /* Crypto function call */
 295:../../../../..//Middlewares/ST/STM32_Secure_Engine/Core/se_crypto_common.c ****   cryptolib_status = AES_GCM_Decrypt_Append(&m_xSE_AESGCMCtx, pInputBuffer, InputSize, pOutputBuffe
 296:../../../../..//Middlewares/ST/STM32_Secure_Engine/Core/se_crypto_common.c **** 
 297:../../../../..//Middlewares/ST/STM32_Secure_Engine/Core/se_crypto_common.c ****   /* Return status */
 298:../../../../..//Middlewares/ST/STM32_Secure_Engine/Core/se_crypto_common.c ****   if (cryptolib_status == AES_SUCCESS)
 299:../../../../..//Middlewares/ST/STM32_Secure_Engine/Core/se_crypto_common.c ****   {
 300:../../../../..//Middlewares/ST/STM32_Secure_Engine/Core/se_crypto_common.c ****     e_ret_status = SE_SUCCESS;
 301:../../../../..//Middlewares/ST/STM32_Secure_Engine/Core/se_crypto_common.c ****   }
 302:../../../../..//Middlewares/ST/STM32_Secure_Engine/Core/se_crypto_common.c **** 
 303:../../../../..//Middlewares/ST/STM32_Secure_Engine/Core/se_crypto_common.c ****   return e_ret_status;
 304:../../../../..//Middlewares/ST/STM32_Secure_Engine/Core/se_crypto_common.c **** }
 465              		.loc 1 304 1 view .LVU123
 466              		@ sp needed
 467              	.LVL46:
 468              		.loc 1 304 1 view .LVU124
 469 0010 16BD     		pop	{r1, r2, r4, pc}
 470              	.LVL47:
 471              	.L42:
 295:../../../../..//Middlewares/ST/STM32_Secure_Engine/Core/se_crypto_common.c **** 
 472              		.loc 1 295 3 is_stmt 1 view .LVU125
 295:../../../../..//Middlewares/ST/STM32_Secure_Engine/Core/se_crypto_common.c **** 
 473              		.loc 1 295 22 is_stmt 0 view .LVU126
 474 0012 0093     		str	r3, [sp]
 475 0014 0548     		ldr	r0, .L50+4
 476              	.LVL48:
 295:../../../../..//Middlewares/ST/STM32_Secure_Engine/Core/se_crypto_common.c **** 
 477              		.loc 1 295 22 view .LVU127
 478 0016 1300     		movs	r3, r2
 479              	.LVL49:
 295:../../../../..//Middlewares/ST/STM32_Secure_Engine/Core/se_crypto_common.c **** 
 480              		.loc 1 295 22 view .LVU128
 481 0018 0A00     		movs	r2, r1
 482              	.LVL50:
ARM GAS  /tmp/ccvRgEsK.s 			page 16


 295:../../../../..//Middlewares/ST/STM32_Secure_Engine/Core/se_crypto_common.c **** 
 483              		.loc 1 295 22 view .LVU129
 484 001a 2100     		movs	r1, r4
 485              	.LVL51:
 295:../../../../..//Middlewares/ST/STM32_Secure_Engine/Core/se_crypto_common.c **** 
 486              		.loc 1 295 22 view .LVU130
 487 001c FFF7FEFF 		bl	AES_GCM_Decrypt_Append
 488              	.LVL52:
 298:../../../../..//Middlewares/ST/STM32_Secure_Engine/Core/se_crypto_common.c ****   {
 489              		.loc 1 298 3 is_stmt 1 view .LVU131
 298:../../../../..//Middlewares/ST/STM32_Secure_Engine/Core/se_crypto_common.c ****   {
 490              		.loc 1 298 6 is_stmt 0 view .LVU132
 491 0020 0028     		cmp	r0, #0
 492 0022 F4D1     		bne	.L41
 300:../../../../..//Middlewares/ST/STM32_Secure_Engine/Core/se_crypto_common.c ****   }
 493              		.loc 1 300 18 view .LVU133
 494 0024 0248     		ldr	r0, .L50+8
 495              	.LVL53:
 300:../../../../..//Middlewares/ST/STM32_Secure_Engine/Core/se_crypto_common.c ****   }
 496              		.loc 1 300 18 view .LVU134
 497 0026 F3E7     		b	.L40
 498              	.L51:
 499              		.align	2
 500              	.L50:
 501 0028 99870100 		.word	100249
 502 002c 00000000 		.word	m_xSE_AESGCMCtx
 503 0030 0F311200 		.word	1192207
 504              		.cfi_endproc
 505              	.LFE5:
 507              		.section	.text.SE_CRYPTO_AES_GCM_Decrypt_Finish,"ax",%progbits
 508              		.align	1
 509              		.global	SE_CRYPTO_AES_GCM_Decrypt_Finish
 510              		.syntax unified
 511              		.code	16
 512              		.thumb_func
 514              	SE_CRYPTO_AES_GCM_Decrypt_Finish:
 515              	.LVL54:
 516              	.LFB6:
 305:../../../../..//Middlewares/ST/STM32_Secure_Engine/Core/se_crypto_common.c **** 
 306:../../../../..//Middlewares/ST/STM32_Secure_Engine/Core/se_crypto_common.c **** /**
 307:../../../../..//Middlewares/ST/STM32_Secure_Engine/Core/se_crypto_common.c ****   * @brief Secure Engine AES GCM Decrypt Finish function.
 308:../../../../..//Middlewares/ST/STM32_Secure_Engine/Core/se_crypto_common.c ****   *        It is a wrapper of AES_GCM_Decrypt_Finish function included in the protected area.
 309:../../../../..//Middlewares/ST/STM32_Secure_Engine/Core/se_crypto_common.c ****   *        This parameter can be a value of @ref SE_Status_Structure_definition.
 310:../../../../..//Middlewares/ST/STM32_Secure_Engine/Core/se_crypto_common.c ****   * @param pOutputBuffer: pointer to Output Buffer.
 311:../../../../..//Middlewares/ST/STM32_Secure_Engine/Core/se_crypto_common.c ****   * @param pOutputSize: pointer to Output Size (bytes).
 312:../../../../..//Middlewares/ST/STM32_Secure_Engine/Core/se_crypto_common.c ****   * @retval SE_ErrorStatus SE_SUCCESS if successful, SE_ERROR otherwise.
 313:../../../../..//Middlewares/ST/STM32_Secure_Engine/Core/se_crypto_common.c ****   */
 314:../../../../..//Middlewares/ST/STM32_Secure_Engine/Core/se_crypto_common.c **** SE_ErrorStatus SE_CRYPTO_AES_GCM_Decrypt_Finish(uint8_t *pOutputBuffer, int32_t *pOutputSize)
 315:../../../../..//Middlewares/ST/STM32_Secure_Engine/Core/se_crypto_common.c **** {
 517              		.loc 1 315 1 is_stmt 1 view -0
 518              		.cfi_startproc
 519              		@ args = 0, pretend = 0, frame = 0
 520              		@ frame_needed = 0, uses_anonymous_args = 0
 316:../../../../..//Middlewares/ST/STM32_Secure_Engine/Core/se_crypto_common.c ****   SE_ErrorStatus e_ret_status = SE_ERROR;
 521              		.loc 1 316 3 view .LVU136
 317:../../../../..//Middlewares/ST/STM32_Secure_Engine/Core/se_crypto_common.c ****   int32_t cryptolib_status;
 522              		.loc 1 317 3 view .LVU137
ARM GAS  /tmp/ccvRgEsK.s 			page 17


 318:../../../../..//Middlewares/ST/STM32_Secure_Engine/Core/se_crypto_common.c **** 
 319:../../../../..//Middlewares/ST/STM32_Secure_Engine/Core/se_crypto_common.c ****   /* Check the pointers allocation */
 320:../../../../..//Middlewares/ST/STM32_Secure_Engine/Core/se_crypto_common.c ****   if ((pOutputBuffer == NULL) || (pOutputSize == NULL))
 523              		.loc 1 320 3 view .LVU138
 315:../../../../..//Middlewares/ST/STM32_Secure_Engine/Core/se_crypto_common.c ****   SE_ErrorStatus e_ret_status = SE_ERROR;
 524              		.loc 1 315 1 is_stmt 0 view .LVU139
 525 0000 0A00     		movs	r2, r1
 526 0002 10B5     		push	{r4, lr}
 527              	.LCFI6:
 528              		.cfi_def_cfa_offset 8
 529              		.cfi_offset 4, -8
 530              		.cfi_offset 14, -4
 531              		.loc 1 320 6 view .LVU140
 532 0004 0028     		cmp	r0, #0
 533 0006 01D0     		beq	.L53
 534              		.loc 1 320 31 discriminator 1 view .LVU141
 535 0008 0029     		cmp	r1, #0
 536 000a 01D1     		bne	.L54
 537              	.LVL55:
 538              	.L53:
 321:../../../../..//Middlewares/ST/STM32_Secure_Engine/Core/se_crypto_common.c ****   {
 322:../../../../..//Middlewares/ST/STM32_Secure_Engine/Core/se_crypto_common.c ****     return SE_ERROR;
 539              		.loc 1 322 12 view .LVU142
 540 000c 0548     		ldr	r0, .L59
 541              	.LVL56:
 542              	.L52:
 323:../../../../..//Middlewares/ST/STM32_Secure_Engine/Core/se_crypto_common.c ****   }
 324:../../../../..//Middlewares/ST/STM32_Secure_Engine/Core/se_crypto_common.c **** 
 325:../../../../..//Middlewares/ST/STM32_Secure_Engine/Core/se_crypto_common.c ****   /* Crypto function call */
 326:../../../../..//Middlewares/ST/STM32_Secure_Engine/Core/se_crypto_common.c ****   cryptolib_status = AES_GCM_Decrypt_Finish(&m_xSE_AESGCMCtx, pOutputBuffer, pOutputSize);
 327:../../../../..//Middlewares/ST/STM32_Secure_Engine/Core/se_crypto_common.c **** 
 328:../../../../..//Middlewares/ST/STM32_Secure_Engine/Core/se_crypto_common.c ****   /* Return status */
 329:../../../../..//Middlewares/ST/STM32_Secure_Engine/Core/se_crypto_common.c ****   if (cryptolib_status == AUTHENTICATION_SUCCESSFUL)
 330:../../../../..//Middlewares/ST/STM32_Secure_Engine/Core/se_crypto_common.c ****   {
 331:../../../../..//Middlewares/ST/STM32_Secure_Engine/Core/se_crypto_common.c ****     e_ret_status = SE_SUCCESS;
 332:../../../../..//Middlewares/ST/STM32_Secure_Engine/Core/se_crypto_common.c ****   }
 333:../../../../..//Middlewares/ST/STM32_Secure_Engine/Core/se_crypto_common.c **** 
 334:../../../../..//Middlewares/ST/STM32_Secure_Engine/Core/se_crypto_common.c ****   return e_ret_status;
 335:../../../../..//Middlewares/ST/STM32_Secure_Engine/Core/se_crypto_common.c **** }
 543              		.loc 1 335 1 view .LVU143
 544              		@ sp needed
 545 000e 10BD     		pop	{r4, pc}
 546              	.LVL57:
 547              	.L54:
 326:../../../../..//Middlewares/ST/STM32_Secure_Engine/Core/se_crypto_common.c **** 
 548              		.loc 1 326 3 is_stmt 1 view .LVU144
 326:../../../../..//Middlewares/ST/STM32_Secure_Engine/Core/se_crypto_common.c **** 
 549              		.loc 1 326 22 is_stmt 0 view .LVU145
 550 0010 054B     		ldr	r3, .L59+4
 551 0012 0100     		movs	r1, r0
 552              	.LVL58:
 326:../../../../..//Middlewares/ST/STM32_Secure_Engine/Core/se_crypto_common.c **** 
 553              		.loc 1 326 22 view .LVU146
 554 0014 1800     		movs	r0, r3
 555              	.LVL59:
 326:../../../../..//Middlewares/ST/STM32_Secure_Engine/Core/se_crypto_common.c **** 
 556              		.loc 1 326 22 view .LVU147
ARM GAS  /tmp/ccvRgEsK.s 			page 18


 557 0016 FFF7FEFF 		bl	AES_GCM_Decrypt_Finish
 558              	.LVL60:
 329:../../../../..//Middlewares/ST/STM32_Secure_Engine/Core/se_crypto_common.c ****   {
 559              		.loc 1 329 3 is_stmt 1 view .LVU148
 329:../../../../..//Middlewares/ST/STM32_Secure_Engine/Core/se_crypto_common.c ****   {
 560              		.loc 1 329 6 is_stmt 0 view .LVU149
 561 001a 044B     		ldr	r3, .L59+8
 562 001c 9842     		cmp	r0, r3
 563 001e F5D1     		bne	.L53
 331:../../../../..//Middlewares/ST/STM32_Secure_Engine/Core/se_crypto_common.c ****   }
 564              		.loc 1 331 18 view .LVU150
 565 0020 0348     		ldr	r0, .L59+12
 566              	.LVL61:
 331:../../../../..//Middlewares/ST/STM32_Secure_Engine/Core/se_crypto_common.c ****   }
 567              		.loc 1 331 18 view .LVU151
 568 0022 F4E7     		b	.L52
 569              	.L60:
 570              		.align	2
 571              	.L59:
 572 0024 99870100 		.word	100249
 573 0028 00000000 		.word	m_xSE_AESGCMCtx
 574 002c EB030000 		.word	1003
 575 0030 0F311200 		.word	1192207
 576              		.cfi_endproc
 577              	.LFE6:
 579              		.global	m_xSE_AESGCMCtx
 580              		.section	.bss.m_xSE_AESGCMCtx,"aw",%nobits
 581              		.align	2
 584              	m_xSE_AESGCMCtx:
 585 0000 00000000 		.space	2360
 585      00000000 
 585      00000000 
 585      00000000 
 585      00000000 
 586              		.text
 587              	.Letext0:
 588              		.file 2 "/usr/lib/gcc/arm-none-eabi/13.2.1/include/stdint.h"
 589              		.file 3 "../../../../..//Middlewares/ST/STM32_Secure_Engine/Core/se_def_core.h"
 590              		.file 4 "../../../../..//Middlewares/ST/STM32_Secure_Engine/Core/se_crypto_common.h"
 591              		.file 5 "../../../../..//Middlewares/ST/STM32_Cryptographic/Fw_Crypto/STM32G0/Inc/Common/sk.h"
 592              		.file 6 "../../../../..//Middlewares/ST/STM32_Cryptographic/Fw_Crypto/STM32G0/Inc/AES/GCM/aes_gcm.
ARM GAS  /tmp/ccvRgEsK.s 			page 19


DEFINED SYMBOLS
                            *ABS*:00000000 se_crypto_common.c
     /tmp/ccvRgEsK.s:19     .text.SE_CRYPTO_AES_GCM_Encrypt_Init:00000000 $t
     /tmp/ccvRgEsK.s:25     .text.SE_CRYPTO_AES_GCM_Encrypt_Init:00000000 SE_CRYPTO_AES_GCM_Encrypt_Init
     /tmp/ccvRgEsK.s:103    .text.SE_CRYPTO_AES_GCM_Encrypt_Init:00000038 $d
     /tmp/ccvRgEsK.s:584    .bss.m_xSE_AESGCMCtx:00000000 m_xSE_AESGCMCtx
     /tmp/ccvRgEsK.s:110    .text.SE_CRYPTO_AES_GCM_Header_Append:00000000 $t
     /tmp/ccvRgEsK.s:116    .text.SE_CRYPTO_AES_GCM_Header_Append:00000000 SE_CRYPTO_AES_GCM_Header_Append
     /tmp/ccvRgEsK.s:170    .text.SE_CRYPTO_AES_GCM_Header_Append:00000020 $d
     /tmp/ccvRgEsK.s:177    .text.SE_CRYPTO_AES_GCM_Encrypt_Append:00000000 $t
     /tmp/ccvRgEsK.s:183    .text.SE_CRYPTO_AES_GCM_Encrypt_Append:00000000 SE_CRYPTO_AES_GCM_Encrypt_Append
     /tmp/ccvRgEsK.s:253    .text.SE_CRYPTO_AES_GCM_Encrypt_Append:00000028 $d
     /tmp/ccvRgEsK.s:260    .text.SE_CRYPTO_AES_GCM_Encrypt_Finish:00000000 $t
     /tmp/ccvRgEsK.s:266    .text.SE_CRYPTO_AES_GCM_Encrypt_Finish:00000000 SE_CRYPTO_AES_GCM_Encrypt_Finish
     /tmp/ccvRgEsK.s:323    .text.SE_CRYPTO_AES_GCM_Encrypt_Finish:00000024 $d
     /tmp/ccvRgEsK.s:330    .text.SE_CRYPTO_AES_GCM_Decrypt_Init:00000000 $t
     /tmp/ccvRgEsK.s:336    .text.SE_CRYPTO_AES_GCM_Decrypt_Init:00000000 SE_CRYPTO_AES_GCM_Decrypt_Init
     /tmp/ccvRgEsK.s:418    .text.SE_CRYPTO_AES_GCM_Decrypt_Init:0000003c $d
     /tmp/ccvRgEsK.s:425    .text.SE_CRYPTO_AES_GCM_Decrypt_Append:00000000 $t
     /tmp/ccvRgEsK.s:431    .text.SE_CRYPTO_AES_GCM_Decrypt_Append:00000000 SE_CRYPTO_AES_GCM_Decrypt_Append
     /tmp/ccvRgEsK.s:501    .text.SE_CRYPTO_AES_GCM_Decrypt_Append:00000028 $d
     /tmp/ccvRgEsK.s:508    .text.SE_CRYPTO_AES_GCM_Decrypt_Finish:00000000 $t
     /tmp/ccvRgEsK.s:514    .text.SE_CRYPTO_AES_GCM_Decrypt_Finish:00000000 SE_CRYPTO_AES_GCM_Decrypt_Finish
     /tmp/ccvRgEsK.s:572    .text.SE_CRYPTO_AES_GCM_Decrypt_Finish:00000024 $d
     /tmp/ccvRgEsK.s:581    .bss.m_xSE_AESGCMCtx:00000000 $d
                           .group:00000000 wm4.0.e310b2036dcc8a4d3b16f3fea9ebd0de
                           .group:00000000 wm4.stdint.h.29.6d480f4ba0f60596e88234283d42444f
                           .group:00000000 wm4.se_def_core.h.21.4e4ed01aa34801a3fdac798922254e8b
                           .group:00000000 wm4.se_crypto_config.h.23.4877f252b7277cd509a204488365106b
                           .group:00000000 wm4.se_def_metadata.h.53.a6db72eb1c0ccedcf70ef4ddface5795
                           .group:00000000 wm4.se_crypto_common.h.89.67bbcd87bb3f2c99237ee2f8c9b56058
                           .group:00000000 wm4.config.h.24.51c48a94b887ff5cf1c386bca658d2dc
                           .group:00000000 wm4.crypto.h.26.8de3bdce721cb685a2ea01f8cafd8a8f
                           .group:00000000 wm4.ieeefp.h.77.fbf6f2f498a71d39a0aaf172d6680419
                           .group:00000000 wm4._newlib_version.h.4.411db44ea2338a62eca2f0777f81481b
                           .group:00000000 wm4.newlib.h.27.07bf1b8b16da454ae07478107717878b
                           .group:00000000 wm4.features.h.22.4e5514d51694f64cae235f84d9e565a5
                           .group:00000000 wm4.config.h.224.10ee1ad185d877c6e334e6581faab44d
                           .group:00000000 wm4._ansi.h.31.de524f58584151836e90d8620a16f8e8
                           .group:00000000 wm4.stdlib.h.13.4ed386f5c1a80d71e72172885d946ef2
                           .group:00000000 wm4.stddef.h.185.882514a1a6169ceba9142f401cbe27c6
                           .group:00000000 wm4.stddef.h.39.794fa375de48dda278c4aebb5c74aa5b
                           .group:00000000 wm4._default_types.h.6.959254cf5f09734ea7516c89e8bb21bd
                           .group:00000000 wm4.cdefs.h.49.70fc7af612f78ddcace70fdd90b5623b
                           .group:00000000 wm4._types.h.20.dd0d04dca3800a0d2a6129b87f3adbb2
                           .group:00000000 wm4.stddef.h.158.6f8e08a347b1cff664332fa350bfceb3
                           .group:00000000 wm4._types.h.127.3bdfe3ff8ea2d0985b03d9cbe93480e3
                           .group:00000000 wm4.reent.h.18.25503cdc8b7e55dd0d6ea7b3e5af7a03
                           .group:00000000 wm4.lock.h.2.c0958401bd0ce484d507ee19aacab817
                           .group:00000000 wm4.reent.h.78.7f0775353a33c852a1479c008f68cd03
                           .group:00000000 wm4.alloca.h.8.dfc0c703c47ec3e69746825b17d9e66d
                           .group:00000000 wm4.stdlib.h.56.f4862cfbf4363a1db01842d5bdf72c18
                           .group:00000000 wm4.macros.h.22.e3df62ab94285aefb5fa7fb6a08a233d
                           .group:00000000 wm4.err_codes.h.46.205397828000242a36f81a030e1a5c0f
                           .group:00000000 wm4.sk.h.22.c9b96eae516f1250623b28b2d3be7ae7
                           .group:00000000 wm4.aes_low_level.h.21.f37cc973c4451a1729844f6018a685ac
                           .group:00000000 wm4.aes_common.h.22.746c780b78d5413d6ef9cd682f41c128
ARM GAS  /tmp/ccvRgEsK.s 			page 20


                           .group:00000000 wm4.aes_keywrap.h.21.f094f7aef55082a5f1c6dd3c1c791858
                           .group:00000000 wm4.des_common.h.21.138ddc6e7cd73d0b9af19a6f298c684c
                           .group:00000000 wm4.tdes_common.h.22.2655fda4899ccca4f3fb947d7cb688dc
                           .group:00000000 wm4.md5.h.23.477f1d318eacb83cb36b6be53c148170
                           .group:00000000 wm4.sha1.h.24.a0152df6718ca12275637d2e495942f8
                           .group:00000000 wm4.sha224.h.22.b5c8e990311fb8284401f8b6fc57479e
                           .group:00000000 wm4.sha256.h.24.690aad31db462fa0654e50ec1a0755b5
                           .group:00000000 wm4.sha384.h.69.2a1294003b6a0e1510db308637e6e49b
                           .group:00000000 wm4.sha512.h.68.3569ead0524f5368ebdcca677d53bc7f
                           .group:00000000 wm4.bn.h.22.96e9e7a1bf8b3572035a373bc5644a08
                           .group:00000000 wm4.monty.h.22.4296ce6d27f4495373509f6dbfe86716
                           .group:00000000 wm4.drbg.h.22.8f58893a07ffd71c18535073a12858b8
                           .group:00000000 wm4.rsa_low_level.h.21.8c9ff469157170dbb1ae4546f8d94ff0
                           .group:00000000 wm4.chacha.h.23.54dea0c81b9d9634513154374bcc0987

UNDEFINED SYMBOLS
AES_GCM_Encrypt_Init
AES_GCM_Header_Append
AES_GCM_Encrypt_Append
AES_GCM_Encrypt_Finish
AES_GCM_Decrypt_Init
AES_GCM_Decrypt_Append
AES_GCM_Decrypt_Finish
