ARM GAS  /tmp/ccKmSKlx.s 			page 1


   1              		.cpu cortex-m0plus
   2              		.arch armv6s-m
   3              		.fpu softvfp
   4              		.eabi_attribute 20, 1
   5              		.eabi_attribute 21, 1
   6              		.eabi_attribute 23, 3
   7              		.eabi_attribute 24, 1
   8              		.eabi_attribute 25, 1
   9              		.eabi_attribute 26, 1
  10              		.eabi_attribute 30, 4
  11              		.eabi_attribute 34, 0
  12              		.eabi_attribute 18, 4
  13              		.file	"se_utils.c"
  14              		.text
  15              	.Ltext0:
  16              		.cfi_sections	.debug_frame
  17              		.file 1 "../../../../..//Middlewares/ST/STM32_Secure_Engine/Core/se_utils.c"
  18              		.section	.text.SE_SetSystemCoreClock,"ax",%progbits
  19              		.align	1
  20              		.global	SE_SetSystemCoreClock
  21              		.syntax unified
  22              		.code	16
  23              		.thumb_func
  25              	SE_SetSystemCoreClock:
  26              	.LVL0:
  27              	.LFB180:
   1:../../../../..//Middlewares/ST/STM32_Secure_Engine/Core/se_utils.c **** /**
   2:../../../../..//Middlewares/ST/STM32_Secure_Engine/Core/se_utils.c ****   ******************************************************************************
   3:../../../../..//Middlewares/ST/STM32_Secure_Engine/Core/se_utils.c ****   * @file    se_utils.c
   4:../../../../..//Middlewares/ST/STM32_Secure_Engine/Core/se_utils.c ****   * @author  MCD Application Team
   5:../../../../..//Middlewares/ST/STM32_Secure_Engine/Core/se_utils.c ****   * @brief   Secure Engine UTILS module.
   6:../../../../..//Middlewares/ST/STM32_Secure_Engine/Core/se_utils.c ****   *          This file provides set of firmware functions to manage SE Utils
   7:../../../../..//Middlewares/ST/STM32_Secure_Engine/Core/se_utils.c ****   *          functionalities.
   8:../../../../..//Middlewares/ST/STM32_Secure_Engine/Core/se_utils.c ****   ******************************************************************************
   9:../../../../..//Middlewares/ST/STM32_Secure_Engine/Core/se_utils.c ****   * @attention
  10:../../../../..//Middlewares/ST/STM32_Secure_Engine/Core/se_utils.c ****   *
  11:../../../../..//Middlewares/ST/STM32_Secure_Engine/Core/se_utils.c ****   * Copyright (c) 2017 STMicroelectronics.
  12:../../../../..//Middlewares/ST/STM32_Secure_Engine/Core/se_utils.c ****   * All rights reserved.
  13:../../../../..//Middlewares/ST/STM32_Secure_Engine/Core/se_utils.c ****   *
  14:../../../../..//Middlewares/ST/STM32_Secure_Engine/Core/se_utils.c ****   * This software is licensed under terms that can be found in the LICENSE file in
  15:../../../../..//Middlewares/ST/STM32_Secure_Engine/Core/se_utils.c ****   * the root directory of this software component.
  16:../../../../..//Middlewares/ST/STM32_Secure_Engine/Core/se_utils.c ****   * If no LICENSE file comes with this software, it is provided AS-IS.
  17:../../../../..//Middlewares/ST/STM32_Secure_Engine/Core/se_utils.c ****   *
  18:../../../../..//Middlewares/ST/STM32_Secure_Engine/Core/se_utils.c ****   ******************************************************************************
  19:../../../../..//Middlewares/ST/STM32_Secure_Engine/Core/se_utils.c ****   */
  20:../../../../..//Middlewares/ST/STM32_Secure_Engine/Core/se_utils.c **** 
  21:../../../../..//Middlewares/ST/STM32_Secure_Engine/Core/se_utils.c **** /* Includes ------------------------------------------------------------------*/
  22:../../../../..//Middlewares/ST/STM32_Secure_Engine/Core/se_utils.c **** #include "stddef.h"
  23:../../../../..//Middlewares/ST/STM32_Secure_Engine/Core/se_utils.c **** #include "se_low_level.h"
  24:../../../../..//Middlewares/ST/STM32_Secure_Engine/Core/se_utils.c **** #include "se_utils.h"
  25:../../../../..//Middlewares/ST/STM32_Secure_Engine/Core/se_utils.c **** 
  26:../../../../..//Middlewares/ST/STM32_Secure_Engine/Core/se_utils.c **** /** @addtogroup SE Secure Engine
  27:../../../../..//Middlewares/ST/STM32_Secure_Engine/Core/se_utils.c ****   * @{
  28:../../../../..//Middlewares/ST/STM32_Secure_Engine/Core/se_utils.c ****   */
  29:../../../../..//Middlewares/ST/STM32_Secure_Engine/Core/se_utils.c **** 
  30:../../../../..//Middlewares/ST/STM32_Secure_Engine/Core/se_utils.c **** /** @addtogroup SE_CORE SE Core
  31:../../../../..//Middlewares/ST/STM32_Secure_Engine/Core/se_utils.c ****   * @{
ARM GAS  /tmp/ccKmSKlx.s 			page 2


  32:../../../../..//Middlewares/ST/STM32_Secure_Engine/Core/se_utils.c ****   */
  33:../../../../..//Middlewares/ST/STM32_Secure_Engine/Core/se_utils.c **** 
  34:../../../../..//Middlewares/ST/STM32_Secure_Engine/Core/se_utils.c **** /** @defgroup  SE_UTILS SE Utils
  35:../../../../..//Middlewares/ST/STM32_Secure_Engine/Core/se_utils.c ****   * @{
  36:../../../../..//Middlewares/ST/STM32_Secure_Engine/Core/se_utils.c ****   */
  37:../../../../..//Middlewares/ST/STM32_Secure_Engine/Core/se_utils.c **** 
  38:../../../../..//Middlewares/ST/STM32_Secure_Engine/Core/se_utils.c **** /** @defgroup SE_UTILS_Private_Variables Private Variables
  39:../../../../..//Middlewares/ST/STM32_Secure_Engine/Core/se_utils.c ****   * @{
  40:../../../../..//Middlewares/ST/STM32_Secure_Engine/Core/se_utils.c ****   */
  41:../../../../..//Middlewares/ST/STM32_Secure_Engine/Core/se_utils.c **** static uint32_t m_uSE_SystemCoreClock;           /*!< System clock used for tick calculation */
  42:../../../../..//Middlewares/ST/STM32_Secure_Engine/Core/se_utils.c **** 
  43:../../../../..//Middlewares/ST/STM32_Secure_Engine/Core/se_utils.c **** /**
  44:../../../../..//Middlewares/ST/STM32_Secure_Engine/Core/se_utils.c ****   * @}
  45:../../../../..//Middlewares/ST/STM32_Secure_Engine/Core/se_utils.c ****   */
  46:../../../../..//Middlewares/ST/STM32_Secure_Engine/Core/se_utils.c **** 
  47:../../../../..//Middlewares/ST/STM32_Secure_Engine/Core/se_utils.c **** /** @defgroup SE_UTILS_Exported_Functions Exported Functions
  48:../../../../..//Middlewares/ST/STM32_Secure_Engine/Core/se_utils.c ****   * @{
  49:../../../../..//Middlewares/ST/STM32_Secure_Engine/Core/se_utils.c ****   */
  50:../../../../..//Middlewares/ST/STM32_Secure_Engine/Core/se_utils.c **** 
  51:../../../../..//Middlewares/ST/STM32_Secure_Engine/Core/se_utils.c **** /**
  52:../../../../..//Middlewares/ST/STM32_Secure_Engine/Core/se_utils.c ****   * @brief Set Secure Engine SystemCoreClock variable.
  53:../../../../..//Middlewares/ST/STM32_Secure_Engine/Core/se_utils.c ****   * @param uSystemCoreClock Secure Engine SystemCoreClock variable.
  54:../../../../..//Middlewares/ST/STM32_Secure_Engine/Core/se_utils.c ****   * @retval None.
  55:../../../../..//Middlewares/ST/STM32_Secure_Engine/Core/se_utils.c ****   */
  56:../../../../..//Middlewares/ST/STM32_Secure_Engine/Core/se_utils.c **** void SE_SetSystemCoreClock(uint32_t uSystemCoreClock)
  57:../../../../..//Middlewares/ST/STM32_Secure_Engine/Core/se_utils.c **** {
  28              		.loc 1 57 1 view -0
  29              		.cfi_startproc
  30              		@ args = 0, pretend = 0, frame = 0
  31              		@ frame_needed = 0, uses_anonymous_args = 0
  32              		@ link register save eliminated.
  58:../../../../..//Middlewares/ST/STM32_Secure_Engine/Core/se_utils.c ****   m_uSE_SystemCoreClock = uSystemCoreClock;
  33              		.loc 1 58 3 view .LVU1
  34              		.loc 1 58 25 is_stmt 0 view .LVU2
  35 0000 014B     		ldr	r3, .L2
  59:../../../../..//Middlewares/ST/STM32_Secure_Engine/Core/se_utils.c **** }
  36              		.loc 1 59 1 view .LVU3
  37              		@ sp needed
  58:../../../../..//Middlewares/ST/STM32_Secure_Engine/Core/se_utils.c ****   m_uSE_SystemCoreClock = uSystemCoreClock;
  38              		.loc 1 58 25 view .LVU4
  39 0002 1860     		str	r0, [r3]
  40              		.loc 1 59 1 view .LVU5
  41 0004 7047     		bx	lr
  42              	.L3:
  43 0006 C046     		.align	2
  44              	.L2:
  45 0008 00000000 		.word	m_uSE_SystemCoreClock
  46              		.cfi_endproc
  47              	.LFE180:
  49              		.global	__aeabi_uidiv
  50              		.section	.text.HAL_GetTick,"ax",%progbits
  51              		.align	1
  52              		.global	HAL_GetTick
  53              		.syntax unified
  54              		.code	16
  55              		.thumb_func
  57              	HAL_GetTick:
ARM GAS  /tmp/ccKmSKlx.s 			page 3


  58              	.LFB181:
  60:../../../../..//Middlewares/ST/STM32_Secure_Engine/Core/se_utils.c **** 
  61:../../../../..//Middlewares/ST/STM32_Secure_Engine/Core/se_utils.c **** /**
  62:../../../../..//Middlewares/ST/STM32_Secure_Engine/Core/se_utils.c ****   * @brief Provide a tick value in millisecond.
  63:../../../../..//Middlewares/ST/STM32_Secure_Engine/Core/se_utils.c ****   * @note This function overwrites the one declared as __weak in HAL.
  64:../../../../..//Middlewares/ST/STM32_Secure_Engine/Core/se_utils.c ****   *       In this implementation, time is counted without using SysTick timer interrupts.
  65:../../../../..//Middlewares/ST/STM32_Secure_Engine/Core/se_utils.c ****   * @retval tick value
  66:../../../../..//Middlewares/ST/STM32_Secure_Engine/Core/se_utils.c ****   */
  67:../../../../..//Middlewares/ST/STM32_Secure_Engine/Core/se_utils.c **** uint32_t HAL_GetTick(void)
  68:../../../../..//Middlewares/ST/STM32_Secure_Engine/Core/se_utils.c **** {
  59              		.loc 1 68 1 is_stmt 1 view -0
  60              		.cfi_startproc
  61              		@ args = 0, pretend = 0, frame = 0
  62              		@ frame_needed = 0, uses_anonymous_args = 0
  69:../../../../..//Middlewares/ST/STM32_Secure_Engine/Core/se_utils.c ****   static uint32_t m_uTick = 0U;
  63              		.loc 1 69 3 view .LVU7
  70:../../../../..//Middlewares/ST/STM32_Secure_Engine/Core/se_utils.c ****   static uint32_t t1 = 0U, tdelta = 0U;
  64              		.loc 1 70 3 view .LVU8
  71:../../../../..//Middlewares/ST/STM32_Secure_Engine/Core/se_utils.c ****   uint32_t t2;
  65              		.loc 1 71 3 view .LVU9
  72:../../../../..//Middlewares/ST/STM32_Secure_Engine/Core/se_utils.c **** 
  73:../../../../..//Middlewares/ST/STM32_Secure_Engine/Core/se_utils.c ****   t2 =  SysTick->VAL;
  66              		.loc 1 73 3 view .LVU10
  68:../../../../..//Middlewares/ST/STM32_Secure_Engine/Core/se_utils.c ****   static uint32_t m_uTick = 0U;
  67              		.loc 1 68 1 is_stmt 0 view .LVU11
  68 0000 F8B5     		push	{r3, r4, r5, r6, r7, lr}
  69              	.LCFI0:
  70              		.cfi_def_cfa_offset 24
  71              		.cfi_offset 3, -24
  72              		.cfi_offset 4, -20
  73              		.cfi_offset 5, -16
  74              		.cfi_offset 6, -12
  75              		.cfi_offset 7, -8
  76              		.cfi_offset 14, -4
  77              		.loc 1 73 6 view .LVU12
  78 0002 0F4B     		ldr	r3, .L9
  74:../../../../..//Middlewares/ST/STM32_Secure_Engine/Core/se_utils.c **** 
  75:../../../../..//Middlewares/ST/STM32_Secure_Engine/Core/se_utils.c ****   if (t2 <= t1)
  79              		.loc 1 75 10 view .LVU13
  80 0004 0F4F     		ldr	r7, .L9+4
  76:../../../../..//Middlewares/ST/STM32_Secure_Engine/Core/se_utils.c ****   {
  77:../../../../..//Middlewares/ST/STM32_Secure_Engine/Core/se_utils.c ****     tdelta += t1 - t2;
  81              		.loc 1 77 12 view .LVU14
  82 0006 104E     		ldr	r6, .L9+8
  75:../../../../..//Middlewares/ST/STM32_Secure_Engine/Core/se_utils.c ****   {
  83              		.loc 1 75 10 view .LVU15
  84 0008 3A68     		ldr	r2, [r7]
  85              		.loc 1 77 12 view .LVU16
  86 000a 3468     		ldr	r4, [r6]
  73:../../../../..//Middlewares/ST/STM32_Secure_Engine/Core/se_utils.c **** 
  87              		.loc 1 73 6 view .LVU17
  88 000c 9D68     		ldr	r5, [r3, #8]
  89              	.LVL1:
  75:../../../../..//Middlewares/ST/STM32_Secure_Engine/Core/se_utils.c ****   {
  90              		.loc 1 75 3 is_stmt 1 view .LVU18
  91 000e 1419     		adds	r4, r2, r4
  75:../../../../..//Middlewares/ST/STM32_Secure_Engine/Core/se_utils.c ****   {
ARM GAS  /tmp/ccKmSKlx.s 			page 4


  92              		.loc 1 75 6 is_stmt 0 view .LVU19
  93 0010 AA42     		cmp	r2, r5
  94 0012 12D3     		bcc	.L5
  95              	.L8:
  78:../../../../..//Middlewares/ST/STM32_Secure_Engine/Core/se_utils.c ****   }
  79:../../../../..//Middlewares/ST/STM32_Secure_Engine/Core/se_utils.c ****   else
  80:../../../../..//Middlewares/ST/STM32_Secure_Engine/Core/se_utils.c ****   {
  81:../../../../..//Middlewares/ST/STM32_Secure_Engine/Core/se_utils.c ****     tdelta += t1 + SysTick->LOAD - t2;
  82:../../../../..//Middlewares/ST/STM32_Secure_Engine/Core/se_utils.c ****   }
  83:../../../../..//Middlewares/ST/STM32_Secure_Engine/Core/se_utils.c **** 
  84:../../../../..//Middlewares/ST/STM32_Secure_Engine/Core/se_utils.c ****   if (tdelta > (m_uSE_SystemCoreClock / 1000U))
  96              		.loc 1 84 39 view .LVU20
  97 0014 FA21     		movs	r1, #250
  98 0016 0D4B     		ldr	r3, .L9+12
  81:../../../../..//Middlewares/ST/STM32_Secure_Engine/Core/se_utils.c ****   }
  99              		.loc 1 81 12 view .LVU21
 100 0018 641B     		subs	r4, r4, r5
 101              		.loc 1 84 39 view .LVU22
 102 001a 1868     		ldr	r0, [r3]
 103 001c 3460     		str	r4, [r6]
 104              		.loc 1 84 3 is_stmt 1 view .LVU23
 105              		.loc 1 84 39 is_stmt 0 view .LVU24
 106 001e 8900     		lsls	r1, r1, #2
 107 0020 FFF7FEFF 		bl	__aeabi_uidiv
 108              	.LVL2:
 109 0024 0A4B     		ldr	r3, .L9+16
 110              		.loc 1 84 6 view .LVU25
 111 0026 A042     		cmp	r0, r4
 112 0028 04D2     		bcs	.L7
  85:../../../../..//Middlewares/ST/STM32_Secure_Engine/Core/se_utils.c ****   {
  86:../../../../..//Middlewares/ST/STM32_Secure_Engine/Core/se_utils.c ****     tdelta = 0U;
 113              		.loc 1 86 12 view .LVU26
 114 002a 0021     		movs	r1, #0
  87:../../../../..//Middlewares/ST/STM32_Secure_Engine/Core/se_utils.c ****     m_uTick ++;
 115              		.loc 1 87 13 view .LVU27
 116 002c 1A68     		ldr	r2, [r3]
  86:../../../../..//Middlewares/ST/STM32_Secure_Engine/Core/se_utils.c ****     m_uTick ++;
 117              		.loc 1 86 5 is_stmt 1 view .LVU28
  86:../../../../..//Middlewares/ST/STM32_Secure_Engine/Core/se_utils.c ****     m_uTick ++;
 118              		.loc 1 86 12 is_stmt 0 view .LVU29
 119 002e 3160     		str	r1, [r6]
 120              		.loc 1 87 5 is_stmt 1 view .LVU30
 121              		.loc 1 87 13 is_stmt 0 view .LVU31
 122 0030 0132     		adds	r2, r2, #1
 123 0032 1A60     		str	r2, [r3]
 124              	.L7:
  88:../../../../..//Middlewares/ST/STM32_Secure_Engine/Core/se_utils.c ****   }
  89:../../../../..//Middlewares/ST/STM32_Secure_Engine/Core/se_utils.c **** 
  90:../../../../..//Middlewares/ST/STM32_Secure_Engine/Core/se_utils.c ****   t1 = t2;
 125              		.loc 1 90 3 is_stmt 1 view .LVU32
 126              		.loc 1 90 6 is_stmt 0 view .LVU33
 127 0034 3D60     		str	r5, [r7]
  91:../../../../..//Middlewares/ST/STM32_Secure_Engine/Core/se_utils.c ****   return m_uTick;
 128              		.loc 1 91 3 is_stmt 1 view .LVU34
 129              		.loc 1 91 10 is_stmt 0 discriminator 1 view .LVU35
 130 0036 1868     		ldr	r0, [r3]
  92:../../../../..//Middlewares/ST/STM32_Secure_Engine/Core/se_utils.c **** }
ARM GAS  /tmp/ccKmSKlx.s 			page 5


 131              		.loc 1 92 1 view .LVU36
 132              		@ sp needed
 133              	.LVL3:
 134              		.loc 1 92 1 view .LVU37
 135 0038 F8BD     		pop	{r3, r4, r5, r6, r7, pc}
 136              	.LVL4:
 137              	.L5:
  81:../../../../..//Middlewares/ST/STM32_Secure_Engine/Core/se_utils.c ****   }
 138              		.loc 1 81 5 is_stmt 1 view .LVU38
  81:../../../../..//Middlewares/ST/STM32_Secure_Engine/Core/se_utils.c ****   }
 139              		.loc 1 81 27 is_stmt 0 view .LVU39
 140 003a 5B68     		ldr	r3, [r3, #4]
  81:../../../../..//Middlewares/ST/STM32_Secure_Engine/Core/se_utils.c ****   }
 141              		.loc 1 81 12 view .LVU40
 142 003c E418     		adds	r4, r4, r3
 143 003e E9E7     		b	.L8
 144              	.L10:
 145              		.align	2
 146              	.L9:
 147 0040 10E000E0 		.word	-536813552
 148 0044 00000000 		.word	t1.2
 149 0048 00000000 		.word	tdelta.1
 150 004c 00000000 		.word	m_uSE_SystemCoreClock
 151 0050 00000000 		.word	m_uTick.0
 152              		.cfi_endproc
 153              	.LFE181:
 155              		.section	.text.HAL_Delay,"ax",%progbits
 156              		.align	1
 157              		.global	HAL_Delay
 158              		.syntax unified
 159              		.code	16
 160              		.thumb_func
 162              	HAL_Delay:
 163              	.LVL5:
 164              	.LFB182:
  93:../../../../..//Middlewares/ST/STM32_Secure_Engine/Core/se_utils.c **** 
  94:../../../../..//Middlewares/ST/STM32_Secure_Engine/Core/se_utils.c **** /**
  95:../../../../..//Middlewares/ST/STM32_Secure_Engine/Core/se_utils.c ****   * @brief This function provides minimum delay (in milliseconds) based
  96:../../../../..//Middlewares/ST/STM32_Secure_Engine/Core/se_utils.c ****   *        on variable incremented.
  97:../../../../..//Middlewares/ST/STM32_Secure_Engine/Core/se_utils.c ****   * @param Delay  specifies the delay time length, in milliseconds.
  98:../../../../..//Middlewares/ST/STM32_Secure_Engine/Core/se_utils.c ****   * @retval None
  99:../../../../..//Middlewares/ST/STM32_Secure_Engine/Core/se_utils.c ****   */
 100:../../../../..//Middlewares/ST/STM32_Secure_Engine/Core/se_utils.c **** void HAL_Delay(uint32_t Delay)
 101:../../../../..//Middlewares/ST/STM32_Secure_Engine/Core/se_utils.c **** {
 165              		.loc 1 101 1 is_stmt 1 view -0
 166              		.cfi_startproc
 167              		@ args = 0, pretend = 0, frame = 0
 168              		@ frame_needed = 0, uses_anonymous_args = 0
 102:../../../../..//Middlewares/ST/STM32_Secure_Engine/Core/se_utils.c ****   uint32_t tickstart = HAL_GetTick();
 169              		.loc 1 102 3 view .LVU42
 101:../../../../..//Middlewares/ST/STM32_Secure_Engine/Core/se_utils.c ****   uint32_t tickstart = HAL_GetTick();
 170              		.loc 1 101 1 is_stmt 0 view .LVU43
 171 0000 70B5     		push	{r4, r5, r6, lr}
 172              	.LCFI1:
 173              		.cfi_def_cfa_offset 16
 174              		.cfi_offset 4, -16
 175              		.cfi_offset 5, -12
ARM GAS  /tmp/ccKmSKlx.s 			page 6


 176              		.cfi_offset 6, -8
 177              		.cfi_offset 14, -4
 101:../../../../..//Middlewares/ST/STM32_Secure_Engine/Core/se_utils.c ****   uint32_t tickstart = HAL_GetTick();
 178              		.loc 1 101 1 view .LVU44
 179 0002 0400     		movs	r4, r0
 180              		.loc 1 102 24 view .LVU45
 181 0004 FFF7FEFF 		bl	HAL_GetTick
 182              	.LVL6:
 103:../../../../..//Middlewares/ST/STM32_Secure_Engine/Core/se_utils.c ****   uint32_t wait = Delay;
 104:../../../../..//Middlewares/ST/STM32_Secure_Engine/Core/se_utils.c **** 
 105:../../../../..//Middlewares/ST/STM32_Secure_Engine/Core/se_utils.c ****   /* Add a period to guaranty minimum wait */
 106:../../../../..//Middlewares/ST/STM32_Secure_Engine/Core/se_utils.c ****   if (wait < HAL_MAX_DELAY)
 107:../../../../..//Middlewares/ST/STM32_Secure_Engine/Core/se_utils.c ****   {
 108:../../../../..//Middlewares/ST/STM32_Secure_Engine/Core/se_utils.c ****     wait++;
 183              		.loc 1 108 9 view .LVU46
 184 0008 631C     		adds	r3, r4, #1
 185 000a 5A1E     		subs	r2, r3, #1
 186 000c 9341     		sbcs	r3, r3, r2
 102:../../../../..//Middlewares/ST/STM32_Secure_Engine/Core/se_utils.c ****   uint32_t wait = Delay;
 187              		.loc 1 102 24 view .LVU47
 188 000e 0500     		movs	r5, r0
 189              	.LVL7:
 103:../../../../..//Middlewares/ST/STM32_Secure_Engine/Core/se_utils.c ****   uint32_t wait = Delay;
 190              		.loc 1 103 3 is_stmt 1 view .LVU48
 106:../../../../..//Middlewares/ST/STM32_Secure_Engine/Core/se_utils.c ****   {
 191              		.loc 1 106 3 view .LVU49
 192              		.loc 1 108 9 is_stmt 0 view .LVU50
 193 0010 E418     		adds	r4, r4, r3
 194              	.LVL8:
 195              	.L13:
 109:../../../../..//Middlewares/ST/STM32_Secure_Engine/Core/se_utils.c ****   }
 110:../../../../..//Middlewares/ST/STM32_Secure_Engine/Core/se_utils.c **** 
 111:../../../../..//Middlewares/ST/STM32_Secure_Engine/Core/se_utils.c ****   while ((HAL_GetTick() - tickstart) < wait)
 112:../../../../..//Middlewares/ST/STM32_Secure_Engine/Core/se_utils.c ****   {
 113:../../../../..//Middlewares/ST/STM32_Secure_Engine/Core/se_utils.c ****   }
 196              		.loc 1 113 3 is_stmt 1 view .LVU51
 111:../../../../..//Middlewares/ST/STM32_Secure_Engine/Core/se_utils.c ****   {
 197              		.loc 1 111 38 discriminator 1 view .LVU52
 111:../../../../..//Middlewares/ST/STM32_Secure_Engine/Core/se_utils.c ****   {
 198              		.loc 1 111 11 is_stmt 0 discriminator 1 view .LVU53
 199 0012 FFF7FEFF 		bl	HAL_GetTick
 200              	.LVL9:
 111:../../../../..//Middlewares/ST/STM32_Secure_Engine/Core/se_utils.c ****   {
 201              		.loc 1 111 25 discriminator 1 view .LVU54
 202 0016 401B     		subs	r0, r0, r5
 111:../../../../..//Middlewares/ST/STM32_Secure_Engine/Core/se_utils.c ****   {
 203              		.loc 1 111 38 discriminator 1 view .LVU55
 204 0018 A042     		cmp	r0, r4
 205 001a FAD3     		bcc	.L13
 114:../../../../..//Middlewares/ST/STM32_Secure_Engine/Core/se_utils.c **** }
 206              		.loc 1 114 1 view .LVU56
 207              		@ sp needed
 208              	.LVL10:
 209              	.LVL11:
 210              		.loc 1 114 1 view .LVU57
 211 001c 70BD     		pop	{r4, r5, r6, pc}
 212              		.cfi_endproc
ARM GAS  /tmp/ccKmSKlx.s 			page 7


 213              	.LFE182:
 215              		.section	.bss.m_uTick.0,"aw",%nobits
 216              		.align	2
 219              	m_uTick.0:
 220 0000 00000000 		.space	4
 221              		.section	.bss.tdelta.1,"aw",%nobits
 222              		.align	2
 225              	tdelta.1:
 226 0000 00000000 		.space	4
 227              		.section	.bss.t1.2,"aw",%nobits
 228              		.align	2
 231              	t1.2:
 232 0000 00000000 		.space	4
 233              		.section	.bss.m_uSE_SystemCoreClock,"aw",%nobits
 234              		.align	2
 237              	m_uSE_SystemCoreClock:
 238 0000 00000000 		.space	4
 239              		.text
 240              	.Letext0:
 241              		.file 2 "../../../../..//Drivers/CMSIS/Include/core_cm0plus.h"
 242              		.file 3 "/usr/lib/gcc/arm-none-eabi/13.2.1/include/stdint.h"
ARM GAS  /tmp/ccKmSKlx.s 			page 8


DEFINED SYMBOLS
                            *ABS*:00000000 se_utils.c
     /tmp/ccKmSKlx.s:19     .text.SE_SetSystemCoreClock:00000000 $t
     /tmp/ccKmSKlx.s:25     .text.SE_SetSystemCoreClock:00000000 SE_SetSystemCoreClock
     /tmp/ccKmSKlx.s:45     .text.SE_SetSystemCoreClock:00000008 $d
     /tmp/ccKmSKlx.s:237    .bss.m_uSE_SystemCoreClock:00000000 m_uSE_SystemCoreClock
     /tmp/ccKmSKlx.s:51     .text.HAL_GetTick:00000000 $t
     /tmp/ccKmSKlx.s:57     .text.HAL_GetTick:00000000 HAL_GetTick
     /tmp/ccKmSKlx.s:147    .text.HAL_GetTick:00000040 $d
     /tmp/ccKmSKlx.s:231    .bss.t1.2:00000000 t1.2
     /tmp/ccKmSKlx.s:225    .bss.tdelta.1:00000000 tdelta.1
     /tmp/ccKmSKlx.s:219    .bss.m_uTick.0:00000000 m_uTick.0
     /tmp/ccKmSKlx.s:156    .text.HAL_Delay:00000000 $t
     /tmp/ccKmSKlx.s:162    .text.HAL_Delay:00000000 HAL_Delay
     /tmp/ccKmSKlx.s:216    .bss.m_uTick.0:00000000 $d
     /tmp/ccKmSKlx.s:222    .bss.tdelta.1:00000000 $d
     /tmp/ccKmSKlx.s:228    .bss.t1.2:00000000 $d
     /tmp/ccKmSKlx.s:234    .bss.m_uSE_SystemCoreClock:00000000 $d
                           .group:00000000 wm4.0.e310b2036dcc8a4d3b16f3fea9ebd0de
                           .group:00000000 wm4.stddef.h.39.0dc9006b34572d4d9cae4c8b422c4971
                           .group:00000000 wm4.stdint.h.29.6d480f4ba0f60596e88234283d42444f
                           .group:00000000 wm4.se_def_core.h.21.4e4ed01aa34801a3fdac798922254e8b
                           .group:00000000 wm4.se_crypto_config.h.23.4877f252b7277cd509a204488365106b
                           .group:00000000 wm4.se_def_metadata.h.53.a6db72eb1c0ccedcf70ef4ddface5795
                           .group:00000000 wm4.app_sfu.h.52.55f63580740e4a8cb8213d7618f37604
                           .group:00000000 wm4.mapping_export.h.21.690e455ff83f2d626567681d657ba5ab
                           .group:00000000 wm4.sfu_fwimg_regions.h.41.fdbfe18d9222adf4f8312b4630fa88a0
                           .group:00000000 wm4.stm32g0xx_hal_conf.h.21.2418b000d87b23231c37db35ad77d0ea
                           .group:00000000 wm4.stm32g0xx.h.37.aadb526b10f0f4555648bb8fa7c96b30
                           .group:00000000 wm4.stm32g071xx.h.36.9469a89bf1e6c2a2fe25d20581d0f58b
                           .group:00000000 wm4.cmsis_version.h.32.0ac195c83bb4537824e6ad1c47474b79
                           .group:00000000 wm4.core_cm0plus.h.66.bb83319bcb10b4c5f12c477f85f2aa51
                           .group:00000000 wm4.cmsis_gcc.h.26.63926f8d3817e3a42e7f7ef2cd15156e
                           .group:00000000 wm4.core_cm0plus.h.127.cfee784d07c850b645554dc8add78e69
                           .group:00000000 wm4.mpu_armv7.h.32.83326921a797fa9d6f70449916b4b839
                           .group:00000000 wm4.stm32g071xx.h.155.9be12c2e48b47e8d66c20ceac374f1ee
                           .group:00000000 wm4.stm32g0xx.h.154.7f8452780a6fe1b4b4d5bfbf416cea0c
                           .group:00000000 wm4.stm32_hal_legacy.h.22.2f8f7f94da7216ffa6187bf113829094
                           .group:00000000 wm4.stm32g0xx_hal_def.h.57.7810ceeb3f277465a11a202f246b14c8
                           .group:00000000 wm4.stm32g0xx_ll_rcc.h.20.b48ad5e6c80881ce9d548f86592ad1d8
                           .group:00000000 wm4.stm32g0xx_hal_rcc.h.43.40a2deb1468b47dcb7de4a6adda92374
                           .group:00000000 wm4.stm32g0xx_hal_rcc_ex.h.20.c2035e135ea57d6c1c2839329f24a562
                           .group:00000000 wm4.stm32g0xx_hal_gpio.h.21.abd5f8c60de2afe2676b3cc6a4b2c068
                           .group:00000000 wm4.stm32g0xx_hal_gpio_ex.h.21.c1a1c19cef6d6a2cf049535a12fe7f6a
                           .group:00000000 wm4.stm32g0xx_hal_crc.h.21.8c2791752a3f5c79fed6a23e2361d260
                           .group:00000000 wm4.stm32g0xx_hal_crc_ex.h.21.13b666a67e761630a3250514972d9a47
                           .group:00000000 wm4.stm32g0xx_hal_flash.h.20.e512dd9a8958277cc7dd512f2312ae8a
                           .group:00000000 wm4.stm32g0xx_hal_flash_ex.h.20.2a1daa1e7e7bd4a16651545fee4a1fbb
                           .group:00000000 wm4.stm32g0xx_hal_flash.h.874.3e4bc5d8948716c644009bcc9a4f3f60
                           .group:00000000 wm4.stm32g0xx_hal_pwr.h.21.7d5b107b2d1b54bfd27bcb92ed3281e0
                           .group:00000000 wm4.stm32g0xx_hal_pwr_ex.h.21.01c718c420189d18e9ec3e46e6e9261f
                           .group:00000000 wm4.stm32g0xx_hal.h.66.28db47a9e4ed9349693c6c0c6101689d
                           .group:00000000 wm4.se_low_level.h.69.817001c691b349e6e02ccaa65ab75b6a

UNDEFINED SYMBOLS
__aeabi_uidiv
