Archive member included to satisfy reference by file (symbol)

../../../../..//Middlewares/ST/STM32_Cryptographic/Fw_Crypto/STM32G0/Lib/STM32CryptographicV3.1.5_CM0PLUS_GCC.a(crypto.o)
                              build/se_crypto_bootloader.o (AES_CBC_Decrypt_Init)
/usr/lib/gcc/arm-none-eabi/13.2.1/../../../arm-none-eabi/lib/thumb/v6-m/nofp/libc_nano.a(libc_a-init.o)
                              /usr/lib/gcc/arm-none-eabi/13.2.1/../../../arm-none-eabi/lib/thumb/v6-m/nofp/crt0.o (__libc_init_array)
/usr/lib/gcc/arm-none-eabi/13.2.1/../../../arm-none-eabi/lib/thumb/v6-m/nofp/libc_nano.a(libc_a-memset.o)
                              /usr/lib/gcc/arm-none-eabi/13.2.1/../../../arm-none-eabi/lib/thumb/v6-m/nofp/crt0.o (memset)
/usr/lib/gcc/arm-none-eabi/13.2.1/../../../arm-none-eabi/lib/thumb/v6-m/nofp/libc_nano.a(libc_a-errno.o)
                              build/syscalls.o (__errno)
/usr/lib/gcc/arm-none-eabi/13.2.1/../../../arm-none-eabi/lib/thumb/v6-m/nofp/libc_nano.a(libc_a-memmove.o)
                              ../../../../..//Middlewares/ST/STM32_Cryptographic/Fw_Crypto/STM32G0/Lib/STM32CryptographicV3.1.5_CM0PLUS_GCC.a(crypto.o) (memmove)
/usr/lib/gcc/arm-none-eabi/13.2.1/../../../arm-none-eabi/lib/thumb/v6-m/nofp/libc_nano.a(libc_a-exit.o)
                              /usr/lib/gcc/arm-none-eabi/13.2.1/../../../arm-none-eabi/lib/thumb/v6-m/nofp/crt0.o (exit)
/usr/lib/gcc/arm-none-eabi/13.2.1/../../../arm-none-eabi/lib/thumb/v6-m/nofp/libc_nano.a(libc_a-atexit.o)
                              /usr/lib/gcc/arm-none-eabi/13.2.1/../../../arm-none-eabi/lib/thumb/v6-m/nofp/crt0.o (atexit)
/usr/lib/gcc/arm-none-eabi/13.2.1/../../../arm-none-eabi/lib/thumb/v6-m/nofp/libc_nano.a(libc_a-memcpy-stub.o)
                              build/se_crypto_bootloader.o (memcpy)
/usr/lib/gcc/arm-none-eabi/13.2.1/../../../arm-none-eabi/lib/thumb/v6-m/nofp/libc_nano.a(libc_a-memcmp.o)
                              build/se_crypto_bootloader.o (memcmp)
/usr/lib/gcc/arm-none-eabi/13.2.1/../../../arm-none-eabi/lib/thumb/v6-m/nofp/libc_nano.a(libc_a-fini.o)
                              /usr/lib/gcc/arm-none-eabi/13.2.1/../../../arm-none-eabi/lib/thumb/v6-m/nofp/crt0.o (__libc_fini_array)
/usr/lib/gcc/arm-none-eabi/13.2.1/../../../arm-none-eabi/lib/thumb/v6-m/nofp/libc_nano.a(libc_a-impure.o)
                              /usr/lib/gcc/arm-none-eabi/13.2.1/../../../arm-none-eabi/lib/thumb/v6-m/nofp/libc_nano.a(libc_a-errno.o) (_impure_ptr)
/usr/lib/gcc/arm-none-eabi/13.2.1/../../../arm-none-eabi/lib/thumb/v6-m/nofp/libc_nano.a(libc_a-findfp.o)
                              /usr/lib/gcc/arm-none-eabi/13.2.1/../../../arm-none-eabi/lib/thumb/v6-m/nofp/libc_nano.a(libc_a-exit.o) (__stdio_exit_handler)
/usr/lib/gcc/arm-none-eabi/13.2.1/../../../arm-none-eabi/lib/thumb/v6-m/nofp/libc_nano.a(libc_a-fflush.o)
                              /usr/lib/gcc/arm-none-eabi/13.2.1/../../../arm-none-eabi/lib/thumb/v6-m/nofp/libc_nano.a(libc_a-findfp.o) (_fflush_r)
/usr/lib/gcc/arm-none-eabi/13.2.1/../../../arm-none-eabi/lib/thumb/v6-m/nofp/libc_nano.a(libc_a-mallocr.o)
                              /usr/lib/gcc/arm-none-eabi/13.2.1/../../../arm-none-eabi/lib/thumb/v6-m/nofp/libc_nano.a(libc_a-findfp.o) (_malloc_r)
/usr/lib/gcc/arm-none-eabi/13.2.1/../../../arm-none-eabi/lib/thumb/v6-m/nofp/libc_nano.a(libc_a-freer.o)
                              /usr/lib/gcc/arm-none-eabi/13.2.1/../../../arm-none-eabi/lib/thumb/v6-m/nofp/libc_nano.a(libc_a-fflush.o) (_free_r)
/usr/lib/gcc/arm-none-eabi/13.2.1/../../../arm-none-eabi/lib/thumb/v6-m/nofp/libc_nano.a(libc_a-fwalk.o)
                              /usr/lib/gcc/arm-none-eabi/13.2.1/../../../arm-none-eabi/lib/thumb/v6-m/nofp/libc_nano.a(libc_a-findfp.o) (_fwalk_sglue)
/usr/lib/gcc/arm-none-eabi/13.2.1/../../../arm-none-eabi/lib/thumb/v6-m/nofp/libc_nano.a(libc_a-__atexit.o)
                              /usr/lib/gcc/arm-none-eabi/13.2.1/../../../arm-none-eabi/lib/thumb/v6-m/nofp/libc_nano.a(libc_a-atexit.o) (__register_exitproc)
/usr/lib/gcc/arm-none-eabi/13.2.1/../../../arm-none-eabi/lib/thumb/v6-m/nofp/libc_nano.a(libc_a-mlock.o)
                              /usr/lib/gcc/arm-none-eabi/13.2.1/../../../arm-none-eabi/lib/thumb/v6-m/nofp/libc_nano.a(libc_a-mallocr.o) (__malloc_lock)
/usr/lib/gcc/arm-none-eabi/13.2.1/../../../arm-none-eabi/lib/thumb/v6-m/nofp/libc_nano.a(libc_a-sbrkr.o)
                              /usr/lib/gcc/arm-none-eabi/13.2.1/../../../arm-none-eabi/lib/thumb/v6-m/nofp/libc_nano.a(libc_a-mallocr.o) (_sbrk_r)
/usr/lib/gcc/arm-none-eabi/13.2.1/../../../arm-none-eabi/lib/thumb/v6-m/nofp/libc_nano.a(libc_a-stdio.o)
                              /usr/lib/gcc/arm-none-eabi/13.2.1/../../../arm-none-eabi/lib/thumb/v6-m/nofp/libc_nano.a(libc_a-findfp.o) (__sread)
/usr/lib/gcc/arm-none-eabi/13.2.1/../../../arm-none-eabi/lib/thumb/v6-m/nofp/libc_nano.a(libc_a-closer.o)
[...]
Memory Configuration

Name             Origin             Length             Attributes
SE_Entry_Secure_ROM_Region 0x08000200         0x00000200         xr
SE_Key_region_ROM 0x08000400         0x00000400         xr
SE_Startup_region_ROM 0x08000800         0x00000100         xr
SE_ROM_region    0x08000900         0x00005700         xr
SE_IF_region_ROM 0x08006000         0x00000900         xr
SB_HDP_ROM_region 0x08006900         0x00000200         xr
SB_ROM_region    0x08006b00         0x00007500         xr
SE_RAM_region    0x20000400         0x00000c00         xrw
SB_HDP_Code_RAM_region 0x20001000         0x00000200         xrw
SB_RAM_region    0x20001200         0x00007e00         xrw
*default*        0x00000000         0xffffffff

Linker script and memory map

LOAD /usr/lib/gcc/arm-none-eabi/13.2.1/thumb/v6-m/nofp/crti.o
LOAD /usr/lib/gcc/arm-none-eabi/13.2.1/thumb/v6-m/nofp/crtbegin.o
LOAD /usr/lib/gcc/arm-none-eabi/13.2.1/../../../arm-none-eabi/lib/thumb/v6-m/nofp/crt0.o
LOAD build/se_crypto_bootloader.o
LOAD build/se_low_level.o
LOAD build/data_init.o
LOAD build/syscalls.o
LOAD build/stm32g0xx_hal.o
LOAD build/stm32g0xx_hal_cortex.o
LOAD build/stm32g0xx_hal_crc.o
LOAD build/stm32g0xx_hal_crc_ex.o
LOAD build/stm32g0xx_hal_flash.o
LOAD build/stm32g0xx_hal_flash_ex.o
LOAD build/stm32g0xx_hal_gpio.o
LOAD build/stm32g0xx_hal_rcc.o
LOAD build/stm32g0xx_hal_rcc_ex.o
LOAD build/stm32g0xx_hal_pwr.o
LOAD build/stm32g0xx_hal_pwr_ex.o
LOAD build/se_callgate.o
LOAD build/se_startup.o
LOAD build/se_fwimg.o
LOAD build/se_crypto_common.o
LOAD build/se_exception.o
LOAD build/se_user_application.o
LOAD build/se_utils.o
LOAD build/se_key.o
LOAD ../../../../..//Middlewares/ST/STM32_Cryptographic/Fw_Crypto/STM32G0/Lib/STM32CryptographicV3.1.5_CM0PLUS_GCC.a
LOAD /usr/lib/gcc/arm-none-eabi/13.2.1/../../../arm-none-eabi/lib/thumb/v6-m/nofp/libc_nano.a
LOAD /usr/lib/gcc/arm-none-eabi/13.2.1/../../../arm-none-eabi/lib/thumb/v6-m/nofp/libm.a
LOAD /usr/lib/gcc/arm-none-eabi/13.2.1/../../../arm-none-eabi/lib/thumb/v6-m/nofp/libnosys.a
START GROUP
LOAD /usr/lib/gcc/arm-none-eabi/13.2.1/thumb/v6-m/nofp/libgcc.a
LOAD /usr/lib/gcc/arm-none-eabi/13.2.1/../../../arm-none-eabi/lib/thumb/v6-m/nofp/libc_nano.a
END GROUP
START GROUP
LOAD /usr/lib/gcc/arm-none-eabi/13.2.1/thumb/v6-m/nofp/libgcc.a
LOAD /usr/lib/gcc/arm-none-eabi/13.2.1/../../../arm-none-eabi/lib/thumb/v6-m/nofp/libc_nano.a
END GROUP
LOAD /usr/lib/gcc/arm-none-eabi/13.2.1/thumb/v6-m/nofp/crtend.o
LOAD /usr/lib/gcc/arm-none-eabi/13.2.1/thumb/v6-m/nofp/crtn.o
                0x00000000                        _Min_Heap_Size = 0x0
                0x00000000                        _Min_Stack_Size = 0x0
                0x0800e000                        __ICFEDIT_SLOT_Active_1_start__ = 0x800e000
                0x0801ffff                        __ICFEDIT_SLOT_Active_1_end__ = 0x801ffff
                0x0800e000                        __ICFEDIT_SLOT_Active_1_header__ = __ICFEDIT_SLOT_Active_1_start__
                0x00000000                        __ICFEDIT_SLOT_Active_2_header__ = 0x0
                0x00000000                        __ICFEDIT_SLOT_Active_2_start__ = 0x0
                0x00000000                        __ICFEDIT_SLOT_Active_2_end__ = 0x0
                0x00000000                        __ICFEDIT_SLOT_Active_3_header__ = 0x0
                0x00000000                        __ICFEDIT_SLOT_Active_3_start__ = 0x0
                0x00000000                        __ICFEDIT_SLOT_Active_3_end__ = 0x0
                0x00000200                        VECTOR_SIZE = 0x200
                0x08000200                        __ICFEDIT_SE_Code_region_ROM_start__ = (0x8000000 + VECTOR_SIZE)
                0x08000200                        __ICFEDIT_SE_CallGate_region_ROM_start__ = __ICFEDIT_SE_Code_region_ROM_start__
                0x080003ff                        __ICFEDIT_SE_CallGate_region_ROM_end__ = (__ICFEDIT_SE_Code_region_ROM_start__ + 0x1ff)
                0x08000400                        __ICFEDIT_SE_Key_region_ROM_start__ = (__ICFEDIT_SE_CallGate_region_ROM_end__ + 0x1)
                0x080007ff                        __ICFEDIT_SE_Key_region_ROM_end__ = (__ICFEDIT_SE_Key_region_ROM_start__ + 0x3ff)
                0x08000800                        __ICFEDIT_SE_Startup_region_ROM_start__ = (__ICFEDIT_SE_Key_region_ROM_end__ + 0x1)
                0x08000900                        __ICFEDIT_SE_Code_nokey_region_ROM_start__ = (__ICFEDIT_SE_Startup_region_ROM_start__ + 0x100)
                0x08005fff                        __ICFEDIT_SE_Code_region_ROM_end__ = 0x8005fff
                0x08006000                        __ICFEDIT_SE_IF_region_ROM_start__ = (__ICFEDIT_SE_Code_region_ROM_end__ + 0x1)
                0x080068ff                        __ICFEDIT_SE_IF_region_ROM_end__ = (__ICFEDIT_SE_IF_region_ROM_start__ + 0x8ff)
                0x08006900                        __ICFEDIT_SB_HDP_region_ROM_start__ = (__ICFEDIT_SE_IF_region_ROM_end__ + 0x1)
                0x08006aff                        __ICFEDIT_SB_HDP_region_ROM_end__ = (__ICFEDIT_SB_HDP_region_ROM_start__ + 0x1ff)
                0x08006b00                        __ICFEDIT_SB_region_ROM_start__ = (__ICFEDIT_SB_HDP_region_ROM_end__ + 0x1)
                0x0800dfff                        __ICFEDIT_SB_region_ROM_end__ = 0x800dfff
                0x00000200                        SE_Entry_Secure_ROM_Region_Length = ((__ICFEDIT_SE_CallGate_region_ROM_end__ - __ICFEDIT_SE_CallGate_region_ROM_start__) + 0x1)
                0x00000400                        SE_Key_region_ROM_Length = ((__ICFEDIT_SE_Key_region_ROM_end__ - __ICFEDIT_SE_Key_region_ROM_start__) + 0x1)
                0x00000100                        SE_Startup_region_ROM_Length = (__ICFEDIT_SE_Code_nokey_region_ROM_start__ - __ICFEDIT_SE_Startup_region_ROM_start__)
                0x00005700                        SE_ROM_region_Length = ((__ICFEDIT_SE_Code_region_ROM_end__ - __ICFEDIT_SE_Code_nokey_region_ROM_start__) + 0x1)
                0x00000900                        SE_IF_region_ROM_Length = ((__ICFEDIT_SE_IF_region_ROM_end__ - __ICFEDIT_SE_IF_region_ROM_start__) + 0x1)
                0x00000200                        SB_HDP_ROM_region_Length = ((__ICFEDIT_SB_HDP_region_ROM_end__ - __ICFEDIT_SB_HDP_region_ROM_start__) + 0x1)
                0x00007500                        SB_ROM_region_Length = ((__ICFEDIT_SB_region_ROM_end__ - __ICFEDIT_SB_region_ROM_start__) + 0x1)
                0x20000000                        __ICFEDIT_SE_region_RAM_start__ = 0x20000000
                0x20000400                        __ICFEDIT_SE_region_RAM_stack_top__ = 0x20000400
                0x20000fff                        __ICFEDIT_SE_region_RAM_end__ = 0x20000fff
                0x20001000                        __ICFEDIT_SB_HDP_Code_region_RAM_start__ = (__ICFEDIT_SE_region_RAM_end__ + 0x1)
                0x200011ff                        __ICFEDIT_SB_HDP_Code_region_RAM_end__ = (__ICFEDIT_SB_HDP_Code_region_RAM_start__ + 0x1ff)
                0x20001200                        __ICFEDIT_SB_region_RAM_start__ = (__ICFEDIT_SB_HDP_Code_region_RAM_end__ + 0x1)
                0x20008fff                        __ICFEDIT_SB_region_RAM_end__ = 0x20008fff
                0x00000c00                        SE_RAM_region_Length = ((__ICFEDIT_SE_region_RAM_end__ - __ICFEDIT_SE_region_RAM_stack_top__) + 0x1)
                0x00000200                        SB_HDP_CODE_RAM_region_Length = ((__ICFEDIT_SB_HDP_Code_region_RAM_end__ - __ICFEDIT_SB_HDP_Code_region_RAM_start__) + 0x1)
                0x00007e00                        SB_RAM_region_Length = ((__ICFEDIT_SB_region_RAM_end__ - __ICFEDIT_SB_region_RAM_start__) + 0x1)

.SE_CallGate_Code
                0x08000200       0xd8
                0x08000200        0x1 BYTE 0x0
                0x08000201        0x1 BYTE 0x0
                0x08000202        0x1 BYTE 0x0
                0x08000203        0x1 BYTE 0x0
 *(.SE_CallGate_Code)
 .SE_CallGate_Code
                0x08000204       0xd4 build/se_callgate.o
                0x08000204                SE_CallGate

.SE_Key_Data    0x08000400      0x1a6
 *(.SE_Key_Data)
 .SE_Key_Data   0x08000400      0x1a6 build/se_key.o
                0x08000400                SE_ReadKey_1
                0x08000458                SE_ReadKey_1_Pub

.SE_Startup_Code
                0x08000800       0x10
 *se_startup.o(.text .text*)
 .text          0x08000800        0x0 build/se_startup.o
 .text.SE_CORE_Startup
                0x08000800       0x10 build/se_startup.o
                0x08000800                SE_CORE_Startup

.text           0x08000900     0x40e0
                0x08000900                        . = ALIGN (0x8)
 *(.text)
 .text          0x08000900       0x98 /usr/lib/gcc/arm-none-eabi/13.2.1/thumb/v6-m/nofp/crtbegin.o
 .text          0x08000998       0xa8 /usr/lib/gcc/arm-none-eabi/13.2.1/../../../arm-none-eabi/lib/thumb/v6-m/nofp/libc_nano.a(libc_a-memset.o)
                0x08000998                memset
 .text          0x08000a40       0x8c /usr/lib/gcc/arm-none-eabi/13.2.1/../../../arm-none-eabi/lib/thumb/v6-m/nofp/libc_nano.a(libc_a-memcpy-stub.o)
                0x08000a40                memcpy
 .text          0x08000acc       0x48 /usr/lib/gcc/arm-none-eabi/13.2.1/../../../arm-none-eabi/lib/thumb/v6-m/nofp/libc_nano.a(libc_a-memcmp.o)
                0x08000acc                memcmp
 .text          0x08000b14       0x14 /usr/lib/gcc/arm-none-eabi/13.2.1/thumb/v6-m/nofp/libgcc.a(_thumb1_case_uqi.o)
                0x08000b14                __gnu_thumb1_case_uqi
 .text          0x08000b28       0x14 /usr/lib/gcc/arm-none-eabi/13.2.1/thumb/v6-m/nofp/libgcc.a(_thumb1_case_uhi.o)
                0x08000b28                __gnu_thumb1_case_uhi
 .text          0x08000b3c      0x114 /usr/lib/gcc/arm-none-eabi/13.2.1/thumb/v6-m/nofp/libgcc.a(_udivsi3.o)
                0x08000b3c                __udivsi3
                0x08000b3c                __aeabi_uidiv
                0x08000c48                __aeabi_uidivmod
 .text          0x08000c50        0x4 /usr/lib/gcc/arm-none-eabi/13.2.1/thumb/v6-m/nofp/libgcc.a(_dvmd_tls.o)
                0x08000c50                __aeabi_ldiv0
                0x08000c50                __aeabi_idiv0
 .text          0x08000c54       0x5c /usr/lib/gcc/arm-none-eabi/13.2.1/thumb/v6-m/nofp/libgcc.a(_muldi3.o)
                0x08000c54                __aeabi_lmul
                0x08000c54                __muldi3
 *(.text*)
 .text.SE_CRYPTO_Decrypt_Init
                0x08000cb0       0x50 build/se_crypto_bootloader.o
                0x08000cb0                SE_CRYPTO_Decrypt_Init
 .text.SE_CRYPTO_Decrypt_Append
                0x08000d00       0x3c build/se_crypto_bootloader.o
                0x08000d00                SE_CRYPTO_Decrypt_Append
 .text.SE_CRYPTO_Decrypt_Finish
                0x08000d3c       0xa0 build/se_crypto_bootloader.o
                0x08000d3c                SE_CRYPTO_Decrypt_Finish
 .text.SE_CRYPTO_AuthenticateFW_Init
                0x08000ddc       0x2c build/se_crypto_bootloader.o
                0x08000ddc                SE_CRYPTO_AuthenticateFW_Init
 .text.SE_CRYPTO_AuthenticateFW_Append
                0x08000e08       0x2c build/se_crypto_bootloader.o
                0x08000e08                SE_CRYPTO_AuthenticateFW_Append
 .text.SE_CRYPTO_AuthenticateFW_Finish
                0x08000e34       0x2c build/se_crypto_bootloader.o
                0x08000e34                SE_CRYPTO_AuthenticateFW_Finish
 .text.SE_CRYPTO_Authenticate_Metadata
                0x08000e60      0x1b0 build/se_crypto_bootloader.o
                0x08000e60                SE_CRYPTO_Authenticate_Metadata
 .text.__NVIC_SystemReset
                0x08001010       0x1c build/se_low_level.o
 .text.SE_LL_CRC_Config
                0x0800102c       0x38 build/se_low_level.o
                0x0800102c                SE_LL_CRC_Config
 .text.SE_LL_FLASH_Erase
                0x08001064       0x64 build/se_low_level.o
                0x08001064                SE_LL_FLASH_Erase
 .text.SE_LL_FLASH_Write
                0x080010c8       0x5c build/se_low_level.o
                0x080010c8                SE_LL_FLASH_Write
 .text.SE_LL_FLASH_Read
                0x08001124       0x58 build/se_low_level.o
                0x08001124                SE_LL_FLASH_Read
 .text.SE_LL_Buffer_in_ram
                0x0800117c       0x30 build/se_low_level.o
                0x0800117c                SE_LL_Buffer_in_ram
 .text.SE_LL_Buffer_in_SBSFU_ram
                0x080011ac       0x30 build/se_low_level.o
                0x080011ac                SE_LL_Buffer_in_SBSFU_ram
 .text.SE_LL_Buffer_part_of_SE_ram
                0x080011dc       0x38 build/se_low_level.o
                0x080011dc                SE_LL_Buffer_part_of_SE_ram
 .text.SE_LL_CORE_Cleanup
                0x08001214        0x8 build/se_low_level.o
                0x08001214                SE_LL_CORE_Cleanup
 .text.SE_LL_Lock_Keys
                0x0800121c        0x8 build/se_low_level.o
                0x0800121c                SE_LL_Lock_Keys
 .text.LoopCopyDataInit
                0x08001224       0x44 build/data_init.o
                0x08001224                LoopCopyDataInit
 .text.LoopFillZerobss
                0x08001268       0x34 build/data_init.o
                0x08001268                LoopFillZerobss
 .text.__gcc_data_init
                0x0800129c        0xc build/data_init.o
                0x0800129c                __gcc_data_init
 .text.LoopCleanDataInit
                0x080012a8       0x34 build/data_init.o
                0x080012a8                LoopCleanDataInit
 .text.__gcc_clean_data
                0x080012dc        0xc build/data_init.o
                0x080012dc                __gcc_clean_data
 .text.HAL_CRC_MspInit
                0x080012e8        0x2 build/stm32g0xx_hal_crc.o
                0x080012e8                HAL_CRC_MspInit
 *fill*         0x080012ea        0x2 
 .text.HAL_CRC_Init
                0x080012ec       0x74 build/stm32g0xx_hal_crc.o
                0x080012ec                HAL_CRC_Init
 .text.HAL_CRCEx_Polynomial_Set
                0x08001360       0x5a build/stm32g0xx_hal_crc_ex.o
                0x08001360                HAL_CRCEx_Polynomial_Set
 *fill*         0x080013ba        0x2 
 .text.HAL_FLASH_Unlock
                0x080013bc       0x24 build/stm32g0xx_hal_flash.o
                0x080013bc                HAL_FLASH_Unlock
 .text.HAL_FLASH_Lock
                0x080013e0       0x18 build/stm32g0xx_hal_flash.o
                0x080013e0                HAL_FLASH_Lock
 .text.FLASH_WaitForLastOperation
                0x080013f8       0x68 build/stm32g0xx_hal_flash.o
                0x080013f8                FLASH_WaitForLastOperation
 .text.HAL_FLASH_Program
                0x08001460       0x68 build/stm32g0xx_hal_flash.o
                0x08001460                HAL_FLASH_Program
 .text.FLASH_PageErase
                0x080014c8       0x20 build/stm32g0xx_hal_flash_ex.o
                0x080014c8                FLASH_PageErase
 .text.HAL_FLASHEx_Erase
                0x080014e8       0x94 build/stm32g0xx_hal_flash_ex.o
                0x080014e8                HAL_FLASHEx_Erase
 .text.__NVIC_SystemReset
                0x0800157c       0x1c build/se_callgate.o
 .text.SE_CallGateService
                0x08001598      0x4f8 build/se_callgate.o
                0x08001598                SE_CallGateService
 .text.SE_IMG_Write
                0x08001a90       0x2c build/se_fwimg.o
                0x08001a90                SE_IMG_Write
 .text.SE_IMG_Read
                0x08001abc       0x2c build/se_fwimg.o
                0x08001abc                SE_IMG_Read
 .text.SE_IMG_Erase
                0x08001ae8       0x2c build/se_fwimg.o
                0x08001ae8                SE_IMG_Erase
 .text.SE_APPLI_GetActiveFwInfo
                0x08001b14       0x40 build/se_user_application.o
                0x08001b14                SE_APPLI_GetActiveFwInfo
 .text.SE_SetSystemCoreClock
                0x08001b54        0xc build/se_utils.o
                0x08001b54                SE_SetSystemCoreClock
 .text.HAL_GetTick
                0x08001b60       0x54 build/se_utils.o
                0x08001b60                HAL_GetTick
 .text.AES_keyschedule_enc_LL
                0x08001bb4      0x174 ../../../../..//Middlewares/ST/STM32_Cryptographic/Fw_Crypto/STM32G0/Lib/STM32CryptographicV3.1.5_CM0PLUS_GCC.a(crypto.o)
 .text.SHA256Transform
                0x08001d28      0x2f0 ../../../../..//Middlewares/ST/STM32_Cryptographic/Fw_Crypto/STM32G0/Lib/STM32CryptographicV3.1.5_CM0PLUS_GCC.a(crypto.o)
 .text.AES_keyschedule_enc
                0x08002018       0x36 ../../../../..//Middlewares/ST/STM32_Cryptographic/Fw_Crypto/STM32G0/Lib/STM32CryptographicV3.1.5_CM0PLUS_GCC.a(crypto.o)
                0x08002018                AES_keyschedule_enc
 *fill*         0x0800204e        0x2 
 .text.AESstdInit
                0x08002050       0xb0 ../../../../..//Middlewares/ST/STM32_Cryptographic/Fw_Crypto/STM32G0/Lib/STM32CryptographicV3.1.5_CM0PLUS_GCC.a(crypto.o)
 .text.AES_general_SW_dec
                0x08002100      0x2a8 ../../../../..//Middlewares/ST/STM32_Cryptographic/Fw_Crypto/STM32G0/Lib/STM32CryptographicV3.1.5_CM0PLUS_GCC.a(crypto.o)
                0x08002100                AES_general_SW_dec
 .text.AES_ECB_Encrypt_Finish
                0x080023a8       0x1c ../../../../..//Middlewares/ST/STM32_Cryptographic/Fw_Crypto/STM32G0/Lib/STM32CryptographicV3.1.5_CM0PLUS_GCC.a(crypto.o)
                0x080023a8                AES_ECB_Encrypt_Finish
 .text.AES_CBC_Decrypt_Init
                0x080023c4        0xa ../../../../..//Middlewares/ST/STM32_Cryptographic/Fw_Crypto/STM32G0/Lib/STM32CryptographicV3.1.5_CM0PLUS_GCC.a(crypto.o)
                0x080023c4                AES_CBC_Decrypt_Init
 *fill*         0x080023ce        0x2 
 .text.AES_CBC_Decrypt_Append
                0x080023d0      0x260 ../../../../..//Middlewares/ST/STM32_Cryptographic/Fw_Crypto/STM32G0/Lib/STM32CryptographicV3.1.5_CM0PLUS_GCC.a(crypto.o)
                0x080023d0                AES_CBC_Decrypt_Append
 .text.AES_CBC_Decrypt_Finish
                0x08002630        0x8 ../../../../..//Middlewares/ST/STM32_Cryptographic/Fw_Crypto/STM32G0/Lib/STM32CryptographicV3.1.5_CM0PLUS_GCC.a(crypto.o)
                0x08002630                AES_CBC_Decrypt_Finish
 .text.SHA256Update
                0x08002638       0x86 ../../../../..//Middlewares/ST/STM32_Cryptographic/Fw_Crypto/STM32G0/Lib/STM32CryptographicV3.1.5_CM0PLUS_GCC.a(crypto.o)
                0x08002638                SHA256Update
 *fill*         0x080026be        0x2 
 .text.SHA256_Append
                0x080026c0       0x30 ../../../../..//Middlewares/ST/STM32_Cryptographic/Fw_Crypto/STM32G0/Lib/STM32CryptographicV3.1.5_CM0PLUS_GCC.a(crypto.o)
                0x080026c0                SHA256_Append
 .text.SHA256Init
                0x080026f0       0x48 ../../../../..//Middlewares/ST/STM32_Cryptographic/Fw_Crypto/STM32G0/Lib/STM32CryptographicV3.1.5_CM0PLUS_GCC.a(crypto.o)
                0x080026f0                SHA256Init
 .text.SHA256_Init
                0x08002738       0x20 ../../../../..//Middlewares/ST/STM32_Cryptographic/Fw_Crypto/STM32G0/Lib/STM32CryptographicV3.1.5_CM0PLUS_GCC.a(crypto.o)
                0x08002738                SHA256_Init
 .text.SHA256Final
                0x08002758      0x102 ../../../../..//Middlewares/ST/STM32_Cryptographic/Fw_Crypto/STM32G0/Lib/STM32CryptographicV3.1.5_CM0PLUS_GCC.a(crypto.o)
                0x08002758                SHA256Final
 *fill*         0x0800285a        0x2 
 .text.SHA256_Finish
                0x0800285c       0x58 ../../../../..//Middlewares/ST/STM32_Cryptographic/Fw_Crypto/STM32G0/Lib/STM32CryptographicV3.1.5_CM0PLUS_GCC.a(crypto.o)
                0x0800285c                SHA256_Finish
 .text.StAllocBig
                0x080028b4       0x30 ../../../../..//Middlewares/ST/STM32_Cryptographic/Fw_Crypto/STM32G0/Lib/STM32CryptographicV3.1.5_CM0PLUS_GCC.a(crypto.o)
                0x080028b4                StAllocBig
 .text.StFreeBig
                0x080028e4       0x20 ../../../../..//Middlewares/ST/STM32_Cryptographic/Fw_Crypto/STM32G0/Lib/STM32CryptographicV3.1.5_CM0PLUS_GCC.a(crypto.o)
                0x080028e4                StFreeBig
 .text.InitBig  0x08002904       0x30 ../../../../..//Middlewares/ST/STM32_Cryptographic/Fw_Crypto/STM32G0/Lib/STM32CryptographicV3.1.5_CM0PLUS_GCC.a(crypto.o)
                0x08002904                InitBig
 .text.CopyBig  0x08002934       0x54 ../../../../..//Middlewares/ST/STM32_Cryptographic/Fw_Crypto/STM32G0/Lib/STM32CryptographicV3.1.5_CM0PLUS_GCC.a(crypto.o)
                0x08002934                CopyBig
 .text.Add_Moduli_Big
                0x08002988       0xf4 ../../../../..//Middlewares/ST/STM32_Cryptographic/Fw_Crypto/STM32G0/Lib/STM32CryptographicV3.1.5_CM0PLUS_GCC.a(crypto.o)
 .text.IsZeroBig
                0x08002a7c       0x14 ../../../../..//Middlewares/ST/STM32_Cryptographic/Fw_Crypto/STM32G0/Lib/STM32CryptographicV3.1.5_CM0PLUS_GCC.a(crypto.o)
                0x08002a7c                IsZeroBig
 .text.SetZeroBig
                0x08002a90       0x22 ../../../../..//Middlewares/ST/STM32_Cryptographic/Fw_Crypto/STM32G0/Lib/STM32CryptographicV3.1.5_CM0PLUS_GCC.a(crypto.o)
                0x08002a90                SetZeroBig
 .text.SignBig  0x08002ab2        0xc ../../../../..//Middlewares/ST/STM32_Cryptographic/Fw_Crypto/STM32G0/Lib/STM32CryptographicV3.1.5_CM0PLUS_GCC.a(crypto.o)
                0x08002ab2                SignBig
 .text.EvenBig  0x08002abe        0xa ../../../../..//Middlewares/ST/STM32_Cryptographic/Fw_Crypto/STM32G0/Lib/STM32CryptographicV3.1.5_CM0PLUS_GCC.a(crypto.o)
                0x08002abe                EvenBig
 .text.CompareBig
                0x08002ac8       0x90 ../../../../..//Middlewares/ST/STM32_Cryptographic/Fw_Crypto/STM32G0/Lib/STM32CryptographicV3.1.5_CM0PLUS_GCC.a(crypto.o)
                0x08002ac8                CompareBig
 .text.CountBits
                0x08002b58       0x40 ../../../../..//Middlewares/ST/STM32_Cryptographic/Fw_Crypto/STM32G0/Lib/STM32CryptographicV3.1.5_CM0PLUS_GCC.a(crypto.o)
                0x08002b58                CountBits
 .text.GiveBit  0x08002b98       0x1c ../../../../..//Middlewares/ST/STM32_Cryptographic/Fw_Crypto/STM32G0/Lib/STM32CryptographicV3.1.5_CM0PLUS_GCC.a(crypto.o)
                0x08002b98                GiveBit
 .text.W8_to_Big
                0x08002bb4       0xe4 ../../../../..//Middlewares/ST/STM32_Cryptographic/Fw_Crypto/STM32G0/Lib/STM32CryptographicV3.1.5_CM0PLUS_GCC.a(crypto.o)
                0x08002bb4                W8_to_Big
 .text.FastMul2
                0x08002c98       0x60 ../../../../..//Middlewares/ST/STM32_Cryptographic/Fw_Crypto/STM32G0/Lib/STM32CryptographicV3.1.5_CM0PLUS_GCC.a(crypto.o)
                0x08002c98                FastMul2
 .text.FastDiv2
                0x08002cf8       0x38 ../../../../..//Middlewares/ST/STM32_Cryptographic/Fw_Crypto/STM32G0/Lib/STM32CryptographicV3.1.5_CM0PLUS_GCC.a(crypto.o)
                0x08002cf8                FastDiv2
 .text.FastMulInnerBase
                0x08002d30       0x74 ../../../../..//Middlewares/ST/STM32_Cryptographic/Fw_Crypto/STM32G0/Lib/STM32CryptographicV3.1.5_CM0PLUS_GCC.a(crypto.o)
                0x08002d30                FastMulInnerBase
 .text.LeftShift
                0x08002da4       0x6c ../../../../..//Middlewares/ST/STM32_Cryptographic/Fw_Crypto/STM32G0/Lib/STM32CryptographicV3.1.5_CM0PLUS_GCC.a(crypto.o)
                0x08002da4                LeftShift
 .text.RightShift
                0x08002e10       0x54 ../../../../..//Middlewares/ST/STM32_Cryptographic/Fw_Crypto/STM32G0/Lib/STM32CryptographicV3.1.5_CM0PLUS_GCC.a(crypto.o)
                0x08002e10                RightShift
 .text.MulBigbyUnInt
                0x08002e64       0x70 ../../../../..//Middlewares/ST/STM32_Cryptographic/Fw_Crypto/STM32G0/Lib/STM32CryptographicV3.1.5_CM0PLUS_GCC.a(crypto.o)
                0x08002e64                MulBigbyUnInt
 .text.Sub_Moduli_Big
                0x08002ed4      0x11c ../../../../..//Middlewares/ST/STM32_Cryptographic/Fw_Crypto/STM32G0/Lib/STM32CryptographicV3.1.5_CM0PLUS_GCC.a(crypto.o)
                0x08002ed4                Sub_Moduli_Big
 .text.AddBig   0x08002ff0      0x110 ../../../../..//Middlewares/ST/STM32_Cryptographic/Fw_Crypto/STM32G0/Lib/STM32CryptographicV3.1.5_CM0PLUS_GCC.a(crypto.o)
                0x08002ff0                AddBig
 .text.SubBig   0x08003100       0xb8 ../../../../..//Middlewares/ST/STM32_Cryptographic/Fw_Crypto/STM32G0/Lib/STM32CryptographicV3.1.5_CM0PLUS_GCC.a(crypto.o)
                0x08003100                SubBig
 .text.MontyInit
                0x080031b8      0x148 ../../../../..//Middlewares/ST/STM32_Cryptographic/Fw_Crypto/STM32G0/Lib/STM32CryptographicV3.1.5_CM0PLUS_GCC.a(crypto.o)
                0x080031b8                MontyInit
 .text.MontyKillR2
                0x08003300        0xe ../../../../..//Middlewares/ST/STM32_Cryptographic/Fw_Crypto/STM32G0/Lib/STM32CryptographicV3.1.5_CM0PLUS_GCC.a(crypto.o)
                0x08003300                MontyKillR2
 .text.MontyKillAll
                0x0800330e       0x1a ../../../../..//Middlewares/ST/STM32_Cryptographic/Fw_Crypto/STM32G0/Lib/STM32CryptographicV3.1.5_CM0PLUS_GCC.a(crypto.o)
                0x0800330e                MontyKillAll
 .text.MontyMul
                0x08003328      0x218 ../../../../..//Middlewares/ST/STM32_Cryptographic/Fw_Crypto/STM32G0/Lib/STM32CryptographicV3.1.5_CM0PLUS_GCC.a(crypto.o)
                0x08003328                MontyMul
 .text.MontyExit
                0x08003540       0x44 ../../../../..//Middlewares/ST/STM32_Cryptographic/Fw_Crypto/STM32G0/Lib/STM32CryptographicV3.1.5_CM0PLUS_GCC.a(crypto.o)
                0x08003540                MontyExit
 .text.ModularAddBig
                0x08003584       0x44 ../../../../..//Middlewares/ST/STM32_Cryptographic/Fw_Crypto/STM32G0/Lib/STM32CryptographicV3.1.5_CM0PLUS_GCC.a(crypto.o)
                0x08003584                ModularAddBig
 .text.ModularSubBig
                0x080035c8       0x28 ../../../../..//Middlewares/ST/STM32_Cryptographic/Fw_Crypto/STM32G0/Lib/STM32CryptographicV3.1.5_CM0PLUS_GCC.a(crypto.o)
                0x080035c8                ModularSubBig
 .text.ModularFastMul2
                0x080035f0       0x38 ../../../../..//Middlewares/ST/STM32_Cryptographic/Fw_Crypto/STM32G0/Lib/STM32CryptographicV3.1.5_CM0PLUS_GCC.a(crypto.o)
                0x080035f0                ModularFastMul2
 .text.ModularInvBig
                0x08003628      0x1b4 ../../../../..//Middlewares/ST/STM32_Cryptographic/Fw_Crypto/STM32G0/Lib/STM32CryptographicV3.1.5_CM0PLUS_GCC.a(crypto.o)
                0x08003628                ModularInvBig
 .text.ECCpoint2Monty
                0x080037dc       0x40 ../../../../..//Middlewares/ST/STM32_Cryptographic/Fw_Crypto/STM32G0/Lib/STM32CryptographicV3.1.5_CM0PLUS_GCC.a(crypto.o)
                0x080037dc                ECCpoint2Monty
 .text.ECCpointFromMonty
                0x0800381c       0x3c ../../../../..//Middlewares/ST/STM32_Cryptographic/Fw_Crypto/STM32G0/Lib/STM32CryptographicV3.1.5_CM0PLUS_GCC.a(crypto.o)
                0x0800381c                ECCpointFromMonty
 .text.MontyJacProjDoublePoint
                0x08003858      0x220 ../../../../..//Middlewares/ST/STM32_Cryptographic/Fw_Crypto/STM32G0/Lib/STM32CryptographicV3.1.5_CM0PLUS_GCC.a(crypto.o)
                0x08003858                MontyJacProjDoublePoint
 .text.ECCinitEC
                0x08003a78      0x1d4 ../../../../..//Middlewares/ST/STM32_Cryptographic/Fw_Crypto/STM32G0/Lib/STM32CryptographicV3.1.5_CM0PLUS_GCC.a(crypto.o)
                0x08003a78                ECCinitEC
 .text.ECCfreeEC
                0x08003c4c       0x8c ../../../../..//Middlewares/ST/STM32_Cryptographic/Fw_Crypto/STM32G0/Lib/STM32CryptographicV3.1.5_CM0PLUS_GCC.a(crypto.o)
                0x08003c4c                ECCfreeEC
 .text.ECCinitPoint
                0x08003cd8       0xd4 ../../../../..//Middlewares/ST/STM32_Cryptographic/Fw_Crypto/STM32G0/Lib/STM32CryptographicV3.1.5_CM0PLUS_GCC.a(crypto.o)
                0x08003cd8                ECCinitPoint
 .text.ECCfreePoint
                0x08003dac       0x48 ../../../../..//Middlewares/ST/STM32_Cryptographic/Fw_Crypto/STM32G0/Lib/STM32CryptographicV3.1.5_CM0PLUS_GCC.a(crypto.o)
                0x08003dac                ECCfreePoint
 .text.ECCsetPointCoordinate
                0x08003df4       0x54 ../../../../..//Middlewares/ST/STM32_Cryptographic/Fw_Crypto/STM32G0/Lib/STM32CryptographicV3.1.5_CM0PLUS_GCC.a(crypto.o)
                0x08003df4                ECCsetPointCoordinate
 .text.ECCcopyPoint
                0x08003e48       0x68 ../../../../..//Middlewares/ST/STM32_Cryptographic/Fw_Crypto/STM32G0/Lib/STM32CryptographicV3.1.5_CM0PLUS_GCC.a(crypto.o)
                0x08003e48                ECCcopyPoint
 .text.Normalize
                0x08003eb0       0xfc ../../../../..//Middlewares/ST/STM32_Cryptographic/Fw_Crypto/STM32G0/Lib/STM32CryptographicV3.1.5_CM0PLUS_GCC.a(crypto.o)
                0x08003eb0                Normalize
 .text.MontyJacProjAddPoints
                0x08003fac      0x254 ../../../../..//Middlewares/ST/STM32_Cryptographic/Fw_Crypto/STM32G0/Lib/STM32CryptographicV3.1.5_CM0PLUS_GCC.a(crypto.o)
                0x08003fac                MontyJacProjAddPoints
 .text.Binary_DoublePointMul
                0x08004200      0x12c ../../../../..//Middlewares/ST/STM32_Cryptographic/Fw_Crypto/STM32G0/Lib/STM32CryptographicV3.1.5_CM0PLUS_GCC.a(crypto.o)
                0x08004200                Binary_DoublePointMul
 .text.ECCsetPointGenerator
                0x0800432c       0x94 ../../../../..//Middlewares/ST/STM32_Cryptographic/Fw_Crypto/STM32G0/Lib/STM32CryptographicV3.1.5_CM0PLUS_GCC.a(crypto.o)
                0x0800432c                ECCsetPointGenerator
 .text.ECDSAinitSign
                0x080043c0       0x84 ../../../../..//Middlewares/ST/STM32_Cryptographic/Fw_Crypto/STM32G0/Lib/STM32CryptographicV3.1.5_CM0PLUS_GCC.a(crypto.o)
                0x080043c0                ECDSAinitSign
 .text.ECDSAfreeSign
                0x08004444       0x38 ../../../../..//Middlewares/ST/STM32_Cryptographic/Fw_Crypto/STM32G0/Lib/STM32CryptographicV3.1.5_CM0PLUS_GCC.a(crypto.o)
                0x08004444                ECDSAfreeSign
 .text.ECDSAsetSignature
                0x0800447c       0x34 ../../../../..//Middlewares/ST/STM32_Cryptographic/Fw_Crypto/STM32G0/Lib/STM32CryptographicV3.1.5_CM0PLUS_GCC.a(crypto.o)
                0x0800447c                ECDSAsetSignature
 .text.ECDSAverify
                0x080044b0      0x2d8 ../../../../..//Middlewares/ST/STM32_Cryptographic/Fw_Crypto/STM32G0/Lib/STM32CryptographicV3.1.5_CM0PLUS_GCC.a(crypto.o)
                0x080044b0                ECDSAverify
 .text.ECCvalidatePubKey
                0x08004788      0x23c ../../../../..//Middlewares/ST/STM32_Cryptographic/Fw_Crypto/STM32G0/Lib/STM32CryptographicV3.1.5_CM0PLUS_GCC.a(crypto.o)
                0x08004788                ECCvalidatePubKey
 *(.glue_7)
 .glue_7        0x080049c4        0x0 linker stubs
 *(.glue_7t)
 .glue_7t       0x080049c4        0x0 linker stubs
 *(.eh_frame)
 .eh_frame      0x080049c4        0x0 /usr/lib/gcc/arm-none-eabi/13.2.1/thumb/v6-m/nofp/crtbegin.o
 *(.init)
 .init          0x080049c4        0x4 /usr/lib/gcc/arm-none-eabi/13.2.1/thumb/v6-m/nofp/crti.o
                0x080049c4                _init
 .init          0x080049c8        0x8 /usr/lib/gcc/arm-none-eabi/13.2.1/thumb/v6-m/nofp/crtn.o
 *(.fini)
 .fini          0x080049d0        0x4 /usr/lib/gcc/arm-none-eabi/13.2.1/thumb/v6-m/nofp/crti.o
                0x080049d0                _fini
 .fini          0x080049d4        0x8 /usr/lib/gcc/arm-none-eabi/13.2.1/thumb/v6-m/nofp/crtn.o
                0x080049e0                        . = ALIGN (0x8)
 *fill*         0x080049dc        0x4 
                0x080049e0                        _etext = .

.vfp11_veneer   0x080049e0        0x0
 .vfp11_veneer  0x080049e0        0x0 linker stubs

.v4_bx          0x080049e0        0x0
 .v4_bx         0x080049e0        0x0 linker stubs

.iplt           0x080049e0        0x0
 .iplt          0x080049e0        0x0 /usr/lib/gcc/arm-none-eabi/13.2.1/thumb/v6-m/nofp/crtbegin.o

.RamFunc        0x080049e0       0x38
 .RamFunc       0x080049e0       0x38 build/stm32g0xx_hal_flash.o

.rodata         0x08004a18      0x410
                0x08004a18                        . = ALIGN (0x8)
 *(.rodata)
 *(.rodata*)
 .rodata.SE_CRYPTO_Decrypt_Init.str1.1
                0x08004a18        0x5 build/se_crypto_bootloader.o
 *fill*         0x08004a1d        0x3 
 .rodata.P_256_Gy.0
                0x08004a20       0x20 build/se_crypto_bootloader.o
 .rodata.P_256_Gx.1
                0x08004a40       0x20 build/se_crypto_bootloader.o
 .rodata.P_256_n.2
                0x08004a60       0x20 build/se_crypto_bootloader.o
 .rodata.P_256_p.3
                0x08004a80       0x20 build/se_crypto_bootloader.o
 .rodata.P_256_b.4
                0x08004aa0       0x20 build/se_crypto_bootloader.o
 .rodata.P_256_a.5
                0x08004ac0       0x20 build/se_crypto_bootloader.o
 .rodata.SlotHeaderAdd
                0x08004ae0       0x20 build/se_low_level.o
                0x08004ae0                SlotHeaderAdd
 .rodata.InvSbox
                0x08004b00      0x100 ../../../../..//Middlewares/ST/STM32_Cryptographic/Fw_Crypto/STM32G0/Lib/STM32CryptographicV3.1.5_CM0PLUS_GCC.a(crypto.o)
                0x08004b00                InvSbox
 .rodata.K256   0x08004c00      0x100 ../../../../..//Middlewares/ST/STM32_Cryptographic/Fw_Crypto/STM32G0/Lib/STM32CryptographicV3.1.5_CM0PLUS_GCC.a(crypto.o)
                0x08004c00                K256
 .rodata.Sbox   0x08004d00      0x100 ../../../../..//Middlewares/ST/STM32_Cryptographic/Fw_Crypto/STM32G0/Lib/STM32CryptographicV3.1.5_CM0PLUS_GCC.a(crypto.o)
                0x08004d00                Sbox
 .rodata.rcon   0x08004e00       0x28 ../../../../..//Middlewares/ST/STM32_Cryptographic/Fw_Crypto/STM32G0/Lib/STM32CryptographicV3.1.5_CM0PLUS_GCC.a(crypto.o)
                0x08004e00                rcon
                0x08004e28                        . = ALIGN (0x8)

.ARM.extab      0x08004e28        0x0
                0x08004e28                        . = ALIGN (0x8)
 *(.ARM.extab* .gnu.linkonce.armextab.*)
                0x08004e28                        . = ALIGN (0x8)

.ARM            0x08004e28        0x0
                0x08004e28                        . = ALIGN (0x8)
                0x08004e28                        __exidx_start = .
 *(.ARM.exidx*)
                0x08004e28                        __exidx_end = .
                0x08004e28                        . = ALIGN (0x8)

.preinit_array  0x08004e28        0x0
                0x08004e28                        . = ALIGN (0x8)
                0x08004e28                        PROVIDE (__preinit_array_start = .)
 *(.preinit_array*)
                0x08004e28                        PROVIDE (__preinit_array_end = .)
                0x08004e28                        . = ALIGN (0x8)

.init_array     0x08004e28        0x8
                0x08004e28                        . = ALIGN (0x8)
                0x08004e28                        PROVIDE (__init_array_start = .)
 *(SORT_BY_NAME(.init_array.*))
 *(.init_array*)
 .init_array    0x08004e28        0x4 /usr/lib/gcc/arm-none-eabi/13.2.1/thumb/v6-m/nofp/crtbegin.o
                0x08004e2c                        PROVIDE (__init_array_end = .)
                0x08004e30                        . = ALIGN (0x8)
 *fill*         0x08004e2c        0x4 

.fini_array     0x08004e30        0x8
                0x08004e30                        . = ALIGN (0x8)
                0x08004e30                        PROVIDE (__fini_array_start = .)
 *(SORT_BY_NAME(.fini_array.*))
 *(.fini_array*)
 .fini_array    0x08004e30        0x4 /usr/lib/gcc/arm-none-eabi/13.2.1/thumb/v6-m/nofp/crtbegin.o
                0x08004e34                        PROVIDE (__fini_array_end = .)
                0x08004e38                        . = ALIGN (0x8)
 *fill*         0x08004e34        0x4 
                0x08004e38                        _sidata = LOADADDR (.data)

.rel.dyn        0x08004e38        0x0
 .rel.iplt      0x08004e38        0x0 /usr/lib/gcc/arm-none-eabi/13.2.1/thumb/v6-m/nofp/crtbegin.o

.data           0x20000400        0x8 load address 0x08004e38
                0x20000400                        . = ALIGN (0x8)
                0x20000400                        _sdata = .
 *(.data)
 *(.data*)
 .data.SE_LockRestrictedServices.0
                0x20000400        0x4 build/se_callgate.o
                0x20000408                        . = ALIGN (0x8)
 *fill*         0x20000404        0x4 
                0x20000408                        _edata = .

.tm_clone_table
                0x20000408        0x0 load address 0x08004e40
 .tm_clone_table
                0x20000408        0x0 /usr/lib/gcc/arm-none-eabi/13.2.1/thumb/v6-m/nofp/crtbegin.o
 .tm_clone_table
                0x20000408        0x0 /usr/lib/gcc/arm-none-eabi/13.2.1/thumb/v6-m/nofp/crtend.o

.igot.plt       0x20000408        0x0 load address 0x08004e40
 .igot.plt      0x20000408        0x0 /usr/lib/gcc/arm-none-eabi/13.2.1/thumb/v6-m/nofp/crtbegin.o
                0x20000408                        . = ALIGN (0x4)

.bss            0x20000408      0xa4c load address 0x08004e40
                0x20000408                        _sbss = .
                0x20000408                        __bss_start__ = _sbss
 *(.bss)
 .bss           0x20000408       0x1c /usr/lib/gcc/arm-none-eabi/13.2.1/thumb/v6-m/nofp/crtbegin.o
 *(.bss*)
 .bss.preallocated_buffer.6
                0x20000424      0x800 build/se_crypto_bootloader.o
 .bss.m_aSE_PubKey.7
                0x20000c24       0x40 build/se_crypto_bootloader.o
 .bss.m_SHA256ctx
                0x20000c64       0x74 build/se_crypto_bootloader.o
 .bss.m_AESCBCctx
                0x20000cd8      0x118 build/se_crypto_bootloader.o
 .bss.m_aSE_FirmwareKey
                0x20000df0       0x10 build/se_crypto_bootloader.o
 .bss.SE_DoubleECC_Error_Counter
                0x20000e00        0x4 build/se_low_level.o
 .bss.CrcHandle
                0x20000e04       0x24 build/se_low_level.o
 .bss.pFlash    0x20000e28       0x1c build/stm32g0xx_hal_flash.o
                0x20000e28                pFlash
 .bss.m_uTick.0
                0x20000e44        0x4 build/se_utils.o
 .bss.tdelta.1  0x20000e48        0x4 build/se_utils.o
 .bss.t1.2      0x20000e4c        0x4 build/se_utils.o
 .bss.m_uSE_SystemCoreClock
                0x20000e50        0x4 build/se_utils.o
 *(COMMON)
                0x20000e54                        . = ALIGN (0x4)
                0x20000e54                        _ebss = .
                0x20000e54                        __bss_end__ = _ebss

/DISCARD/
 libc.a(*)
 libm.a(*)
 libgcc.a(*)

.ARM.attributes
                0x00000000       0x28
 *(.ARM.attributes)
 .ARM.attributes
                0x00000000       0x1e /usr/lib/gcc/arm-none-eabi/13.2.1/thumb/v6-m/nofp/crti.o
 .ARM.attributes
                0x0000001e       0x2c /usr/lib/gcc/arm-none-eabi/13.2.1/thumb/v6-m/nofp/crtbegin.o
 .ARM.attributes
                0x0000004a       0x2c build/se_crypto_bootloader.o
 .ARM.attributes
                0x00000076       0x2c build/se_low_level.o
 .ARM.attributes
                0x000000a2       0x2c build/data_init.o
 .ARM.attributes
                0x000000ce       0x2c build/stm32g0xx_hal_crc.o
 .ARM.attributes
                0x000000fa       0x2c build/stm32g0xx_hal_crc_ex.o
 .ARM.attributes
                0x00000126       0x2c build/stm32g0xx_hal_flash.o
 .ARM.attributes
                0x00000152       0x2c build/stm32g0xx_hal_flash_ex.o
 .ARM.attributes
                0x0000017e       0x2c build/se_callgate.o
 .ARM.attributes
                0x000001aa       0x2c build/se_startup.o
 .ARM.attributes
                0x000001d6       0x2c build/se_fwimg.o
 .ARM.attributes
                0x00000202       0x2c build/se_user_application.o
 .ARM.attributes
                0x0000022e       0x2c build/se_utils.o
 .ARM.attributes
                0x0000025a       0x1c build/se_key.o
 .ARM.attributes
                0x00000276       0x32 ../../../../..//Middlewares/ST/STM32_Cryptographic/Fw_Crypto/STM32G0/Lib/STM32CryptographicV3.1.5_CM0PLUS_GCC.a(crypto.o)
 .ARM.attributes
                0x000002a8       0x2c /usr/lib/gcc/arm-none-eabi/13.2.1/../../../arm-none-eabi/lib/thumb/v6-m/nofp/libc_nano.a(libc_a-memset.o)
 .ARM.attributes
                0x000002d4       0x2c /usr/lib/gcc/arm-none-eabi/13.2.1/../../../arm-none-eabi/lib/thumb/v6-m/nofp/libc_nano.a(libc_a-memcpy-stub.o)
 .ARM.attributes
                0x00000300       0x2c /usr/lib/gcc/arm-none-eabi/13.2.1/../../../arm-none-eabi/lib/thumb/v6-m/nofp/libc_nano.a(libc_a-memcmp.o)
 .ARM.attributes
                0x0000032c       0x1e /usr/lib/gcc/arm-none-eabi/13.2.1/thumb/v6-m/nofp/libgcc.a(_thumb1_case_uqi.o)
 .ARM.attributes
                0x0000034a       0x1e /usr/lib/gcc/arm-none-eabi/13.2.1/thumb/v6-m/nofp/libgcc.a(_thumb1_case_uhi.o)
 .ARM.attributes
                0x00000368       0x1e /usr/lib/gcc/arm-none-eabi/13.2.1/thumb/v6-m/nofp/libgcc.a(_udivsi3.o)
 .ARM.attributes
                0x00000386       0x1e /usr/lib/gcc/arm-none-eabi/13.2.1/thumb/v6-m/nofp/libgcc.a(_dvmd_tls.o)
 .ARM.attributes
                0x000003a4       0x2c /usr/lib/gcc/arm-none-eabi/13.2.1/thumb/v6-m/nofp/libgcc.a(_muldi3.o)
 .ARM.attributes
                0x000003d0       0x2c /usr/lib/gcc/arm-none-eabi/13.2.1/thumb/v6-m/nofp/crtend.o
 .ARM.attributes
                0x000003fc       0x1e /usr/lib/gcc/arm-none-eabi/13.2.1/thumb/v6-m/nofp/crtn.o
OUTPUT(build/SECoreBin.elf elf32-littlearm)
LOAD linker stubs
LOAD /usr/lib/gcc/arm-none-eabi/13.2.1/../../../arm-none-eabi/lib/thumb/v6-m/nofp/libc.a
LOAD /usr/lib/gcc/arm-none-eabi/13.2.1/../../../arm-none-eabi/lib/thumb/v6-m/nofp/libm.a
LOAD /usr/lib/gcc/arm-none-eabi/13.2.1/thumb/v6-m/nofp/libgcc.a

.comment        0x00000000       0xa5
 .comment       0x00000000       0xa5 /usr/lib/gcc/arm-none-eabi/13.2.1/thumb/v6-m/nofp/crtbegin.o
                                 0x27 (size before relaxing)
 .comment       0x000000a5       0x27 build/se_crypto_bootloader.o
 .comment       0x000000a5       0x27 build/se_low_level.o
 .comment       0x000000a5       0x27 build/data_init.o
 .comment       0x000000a5       0x27 build/stm32g0xx_hal_crc.o
 .comment       0x000000a5       0x27 build/stm32g0xx_hal_crc_ex.o
 .comment       0x000000a5       0x27 build/stm32g0xx_hal_flash.o
 .comment       0x000000a5       0x27 build/stm32g0xx_hal_flash_ex.o
 .comment       0x000000a5       0x27 build/se_callgate.o
 .comment       0x000000a5       0x27 build/se_startup.o
 .comment       0x000000a5       0x27 build/se_fwimg.o
 .comment       0x000000a5       0x27 build/se_user_application.o
 .comment       0x000000a5       0x27 build/se_utils.o
 .comment       0x000000a5       0x80 ../../../../..//Middlewares/ST/STM32_Cryptographic/Fw_Crypto/STM32G0/Lib/STM32CryptographicV3.1.5_CM0PLUS_GCC.a(crypto.o)
 .comment       0x000000a5       0x27 /usr/lib/gcc/arm-none-eabi/13.2.1/../../../arm-none-eabi/lib/thumb/v6-m/nofp/libc_nano.a(libc_a-memset.o)
 .comment       0x000000a5       0x27 /usr/lib/gcc/arm-none-eabi/13.2.1/../../../arm-none-eabi/lib/thumb/v6-m/nofp/libc_nano.a(libc_a-memcpy-stub.o)
 .comment       0x000000a5       0x27 /usr/lib/gcc/arm-none-eabi/13.2.1/../../../arm-none-eabi/lib/thumb/v6-m/nofp/libc_nano.a(libc_a-memcmp.o)
 .comment       0x000000a5       0x27 /usr/lib/gcc/arm-none-eabi/13.2.1/thumb/v6-m/nofp/libgcc.a(_muldi3.o)
 .comment       0x000000a5       0x27 /usr/lib/gcc/arm-none-eabi/13.2.1/thumb/v6-m/nofp/crtend.o

.debug_info     0x00000000     0x6f4c
 .debug_info    0x00000000     0x1752 build/se_crypto_bootloader.o
 .debug_info    0x00001752     0x139a build/se_low_level.o
 .debug_info    0x00002aec      0x25d build/data_init.o
 .debug_info    0x00002d49      0x673 build/stm32g0xx_hal_crc.o
 .debug_info    0x000033bc      0x388 build/stm32g0xx_hal_crc_ex.o
 .debug_info    0x00003744      0x8ad build/stm32g0xx_hal_flash.o
 .debug_info    0x00003ff1      0xe37 build/stm32g0xx_hal_flash_ex.o
 .debug_info    0x00004e28      0xe5f build/se_callgate.o
 .debug_info    0x00005c87       0xd1 build/se_startup.o
 .debug_info    0x00005d58      0x3e2 build/se_fwimg.o
 .debug_info    0x0000613a      0x35a build/se_user_application.o
 .debug_info    0x00006494      0x20a build/se_utils.o
 .debug_info    0x0000669e      0x135 /usr/lib/gcc/arm-none-eabi/13.2.1/../../../arm-none-eabi/lib/thumb/v6-m/nofp/libc_nano.a(libc_a-memset.o)
 .debug_info    0x000067d3      0x152 /usr/lib/gcc/arm-none-eabi/13.2.1/../../../arm-none-eabi/lib/thumb/v6-m/nofp/libc_nano.a(libc_a-memcpy-stub.o)
 .debug_info    0x00006925      0x12b /usr/lib/gcc/arm-none-eabi/13.2.1/../../../arm-none-eabi/lib/thumb/v6-m/nofp/libc_nano.a(libc_a-memcmp.o)
 .debug_info    0x00006a50       0x31 /usr/lib/gcc/arm-none-eabi/13.2.1/thumb/v6-m/nofp/libgcc.a(_thumb1_case_uqi.o)
 .debug_info    0x00006a81       0x31 /usr/lib/gcc/arm-none-eabi/13.2.1/thumb/v6-m/nofp/libgcc.a(_thumb1_case_uhi.o)
 .debug_info    0x00006ab2       0x3e /usr/lib/gcc/arm-none-eabi/13.2.1/thumb/v6-m/nofp/libgcc.a(_udivsi3.o)
 .debug_info    0x00006af0       0x3c /usr/lib/gcc/arm-none-eabi/13.2.1/thumb/v6-m/nofp/libgcc.a(_dvmd_tls.o)
 .debug_info    0x00006b2c      0x420 /usr/lib/gcc/arm-none-eabi/13.2.1/thumb/v6-m/nofp/libgcc.a(_muldi3.o)

.debug_abbrev   0x00000000     0x1dc7
 .debug_abbrev  0x00000000      0x332 build/se_crypto_bootloader.o
 .debug_abbrev  0x00000332      0x43b build/se_low_level.o
 .debug_abbrev  0x0000076d       0xcc build/data_init.o
 .debug_abbrev  0x00000839      0x21e build/stm32g0xx_hal_crc.o
 .debug_abbrev  0x00000a57      0x136 build/stm32g0xx_hal_crc_ex.o
 .debug_abbrev  0x00000b8d      0x371 build/stm32g0xx_hal_flash.o
 .debug_abbrev  0x00000efe      0x334 build/stm32g0xx_hal_flash_ex.o
 .debug_abbrev  0x00001232      0x2e7 build/se_callgate.o
 .debug_abbrev  0x00001519       0x94 build/se_startup.o
 .debug_abbrev  0x000015ad      0x15c build/se_fwimg.o
 .debug_abbrev  0x00001709      0x153 build/se_user_application.o
 .debug_abbrev  0x0000185c      0x16a build/se_utils.o
 .debug_abbrev  0x000019c6       0xb7 /usr/lib/gcc/arm-none-eabi/13.2.1/../../../arm-none-eabi/lib/thumb/v6-m/nofp/libc_nano.a(libc_a-memset.o)
 .debug_abbrev  0x00001a7d       0xca /usr/lib/gcc/arm-none-eabi/13.2.1/../../../arm-none-eabi/lib/thumb/v6-m/nofp/libc_nano.a(libc_a-memcpy-stub.o)
 .debug_abbrev  0x00001b47       0x90 /usr/lib/gcc/arm-none-eabi/13.2.1/../../../arm-none-eabi/lib/thumb/v6-m/nofp/libc_nano.a(libc_a-memcmp.o)
 .debug_abbrev  0x00001bd7       0x28 /usr/lib/gcc/arm-none-eabi/13.2.1/thumb/v6-m/nofp/libgcc.a(_thumb1_case_uqi.o)
 .debug_abbrev  0x00001bff       0x28 /usr/lib/gcc/arm-none-eabi/13.2.1/thumb/v6-m/nofp/libgcc.a(_thumb1_case_uhi.o)
 .debug_abbrev  0x00001c27       0x28 /usr/lib/gcc/arm-none-eabi/13.2.1/thumb/v6-m/nofp/libgcc.a(_udivsi3.o)
 .debug_abbrev  0x00001c4f       0x26 /usr/lib/gcc/arm-none-eabi/13.2.1/thumb/v6-m/nofp/libgcc.a(_dvmd_tls.o)
 .debug_abbrev  0x00001c75      0x152 /usr/lib/gcc/arm-none-eabi/13.2.1/thumb/v6-m/nofp/libgcc.a(_muldi3.o)

.debug_loc      0x00000000     0x41e9
 .debug_loc     0x00000000      0xc32 build/se_crypto_bootloader.o
 .debug_loc     0x00000c32      0xe5f build/se_low_level.o
 .debug_loc     0x00001a91       0xa0 build/data_init.o
 .debug_loc     0x00001b31      0x70c build/stm32g0xx_hal_crc.o
 .debug_loc     0x0000223d      0x1ef build/stm32g0xx_hal_crc_ex.o
 .debug_loc     0x0000242c      0x650 build/stm32g0xx_hal_flash.o
 .debug_loc     0x00002a7c      0x893 build/stm32g0xx_hal_flash_ex.o
 .debug_loc     0x0000330f      0x89e build/se_callgate.o
 .debug_loc     0x00003bad       0x20 build/se_startup.o
 .debug_loc     0x00003bcd      0x450 build/se_fwimg.o
 .debug_loc     0x0000401d       0xc7 build/se_user_application.o
 .debug_loc     0x000040e4      0x105 build/se_utils.o

.debug_aranges  0x00000000      0x4b0
 .debug_aranges
                0x00000000       0x70 build/se_crypto_bootloader.o
 .debug_aranges
                0x00000070       0xb0 build/se_low_level.o
 .debug_aranges
                0x00000120       0x40 build/data_init.o
 .debug_aranges
                0x00000160       0x60 build/stm32g0xx_hal_crc.o
 .debug_aranges
                0x000001c0       0x30 build/stm32g0xx_hal_crc_ex.o
 .debug_aranges
                0x000001f0       0x80 build/stm32g0xx_hal_flash.o
 .debug_aranges
                0x00000270       0x70 build/stm32g0xx_hal_flash_ex.o
 .debug_aranges
                0x000002e0       0x30 build/se_callgate.o
 .debug_aranges
                0x00000310       0x20 build/se_startup.o
 .debug_aranges
                0x00000330       0x30 build/se_fwimg.o
 .debug_aranges
                0x00000360       0x20 build/se_user_application.o
 .debug_aranges
                0x00000380       0x30 build/se_utils.o
 .debug_aranges
                0x000003b0       0x20 /usr/lib/gcc/arm-none-eabi/13.2.1/../../../arm-none-eabi/lib/thumb/v6-m/nofp/libc_nano.a(libc_a-memset.o)
 .debug_aranges
                0x000003d0       0x20 /usr/lib/gcc/arm-none-eabi/13.2.1/../../../arm-none-eabi/lib/thumb/v6-m/nofp/libc_nano.a(libc_a-memcpy-stub.o)
 .debug_aranges
                0x000003f0       0x20 /usr/lib/gcc/arm-none-eabi/13.2.1/../../../arm-none-eabi/lib/thumb/v6-m/nofp/libc_nano.a(libc_a-memcmp.o)
 .debug_aranges
                0x00000410       0x20 /usr/lib/gcc/arm-none-eabi/13.2.1/thumb/v6-m/nofp/libgcc.a(_thumb1_case_uqi.o)
 .debug_aranges
                0x00000430       0x20 /usr/lib/gcc/arm-none-eabi/13.2.1/thumb/v6-m/nofp/libgcc.a(_thumb1_case_uhi.o)
 .debug_aranges
                0x00000450       0x20 /usr/lib/gcc/arm-none-eabi/13.2.1/thumb/v6-m/nofp/libgcc.a(_udivsi3.o)
 .debug_aranges
                0x00000470       0x20 /usr/lib/gcc/arm-none-eabi/13.2.1/thumb/v6-m/nofp/libgcc.a(_dvmd_tls.o)
 .debug_aranges
                0x00000490       0x20 /usr/lib/gcc/arm-none-eabi/13.2.1/thumb/v6-m/nofp/libgcc.a(_muldi3.o)

.debug_ranges   0x00000000      0x4d0
 .debug_ranges  0x00000000       0x78 build/se_crypto_bootloader.o
 .debug_ranges  0x00000078      0x110 build/se_low_level.o
 .debug_ranges  0x00000188       0x88 build/data_init.o
 .debug_ranges  0x00000210       0x50 build/stm32g0xx_hal_crc.o
 .debug_ranges  0x00000260       0x20 build/stm32g0xx_hal_crc_ex.o
 .debug_ranges  0x00000280       0x70 build/stm32g0xx_hal_flash.o
 .debug_ranges  0x000002f0      0x160 build/stm32g0xx_hal_flash_ex.o
 .debug_ranges  0x00000450       0x20 build/se_callgate.o
 .debug_ranges  0x00000470       0x10 build/se_startup.o
 .debug_ranges  0x00000480       0x20 build/se_fwimg.o
 .debug_ranges  0x000004a0       0x10 build/se_user_application.o
 .debug_ranges  0x000004b0       0x20 build/se_utils.o

.debug_macro    0x00000000    0x16ef6
 .debug_macro   0x00000000      0x56b build/se_crypto_bootloader.o
 .debug_macro   0x0000056b      0xab4 build/se_crypto_bootloader.o
 .debug_macro   0x0000101f       0x22 build/se_crypto_bootloader.o
 .debug_macro   0x00001041       0x60 build/se_crypto_bootloader.o
 .debug_macro   0x000010a1       0x24 build/se_crypto_bootloader.o
 .debug_macro   0x000010c5       0x94 build/se_crypto_bootloader.o
 .debug_macro   0x00001159       0x3c build/se_crypto_bootloader.o
 .debug_macro   0x00001195       0x34 build/se_crypto_bootloader.o
 .debug_macro   0x000011c9      0x190 build/se_crypto_bootloader.o
 .debug_macro   0x00001359       0x57 build/se_crypto_bootloader.o
 .debug_macro   0x000013b0      0x370 build/se_crypto_bootloader.o
 .debug_macro   0x00001720       0x16 build/se_crypto_bootloader.o
 .debug_macro   0x00001736       0x4a build/se_crypto_bootloader.o
 .debug_macro   0x00001780       0x34 build/se_crypto_bootloader.o
 .debug_macro   0x000017b4       0x10 build/se_crypto_bootloader.o
 .debug_macro   0x000017c4       0x52 build/se_crypto_bootloader.o
 .debug_macro   0x00001816      0x1de build/se_crypto_bootloader.o
 .debug_macro   0x000019f4       0x10 build/se_crypto_bootloader.o
 .debug_macro   0x00001a04       0x3c build/se_crypto_bootloader.o
 .debug_macro   0x00001a40       0x22 build/se_crypto_bootloader.o
 .debug_macro   0x00001a62      0x34e build/se_crypto_bootloader.o
 .debug_macro   0x00001db0      0x155 build/se_crypto_bootloader.o
 .debug_macro   0x00001f05       0x47 build/se_crypto_bootloader.o
 .debug_macro   0x00001f4c       0x16 build/se_crypto_bootloader.o
 .debug_macro   0x00001f62       0x16 build/se_crypto_bootloader.o
 .debug_macro   0x00001f78       0x29 build/se_crypto_bootloader.o
 .debug_macro   0x00001fa1       0x77 build/se_crypto_bootloader.o
 .debug_macro   0x00002018      0x213 build/se_crypto_bootloader.o
 .debug_macro   0x0000222b       0x82 build/se_crypto_bootloader.o
 .debug_macro   0x000022ad       0x6a build/se_crypto_bootloader.o
 .debug_macro   0x00002317       0x3a build/se_crypto_bootloader.o
 .debug_macro   0x00002351       0x16 build/se_crypto_bootloader.o
 .debug_macro   0x00002367       0x16 build/se_crypto_bootloader.o
 .debug_macro   0x0000237d       0x16 build/se_crypto_bootloader.o
 .debug_macro   0x00002393       0x10 build/se_crypto_bootloader.o
 .debug_macro   0x000023a3       0x10 build/se_crypto_bootloader.o
 .debug_macro   0x000023b3       0x10 build/se_crypto_bootloader.o
 .debug_macro   0x000023c3       0x10 build/se_crypto_bootloader.o
 .debug_macro   0x000023d3       0x10 build/se_crypto_bootloader.o
 .debug_macro   0x000023e3       0x10 build/se_crypto_bootloader.o
 .debug_macro   0x000023f3       0x34 build/se_crypto_bootloader.o
 .debug_macro   0x00002427       0x10 build/se_crypto_bootloader.o
 .debug_macro   0x00002437       0x3a build/se_crypto_bootloader.o
 .debug_macro   0x00002471       0x16 build/se_crypto_bootloader.o
 .debug_macro   0x00002487       0x1c build/se_crypto_bootloader.o
 .debug_macro   0x000024a3       0x28 build/se_crypto_bootloader.o
 .debug_macro   0x000024cb       0x64 build/se_crypto_bootloader.o
 .debug_macro   0x0000252f       0x10 build/se_crypto_bootloader.o
 .debug_macro   0x0000253f       0xb4 build/se_crypto_bootloader.o
 .debug_macro   0x000025f3       0xb8 build/se_crypto_bootloader.o
 .debug_macro   0x000026ab       0x52 build/se_crypto_bootloader.o
 .debug_macro   0x000026fd       0xf0 build/se_crypto_bootloader.o
 .debug_macro   0x000027ed       0x2e build/se_crypto_bootloader.o
 .debug_macro   0x0000281b       0x28 build/se_crypto_bootloader.o
 .debug_macro   0x00002843       0x1c build/se_crypto_bootloader.o
 .debug_macro   0x0000285f       0x22 build/se_crypto_bootloader.o
 .debug_macro   0x00002881       0xd1 build/se_crypto_bootloader.o
 .debug_macro   0x00002952      0x4da build/se_crypto_bootloader.o
 .debug_macro   0x00002e2c      0x11f build/se_crypto_bootloader.o
 .debug_macro   0x00002f4b     0xc753 build/se_crypto_bootloader.o
 .debug_macro   0x0000f69e       0x66 build/se_crypto_bootloader.o
 .debug_macro   0x0000f704     0x34fd build/se_crypto_bootloader.o
 .debug_macro   0x00012c01       0x50 build/se_crypto_bootloader.o
 .debug_macro   0x00012c51      0x56c build/se_crypto_bootloader.o
 .debug_macro   0x000131bd     0x10d5 build/se_crypto_bootloader.o
 .debug_macro   0x00014292      0x264 build/se_crypto_bootloader.o
 .debug_macro   0x000144f6      0x1cf build/se_crypto_bootloader.o
 .debug_macro   0x000146c5      0x1d8 build/se_crypto_bootloader.o
 .debug_macro   0x0001489d       0xc7 build/se_crypto_bootloader.o
 .debug_macro   0x00014964       0x4c build/se_crypto_bootloader.o
 .debug_macro   0x000149b0      0x38a build/se_crypto_bootloader.o
 .debug_macro   0x00014d3a       0x28 build/se_crypto_bootloader.o
 .debug_macro   0x00014d62       0xe4 build/se_crypto_bootloader.o
 .debug_macro   0x00014e46      0x125 build/se_crypto_bootloader.o
 .debug_macro   0x00014f6b      0x240 build/se_crypto_bootloader.o
 .debug_macro   0x000151ab      0x4f2 build/se_crypto_bootloader.o
 .debug_macro   0x0001569d       0x22 build/se_crypto_bootloader.o
 .debug_macro   0x000156bf      0x28b build/se_low_level.o
 .debug_macro   0x0001594a       0x5e build/se_low_level.o
 .debug_macro   0x000159a8       0x5c build/se_low_level.o
 .debug_macro   0x00015a04       0x20 build/data_init.o
 .debug_macro   0x00015a24      0x137 build/stm32g0xx_hal_crc.o
 .debug_macro   0x00015b5b      0x137 build/stm32g0xx_hal_crc_ex.o
 .debug_macro   0x00015c92      0x137 build/stm32g0xx_hal_flash.o
 .debug_macro   0x00015dc9      0x137 build/stm32g0xx_hal_flash_ex.o
 .debug_macro   0x00015f00      0x5d3 build/se_callgate.o
 .debug_macro   0x000164d3       0x58 build/se_callgate.o
 .debug_macro   0x0001652b      0x11c build/se_callgate.o
 .debug_macro   0x00016647       0x9b build/se_callgate.o
 .debug_macro   0x000166e2       0x94 build/se_callgate.o
 .debug_macro   0x00016776       0x16 build/se_callgate.o
 .debug_macro   0x0001678c       0x16 build/se_callgate.o
 .debug_macro   0x000167a2       0x3a build/se_callgate.o
 .debug_macro   0x000167dc       0x58 build/se_startup.o
 .debug_macro   0x00016834      0x28f build/se_fwimg.o
 .debug_macro   0x00016ac3      0x285 build/se_user_application.o
 .debug_macro   0x00016d48      0x1ae build/se_utils.o

.debug_line     0x00000000     0x8695
 .debug_line    0x00000000     0x1e66 build/se_crypto_bootloader.o
 .debug_line    0x00001e66      0xb4e build/se_low_level.o
 .debug_line    0x000029b4      0x1d9 build/data_init.o
 .debug_line    0x00002b8d      0x719 build/stm32g0xx_hal_crc.o
 .debug_line    0x000032a6      0x48e build/stm32g0xx_hal_crc_ex.o
 .debug_line    0x00003734      0x8eb build/stm32g0xx_hal_flash.o
 .debug_line    0x0000401f      0xb5e build/stm32g0xx_hal_flash_ex.o
 .debug_line    0x00004b7d     0x20cc build/se_callgate.o
 .debug_line    0x00006c49      0x12e build/se_startup.o
 .debug_line    0x00006d77      0x6ab build/se_fwimg.o
 .debug_line    0x00007422      0x5cb build/se_user_application.o
 .debug_line    0x000079ed      0x53c build/se_utils.o
 .debug_line    0x00007f29      0x1bd /usr/lib/gcc/arm-none-eabi/13.2.1/../../../arm-none-eabi/lib/thumb/v6-m/nofp/libc_nano.a(libc_a-memset.o)
 .debug_line    0x000080e6      0x1e7 /usr/lib/gcc/arm-none-eabi/13.2.1/../../../arm-none-eabi/lib/thumb/v6-m/nofp/libc_nano.a(libc_a-memcpy-stub.o)
 .debug_line    0x000082cd      0x164 /usr/lib/gcc/arm-none-eabi/13.2.1/../../../arm-none-eabi/lib/thumb/v6-m/nofp/libc_nano.a(libc_a-memcmp.o)
 .debug_line    0x00008431       0x52 /usr/lib/gcc/arm-none-eabi/13.2.1/thumb/v6-m/nofp/libgcc.a(_thumb1_case_uqi.o)
 .debug_line    0x00008483       0x53 /usr/lib/gcc/arm-none-eabi/13.2.1/thumb/v6-m/nofp/libgcc.a(_thumb1_case_uhi.o)
 .debug_line    0x000084d6       0x56 /usr/lib/gcc/arm-none-eabi/13.2.1/thumb/v6-m/nofp/libgcc.a(_udivsi3.o)
 .debug_line    0x0000852c       0x4a /usr/lib/gcc/arm-none-eabi/13.2.1/thumb/v6-m/nofp/libgcc.a(_dvmd_tls.o)
 .debug_line    0x00008576      0x11f /usr/lib/gcc/arm-none-eabi/13.2.1/thumb/v6-m/nofp/libgcc.a(_muldi3.o)

.debug_str      0x00000000    0x8bff3
 .debug_str     0x00000000    0x8bff3 build/se_crypto_bootloader.o
                              0x8a18c (size before relaxing)
 .debug_str     0x0008bff3    0x87851 build/se_low_level.o
 .debug_str     0x0008bff3     0x38e3 build/data_init.o
 .debug_str     0x0008bff3    0x83380 build/stm32g0xx_hal_crc.o
 .debug_str     0x0008bff3    0x83331 build/stm32g0xx_hal_crc_ex.o
 .debug_str     0x0008bff3    0x83416 build/stm32g0xx_hal_flash.o
 .debug_str     0x0008bff3    0x835be build/stm32g0xx_hal_flash_ex.o
 .debug_str     0x0008bff3    0x8a365 build/se_callgate.o
 .debug_str     0x0008bff3     0x3c5a build/se_startup.o
 .debug_str     0x0008bff3    0x86fc2 build/se_fwimg.o
 .debug_str     0x0008bff3    0x87088 build/se_user_application.o
 .debug_str     0x0008bff3    0x8427d build/se_utils.o
 .debug_str     0x0008bff3      0x1a6 /usr/lib/gcc/arm-none-eabi/13.2.1/../../../arm-none-eabi/lib/thumb/v6-m/nofp/libc_nano.a(libc_a-memset.o)
 .debug_str     0x0008bff3      0x1c3 /usr/lib/gcc/arm-none-eabi/13.2.1/../../../arm-none-eabi/lib/thumb/v6-m/nofp/libc_nano.a(libc_a-memcpy-stub.o)
 .debug_str     0x0008bff3      0x192 /usr/lib/gcc/arm-none-eabi/13.2.1/../../../arm-none-eabi/lib/thumb/v6-m/nofp/libc_nano.a(libc_a-memcmp.o)
 .debug_str     0x0008bff3       0xb9 /usr/lib/gcc/arm-none-eabi/13.2.1/thumb/v6-m/nofp/libgcc.a(_thumb1_case_uqi.o)
 .debug_str     0x0008bff3       0xb9 /usr/lib/gcc/arm-none-eabi/13.2.1/thumb/v6-m/nofp/libgcc.a(_thumb1_case_uhi.o)
 .debug_str     0x0008bff3       0xbe /usr/lib/gcc/arm-none-eabi/13.2.1/thumb/v6-m/nofp/libgcc.a(_udivsi3.o)
 .debug_str     0x0008bff3       0xbf /usr/lib/gcc/arm-none-eabi/13.2.1/thumb/v6-m/nofp/libgcc.a(_dvmd_tls.o)
 .debug_str     0x0008bff3      0x66a /usr/lib/gcc/arm-none-eabi/13.2.1/thumb/v6-m/nofp/libgcc.a(_muldi3.o)

.debug_frame    0x00000000      0x934
 .debug_frame   0x00000000      0x128 build/se_crypto_bootloader.o
 .debug_frame   0x00000128      0x1c4 build/se_low_level.o
 .debug_frame   0x000002ec       0x7c build/data_init.o
 .debug_frame   0x00000368       0xec build/stm32g0xx_hal_crc.o
 .debug_frame   0x00000454       0x5c build/stm32g0xx_hal_crc_ex.o
 .debug_frame   0x000004b0      0x130 build/stm32g0xx_hal_flash.o
 .debug_frame   0x000005e0      0x100 build/stm32g0xx_hal_flash_ex.o
 .debug_frame   0x000006e0       0x60 build/se_callgate.o
 .debug_frame   0x00000740       0x28 build/se_startup.o
 .debug_frame   0x00000768       0x60 build/se_fwimg.o
 .debug_frame   0x000007c8       0x30 build/se_user_application.o
 .debug_frame   0x000007f8       0x5c build/se_utils.o
 .debug_frame   0x00000854       0x30 /usr/lib/gcc/arm-none-eabi/13.2.1/../../../arm-none-eabi/lib/thumb/v6-m/nofp/libc_nano.a(libc_a-memset.o)
 .debug_frame   0x00000884       0x30 /usr/lib/gcc/arm-none-eabi/13.2.1/../../../arm-none-eabi/lib/thumb/v6-m/nofp/libc_nano.a(libc_a-memcpy-stub.o)
 .debug_frame   0x000008b4       0x2c /usr/lib/gcc/arm-none-eabi/13.2.1/../../../arm-none-eabi/lib/thumb/v6-m/nofp/libc_nano.a(libc_a-memcmp.o)
 .debug_frame   0x000008e0       0x20 /usr/lib/gcc/arm-none-eabi/13.2.1/thumb/v6-m/nofp/libgcc.a(_udivsi3.o)
 .debug_frame   0x00000900       0x34 /usr/lib/gcc/arm-none-eabi/13.2.1/thumb/v6-m/nofp/libgcc.a(_muldi3.o)

.debug_loclists
                0x00000000      0x6f1
 .debug_loclists
                0x00000000      0x1c6 /usr/lib/gcc/arm-none-eabi/13.2.1/../../../arm-none-eabi/lib/thumb/v6-m/nofp/libc_nano.a(libc_a-memset.o)
 .debug_loclists
                0x000001c6      0x2c7 /usr/lib/gcc/arm-none-eabi/13.2.1/../../../arm-none-eabi/lib/thumb/v6-m/nofp/libc_nano.a(libc_a-memcpy-stub.o)
 .debug_loclists
                0x0000048d      0x128 /usr/lib/gcc/arm-none-eabi/13.2.1/../../../arm-none-eabi/lib/thumb/v6-m/nofp/libc_nano.a(libc_a-memcmp.o)
 .debug_loclists
                0x000005b5      0x13c /usr/lib/gcc/arm-none-eabi/13.2.1/thumb/v6-m/nofp/libgcc.a(_muldi3.o)

.debug_line_str
                0x00000000       0x97
 .debug_line_str
                0x00000000       0x97 /usr/lib/gcc/arm-none-eabi/13.2.1/thumb/v6-m/nofp/libgcc.a(_thumb1_case_uqi.o)
 .debug_line_str
                0x00000097       0x97 /usr/lib/gcc/arm-none-eabi/13.2.1/thumb/v6-m/nofp/libgcc.a(_thumb1_case_uhi.o)
 .debug_line_str
                0x00000097       0x97 /usr/lib/gcc/arm-none-eabi/13.2.1/thumb/v6-m/nofp/libgcc.a(_udivsi3.o)
 .debug_line_str
                0x00000097       0x97 /usr/lib/gcc/arm-none-eabi/13.2.1/thumb/v6-m/nofp/libgcc.a(_dvmd_tls.o)

.debug_rnglists
                0x00000000       0x22
 .debug_rnglists
                0x00000000       0x22 /usr/lib/gcc/arm-none-eabi/13.2.1/thumb/v6-m/nofp/libgcc.a(_muldi3.o)

Cross Reference Table

Symbol                                            File
AES_CBC_Decrypt_Append                            ../../../../..//Middlewares/ST/STM32_Cryptographic/Fw_Crypto/STM32G0/Lib/STM32CryptographicV3.1.5_CM0PLUS_GCC.a(crypto.o)
                                                  build/se_crypto_bootloader.o
AES_CBC_Decrypt_Finish                            ../../../../..//Middlewares/ST/STM32_Cryptographic/Fw_Crypto/STM32G0/Lib/STM32CryptographicV3.1.5_CM0PLUS_GCC.a(crypto.o)
                                                  build/se_crypto_bootloader.o
AES_CBC_Decrypt_Init                              ../../../../..//Middlewares/ST/STM32_Cryptographic/Fw_Crypto/STM32G0/Lib/STM32CryptographicV3.1.5_CM0PLUS_GCC.a(crypto.o)
                                                  build/se_crypto_bootloader.o
AES_CBC_Encrypt_Append                            ../../../../..//Middlewares/ST/STM32_Cryptographic/Fw_Crypto/STM32G0/Lib/STM32CryptographicV3.1.5_CM0PLUS_GCC.a(crypto.o)
AES_CBC_Encrypt_Finish                            ../../../../..//Middlewares/ST/STM32_Cryptographic/Fw_Crypto/STM32G0/Lib/STM32CryptographicV3.1.5_CM0PLUS_GCC.a(crypto.o)
AES_CBC_Encrypt_Init                              ../../../../..//Middlewares/ST/STM32_Cryptographic/Fw_Crypto/STM32G0/Lib/STM32CryptographicV3.1.5_CM0PLUS_GCC.a(crypto.o)
AES_CCM_Decrypt_Append                            ../../../../..//Middlewares/ST/STM32_Cryptographic/Fw_Crypto/STM32G0/Lib/STM32CryptographicV3.1.5_CM0PLUS_GCC.a(crypto.o)
AES_CCM_Decrypt_Finish                            ../../../../..//Middlewares/ST/STM32_Cryptographic/Fw_Crypto/STM32G0/Lib/STM32CryptographicV3.1.5_CM0PLUS_GCC.a(crypto.o)
AES_CCM_Decrypt_Init                              ../../../../..//Middlewares/ST/STM32_Cryptographic/Fw_Crypto/STM32G0/Lib/STM32CryptographicV3.1.5_CM0PLUS_GCC.a(crypto.o)
AES_CCM_Encrypt_Append                            ../../../../..//Middlewares/ST/STM32_Cryptographic/Fw_Crypto/STM32G0/Lib/STM32CryptographicV3.1.5_CM0PLUS_GCC.a(crypto.o)
AES_CCM_Encrypt_Finish                            ../../../../..//Middlewares/ST/STM32_Cryptographic/Fw_Crypto/STM32G0/Lib/STM32CryptographicV3.1.5_CM0PLUS_GCC.a(crypto.o)
AES_CCM_Encrypt_Init                              ../../../../..//Middlewares/ST/STM32_Cryptographic/Fw_Crypto/STM32G0/Lib/STM32CryptographicV3.1.5_CM0PLUS_GCC.a(crypto.o)
AES_CCM_Header_Append                             ../../../../..//Middlewares/ST/STM32_Cryptographic/Fw_Crypto/STM32G0/Lib/STM32CryptographicV3.1.5_CM0PLUS_GCC.a(crypto.o)
AES_CFB_Decrypt_Append                            ../../../../..//Middlewares/ST/STM32_Cryptographic/Fw_Crypto/STM32G0/Lib/STM32CryptographicV3.1.5_CM0PLUS_GCC.a(crypto.o)
AES_CFB_Decrypt_Finish                            ../../../../..//Middlewares/ST/STM32_Cryptographic/Fw_Crypto/STM32G0/Lib/STM32CryptographicV3.1.5_CM0PLUS_GCC.a(crypto.o)
AES_CFB_Decrypt_Init                              ../../../../..//Middlewares/ST/STM32_Cryptographic/Fw_Crypto/STM32G0/Lib/STM32CryptographicV3.1.5_CM0PLUS_GCC.a(crypto.o)
AES_CFB_Encrypt_Append                            ../../../../..//Middlewares/ST/STM32_Cryptographic/Fw_Crypto/STM32G0/Lib/STM32CryptographicV3.1.5_CM0PLUS_GCC.a(crypto.o)
AES_CFB_Encrypt_Finish                            ../../../../..//Middlewares/ST/STM32_Cryptographic/Fw_Crypto/STM32G0/Lib/STM32CryptographicV3.1.5_CM0PLUS_GCC.a(crypto.o)
AES_CFB_Encrypt_Init                              ../../../../..//Middlewares/ST/STM32_Cryptographic/Fw_Crypto/STM32G0/Lib/STM32CryptographicV3.1.5_CM0PLUS_GCC.a(crypto.o)
AES_CMAC_Decrypt_Append                           ../../../../..//Middlewares/ST/STM32_Cryptographic/Fw_Crypto/STM32G0/Lib/STM32CryptographicV3.1.5_CM0PLUS_GCC.a(crypto.o)
AES_CMAC_Decrypt_Finish                           ../../../../..//Middlewares/ST/STM32_Cryptographic/Fw_Crypto/STM32G0/Lib/STM32CryptographicV3.1.5_CM0PLUS_GCC.a(crypto.o)
AES_CMAC_Decrypt_Init                             ../../../../..//Middlewares/ST/STM32_Cryptographic/Fw_Crypto/STM32G0/Lib/STM32CryptographicV3.1.5_CM0PLUS_GCC.a(crypto.o)
AES_CMAC_Encrypt_Append                           ../../../../..//Middlewares/ST/STM32_Cryptographic/Fw_Crypto/STM32G0/Lib/STM32CryptographicV3.1.5_CM0PLUS_GCC.a(crypto.o)
AES_CMAC_Encrypt_Finish                           ../../../../..//Middlewares/ST/STM32_Cryptographic/Fw_Crypto/STM32G0/Lib/STM32CryptographicV3.1.5_CM0PLUS_GCC.a(crypto.o)
AES_CMAC_Encrypt_Init                             ../../../../..//Middlewares/ST/STM32_Cryptographic/Fw_Crypto/STM32G0/Lib/STM32CryptographicV3.1.5_CM0PLUS_GCC.a(crypto.o)
AES_CONF                                          ../../../../..//Middlewares/ST/STM32_Cryptographic/Fw_Crypto/STM32G0/Lib/STM32CryptographicV3.1.5_CM0PLUS_GCC.a(crypto.o)
AES_CTR_Decrypt_Append                            ../../../../..//Middlewares/ST/STM32_Cryptographic/Fw_Crypto/STM32G0/Lib/STM32CryptographicV3.1.5_CM0PLUS_GCC.a(crypto.o)
AES_CTR_Decrypt_Finish                            ../../../../..//Middlewares/ST/STM32_Cryptographic/Fw_Crypto/STM32G0/Lib/STM32CryptographicV3.1.5_CM0PLUS_GCC.a(crypto.o)
AES_CTR_Decrypt_Init                              ../../../../..//Middlewares/ST/STM32_Cryptographic/Fw_Crypto/STM32G0/Lib/STM32CryptographicV3.1.5_CM0PLUS_GCC.a(crypto.o)
AES_CTR_Encrypt_Append                            ../../../../..//Middlewares/ST/STM32_Cryptographic/Fw_Crypto/STM32G0/Lib/STM32CryptographicV3.1.5_CM0PLUS_GCC.a(crypto.o)
AES_CTR_Encrypt_Finish                            ../../../../..//Middlewares/ST/STM32_Cryptographic/Fw_Crypto/STM32G0/Lib/STM32CryptographicV3.1.5_CM0PLUS_GCC.a(crypto.o)
AES_CTR_Encrypt_Init                              ../../../../..//Middlewares/ST/STM32_Cryptographic/Fw_Crypto/STM32G0/Lib/STM32CryptographicV3.1.5_CM0PLUS_GCC.a(crypto.o)
AES_ECB_Decrypt_Append                            ../../../../..//Middlewares/ST/STM32_Cryptographic/Fw_Crypto/STM32G0/Lib/STM32CryptographicV3.1.5_CM0PLUS_GCC.a(crypto.o)
AES_ECB_Decrypt_Finish                            ../../../../..//Middlewares/ST/STM32_Cryptographic/Fw_Crypto/STM32G0/Lib/STM32CryptographicV3.1.5_CM0PLUS_GCC.a(crypto.o)
AES_ECB_Decrypt_Init                              ../../../../..//Middlewares/ST/STM32_Cryptographic/Fw_Crypto/STM32G0/Lib/STM32CryptographicV3.1.5_CM0PLUS_GCC.a(crypto.o)
AES_ECB_Encrypt_Append                            ../../../../..//Middlewares/ST/STM32_Cryptographic/Fw_Crypto/STM32G0/Lib/STM32CryptographicV3.1.5_CM0PLUS_GCC.a(crypto.o)
AES_ECB_Encrypt_Finish                            ../../../../..//Middlewares/ST/STM32_Cryptographic/Fw_Crypto/STM32G0/Lib/STM32CryptographicV3.1.5_CM0PLUS_GCC.a(crypto.o)
AES_ECB_Encrypt_Init                              ../../../../..//Middlewares/ST/STM32_Cryptographic/Fw_Crypto/STM32G0/Lib/STM32CryptographicV3.1.5_CM0PLUS_GCC.a(crypto.o)
AES_GCM_Decrypt_Append                            ../../../../..//Middlewares/ST/STM32_Cryptographic/Fw_Crypto/STM32G0/Lib/STM32CryptographicV3.1.5_CM0PLUS_GCC.a(crypto.o)
                                                  build/se_crypto_common.o
AES_GCM_Decrypt_Finish                            ../../../../..//Middlewares/ST/STM32_Cryptographic/Fw_Crypto/STM32G0/Lib/STM32CryptographicV3.1.5_CM0PLUS_GCC.a(crypto.o)
                                                  build/se_crypto_common.o
AES_GCM_Decrypt_Init                              ../../../../..//Middlewares/ST/STM32_Cryptographic/Fw_Crypto/STM32G0/Lib/STM32CryptographicV3.1.5_CM0PLUS_GCC.a(crypto.o)
                                                  build/se_crypto_common.o
AES_GCM_Encrypt_Append                            ../../../../..//Middlewares/ST/STM32_Cryptographic/Fw_Crypto/STM32G0/Lib/STM32CryptographicV3.1.5_CM0PLUS_GCC.a(crypto.o)
                                                  build/se_crypto_common.o
AES_GCM_Encrypt_Finish                            ../../../../..//Middlewares/ST/STM32_Cryptographic/Fw_Crypto/STM32G0/Lib/STM32CryptographicV3.1.5_CM0PLUS_GCC.a(crypto.o)
                                                  build/se_crypto_common.o
AES_GCM_Encrypt_Init                              ../../../../..//Middlewares/ST/STM32_Cryptographic/Fw_Crypto/STM32G0/Lib/STM32CryptographicV3.1.5_CM0PLUS_GCC.a(crypto.o)
                                                  build/se_crypto_common.o
AES_GCM_Header_Append                             ../../../../..//Middlewares/ST/STM32_Cryptographic/Fw_Crypto/STM32G0/Lib/STM32CryptographicV3.1.5_CM0PLUS_GCC.a(crypto.o)
                                                  build/se_crypto_common.o
AES_KeyWrap_Decrypt_Append                        ../../../../..//Middlewares/ST/STM32_Cryptographic/Fw_Crypto/STM32G0/Lib/STM32CryptographicV3.1.5_CM0PLUS_GCC.a(crypto.o)
AES_KeyWrap_Decrypt_Finish                        ../../../../..//Middlewares/ST/STM32_Cryptographic/Fw_Crypto/STM32G0/Lib/STM32CryptographicV3.1.5_CM0PLUS_GCC.a(crypto.o)
AES_KeyWrap_Decrypt_Init                          ../../../../..//Middlewares/ST/STM32_Cryptographic/Fw_Crypto/STM32G0/Lib/STM32CryptographicV3.1.5_CM0PLUS_GCC.a(crypto.o)
AES_KeyWrap_Encrypt_Append                        ../../../../..//Middlewares/ST/STM32_Cryptographic/Fw_Crypto/STM32G0/Lib/STM32CryptographicV3.1.5_CM0PLUS_GCC.a(crypto.o)
AES_KeyWrap_Encrypt_Finish                        ../../../../..//Middlewares/ST/STM32_Cryptographic/Fw_Crypto/STM32G0/Lib/STM32CryptographicV3.1.5_CM0PLUS_GCC.a(crypto.o)
AES_KeyWrap_Encrypt_Init                          ../../../../..//Middlewares/ST/STM32_Cryptographic/Fw_Crypto/STM32G0/Lib/STM32CryptographicV3.1.5_CM0PLUS_GCC.a(crypto.o)
AES_OFB_Decrypt_Append                            ../../../../..//Middlewares/ST/STM32_Cryptographic/Fw_Crypto/STM32G0/Lib/STM32CryptographicV3.1.5_CM0PLUS_GCC.a(crypto.o)
AES_OFB_Decrypt_Finish                            ../../../../..//Middlewares/ST/STM32_Cryptographic/Fw_Crypto/STM32G0/Lib/STM32CryptographicV3.1.5_CM0PLUS_GCC.a(crypto.o)
AES_OFB_Decrypt_Init                              ../../../../..//Middlewares/ST/STM32_Cryptographic/Fw_Crypto/STM32G0/Lib/STM32CryptographicV3.1.5_CM0PLUS_GCC.a(crypto.o)
AES_OFB_Encrypt_Append                            ../../../../..//Middlewares/ST/STM32_Cryptographic/Fw_Crypto/STM32G0/Lib/STM32CryptographicV3.1.5_CM0PLUS_GCC.a(crypto.o)
AES_OFB_Encrypt_Finish                            ../../../../..//Middlewares/ST/STM32_Cryptographic/Fw_Crypto/STM32G0/Lib/STM32CryptographicV3.1.5_CM0PLUS_GCC.a(crypto.o)
AES_OFB_Encrypt_Init                              ../../../../..//Middlewares/ST/STM32_Cryptographic/Fw_Crypto/STM32G0/Lib/STM32CryptographicV3.1.5_CM0PLUS_GCC.a(crypto.o)
AES_XTS_Decrypt_Append                            ../../../../..//Middlewares/ST/STM32_Cryptographic/Fw_Crypto/STM32G0/Lib/STM32CryptographicV3.1.5_CM0PLUS_GCC.a(crypto.o)
AES_XTS_Decrypt_Finish                            ../../../../..//Middlewares/ST/STM32_Cryptographic/Fw_Crypto/STM32G0/Lib/STM32CryptographicV3.1.5_CM0PLUS_GCC.a(crypto.o)
AES_XTS_Decrypt_Init                              ../../../../..//Middlewares/ST/STM32_Cryptographic/Fw_Crypto/STM32G0/Lib/STM32CryptographicV3.1.5_CM0PLUS_GCC.a(crypto.o)
AES_XTS_Encrypt_Append                            ../../../../..//Middlewares/ST/STM32_Cryptographic/Fw_Crypto/STM32G0/Lib/STM32CryptographicV3.1.5_CM0PLUS_GCC.a(crypto.o)
AES_XTS_Encrypt_Finish                            ../../../../..//Middlewares/ST/STM32_Cryptographic/Fw_Crypto/STM32G0/Lib/STM32CryptographicV3.1.5_CM0PLUS_GCC.a(crypto.o)
AES_XTS_Encrypt_Init                              ../../../../..//Middlewares/ST/STM32_Cryptographic/Fw_Crypto/STM32G0/Lib/STM32CryptographicV3.1.5_CM0PLUS_GCC.a(crypto.o)
AES_general_SW_dec                                ../../../../..//Middlewares/ST/STM32_Cryptographic/Fw_Crypto/STM32G0/Lib/STM32CryptographicV3.1.5_CM0PLUS_GCC.a(crypto.o)
AES_general_SW_enc                                ../../../../..//Middlewares/ST/STM32_Cryptographic/Fw_Crypto/STM32G0/Lib/STM32CryptographicV3.1.5_CM0PLUS_GCC.a(crypto.o)
AES_keyschedule_dec                               ../../../../..//Middlewares/ST/STM32_Cryptographic/Fw_Crypto/STM32G0/Lib/STM32CryptographicV3.1.5_CM0PLUS_GCC.a(crypto.o)
AES_keyschedule_enc                               ../../../../..//Middlewares/ST/STM32_Cryptographic/Fw_Crypto/STM32G0/Lib/STM32CryptographicV3.1.5_CM0PLUS_GCC.a(crypto.o)
AHBPrescTable                                     build/stm32g0xx_hal_rcc.o
APBPrescTable                                     build/stm32g0xx_hal_rcc.o
ARC4_Decrypt_Append                               ../../../../..//Middlewares/ST/STM32_Cryptographic/Fw_Crypto/STM32G0/Lib/STM32CryptographicV3.1.5_CM0PLUS_GCC.a(crypto.o)
ARC4_Decrypt_Finish                               ../../../../..//Middlewares/ST/STM32_Cryptographic/Fw_Crypto/STM32G0/Lib/STM32CryptographicV3.1.5_CM0PLUS_GCC.a(crypto.o)
ARC4_Decrypt_Init                                 ../../../../..//Middlewares/ST/STM32_Cryptographic/Fw_Crypto/STM32G0/Lib/STM32CryptographicV3.1.5_CM0PLUS_GCC.a(crypto.o)
ARC4_Encrypt_Append                               ../../../../..//Middlewares/ST/STM32_Cryptographic/Fw_Crypto/STM32G0/Lib/STM32CryptographicV3.1.5_CM0PLUS_GCC.a(crypto.o)
ARC4_Encrypt_Finish                               ../../../../..//Middlewares/ST/STM32_Cryptographic/Fw_Crypto/STM32G0/Lib/STM32CryptographicV3.1.5_CM0PLUS_GCC.a(crypto.o)
ARC4_Encrypt_Init                                 ../../../../..//Middlewares/ST/STM32_Cryptographic/Fw_Crypto/STM32G0/Lib/STM32CryptographicV3.1.5_CM0PLUS_GCC.a(crypto.o)
ASYM_KEY_CONF                                     ../../../../..//Middlewares/ST/STM32_Cryptographic/Fw_Crypto/STM32G0/Lib/STM32CryptographicV3.1.5_CM0PLUS_GCC.a(crypto.o)
AddBig                                            ../../../../..//Middlewares/ST/STM32_Cryptographic/Fw_Crypto/STM32G0/Lib/STM32CryptographicV3.1.5_CM0PLUS_GCC.a(crypto.o)
Big_to_W8                                         ../../../../..//Middlewares/ST/STM32_Cryptographic/Fw_Crypto/STM32G0/Lib/STM32CryptographicV3.1.5_CM0PLUS_GCC.a(crypto.o)
Big_to_fixedW8                                    ../../../../..//Middlewares/ST/STM32_Cryptographic/Fw_Crypto/STM32G0/Lib/STM32CryptographicV3.1.5_CM0PLUS_GCC.a(crypto.o)
Binary_DoublePointMul                             ../../../../..//Middlewares/ST/STM32_Cryptographic/Fw_Crypto/STM32G0/Lib/STM32CryptographicV3.1.5_CM0PLUS_GCC.a(crypto.o)
C25519keyExchange                                 ../../../../..//Middlewares/ST/STM32_Cryptographic/Fw_Crypto/STM32G0/Lib/STM32CryptographicV3.1.5_CM0PLUS_GCC.a(crypto.o)
C25519keyGen                                      ../../../../..//Middlewares/ST/STM32_Cryptographic/Fw_Crypto/STM32G0/Lib/STM32CryptographicV3.1.5_CM0PLUS_GCC.a(crypto.o)
CHACHA_Decrypt_Append                             ../../../../..//Middlewares/ST/STM32_Cryptographic/Fw_Crypto/STM32G0/Lib/STM32CryptographicV3.1.5_CM0PLUS_GCC.a(crypto.o)
CHACHA_Decrypt_Finish                             ../../../../..//Middlewares/ST/STM32_Cryptographic/Fw_Crypto/STM32G0/Lib/STM32CryptographicV3.1.5_CM0PLUS_GCC.a(crypto.o)
CHACHA_Decrypt_Init                               ../../../../..//Middlewares/ST/STM32_Cryptographic/Fw_Crypto/STM32G0/Lib/STM32CryptographicV3.1.5_CM0PLUS_GCC.a(crypto.o)
CHACHA_Encrypt_Append                             ../../../../..//Middlewares/ST/STM32_Cryptographic/Fw_Crypto/STM32G0/Lib/STM32CryptographicV3.1.5_CM0PLUS_GCC.a(crypto.o)
CHACHA_Encrypt_Finish                             ../../../../..//Middlewares/ST/STM32_Cryptographic/Fw_Crypto/STM32G0/Lib/STM32CryptographicV3.1.5_CM0PLUS_GCC.a(crypto.o)
CHACHA_Encrypt_Init                               ../../../../..//Middlewares/ST/STM32_Cryptographic/Fw_Crypto/STM32G0/Lib/STM32CryptographicV3.1.5_CM0PLUS_GCC.a(crypto.o)
CORTEX_CONF                                       ../../../../..//Middlewares/ST/STM32_Cryptographic/Fw_Crypto/STM32G0/Lib/STM32CryptographicV3.1.5_CM0PLUS_GCC.a(crypto.o)
ChaCha20Poly1305_Decrypt_Append                   ../../../../..//Middlewares/ST/STM32_Cryptographic/Fw_Crypto/STM32G0/Lib/STM32CryptographicV3.1.5_CM0PLUS_GCC.a(crypto.o)
ChaCha20Poly1305_Decrypt_Finish                   ../../../../..//Middlewares/ST/STM32_Cryptographic/Fw_Crypto/STM32G0/Lib/STM32CryptographicV3.1.5_CM0PLUS_GCC.a(crypto.o)
ChaCha20Poly1305_Decrypt_Init                     ../../../../..//Middlewares/ST/STM32_Cryptographic/Fw_Crypto/STM32G0/Lib/STM32CryptographicV3.1.5_CM0PLUS_GCC.a(crypto.o)
ChaCha20Poly1305_Encrypt_Append                   ../../../../..//Middlewares/ST/STM32_Cryptographic/Fw_Crypto/STM32G0/Lib/STM32CryptographicV3.1.5_CM0PLUS_GCC.a(crypto.o)
ChaCha20Poly1305_Encrypt_Finish                   ../../../../..//Middlewares/ST/STM32_Cryptographic/Fw_Crypto/STM32G0/Lib/STM32CryptographicV3.1.5_CM0PLUS_GCC.a(crypto.o)
ChaCha20Poly1305_Encrypt_Init                     ../../../../..//Middlewares/ST/STM32_Cryptographic/Fw_Crypto/STM32G0/Lib/STM32CryptographicV3.1.5_CM0PLUS_GCC.a(crypto.o)
ChaCha20Poly1305_Header_Append                    ../../../../..//Middlewares/ST/STM32_Cryptographic/Fw_Crypto/STM32G0/Lib/STM32CryptographicV3.1.5_CM0PLUS_GCC.a(crypto.o)
CompareBig                                        ../../../../..//Middlewares/ST/STM32_Cryptographic/Fw_Crypto/STM32G0/Lib/STM32CryptographicV3.1.5_CM0PLUS_GCC.a(crypto.o)
CopyBig                                           ../../../../..//Middlewares/ST/STM32_Cryptographic/Fw_Crypto/STM32G0/Lib/STM32CryptographicV3.1.5_CM0PLUS_GCC.a(crypto.o)
CountBits                                         ../../../../..//Middlewares/ST/STM32_Cryptographic/Fw_Crypto/STM32G0/Lib/STM32CryptographicV3.1.5_CM0PLUS_GCC.a(crypto.o)
CountBytes                                        ../../../../..//Middlewares/ST/STM32_Cryptographic/Fw_Crypto/STM32G0/Lib/STM32CryptographicV3.1.5_CM0PLUS_GCC.a(crypto.o)
DES_CBC_Decrypt_Append                            ../../../../..//Middlewares/ST/STM32_Cryptographic/Fw_Crypto/STM32G0/Lib/STM32CryptographicV3.1.5_CM0PLUS_GCC.a(crypto.o)
DES_CBC_Decrypt_Finish                            ../../../../..//Middlewares/ST/STM32_Cryptographic/Fw_Crypto/STM32G0/Lib/STM32CryptographicV3.1.5_CM0PLUS_GCC.a(crypto.o)
DES_CBC_Decrypt_Init                              ../../../../..//Middlewares/ST/STM32_Cryptographic/Fw_Crypto/STM32G0/Lib/STM32CryptographicV3.1.5_CM0PLUS_GCC.a(crypto.o)
DES_CBC_Encrypt_Append                            ../../../../..//Middlewares/ST/STM32_Cryptographic/Fw_Crypto/STM32G0/Lib/STM32CryptographicV3.1.5_CM0PLUS_GCC.a(crypto.o)
DES_CBC_Encrypt_Finish                            ../../../../..//Middlewares/ST/STM32_Cryptographic/Fw_Crypto/STM32G0/Lib/STM32CryptographicV3.1.5_CM0PLUS_GCC.a(crypto.o)
DES_CBC_Encrypt_Init                              ../../../../..//Middlewares/ST/STM32_Cryptographic/Fw_Crypto/STM32G0/Lib/STM32CryptographicV3.1.5_CM0PLUS_GCC.a(crypto.o)
DES_ECB_Decrypt_Append                            ../../../../..//Middlewares/ST/STM32_Cryptographic/Fw_Crypto/STM32G0/Lib/STM32CryptographicV3.1.5_CM0PLUS_GCC.a(crypto.o)
DES_ECB_Decrypt_Finish                            ../../../../..//Middlewares/ST/STM32_Cryptographic/Fw_Crypto/STM32G0/Lib/STM32CryptographicV3.1.5_CM0PLUS_GCC.a(crypto.o)
DES_ECB_Decrypt_Init                              ../../../../..//Middlewares/ST/STM32_Cryptographic/Fw_Crypto/STM32G0/Lib/STM32CryptographicV3.1.5_CM0PLUS_GCC.a(crypto.o)
DES_ECB_Encrypt_Append                            ../../../../..//Middlewares/ST/STM32_Cryptographic/Fw_Crypto/STM32G0/Lib/STM32CryptographicV3.1.5_CM0PLUS_GCC.a(crypto.o)
DES_ECB_Encrypt_Finish                            ../../../../..//Middlewares/ST/STM32_Cryptographic/Fw_Crypto/STM32G0/Lib/STM32CryptographicV3.1.5_CM0PLUS_GCC.a(crypto.o)
DES_ECB_Encrypt_Init                              ../../../../..//Middlewares/ST/STM32_Cryptographic/Fw_Crypto/STM32G0/Lib/STM32CryptographicV3.1.5_CM0PLUS_GCC.a(crypto.o)
DRBG_CONF                                         ../../../../..//Middlewares/ST/STM32_Cryptographic/Fw_Crypto/STM32G0/Lib/STM32CryptographicV3.1.5_CM0PLUS_GCC.a(crypto.o)
ECCcopyPoint                                      ../../../../..//Middlewares/ST/STM32_Cryptographic/Fw_Crypto/STM32G0/Lib/STM32CryptographicV3.1.5_CM0PLUS_GCC.a(crypto.o)
ECCfreeEC                                         ../../../../..//Middlewares/ST/STM32_Cryptographic/Fw_Crypto/STM32G0/Lib/STM32CryptographicV3.1.5_CM0PLUS_GCC.a(crypto.o)
                                                  build/se_crypto_bootloader.o
ECCfreePoint                                      ../../../../..//Middlewares/ST/STM32_Cryptographic/Fw_Crypto/STM32G0/Lib/STM32CryptographicV3.1.5_CM0PLUS_GCC.a(crypto.o)
                                                  build/se_crypto_bootloader.o
ECCfreePrivKey                                    ../../../../..//Middlewares/ST/STM32_Cryptographic/Fw_Crypto/STM32G0/Lib/STM32CryptographicV3.1.5_CM0PLUS_GCC.a(crypto.o)
ECCgetPointCoordinate                             ../../../../..//Middlewares/ST/STM32_Cryptographic/Fw_Crypto/STM32G0/Lib/STM32CryptographicV3.1.5_CM0PLUS_GCC.a(crypto.o)
ECCgetPointFlag                                   ../../../../..//Middlewares/ST/STM32_Cryptographic/Fw_Crypto/STM32G0/Lib/STM32CryptographicV3.1.5_CM0PLUS_GCC.a(crypto.o)
ECCgetPrivKeyValue                                ../../../../..//Middlewares/ST/STM32_Cryptographic/Fw_Crypto/STM32G0/Lib/STM32CryptographicV3.1.5_CM0PLUS_GCC.a(crypto.o)
ECCinitEC                                         ../../../../..//Middlewares/ST/STM32_Cryptographic/Fw_Crypto/STM32G0/Lib/STM32CryptographicV3.1.5_CM0PLUS_GCC.a(crypto.o)
                                                  build/se_crypto_bootloader.o
ECCinitPoint                                      ../../../../..//Middlewares/ST/STM32_Cryptographic/Fw_Crypto/STM32G0/Lib/STM32CryptographicV3.1.5_CM0PLUS_GCC.a(crypto.o)
                                                  build/se_crypto_bootloader.o
ECCinitPrivKey                                    ../../../../..//Middlewares/ST/STM32_Cryptographic/Fw_Crypto/STM32G0/Lib/STM32CryptographicV3.1.5_CM0PLUS_GCC.a(crypto.o)
ECCkeyGen                                         ../../../../..//Middlewares/ST/STM32_Cryptographic/Fw_Crypto/STM32G0/Lib/STM32CryptographicV3.1.5_CM0PLUS_GCC.a(crypto.o)
ECCpoint2Monty                                    ../../../../..//Middlewares/ST/STM32_Cryptographic/Fw_Crypto/STM32G0/Lib/STM32CryptographicV3.1.5_CM0PLUS_GCC.a(crypto.o)
ECCpointFromMonty                                 ../../../../..//Middlewares/ST/STM32_Cryptographic/Fw_Crypto/STM32G0/Lib/STM32CryptographicV3.1.5_CM0PLUS_GCC.a(crypto.o)
ECCscalarMul                                      ../../../../..//Middlewares/ST/STM32_Cryptographic/Fw_Crypto/STM32G0/Lib/STM32CryptographicV3.1.5_CM0PLUS_GCC.a(crypto.o)
ECCsetPointCoordinate                             ../../../../..//Middlewares/ST/STM32_Cryptographic/Fw_Crypto/STM32G0/Lib/STM32CryptographicV3.1.5_CM0PLUS_GCC.a(crypto.o)
                                                  build/se_crypto_bootloader.o
ECCsetPointFlag                                   ../../../../..//Middlewares/ST/STM32_Cryptographic/Fw_Crypto/STM32G0/Lib/STM32CryptographicV3.1.5_CM0PLUS_GCC.a(crypto.o)
ECCsetPointGenerator                              ../../../../..//Middlewares/ST/STM32_Cryptographic/Fw_Crypto/STM32G0/Lib/STM32CryptographicV3.1.5_CM0PLUS_GCC.a(crypto.o)
ECCsetPrivKeyValue                                ../../../../..//Middlewares/ST/STM32_Cryptographic/Fw_Crypto/STM32G0/Lib/STM32CryptographicV3.1.5_CM0PLUS_GCC.a(crypto.o)
ECCsymmetricPoint                                 ../../../../..//Middlewares/ST/STM32_Cryptographic/Fw_Crypto/STM32G0/Lib/STM32CryptographicV3.1.5_CM0PLUS_GCC.a(crypto.o)
ECCvalidatePubKey                                 ../../../../..//Middlewares/ST/STM32_Cryptographic/Fw_Crypto/STM32G0/Lib/STM32CryptographicV3.1.5_CM0PLUS_GCC.a(crypto.o)
                                                  build/se_crypto_bootloader.o
ECDSAfreeSign                                     ../../../../..//Middlewares/ST/STM32_Cryptographic/Fw_Crypto/STM32G0/Lib/STM32CryptographicV3.1.5_CM0PLUS_GCC.a(crypto.o)
                                                  build/se_crypto_bootloader.o
ECDSAgetSignature                                 ../../../../..//Middlewares/ST/STM32_Cryptographic/Fw_Crypto/STM32G0/Lib/STM32CryptographicV3.1.5_CM0PLUS_GCC.a(crypto.o)
ECDSAinitSign                                     ../../../../..//Middlewares/ST/STM32_Cryptographic/Fw_Crypto/STM32G0/Lib/STM32CryptographicV3.1.5_CM0PLUS_GCC.a(crypto.o)
                                                  build/se_crypto_bootloader.o
ECDSAsetSignature                                 ../../../../..//Middlewares/ST/STM32_Cryptographic/Fw_Crypto/STM32G0/Lib/STM32CryptographicV3.1.5_CM0PLUS_GCC.a(crypto.o)
                                                  build/se_crypto_bootloader.o
ECDSAsign                                         ../../../../..//Middlewares/ST/STM32_Cryptographic/Fw_Crypto/STM32G0/Lib/STM32CryptographicV3.1.5_CM0PLUS_GCC.a(crypto.o)
ECDSAverify                                       ../../../../..//Middlewares/ST/STM32_Cryptographic/Fw_Crypto/STM32G0/Lib/STM32CryptographicV3.1.5_CM0PLUS_GCC.a(crypto.o)
                                                  build/se_crypto_bootloader.o
ED25519keyGen                                     ../../../../..//Middlewares/ST/STM32_Cryptographic/Fw_Crypto/STM32G0/Lib/STM32CryptographicV3.1.5_CM0PLUS_GCC.a(crypto.o)
ED25519sign                                       ../../../../..//Middlewares/ST/STM32_Cryptographic/Fw_Crypto/STM32G0/Lib/STM32CryptographicV3.1.5_CM0PLUS_GCC.a(crypto.o)
ED25519verify                                     ../../../../..//Middlewares/ST/STM32_Cryptographic/Fw_Crypto/STM32G0/Lib/STM32CryptographicV3.1.5_CM0PLUS_GCC.a(crypto.o)
ENC_DEC_CONF                                      ../../../../..//Middlewares/ST/STM32_Cryptographic/Fw_Crypto/STM32G0/Lib/STM32CryptographicV3.1.5_CM0PLUS_GCC.a(crypto.o)
ENDIANNESS_CONF                                   ../../../../..//Middlewares/ST/STM32_Cryptographic/Fw_Crypto/STM32G0/Lib/STM32CryptographicV3.1.5_CM0PLUS_GCC.a(crypto.o)
EvenBig                                           ../../../../..//Middlewares/ST/STM32_Cryptographic/Fw_Crypto/STM32G0/Lib/STM32CryptographicV3.1.5_CM0PLUS_GCC.a(crypto.o)
FLASH_FlushCaches                                 build/stm32g0xx_hal_flash_ex.o
FLASH_PageErase                                   build/stm32g0xx_hal_flash_ex.o
                                                  build/stm32g0xx_hal_flash.o
FLASH_WaitForLastOperation                        build/stm32g0xx_hal_flash.o
                                                  build/stm32g0xx_hal_flash_ex.o
FastDiv2                                          ../../../../..//Middlewares/ST/STM32_Cryptographic/Fw_Crypto/STM32G0/Lib/STM32CryptographicV3.1.5_CM0PLUS_GCC.a(crypto.o)
FastDivInnerBase                                  ../../../../..//Middlewares/ST/STM32_Cryptographic/Fw_Crypto/STM32G0/Lib/STM32CryptographicV3.1.5_CM0PLUS_GCC.a(crypto.o)
FastMul2                                          ../../../../..//Middlewares/ST/STM32_Cryptographic/Fw_Crypto/STM32G0/Lib/STM32CryptographicV3.1.5_CM0PLUS_GCC.a(crypto.o)
FastMulInnerBase                                  ../../../../..//Middlewares/ST/STM32_Cryptographic/Fw_Crypto/STM32G0/Lib/STM32CryptographicV3.1.5_CM0PLUS_GCC.a(crypto.o)
GCM_CONF                                          ../../../../..//Middlewares/ST/STM32_Cryptographic/Fw_Crypto/STM32G0/Lib/STM32CryptographicV3.1.5_CM0PLUS_GCC.a(crypto.o)
GenRndBN                                          ../../../../..//Middlewares/ST/STM32_Cryptographic/Fw_Crypto/STM32G0/Lib/STM32CryptographicV3.1.5_CM0PLUS_GCC.a(crypto.o)
GenRndBNmodN                                      ../../../../..//Middlewares/ST/STM32_Cryptographic/Fw_Crypto/STM32G0/Lib/STM32CryptographicV3.1.5_CM0PLUS_GCC.a(crypto.o)
GiveBit                                           ../../../../..//Middlewares/ST/STM32_Cryptographic/Fw_Crypto/STM32G0/Lib/STM32CryptographicV3.1.5_CM0PLUS_GCC.a(crypto.o)
HAL_CRCEx_Input_Data_Reverse                      build/stm32g0xx_hal_crc_ex.o
HAL_CRCEx_Output_Data_Reverse                     build/stm32g0xx_hal_crc_ex.o
HAL_CRCEx_Polynomial_Set                          build/stm32g0xx_hal_crc_ex.o
                                                  build/stm32g0xx_hal_crc.o
HAL_CRC_Accumulate                                build/stm32g0xx_hal_crc.o
HAL_CRC_Calculate                                 build/stm32g0xx_hal_crc.o
                                                  build/se_low_level.o
HAL_CRC_DeInit                                    build/stm32g0xx_hal_crc.o
                                                  build/se_low_level.o
HAL_CRC_GetState                                  build/stm32g0xx_hal_crc.o
HAL_CRC_Init                                      build/stm32g0xx_hal_crc.o
                                                  build/se_low_level.o
HAL_CRC_MspDeInit                                 build/stm32g0xx_hal_crc.o
HAL_CRC_MspInit                                   build/stm32g0xx_hal_crc.o
HAL_DBGMCU_DisableDBGStandbyMode                  build/stm32g0xx_hal.o
HAL_DBGMCU_DisableDBGStopMode                     build/stm32g0xx_hal.o
HAL_DBGMCU_EnableDBGStandbyMode                   build/stm32g0xx_hal.o
HAL_DBGMCU_EnableDBGStopMode                      build/stm32g0xx_hal.o
HAL_DeInit                                        build/stm32g0xx_hal.o
HAL_Delay                                         build/se_utils.o
                                                  build/stm32g0xx_hal.o
HAL_FLASHEx_DisableDebugger                       build/stm32g0xx_hal_flash_ex.o
HAL_FLASHEx_EnableDebugger                        build/stm32g0xx_hal_flash_ex.o
HAL_FLASHEx_EnableSecMemProtection                build/stm32g0xx_hal_flash_ex.o
HAL_FLASHEx_Erase                                 build/stm32g0xx_hal_flash_ex.o
                                                  build/se_low_level.o
HAL_FLASHEx_Erase_IT                              build/stm32g0xx_hal_flash_ex.o
HAL_FLASHEx_FlashEmptyCheck                       build/stm32g0xx_hal_flash_ex.o
HAL_FLASHEx_ForceFlashEmpty                       build/stm32g0xx_hal_flash_ex.o
HAL_FLASHEx_OBGetConfig                           build/stm32g0xx_hal_flash_ex.o
HAL_FLASHEx_OBProgram                             build/stm32g0xx_hal_flash_ex.o
HAL_FLASH_EndOfOperationCallback                  build/stm32g0xx_hal_flash.o
HAL_FLASH_GetError                                build/stm32g0xx_hal_flash.o
HAL_FLASH_IRQHandler                              build/stm32g0xx_hal_flash.o
HAL_FLASH_Lock                                    build/stm32g0xx_hal_flash.o