ARM GAS  /tmp/ccOVwX5K.s 			page 1


   1              		.cpu cortex-m0plus
   2              		.arch armv6s-m
   3              		.fpu softvfp
   4              		.eabi_attribute 20, 1
   5              		.eabi_attribute 21, 1
   6              		.eabi_attribute 23, 3
   7              		.eabi_attribute 24, 1
   8              		.eabi_attribute 25, 1
   9              		.eabi_attribute 26, 1
  10              		.eabi_attribute 30, 4
  11              		.eabi_attribute 34, 0
  12              		.eabi_attribute 18, 4
  13              		.file	"stm32g0xx_hal_crc_ex.c"
  14              		.text
  15              	.Ltext0:
  16              		.cfi_sections	.debug_frame
  17              		.file 1 "../../../../..//Drivers/STM32G0xx_HAL_Driver/Src/stm32g0xx_hal_crc_ex.c"
  18              		.section	.text.HAL_CRCEx_Polynomial_Set,"ax",%progbits
  19              		.align	1
  20              		.global	HAL_CRCEx_Polynomial_Set
  21              		.syntax unified
  22              		.code	16
  23              		.thumb_func
  25              	HAL_CRCEx_Polynomial_Set:
  26              	.LVL0:
  27              	.LFB180:
   1:../../../../..//Drivers/STM32G0xx_HAL_Driver/Src/stm32g0xx_hal_crc_ex.c **** /**
   2:../../../../..//Drivers/STM32G0xx_HAL_Driver/Src/stm32g0xx_hal_crc_ex.c ****   ******************************************************************************
   3:../../../../..//Drivers/STM32G0xx_HAL_Driver/Src/stm32g0xx_hal_crc_ex.c ****   * @file    stm32g0xx_hal_crc_ex.c
   4:../../../../..//Drivers/STM32G0xx_HAL_Driver/Src/stm32g0xx_hal_crc_ex.c ****   * @author  MCD Application Team
   5:../../../../..//Drivers/STM32G0xx_HAL_Driver/Src/stm32g0xx_hal_crc_ex.c ****   * @brief   Extended CRC HAL module driver.
   6:../../../../..//Drivers/STM32G0xx_HAL_Driver/Src/stm32g0xx_hal_crc_ex.c ****   *          This file provides firmware functions to manage the extended
   7:../../../../..//Drivers/STM32G0xx_HAL_Driver/Src/stm32g0xx_hal_crc_ex.c ****   *          functionalities of the CRC peripheral.
   8:../../../../..//Drivers/STM32G0xx_HAL_Driver/Src/stm32g0xx_hal_crc_ex.c ****   *
   9:../../../../..//Drivers/STM32G0xx_HAL_Driver/Src/stm32g0xx_hal_crc_ex.c ****   ******************************************************************************
  10:../../../../..//Drivers/STM32G0xx_HAL_Driver/Src/stm32g0xx_hal_crc_ex.c ****   * @attention
  11:../../../../..//Drivers/STM32G0xx_HAL_Driver/Src/stm32g0xx_hal_crc_ex.c ****   *
  12:../../../../..//Drivers/STM32G0xx_HAL_Driver/Src/stm32g0xx_hal_crc_ex.c ****   * Copyright (c) 2018 STMicroelectronics.
  13:../../../../..//Drivers/STM32G0xx_HAL_Driver/Src/stm32g0xx_hal_crc_ex.c ****   * All rights reserved.
  14:../../../../..//Drivers/STM32G0xx_HAL_Driver/Src/stm32g0xx_hal_crc_ex.c ****   *
  15:../../../../..//Drivers/STM32G0xx_HAL_Driver/Src/stm32g0xx_hal_crc_ex.c ****   * This software is licensed under terms that can be found in the LICENSE file
  16:../../../../..//Drivers/STM32G0xx_HAL_Driver/Src/stm32g0xx_hal_crc_ex.c ****   * in the root directory of this software component.
  17:../../../../..//Drivers/STM32G0xx_HAL_Driver/Src/stm32g0xx_hal_crc_ex.c ****   * If no LICENSE file comes with this software, it is provided AS-IS.
  18:../../../../..//Drivers/STM32G0xx_HAL_Driver/Src/stm32g0xx_hal_crc_ex.c ****   *
  19:../../../../..//Drivers/STM32G0xx_HAL_Driver/Src/stm32g0xx_hal_crc_ex.c ****   ******************************************************************************
  20:../../../../..//Drivers/STM32G0xx_HAL_Driver/Src/stm32g0xx_hal_crc_ex.c ****   @verbatim
  21:../../../../..//Drivers/STM32G0xx_HAL_Driver/Src/stm32g0xx_hal_crc_ex.c **** ================================================================================
  22:../../../../..//Drivers/STM32G0xx_HAL_Driver/Src/stm32g0xx_hal_crc_ex.c ****             ##### How to use this driver #####
  23:../../../../..//Drivers/STM32G0xx_HAL_Driver/Src/stm32g0xx_hal_crc_ex.c **** ================================================================================
  24:../../../../..//Drivers/STM32G0xx_HAL_Driver/Src/stm32g0xx_hal_crc_ex.c ****     [..]
  25:../../../../..//Drivers/STM32G0xx_HAL_Driver/Src/stm32g0xx_hal_crc_ex.c ****          (+) Set user-defined generating polynomial through HAL_CRCEx_Polynomial_Set()
  26:../../../../..//Drivers/STM32G0xx_HAL_Driver/Src/stm32g0xx_hal_crc_ex.c ****          (+) Configure Input or Output data inversion
  27:../../../../..//Drivers/STM32G0xx_HAL_Driver/Src/stm32g0xx_hal_crc_ex.c **** 
  28:../../../../..//Drivers/STM32G0xx_HAL_Driver/Src/stm32g0xx_hal_crc_ex.c ****   @endverbatim
  29:../../../../..//Drivers/STM32G0xx_HAL_Driver/Src/stm32g0xx_hal_crc_ex.c ****   ******************************************************************************
  30:../../../../..//Drivers/STM32G0xx_HAL_Driver/Src/stm32g0xx_hal_crc_ex.c ****   */
  31:../../../../..//Drivers/STM32G0xx_HAL_Driver/Src/stm32g0xx_hal_crc_ex.c **** 
ARM GAS  /tmp/ccOVwX5K.s 			page 2


  32:../../../../..//Drivers/STM32G0xx_HAL_Driver/Src/stm32g0xx_hal_crc_ex.c **** /* Includes ------------------------------------------------------------------*/
  33:../../../../..//Drivers/STM32G0xx_HAL_Driver/Src/stm32g0xx_hal_crc_ex.c **** #include "stm32g0xx_hal.h"
  34:../../../../..//Drivers/STM32G0xx_HAL_Driver/Src/stm32g0xx_hal_crc_ex.c **** 
  35:../../../../..//Drivers/STM32G0xx_HAL_Driver/Src/stm32g0xx_hal_crc_ex.c **** /** @addtogroup STM32G0xx_HAL_Driver
  36:../../../../..//Drivers/STM32G0xx_HAL_Driver/Src/stm32g0xx_hal_crc_ex.c ****   * @{
  37:../../../../..//Drivers/STM32G0xx_HAL_Driver/Src/stm32g0xx_hal_crc_ex.c ****   */
  38:../../../../..//Drivers/STM32G0xx_HAL_Driver/Src/stm32g0xx_hal_crc_ex.c **** 
  39:../../../../..//Drivers/STM32G0xx_HAL_Driver/Src/stm32g0xx_hal_crc_ex.c **** /** @defgroup CRCEx CRCEx
  40:../../../../..//Drivers/STM32G0xx_HAL_Driver/Src/stm32g0xx_hal_crc_ex.c ****   * @brief CRC Extended HAL module driver
  41:../../../../..//Drivers/STM32G0xx_HAL_Driver/Src/stm32g0xx_hal_crc_ex.c ****   * @{
  42:../../../../..//Drivers/STM32G0xx_HAL_Driver/Src/stm32g0xx_hal_crc_ex.c ****   */
  43:../../../../..//Drivers/STM32G0xx_HAL_Driver/Src/stm32g0xx_hal_crc_ex.c **** 
  44:../../../../..//Drivers/STM32G0xx_HAL_Driver/Src/stm32g0xx_hal_crc_ex.c **** #ifdef HAL_CRC_MODULE_ENABLED
  45:../../../../..//Drivers/STM32G0xx_HAL_Driver/Src/stm32g0xx_hal_crc_ex.c **** 
  46:../../../../..//Drivers/STM32G0xx_HAL_Driver/Src/stm32g0xx_hal_crc_ex.c **** /* Private typedef -----------------------------------------------------------*/
  47:../../../../..//Drivers/STM32G0xx_HAL_Driver/Src/stm32g0xx_hal_crc_ex.c **** /* Private define ------------------------------------------------------------*/
  48:../../../../..//Drivers/STM32G0xx_HAL_Driver/Src/stm32g0xx_hal_crc_ex.c **** /* Private macro -------------------------------------------------------------*/
  49:../../../../..//Drivers/STM32G0xx_HAL_Driver/Src/stm32g0xx_hal_crc_ex.c **** /* Private variables ---------------------------------------------------------*/
  50:../../../../..//Drivers/STM32G0xx_HAL_Driver/Src/stm32g0xx_hal_crc_ex.c **** /* Private function prototypes -----------------------------------------------*/
  51:../../../../..//Drivers/STM32G0xx_HAL_Driver/Src/stm32g0xx_hal_crc_ex.c **** /* Exported functions --------------------------------------------------------*/
  52:../../../../..//Drivers/STM32G0xx_HAL_Driver/Src/stm32g0xx_hal_crc_ex.c **** 
  53:../../../../..//Drivers/STM32G0xx_HAL_Driver/Src/stm32g0xx_hal_crc_ex.c **** /** @defgroup CRCEx_Exported_Functions CRC Extended Exported Functions
  54:../../../../..//Drivers/STM32G0xx_HAL_Driver/Src/stm32g0xx_hal_crc_ex.c ****   * @{
  55:../../../../..//Drivers/STM32G0xx_HAL_Driver/Src/stm32g0xx_hal_crc_ex.c ****   */
  56:../../../../..//Drivers/STM32G0xx_HAL_Driver/Src/stm32g0xx_hal_crc_ex.c **** 
  57:../../../../..//Drivers/STM32G0xx_HAL_Driver/Src/stm32g0xx_hal_crc_ex.c **** /** @defgroup CRCEx_Exported_Functions_Group1 Extended Initialization/de-initialization functions
  58:../../../../..//Drivers/STM32G0xx_HAL_Driver/Src/stm32g0xx_hal_crc_ex.c ****   * @brief    Extended Initialization and Configuration functions.
  59:../../../../..//Drivers/STM32G0xx_HAL_Driver/Src/stm32g0xx_hal_crc_ex.c ****   *
  60:../../../../..//Drivers/STM32G0xx_HAL_Driver/Src/stm32g0xx_hal_crc_ex.c **** @verbatim
  61:../../../../..//Drivers/STM32G0xx_HAL_Driver/Src/stm32g0xx_hal_crc_ex.c ****  ===============================================================================
  62:../../../../..//Drivers/STM32G0xx_HAL_Driver/Src/stm32g0xx_hal_crc_ex.c ****             ##### Extended configuration functions #####
  63:../../../../..//Drivers/STM32G0xx_HAL_Driver/Src/stm32g0xx_hal_crc_ex.c ****  ===============================================================================
  64:../../../../..//Drivers/STM32G0xx_HAL_Driver/Src/stm32g0xx_hal_crc_ex.c ****     [..]  This section provides functions allowing to:
  65:../../../../..//Drivers/STM32G0xx_HAL_Driver/Src/stm32g0xx_hal_crc_ex.c ****       (+) Configure the generating polynomial
  66:../../../../..//Drivers/STM32G0xx_HAL_Driver/Src/stm32g0xx_hal_crc_ex.c ****       (+) Configure the input data inversion
  67:../../../../..//Drivers/STM32G0xx_HAL_Driver/Src/stm32g0xx_hal_crc_ex.c ****       (+) Configure the output data inversion
  68:../../../../..//Drivers/STM32G0xx_HAL_Driver/Src/stm32g0xx_hal_crc_ex.c **** 
  69:../../../../..//Drivers/STM32G0xx_HAL_Driver/Src/stm32g0xx_hal_crc_ex.c **** @endverbatim
  70:../../../../..//Drivers/STM32G0xx_HAL_Driver/Src/stm32g0xx_hal_crc_ex.c ****   * @{
  71:../../../../..//Drivers/STM32G0xx_HAL_Driver/Src/stm32g0xx_hal_crc_ex.c ****   */
  72:../../../../..//Drivers/STM32G0xx_HAL_Driver/Src/stm32g0xx_hal_crc_ex.c **** 
  73:../../../../..//Drivers/STM32G0xx_HAL_Driver/Src/stm32g0xx_hal_crc_ex.c **** 
  74:../../../../..//Drivers/STM32G0xx_HAL_Driver/Src/stm32g0xx_hal_crc_ex.c **** /**
  75:../../../../..//Drivers/STM32G0xx_HAL_Driver/Src/stm32g0xx_hal_crc_ex.c ****   * @brief  Initialize the CRC polynomial if different from default one.
  76:../../../../..//Drivers/STM32G0xx_HAL_Driver/Src/stm32g0xx_hal_crc_ex.c ****   * @param  hcrc CRC handle
  77:../../../../..//Drivers/STM32G0xx_HAL_Driver/Src/stm32g0xx_hal_crc_ex.c ****   * @param  Pol CRC generating polynomial (7, 8, 16 or 32-bit long).
  78:../../../../..//Drivers/STM32G0xx_HAL_Driver/Src/stm32g0xx_hal_crc_ex.c ****   *         This parameter is written in normal representation, e.g.
  79:../../../../..//Drivers/STM32G0xx_HAL_Driver/Src/stm32g0xx_hal_crc_ex.c ****   *         @arg for a polynomial of degree 7, X^7 + X^6 + X^5 + X^2 + 1 is written 0x65
  80:../../../../..//Drivers/STM32G0xx_HAL_Driver/Src/stm32g0xx_hal_crc_ex.c ****   *         @arg for a polynomial of degree 16, X^16 + X^12 + X^5 + 1 is written 0x1021
  81:../../../../..//Drivers/STM32G0xx_HAL_Driver/Src/stm32g0xx_hal_crc_ex.c ****   * @param  PolyLength CRC polynomial length.
  82:../../../../..//Drivers/STM32G0xx_HAL_Driver/Src/stm32g0xx_hal_crc_ex.c ****   *         This parameter can be one of the following values:
  83:../../../../..//Drivers/STM32G0xx_HAL_Driver/Src/stm32g0xx_hal_crc_ex.c ****   *          @arg @ref CRC_POLYLENGTH_7B  7-bit long CRC (generating polynomial of degree 7)
  84:../../../../..//Drivers/STM32G0xx_HAL_Driver/Src/stm32g0xx_hal_crc_ex.c ****   *          @arg @ref CRC_POLYLENGTH_8B  8-bit long CRC (generating polynomial of degree 8)
  85:../../../../..//Drivers/STM32G0xx_HAL_Driver/Src/stm32g0xx_hal_crc_ex.c ****   *          @arg @ref CRC_POLYLENGTH_16B 16-bit long CRC (generating polynomial of degree 16)
  86:../../../../..//Drivers/STM32G0xx_HAL_Driver/Src/stm32g0xx_hal_crc_ex.c ****   *          @arg @ref CRC_POLYLENGTH_32B 32-bit long CRC (generating polynomial of degree 32)
  87:../../../../..//Drivers/STM32G0xx_HAL_Driver/Src/stm32g0xx_hal_crc_ex.c ****   * @retval HAL status
  88:../../../../..//Drivers/STM32G0xx_HAL_Driver/Src/stm32g0xx_hal_crc_ex.c ****   */
ARM GAS  /tmp/ccOVwX5K.s 			page 3


  89:../../../../..//Drivers/STM32G0xx_HAL_Driver/Src/stm32g0xx_hal_crc_ex.c **** HAL_StatusTypeDef HAL_CRCEx_Polynomial_Set(CRC_HandleTypeDef *hcrc, uint32_t Pol, uint32_t PolyLeng
  90:../../../../..//Drivers/STM32G0xx_HAL_Driver/Src/stm32g0xx_hal_crc_ex.c **** {
  28              		.loc 1 90 1 view -0
  29              		.cfi_startproc
  30              		@ args = 0, pretend = 0, frame = 0
  31              		@ frame_needed = 0, uses_anonymous_args = 0
  91:../../../../..//Drivers/STM32G0xx_HAL_Driver/Src/stm32g0xx_hal_crc_ex.c ****   HAL_StatusTypeDef status = HAL_OK;
  32              		.loc 1 91 3 view .LVU1
  92:../../../../..//Drivers/STM32G0xx_HAL_Driver/Src/stm32g0xx_hal_crc_ex.c ****   uint32_t msb = 31U; /* polynomial degree is 32 at most, so msb is initialized to max value */
  33              		.loc 1 92 3 view .LVU2
  93:../../../../..//Drivers/STM32G0xx_HAL_Driver/Src/stm32g0xx_hal_crc_ex.c **** 
  94:../../../../..//Drivers/STM32G0xx_HAL_Driver/Src/stm32g0xx_hal_crc_ex.c ****   /* Check the parameters */
  95:../../../../..//Drivers/STM32G0xx_HAL_Driver/Src/stm32g0xx_hal_crc_ex.c ****   assert_param(IS_CRC_POL_LENGTH(PolyLength));
  34              		.loc 1 95 3 view .LVU3
  96:../../../../..//Drivers/STM32G0xx_HAL_Driver/Src/stm32g0xx_hal_crc_ex.c **** 
  97:../../../../..//Drivers/STM32G0xx_HAL_Driver/Src/stm32g0xx_hal_crc_ex.c ****   /* check polynomial definition vs polynomial size:
  98:../../../../..//Drivers/STM32G0xx_HAL_Driver/Src/stm32g0xx_hal_crc_ex.c ****    * polynomial length must be aligned with polynomial
  99:../../../../..//Drivers/STM32G0xx_HAL_Driver/Src/stm32g0xx_hal_crc_ex.c ****    * definition. HAL_ERROR is reported if Pol degree is
 100:../../../../..//Drivers/STM32G0xx_HAL_Driver/Src/stm32g0xx_hal_crc_ex.c ****    * larger than that indicated by PolyLength.
 101:../../../../..//Drivers/STM32G0xx_HAL_Driver/Src/stm32g0xx_hal_crc_ex.c ****    * Look for MSB position: msb will contain the degree of
 102:../../../../..//Drivers/STM32G0xx_HAL_Driver/Src/stm32g0xx_hal_crc_ex.c ****    *  the second to the largest polynomial member. E.g., for
 103:../../../../..//Drivers/STM32G0xx_HAL_Driver/Src/stm32g0xx_hal_crc_ex.c ****    *  X^7 + X^6 + X^5 + X^2 + 1, msb = 6. */
 104:../../../../..//Drivers/STM32G0xx_HAL_Driver/Src/stm32g0xx_hal_crc_ex.c ****   while ((msb-- > 0U) && ((Pol & ((uint32_t)(0x1U) << (msb & 0x1FU))) == 0U))
  35              		.loc 1 104 3 view .LVU4
  90:../../../../..//Drivers/STM32G0xx_HAL_Driver/Src/stm32g0xx_hal_crc_ex.c ****   HAL_StatusTypeDef status = HAL_OK;
  36              		.loc 1 90 1 is_stmt 0 view .LVU5
  37 0000 30B5     		push	{r4, r5, lr}
  38              	.LCFI0:
  39              		.cfi_def_cfa_offset 12
  40              		.cfi_offset 4, -12
  41              		.cfi_offset 5, -8
  42              		.cfi_offset 14, -4
  92:../../../../..//Drivers/STM32G0xx_HAL_Driver/Src/stm32g0xx_hal_crc_ex.c **** 
  43              		.loc 1 92 12 view .LVU6
  44 0002 1F23     		movs	r3, #31
  90:../../../../..//Drivers/STM32G0xx_HAL_Driver/Src/stm32g0xx_hal_crc_ex.c ****   HAL_StatusTypeDef status = HAL_OK;
  45              		.loc 1 90 1 view .LVU7
  46 0004 0400     		movs	r4, r0
  47              		.loc 1 104 71 discriminator 1 view .LVU8
  48 0006 0120     		movs	r0, #1
  49              	.LVL1:
  50              	.L3:
 105:../../../../..//Drivers/STM32G0xx_HAL_Driver/Src/stm32g0xx_hal_crc_ex.c ****   {
 106:../../../../..//Drivers/STM32G0xx_HAL_Driver/Src/stm32g0xx_hal_crc_ex.c ****   }
  51              		.loc 1 106 3 is_stmt 1 view .LVU9
 104:../../../../..//Drivers/STM32G0xx_HAL_Driver/Src/stm32g0xx_hal_crc_ex.c ****   {
  52              		.loc 1 104 23 discriminator 2 view .LVU10
 104:../../../../..//Drivers/STM32G0xx_HAL_Driver/Src/stm32g0xx_hal_crc_ex.c ****   {
  53              		.loc 1 104 23 is_stmt 0 discriminator 2 view .LVU11
  54 0008 013B     		subs	r3, r3, #1
  55 000a 22D3     		bcc	.L2
  56              	.LVL2:
 104:../../../../..//Drivers/STM32G0xx_HAL_Driver/Src/stm32g0xx_hal_crc_ex.c ****   {
  57              		.loc 1 104 71 discriminator 1 view .LVU12
  58 000c 0D00     		movs	r5, r1
  59 000e DD40     		lsrs	r5, r5, r3
 104:../../../../..//Drivers/STM32G0xx_HAL_Driver/Src/stm32g0xx_hal_crc_ex.c ****   {
ARM GAS  /tmp/ccOVwX5K.s 			page 4


  60              		.loc 1 104 23 discriminator 1 view .LVU13
  61 0010 0542     		tst	r5, r0
  62 0012 F9D0     		beq	.L3
 107:../../../../..//Drivers/STM32G0xx_HAL_Driver/Src/stm32g0xx_hal_crc_ex.c **** 
 108:../../../../..//Drivers/STM32G0xx_HAL_Driver/Src/stm32g0xx_hal_crc_ex.c ****   switch (PolyLength)
  63              		.loc 1 108 3 is_stmt 1 view .LVU14
  64 0014 102A     		cmp	r2, #16
  65 0016 15D0     		beq	.L4
  66              	.L9:
  67              		.loc 1 108 3 is_stmt 0 view .LVU15
  68 0018 102A     		cmp	r2, #16
  69 001a 05D8     		bhi	.L5
  70 001c 002A     		cmp	r2, #0
  71 001e 08D0     		beq	.L6
 109:../../../../..//Drivers/STM32G0xx_HAL_Driver/Src/stm32g0xx_hal_crc_ex.c ****   {
 110:../../../../..//Drivers/STM32G0xx_HAL_Driver/Src/stm32g0xx_hal_crc_ex.c ****     case CRC_POLYLENGTH_7B:
 111:../../../../..//Drivers/STM32G0xx_HAL_Driver/Src/stm32g0xx_hal_crc_ex.c ****       if (msb >= HAL_CRC_LENGTH_7B)
 112:../../../../..//Drivers/STM32G0xx_HAL_Driver/Src/stm32g0xx_hal_crc_ex.c ****       {
 113:../../../../..//Drivers/STM32G0xx_HAL_Driver/Src/stm32g0xx_hal_crc_ex.c ****         status =   HAL_ERROR;
 114:../../../../..//Drivers/STM32G0xx_HAL_Driver/Src/stm32g0xx_hal_crc_ex.c ****       }
 115:../../../../..//Drivers/STM32G0xx_HAL_Driver/Src/stm32g0xx_hal_crc_ex.c ****       break;
 116:../../../../..//Drivers/STM32G0xx_HAL_Driver/Src/stm32g0xx_hal_crc_ex.c ****     case CRC_POLYLENGTH_8B:
 117:../../../../..//Drivers/STM32G0xx_HAL_Driver/Src/stm32g0xx_hal_crc_ex.c ****       if (msb >= HAL_CRC_LENGTH_8B)
 118:../../../../..//Drivers/STM32G0xx_HAL_Driver/Src/stm32g0xx_hal_crc_ex.c ****       {
 119:../../../../..//Drivers/STM32G0xx_HAL_Driver/Src/stm32g0xx_hal_crc_ex.c ****         status =   HAL_ERROR;
  72              		.loc 1 119 16 view .LVU16
  73 0020 0120     		movs	r0, #1
 108:../../../../..//Drivers/STM32G0xx_HAL_Driver/Src/stm32g0xx_hal_crc_ex.c ****   {
  74              		.loc 1 108 3 view .LVU17
  75 0022 082A     		cmp	r2, #8
  76 0024 12D0     		beq	.L7
  77              	.LVL3:
  78              	.L18:
 120:../../../../..//Drivers/STM32G0xx_HAL_Driver/Src/stm32g0xx_hal_crc_ex.c ****       }
 121:../../../../..//Drivers/STM32G0xx_HAL_Driver/Src/stm32g0xx_hal_crc_ex.c ****       break;
 122:../../../../..//Drivers/STM32G0xx_HAL_Driver/Src/stm32g0xx_hal_crc_ex.c ****     case CRC_POLYLENGTH_16B:
 123:../../../../..//Drivers/STM32G0xx_HAL_Driver/Src/stm32g0xx_hal_crc_ex.c ****       if (msb >= HAL_CRC_LENGTH_16B)
 124:../../../../..//Drivers/STM32G0xx_HAL_Driver/Src/stm32g0xx_hal_crc_ex.c ****       {
 125:../../../../..//Drivers/STM32G0xx_HAL_Driver/Src/stm32g0xx_hal_crc_ex.c ****         status =   HAL_ERROR;
 126:../../../../..//Drivers/STM32G0xx_HAL_Driver/Src/stm32g0xx_hal_crc_ex.c ****       }
 127:../../../../..//Drivers/STM32G0xx_HAL_Driver/Src/stm32g0xx_hal_crc_ex.c ****       break;
 128:../../../../..//Drivers/STM32G0xx_HAL_Driver/Src/stm32g0xx_hal_crc_ex.c **** 
 129:../../../../..//Drivers/STM32G0xx_HAL_Driver/Src/stm32g0xx_hal_crc_ex.c ****     case CRC_POLYLENGTH_32B:
 130:../../../../..//Drivers/STM32G0xx_HAL_Driver/Src/stm32g0xx_hal_crc_ex.c ****       /* no polynomial definition vs. polynomial length issue possible */
 131:../../../../..//Drivers/STM32G0xx_HAL_Driver/Src/stm32g0xx_hal_crc_ex.c ****       break;
 132:../../../../..//Drivers/STM32G0xx_HAL_Driver/Src/stm32g0xx_hal_crc_ex.c ****     default:
 133:../../../../..//Drivers/STM32G0xx_HAL_Driver/Src/stm32g0xx_hal_crc_ex.c ****       status =  HAL_ERROR;
 134:../../../../..//Drivers/STM32G0xx_HAL_Driver/Src/stm32g0xx_hal_crc_ex.c ****       break;
 135:../../../../..//Drivers/STM32G0xx_HAL_Driver/Src/stm32g0xx_hal_crc_ex.c ****   }
 136:../../../../..//Drivers/STM32G0xx_HAL_Driver/Src/stm32g0xx_hal_crc_ex.c ****   if (status == HAL_OK)
 137:../../../../..//Drivers/STM32G0xx_HAL_Driver/Src/stm32g0xx_hal_crc_ex.c ****   {
 138:../../../../..//Drivers/STM32G0xx_HAL_Driver/Src/stm32g0xx_hal_crc_ex.c ****     /* set generating polynomial */
 139:../../../../..//Drivers/STM32G0xx_HAL_Driver/Src/stm32g0xx_hal_crc_ex.c ****     WRITE_REG(hcrc->Instance->POL, Pol);
 140:../../../../..//Drivers/STM32G0xx_HAL_Driver/Src/stm32g0xx_hal_crc_ex.c **** 
 141:../../../../..//Drivers/STM32G0xx_HAL_Driver/Src/stm32g0xx_hal_crc_ex.c ****     /* set generating polynomial size */
 142:../../../../..//Drivers/STM32G0xx_HAL_Driver/Src/stm32g0xx_hal_crc_ex.c ****     MODIFY_REG(hcrc->Instance->CR, CRC_CR_POLYSIZE, PolyLength);
 143:../../../../..//Drivers/STM32G0xx_HAL_Driver/Src/stm32g0xx_hal_crc_ex.c ****   }
ARM GAS  /tmp/ccOVwX5K.s 			page 5


 144:../../../../..//Drivers/STM32G0xx_HAL_Driver/Src/stm32g0xx_hal_crc_ex.c ****   /* Return function status */
 145:../../../../..//Drivers/STM32G0xx_HAL_Driver/Src/stm32g0xx_hal_crc_ex.c ****   return status;
 146:../../../../..//Drivers/STM32G0xx_HAL_Driver/Src/stm32g0xx_hal_crc_ex.c **** }
  79              		.loc 1 146 1 view .LVU18
  80              		@ sp needed
  81              	.LVL4:
  82              		.loc 1 146 1 view .LVU19
  83 0026 30BD     		pop	{r4, r5, pc}
  84              	.LVL5:
  85              	.L5:
 119:../../../../..//Drivers/STM32G0xx_HAL_Driver/Src/stm32g0xx_hal_crc_ex.c ****       }
  86              		.loc 1 119 16 view .LVU20
  87 0028 0120     		movs	r0, #1
 108:../../../../..//Drivers/STM32G0xx_HAL_Driver/Src/stm32g0xx_hal_crc_ex.c ****   {
  88              		.loc 1 108 3 view .LVU21
  89 002a 182A     		cmp	r2, #24
  90 002c FBD1     		bne	.L18
 111:../../../../..//Drivers/STM32G0xx_HAL_Driver/Src/stm32g0xx_hal_crc_ex.c ****       {
  91              		.loc 1 111 7 is_stmt 1 view .LVU22
 111:../../../../..//Drivers/STM32G0xx_HAL_Driver/Src/stm32g0xx_hal_crc_ex.c ****       {
  92              		.loc 1 111 10 is_stmt 0 view .LVU23
  93 002e 062B     		cmp	r3, #6
  94 0030 F9D8     		bhi	.L18
  95              	.L6:
  96              	.LVL6:
 139:../../../../..//Drivers/STM32G0xx_HAL_Driver/Src/stm32g0xx_hal_crc_ex.c **** 
  97              		.loc 1 139 5 is_stmt 1 view .LVU24
  98 0032 2068     		ldr	r0, [r4]
  99 0034 4161     		str	r1, [r0, #20]
 142:../../../../..//Drivers/STM32G0xx_HAL_Driver/Src/stm32g0xx_hal_crc_ex.c ****   }
 100              		.loc 1 142 5 view .LVU25
 101 0036 1821     		movs	r1, #24
 102              	.LVL7:
 142:../../../../..//Drivers/STM32G0xx_HAL_Driver/Src/stm32g0xx_hal_crc_ex.c ****   }
 103              		.loc 1 142 5 is_stmt 0 view .LVU26
 104 0038 8368     		ldr	r3, [r0, #8]
 105              	.LVL8:
 142:../../../../..//Drivers/STM32G0xx_HAL_Driver/Src/stm32g0xx_hal_crc_ex.c ****   }
 106              		.loc 1 142 5 view .LVU27
 107 003a 8B43     		bics	r3, r1
 108 003c 1343     		orrs	r3, r2
 109 003e 8360     		str	r3, [r0, #8]
 110              	.LVL9:
 142:../../../../..//Drivers/STM32G0xx_HAL_Driver/Src/stm32g0xx_hal_crc_ex.c ****   }
 111              		.loc 1 142 5 view .LVU28
 112 0040 0020     		movs	r0, #0
 113 0042 F0E7     		b	.L18
 114              	.LVL10:
 115              	.L4:
 117:../../../../..//Drivers/STM32G0xx_HAL_Driver/Src/stm32g0xx_hal_crc_ex.c ****       {
 116              		.loc 1 117 7 is_stmt 1 view .LVU29
 119:../../../../..//Drivers/STM32G0xx_HAL_Driver/Src/stm32g0xx_hal_crc_ex.c ****       }
 117              		.loc 1 119 16 is_stmt 0 view .LVU30
 118 0044 0120     		movs	r0, #1
 117:../../../../..//Drivers/STM32G0xx_HAL_Driver/Src/stm32g0xx_hal_crc_ex.c ****       {
 119              		.loc 1 117 10 view .LVU31
 120 0046 072B     		cmp	r3, #7
ARM GAS  /tmp/ccOVwX5K.s 			page 6


 121 0048 F3D9     		bls	.L6
 122 004a ECE7     		b	.L18
 123              	.L7:
 123:../../../../..//Drivers/STM32G0xx_HAL_Driver/Src/stm32g0xx_hal_crc_ex.c ****       {
 124              		.loc 1 123 7 is_stmt 1 view .LVU32
 123:../../../../..//Drivers/STM32G0xx_HAL_Driver/Src/stm32g0xx_hal_crc_ex.c ****       {
 125              		.loc 1 123 10 is_stmt 0 view .LVU33
 126 004c 0F2B     		cmp	r3, #15
 127 004e EAD8     		bhi	.L18
 128 0050 EFE7     		b	.L6
 129              	.L2:
 108:../../../../..//Drivers/STM32G0xx_HAL_Driver/Src/stm32g0xx_hal_crc_ex.c ****   {
 130              		.loc 1 108 3 is_stmt 1 view .LVU34
 119:../../../../..//Drivers/STM32G0xx_HAL_Driver/Src/stm32g0xx_hal_crc_ex.c ****       }
 131              		.loc 1 119 16 is_stmt 0 view .LVU35
 132 0052 0120     		movs	r0, #1
 108:../../../../..//Drivers/STM32G0xx_HAL_Driver/Src/stm32g0xx_hal_crc_ex.c ****   {
 133              		.loc 1 108 3 view .LVU36
 134 0054 102A     		cmp	r2, #16
 135 0056 DFD1     		bne	.L9
 136 0058 E5E7     		b	.L18
 137              		.cfi_endproc
 138              	.LFE180:
 140              		.section	.text.HAL_CRCEx_Input_Data_Reverse,"ax",%progbits
 141              		.align	1
 142              		.global	HAL_CRCEx_Input_Data_Reverse
 143              		.syntax unified
 144              		.code	16
 145              		.thumb_func
 147              	HAL_CRCEx_Input_Data_Reverse:
 148              	.LVL11:
 149              	.LFB181:
 147:../../../../..//Drivers/STM32G0xx_HAL_Driver/Src/stm32g0xx_hal_crc_ex.c **** 
 148:../../../../..//Drivers/STM32G0xx_HAL_Driver/Src/stm32g0xx_hal_crc_ex.c **** /**
 149:../../../../..//Drivers/STM32G0xx_HAL_Driver/Src/stm32g0xx_hal_crc_ex.c ****   * @brief  Set the Reverse Input data mode.
 150:../../../../..//Drivers/STM32G0xx_HAL_Driver/Src/stm32g0xx_hal_crc_ex.c ****   * @param  hcrc CRC handle
 151:../../../../..//Drivers/STM32G0xx_HAL_Driver/Src/stm32g0xx_hal_crc_ex.c ****   * @param  InputReverseMode Input Data inversion mode.
 152:../../../../..//Drivers/STM32G0xx_HAL_Driver/Src/stm32g0xx_hal_crc_ex.c ****   *         This parameter can be one of the following values:
 153:../../../../..//Drivers/STM32G0xx_HAL_Driver/Src/stm32g0xx_hal_crc_ex.c ****   *          @arg @ref CRC_INPUTDATA_INVERSION_NONE     no change in bit order (default value)
 154:../../../../..//Drivers/STM32G0xx_HAL_Driver/Src/stm32g0xx_hal_crc_ex.c ****   *          @arg @ref CRC_INPUTDATA_INVERSION_BYTE     Byte-wise bit reversal
 155:../../../../..//Drivers/STM32G0xx_HAL_Driver/Src/stm32g0xx_hal_crc_ex.c ****   *          @arg @ref CRC_INPUTDATA_INVERSION_HALFWORD HalfWord-wise bit reversal
 156:../../../../..//Drivers/STM32G0xx_HAL_Driver/Src/stm32g0xx_hal_crc_ex.c ****   *          @arg @ref CRC_INPUTDATA_INVERSION_WORD     Word-wise bit reversal
 157:../../../../..//Drivers/STM32G0xx_HAL_Driver/Src/stm32g0xx_hal_crc_ex.c ****   * @retval HAL status
 158:../../../../..//Drivers/STM32G0xx_HAL_Driver/Src/stm32g0xx_hal_crc_ex.c ****   */
 159:../../../../..//Drivers/STM32G0xx_HAL_Driver/Src/stm32g0xx_hal_crc_ex.c **** HAL_StatusTypeDef HAL_CRCEx_Input_Data_Reverse(CRC_HandleTypeDef *hcrc, uint32_t InputReverseMode)
 160:../../../../..//Drivers/STM32G0xx_HAL_Driver/Src/stm32g0xx_hal_crc_ex.c **** {
 150              		.loc 1 160 1 is_stmt 1 view -0
 151              		.cfi_startproc
 152              		@ args = 0, pretend = 0, frame = 0
 153              		@ frame_needed = 0, uses_anonymous_args = 0
 161:../../../../..//Drivers/STM32G0xx_HAL_Driver/Src/stm32g0xx_hal_crc_ex.c ****   /* Check the parameters */
 162:../../../../..//Drivers/STM32G0xx_HAL_Driver/Src/stm32g0xx_hal_crc_ex.c ****   assert_param(IS_CRC_INPUTDATA_INVERSION_MODE(InputReverseMode));
 154              		.loc 1 162 3 view .LVU38
 163:../../../../..//Drivers/STM32G0xx_HAL_Driver/Src/stm32g0xx_hal_crc_ex.c **** 
 164:../../../../..//Drivers/STM32G0xx_HAL_Driver/Src/stm32g0xx_hal_crc_ex.c ****   /* Change CRC peripheral state */
 165:../../../../..//Drivers/STM32G0xx_HAL_Driver/Src/stm32g0xx_hal_crc_ex.c ****   hcrc->State = HAL_CRC_STATE_BUSY;
 155              		.loc 1 165 3 view .LVU39
ARM GAS  /tmp/ccOVwX5K.s 			page 7


 156              		.loc 1 165 15 is_stmt 0 view .LVU40
 157 0000 0223     		movs	r3, #2
 160:../../../../..//Drivers/STM32G0xx_HAL_Driver/Src/stm32g0xx_hal_crc_ex.c ****   /* Check the parameters */
 158              		.loc 1 160 1 view .LVU41
 159 0002 10B5     		push	{r4, lr}
 160              	.LCFI1:
 161              		.cfi_def_cfa_offset 8
 162              		.cfi_offset 4, -8
 163              		.cfi_offset 14, -4
 166:../../../../..//Drivers/STM32G0xx_HAL_Driver/Src/stm32g0xx_hal_crc_ex.c **** 
 167:../../../../..//Drivers/STM32G0xx_HAL_Driver/Src/stm32g0xx_hal_crc_ex.c ****   /* set input data inversion mode */
 168:../../../../..//Drivers/STM32G0xx_HAL_Driver/Src/stm32g0xx_hal_crc_ex.c ****   MODIFY_REG(hcrc->Instance->CR, CRC_CR_REV_IN, InputReverseMode);
 164              		.loc 1 168 3 view .LVU42
 165 0004 6024     		movs	r4, #96
 169:../../../../..//Drivers/STM32G0xx_HAL_Driver/Src/stm32g0xx_hal_crc_ex.c ****   /* Change CRC peripheral state */
 170:../../../../..//Drivers/STM32G0xx_HAL_Driver/Src/stm32g0xx_hal_crc_ex.c ****   hcrc->State = HAL_CRC_STATE_READY;
 171:../../../../..//Drivers/STM32G0xx_HAL_Driver/Src/stm32g0xx_hal_crc_ex.c **** 
 172:../../../../..//Drivers/STM32G0xx_HAL_Driver/Src/stm32g0xx_hal_crc_ex.c ****   /* Return function status */
 173:../../../../..//Drivers/STM32G0xx_HAL_Driver/Src/stm32g0xx_hal_crc_ex.c ****   return HAL_OK;
 174:../../../../..//Drivers/STM32G0xx_HAL_Driver/Src/stm32g0xx_hal_crc_ex.c **** }
 166              		.loc 1 174 1 view .LVU43
 167              		@ sp needed
 168:../../../../..//Drivers/STM32G0xx_HAL_Driver/Src/stm32g0xx_hal_crc_ex.c ****   /* Change CRC peripheral state */
 168              		.loc 1 168 3 view .LVU44
 169 0006 0268     		ldr	r2, [r0]
 165:../../../../..//Drivers/STM32G0xx_HAL_Driver/Src/stm32g0xx_hal_crc_ex.c **** 
 170              		.loc 1 165 15 view .LVU45
 171 0008 4377     		strb	r3, [r0, #29]
 168:../../../../..//Drivers/STM32G0xx_HAL_Driver/Src/stm32g0xx_hal_crc_ex.c ****   /* Change CRC peripheral state */
 172              		.loc 1 168 3 is_stmt 1 view .LVU46
 173 000a 9368     		ldr	r3, [r2, #8]
 174 000c A343     		bics	r3, r4
 175 000e 0B43     		orrs	r3, r1
 176 0010 9360     		str	r3, [r2, #8]
 170:../../../../..//Drivers/STM32G0xx_HAL_Driver/Src/stm32g0xx_hal_crc_ex.c **** 
 177              		.loc 1 170 3 view .LVU47
 170:../../../../..//Drivers/STM32G0xx_HAL_Driver/Src/stm32g0xx_hal_crc_ex.c **** 
 178              		.loc 1 170 15 is_stmt 0 view .LVU48
 179 0012 0123     		movs	r3, #1
 180 0014 4377     		strb	r3, [r0, #29]
 173:../../../../..//Drivers/STM32G0xx_HAL_Driver/Src/stm32g0xx_hal_crc_ex.c **** }
 181              		.loc 1 173 3 is_stmt 1 view .LVU49
 182              		.loc 1 174 1 is_stmt 0 view .LVU50
 183 0016 0020     		movs	r0, #0
 184              	.LVL12:
 185              		.loc 1 174 1 view .LVU51
 186 0018 10BD     		pop	{r4, pc}
 187              		.cfi_endproc
 188              	.LFE181:
 190              		.section	.text.HAL_CRCEx_Output_Data_Reverse,"ax",%progbits
 191              		.align	1
 192              		.global	HAL_CRCEx_Output_Data_Reverse
 193              		.syntax unified
 194              		.code	16
 195              		.thumb_func
 197              	HAL_CRCEx_Output_Data_Reverse:
 198              	.LVL13:
ARM GAS  /tmp/ccOVwX5K.s 			page 8


 199              	.LFB182:
 175:../../../../..//Drivers/STM32G0xx_HAL_Driver/Src/stm32g0xx_hal_crc_ex.c **** 
 176:../../../../..//Drivers/STM32G0xx_HAL_Driver/Src/stm32g0xx_hal_crc_ex.c **** /**
 177:../../../../..//Drivers/STM32G0xx_HAL_Driver/Src/stm32g0xx_hal_crc_ex.c ****   * @brief  Set the Reverse Output data mode.
 178:../../../../..//Drivers/STM32G0xx_HAL_Driver/Src/stm32g0xx_hal_crc_ex.c ****   * @param  hcrc CRC handle
 179:../../../../..//Drivers/STM32G0xx_HAL_Driver/Src/stm32g0xx_hal_crc_ex.c ****   * @param  OutputReverseMode Output Data inversion mode.
 180:../../../../..//Drivers/STM32G0xx_HAL_Driver/Src/stm32g0xx_hal_crc_ex.c ****   *         This parameter can be one of the following values:
 181:../../../../..//Drivers/STM32G0xx_HAL_Driver/Src/stm32g0xx_hal_crc_ex.c ****   *          @arg @ref CRC_OUTPUTDATA_INVERSION_DISABLE no CRC inversion (default value)
 182:../../../../..//Drivers/STM32G0xx_HAL_Driver/Src/stm32g0xx_hal_crc_ex.c ****   *          @arg @ref CRC_OUTPUTDATA_INVERSION_ENABLE  bit-level inversion (e.g. for a 8-bit CRC: 
 183:../../../../..//Drivers/STM32G0xx_HAL_Driver/Src/stm32g0xx_hal_crc_ex.c ****   * @retval HAL status
 184:../../../../..//Drivers/STM32G0xx_HAL_Driver/Src/stm32g0xx_hal_crc_ex.c ****   */
 185:../../../../..//Drivers/STM32G0xx_HAL_Driver/Src/stm32g0xx_hal_crc_ex.c **** HAL_StatusTypeDef HAL_CRCEx_Output_Data_Reverse(CRC_HandleTypeDef *hcrc, uint32_t OutputReverseMode
 186:../../../../..//Drivers/STM32G0xx_HAL_Driver/Src/stm32g0xx_hal_crc_ex.c **** {
 200              		.loc 1 186 1 is_stmt 1 view -0
 201              		.cfi_startproc
 202              		@ args = 0, pretend = 0, frame = 0
 203              		@ frame_needed = 0, uses_anonymous_args = 0
 187:../../../../..//Drivers/STM32G0xx_HAL_Driver/Src/stm32g0xx_hal_crc_ex.c ****   /* Check the parameters */
 188:../../../../..//Drivers/STM32G0xx_HAL_Driver/Src/stm32g0xx_hal_crc_ex.c ****   assert_param(IS_CRC_OUTPUTDATA_INVERSION_MODE(OutputReverseMode));
 204              		.loc 1 188 3 view .LVU53
 189:../../../../..//Drivers/STM32G0xx_HAL_Driver/Src/stm32g0xx_hal_crc_ex.c **** 
 190:../../../../..//Drivers/STM32G0xx_HAL_Driver/Src/stm32g0xx_hal_crc_ex.c ****   /* Change CRC peripheral state */
 191:../../../../..//Drivers/STM32G0xx_HAL_Driver/Src/stm32g0xx_hal_crc_ex.c ****   hcrc->State = HAL_CRC_STATE_BUSY;
 205              		.loc 1 191 3 view .LVU54
 206              		.loc 1 191 15 is_stmt 0 view .LVU55
 207 0000 0223     		movs	r3, #2
 186:../../../../..//Drivers/STM32G0xx_HAL_Driver/Src/stm32g0xx_hal_crc_ex.c ****   /* Check the parameters */
 208              		.loc 1 186 1 view .LVU56
 209 0002 10B5     		push	{r4, lr}
 210              	.LCFI2:
 211              		.cfi_def_cfa_offset 8
 212              		.cfi_offset 4, -8
 213              		.cfi_offset 14, -4
 192:../../../../..//Drivers/STM32G0xx_HAL_Driver/Src/stm32g0xx_hal_crc_ex.c **** 
 193:../../../../..//Drivers/STM32G0xx_HAL_Driver/Src/stm32g0xx_hal_crc_ex.c ****   /* set output data inversion mode */
 194:../../../../..//Drivers/STM32G0xx_HAL_Driver/Src/stm32g0xx_hal_crc_ex.c ****   MODIFY_REG(hcrc->Instance->CR, CRC_CR_REV_OUT, OutputReverseMode);
 214              		.loc 1 194 3 view .LVU57
 215 0004 8024     		movs	r4, #128
 195:../../../../..//Drivers/STM32G0xx_HAL_Driver/Src/stm32g0xx_hal_crc_ex.c **** 
 196:../../../../..//Drivers/STM32G0xx_HAL_Driver/Src/stm32g0xx_hal_crc_ex.c ****   /* Change CRC peripheral state */
 197:../../../../..//Drivers/STM32G0xx_HAL_Driver/Src/stm32g0xx_hal_crc_ex.c ****   hcrc->State = HAL_CRC_STATE_READY;
 198:../../../../..//Drivers/STM32G0xx_HAL_Driver/Src/stm32g0xx_hal_crc_ex.c **** 
 199:../../../../..//Drivers/STM32G0xx_HAL_Driver/Src/stm32g0xx_hal_crc_ex.c ****   /* Return function status */
 200:../../../../..//Drivers/STM32G0xx_HAL_Driver/Src/stm32g0xx_hal_crc_ex.c ****   return HAL_OK;
 201:../../../../..//Drivers/STM32G0xx_HAL_Driver/Src/stm32g0xx_hal_crc_ex.c **** }
 216              		.loc 1 201 1 view .LVU58
 217              		@ sp needed
 194:../../../../..//Drivers/STM32G0xx_HAL_Driver/Src/stm32g0xx_hal_crc_ex.c **** 
 218              		.loc 1 194 3 view .LVU59
 219 0006 0268     		ldr	r2, [r0]
 191:../../../../..//Drivers/STM32G0xx_HAL_Driver/Src/stm32g0xx_hal_crc_ex.c **** 
 220              		.loc 1 191 15 view .LVU60
 221 0008 4377     		strb	r3, [r0, #29]
 194:../../../../..//Drivers/STM32G0xx_HAL_Driver/Src/stm32g0xx_hal_crc_ex.c **** 
 222              		.loc 1 194 3 is_stmt 1 view .LVU61
 223 000a 9368     		ldr	r3, [r2, #8]
 224 000c A343     		bics	r3, r4
ARM GAS  /tmp/ccOVwX5K.s 			page 9


 225 000e 0B43     		orrs	r3, r1
 226 0010 9360     		str	r3, [r2, #8]
 197:../../../../..//Drivers/STM32G0xx_HAL_Driver/Src/stm32g0xx_hal_crc_ex.c **** 
 227              		.loc 1 197 3 view .LVU62
 197:../../../../..//Drivers/STM32G0xx_HAL_Driver/Src/stm32g0xx_hal_crc_ex.c **** 
 228              		.loc 1 197 15 is_stmt 0 view .LVU63
 229 0012 0123     		movs	r3, #1
 230 0014 4377     		strb	r3, [r0, #29]
 200:../../../../..//Drivers/STM32G0xx_HAL_Driver/Src/stm32g0xx_hal_crc_ex.c **** }
 231              		.loc 1 200 3 is_stmt 1 view .LVU64
 232              		.loc 1 201 1 is_stmt 0 view .LVU65
 233 0016 0020     		movs	r0, #0
 234              	.LVL14:
 235              		.loc 1 201 1 view .LVU66
 236 0018 10BD     		pop	{r4, pc}
 237              		.cfi_endproc
 238              	.LFE182:
 240              		.text
 241              	.Letext0:
 242              		.file 2 "/usr/lib/gcc/arm-none-eabi/13.2.1/include/stdint.h"
 243              		.file 3 "../../../../..//Drivers/CMSIS/Device/ST/STM32G0xx/Include/stm32g071xx.h"
 244              		.file 4 "../../../../..//Drivers/STM32G0xx_HAL_Driver/Inc/stm32g0xx_hal_def.h"
 245              		.file 5 "../../../../..//Drivers/STM32G0xx_HAL_Driver/Inc/stm32g0xx_hal_crc.h"
ARM GAS  /tmp/ccOVwX5K.s 			page 10


DEFINED SYMBOLS
                            *ABS*:00000000 stm32g0xx_hal_crc_ex.c
     /tmp/ccOVwX5K.s:19     .text.HAL_CRCEx_Polynomial_Set:00000000 $t
     /tmp/ccOVwX5K.s:25     .text.HAL_CRCEx_Polynomial_Set:00000000 HAL_CRCEx_Polynomial_Set
     /tmp/ccOVwX5K.s:141    .text.HAL_CRCEx_Input_Data_Reverse:00000000 $t
     /tmp/ccOVwX5K.s:147    .text.HAL_CRCEx_Input_Data_Reverse:00000000 HAL_CRCEx_Input_Data_Reverse
     /tmp/ccOVwX5K.s:191    .text.HAL_CRCEx_Output_Data_Reverse:00000000 $t
     /tmp/ccOVwX5K.s:197    .text.HAL_CRCEx_Output_Data_Reverse:00000000 HAL_CRCEx_Output_Data_Reverse
                           .group:00000000 wm4.0.e310b2036dcc8a4d3b16f3fea9ebd0de
                           .group:00000000 wm4.stm32g0xx_hal_conf.h.21.2418b000d87b23231c37db35ad77d0ea
                           .group:00000000 wm4.stm32g0xx.h.37.aadb526b10f0f4555648bb8fa7c96b30
                           .group:00000000 wm4.stm32g071xx.h.36.9469a89bf1e6c2a2fe25d20581d0f58b
                           .group:00000000 wm4.stdint.h.29.6d480f4ba0f60596e88234283d42444f
                           .group:00000000 wm4.cmsis_version.h.32.0ac195c83bb4537824e6ad1c47474b79
                           .group:00000000 wm4.core_cm0plus.h.66.bb83319bcb10b4c5f12c477f85f2aa51
                           .group:00000000 wm4.cmsis_gcc.h.26.63926f8d3817e3a42e7f7ef2cd15156e
                           .group:00000000 wm4.core_cm0plus.h.127.cfee784d07c850b645554dc8add78e69
                           .group:00000000 wm4.mpu_armv7.h.32.83326921a797fa9d6f70449916b4b839
                           .group:00000000 wm4.stm32g071xx.h.155.9be12c2e48b47e8d66c20ceac374f1ee
                           .group:00000000 wm4.stm32g0xx.h.154.7f8452780a6fe1b4b4d5bfbf416cea0c
                           .group:00000000 wm4.stm32_hal_legacy.h.22.2f8f7f94da7216ffa6187bf113829094
                           .group:00000000 wm4.stddef.h.39.0dc9006b34572d4d9cae4c8b422c4971
                           .group:00000000 wm4.stm32g0xx_hal_def.h.57.7810ceeb3f277465a11a202f246b14c8
                           .group:00000000 wm4.stm32g0xx_ll_rcc.h.20.b48ad5e6c80881ce9d548f86592ad1d8
                           .group:00000000 wm4.stm32g0xx_hal_rcc.h.43.40a2deb1468b47dcb7de4a6adda92374
                           .group:00000000 wm4.stm32g0xx_hal_rcc_ex.h.20.c2035e135ea57d6c1c2839329f24a562
                           .group:00000000 wm4.stm32g0xx_hal_gpio.h.21.abd5f8c60de2afe2676b3cc6a4b2c068
                           .group:00000000 wm4.stm32g0xx_hal_gpio_ex.h.21.c1a1c19cef6d6a2cf049535a12fe7f6a
                           .group:00000000 wm4.stm32g0xx_hal_crc.h.21.8c2791752a3f5c79fed6a23e2361d260
                           .group:00000000 wm4.stm32g0xx_hal_crc_ex.h.21.13b666a67e761630a3250514972d9a47
                           .group:00000000 wm4.stm32g0xx_hal_flash.h.20.e512dd9a8958277cc7dd512f2312ae8a
                           .group:00000000 wm4.stm32g0xx_hal_flash_ex.h.20.2a1daa1e7e7bd4a16651545fee4a1fbb
                           .group:00000000 wm4.stm32g0xx_hal_flash.h.874.3e4bc5d8948716c644009bcc9a4f3f60
                           .group:00000000 wm4.stm32g0xx_hal_pwr.h.21.7d5b107b2d1b54bfd27bcb92ed3281e0
                           .group:00000000 wm4.stm32g0xx_hal_pwr_ex.h.21.01c718c420189d18e9ec3e46e6e9261f
                           .group:00000000 wm4.stm32g0xx_hal.h.66.28db47a9e4ed9349693c6c0c6101689d

NO UNDEFINED SYMBOLS
