ARM GAS  /tmp/ccnUSUfH.s 			page 1


   1              		.cpu cortex-m0plus
   2              		.arch armv6s-m
   3              		.fpu softvfp
   4              		.eabi_attribute 20, 1
   5              		.eabi_attribute 21, 1
   6              		.eabi_attribute 23, 3
   7              		.eabi_attribute 24, 1
   8              		.eabi_attribute 25, 1
   9              		.eabi_attribute 26, 1
  10              		.eabi_attribute 30, 4
  11              		.eabi_attribute 34, 0
  12              		.eabi_attribute 18, 4
  13              		.file	"syscalls.c"
  14              		.text
  15              	.Ltext0:
  16              		.cfi_sections	.debug_frame
  17              		.file 1 "STM32CubeIDE/Application/User/syscalls.c"
  18              		.section	.text.initialise_monitor_handles,"ax",%progbits
  19              		.align	1
  20              		.global	initialise_monitor_handles
  21              		.syntax unified
  22              		.code	16
  23              		.thumb_func
  25              	initialise_monitor_handles:
  26              	.LFB25:
   1:STM32CubeIDE/Application/User/syscalls.c **** /**
   2:STM32CubeIDE/Application/User/syscalls.c ****  ******************************************************************************
   3:STM32CubeIDE/Application/User/syscalls.c ****  * @file      syscalls.c
   4:STM32CubeIDE/Application/User/syscalls.c ****  * @author    Auto-generated by STM32CubeIDE
   5:STM32CubeIDE/Application/User/syscalls.c ****  * @brief     STM32CubeIDE Minimal System calls file
   6:STM32CubeIDE/Application/User/syscalls.c ****  *
   7:STM32CubeIDE/Application/User/syscalls.c ****  *            For more information about which c-functions
   8:STM32CubeIDE/Application/User/syscalls.c ****  *            need which of these lowlevel functions
   9:STM32CubeIDE/Application/User/syscalls.c ****  *            please consult the Newlib libc-manual
  10:STM32CubeIDE/Application/User/syscalls.c ****  ******************************************************************************
  11:STM32CubeIDE/Application/User/syscalls.c ****  * @attention
  12:STM32CubeIDE/Application/User/syscalls.c ****  *
  13:STM32CubeIDE/Application/User/syscalls.c ****  * Copyright (c) 2020-2023 STMicroelectronics.
  14:STM32CubeIDE/Application/User/syscalls.c ****  * All rights reserved.
  15:STM32CubeIDE/Application/User/syscalls.c ****  *
  16:STM32CubeIDE/Application/User/syscalls.c ****  * This software is licensed under terms that can be found in the LICENSE file
  17:STM32CubeIDE/Application/User/syscalls.c ****  * in the root directory of this software component.
  18:STM32CubeIDE/Application/User/syscalls.c ****  * If no LICENSE file comes with this software, it is provided AS-IS.
  19:STM32CubeIDE/Application/User/syscalls.c ****  *
  20:STM32CubeIDE/Application/User/syscalls.c ****  ******************************************************************************
  21:STM32CubeIDE/Application/User/syscalls.c ****  */
  22:STM32CubeIDE/Application/User/syscalls.c **** 
  23:STM32CubeIDE/Application/User/syscalls.c **** /* Includes */
  24:STM32CubeIDE/Application/User/syscalls.c **** #include <sys/stat.h>
  25:STM32CubeIDE/Application/User/syscalls.c **** #include <stdlib.h>
  26:STM32CubeIDE/Application/User/syscalls.c **** #include <errno.h>
  27:STM32CubeIDE/Application/User/syscalls.c **** #include <stdio.h>
  28:STM32CubeIDE/Application/User/syscalls.c **** #include <signal.h>
  29:STM32CubeIDE/Application/User/syscalls.c **** #include <time.h>
  30:STM32CubeIDE/Application/User/syscalls.c **** #include <sys/time.h>
  31:STM32CubeIDE/Application/User/syscalls.c **** #include <sys/times.h>
  32:STM32CubeIDE/Application/User/syscalls.c **** 
ARM GAS  /tmp/ccnUSUfH.s 			page 2


  33:STM32CubeIDE/Application/User/syscalls.c **** 
  34:STM32CubeIDE/Application/User/syscalls.c **** /* Variables */
  35:STM32CubeIDE/Application/User/syscalls.c **** extern int __io_putchar(int ch) __attribute__((weak));
  36:STM32CubeIDE/Application/User/syscalls.c **** extern int __io_getchar(void) __attribute__((weak));
  37:STM32CubeIDE/Application/User/syscalls.c **** 
  38:STM32CubeIDE/Application/User/syscalls.c **** 
  39:STM32CubeIDE/Application/User/syscalls.c **** char *__env[1] = { 0 };
  40:STM32CubeIDE/Application/User/syscalls.c **** char **environ = __env;
  41:STM32CubeIDE/Application/User/syscalls.c **** 
  42:STM32CubeIDE/Application/User/syscalls.c **** 
  43:STM32CubeIDE/Application/User/syscalls.c **** /* Functions */
  44:STM32CubeIDE/Application/User/syscalls.c **** void initialise_monitor_handles()
  45:STM32CubeIDE/Application/User/syscalls.c **** {
  27              		.loc 1 45 1 view -0
  28              		.cfi_startproc
  29              		@ args = 0, pretend = 0, frame = 0
  30              		@ frame_needed = 0, uses_anonymous_args = 0
  31              		@ link register save eliminated.
  46:STM32CubeIDE/Application/User/syscalls.c **** }
  32              		.loc 1 46 1 view .LVU1
  33              		@ sp needed
  34 0000 7047     		bx	lr
  35              		.cfi_endproc
  36              	.LFE25:
  38              		.section	.text._getpid,"ax",%progbits
  39              		.align	1
  40              		.global	_getpid
  41              		.syntax unified
  42              		.code	16
  43              		.thumb_func
  45              	_getpid:
  46              	.LFB26:
  47:STM32CubeIDE/Application/User/syscalls.c **** 
  48:STM32CubeIDE/Application/User/syscalls.c **** int _getpid(void)
  49:STM32CubeIDE/Application/User/syscalls.c **** {
  47              		.loc 1 49 1 view -0
  48              		.cfi_startproc
  49              		@ args = 0, pretend = 0, frame = 0
  50              		@ frame_needed = 0, uses_anonymous_args = 0
  51              		@ link register save eliminated.
  50:STM32CubeIDE/Application/User/syscalls.c ****   return 1;
  52              		.loc 1 50 3 view .LVU3
  51:STM32CubeIDE/Application/User/syscalls.c **** }
  53              		.loc 1 51 1 is_stmt 0 view .LVU4
  54 0000 0120     		movs	r0, #1
  55              		@ sp needed
  56 0002 7047     		bx	lr
  57              		.cfi_endproc
  58              	.LFE26:
  60              		.section	.text._kill,"ax",%progbits
  61              		.align	1
  62              		.global	_kill
  63              		.syntax unified
  64              		.code	16
  65              		.thumb_func
  67              	_kill:
  68              	.LVL0:
ARM GAS  /tmp/ccnUSUfH.s 			page 3


  69              	.LFB27:
  52:STM32CubeIDE/Application/User/syscalls.c **** 
  53:STM32CubeIDE/Application/User/syscalls.c **** int _kill(int pid, int sig)
  54:STM32CubeIDE/Application/User/syscalls.c **** {
  70              		.loc 1 54 1 is_stmt 1 view -0
  71              		.cfi_startproc
  72              		@ args = 0, pretend = 0, frame = 0
  73              		@ frame_needed = 0, uses_anonymous_args = 0
  55:STM32CubeIDE/Application/User/syscalls.c ****   (void)pid;
  74              		.loc 1 55 3 view .LVU6
  56:STM32CubeIDE/Application/User/syscalls.c ****   (void)sig;
  75              		.loc 1 56 3 view .LVU7
  57:STM32CubeIDE/Application/User/syscalls.c ****   errno = EINVAL;
  76              		.loc 1 57 3 view .LVU8
  54:STM32CubeIDE/Application/User/syscalls.c ****   (void)pid;
  77              		.loc 1 54 1 is_stmt 0 view .LVU9
  78 0000 10B5     		push	{r4, lr}
  79              	.LCFI0:
  80              		.cfi_def_cfa_offset 8
  81              		.cfi_offset 4, -8
  82              		.cfi_offset 14, -4
  83              		.loc 1 57 3 view .LVU10
  84 0002 FFF7FEFF 		bl	__errno
  85              	.LVL1:
  58:STM32CubeIDE/Application/User/syscalls.c ****   return -1;
  59:STM32CubeIDE/Application/User/syscalls.c **** }
  86              		.loc 1 59 1 view .LVU11
  87              		@ sp needed
  57:STM32CubeIDE/Application/User/syscalls.c ****   return -1;
  88              		.loc 1 57 9 discriminator 1 view .LVU12
  89 0006 1623     		movs	r3, #22
  90 0008 0360     		str	r3, [r0]
  58:STM32CubeIDE/Application/User/syscalls.c ****   return -1;
  91              		.loc 1 58 3 is_stmt 1 view .LVU13
  58:STM32CubeIDE/Application/User/syscalls.c ****   return -1;
  92              		.loc 1 58 10 is_stmt 0 discriminator 1 view .LVU14
  93 000a 0120     		movs	r0, #1
  94              		.loc 1 59 1 view .LVU15
  95 000c 4042     		rsbs	r0, r0, #0
  96 000e 10BD     		pop	{r4, pc}
  97              		.cfi_endproc
  98              	.LFE27:
 100              		.section	.text._exit,"ax",%progbits
 101              		.align	1
 102              		.global	_exit
 103              		.syntax unified
 104              		.code	16
 105              		.thumb_func
 107              	_exit:
 108              	.LVL2:
 109              	.LFB28:
  60:STM32CubeIDE/Application/User/syscalls.c **** 
  61:STM32CubeIDE/Application/User/syscalls.c **** void _exit (int status)
  62:STM32CubeIDE/Application/User/syscalls.c **** {
 110              		.loc 1 62 1 is_stmt 1 view -0
 111              		.cfi_startproc
 112              		@ Volatile: function does not return.
ARM GAS  /tmp/ccnUSUfH.s 			page 4


 113              		@ args = 0, pretend = 0, frame = 0
 114              		@ frame_needed = 0, uses_anonymous_args = 0
  63:STM32CubeIDE/Application/User/syscalls.c ****   _kill(status, -1);
 115              		.loc 1 63 3 view .LVU17
 116              	.LBB4:
 117              	.LBI4:
  53:STM32CubeIDE/Application/User/syscalls.c **** {
 118              		.loc 1 53 5 view .LVU18
 119              	.LBB5:
  55:STM32CubeIDE/Application/User/syscalls.c ****   (void)sig;
 120              		.loc 1 55 3 view .LVU19
  56:STM32CubeIDE/Application/User/syscalls.c ****   errno = EINVAL;
 121              		.loc 1 56 3 view .LVU20
  57:STM32CubeIDE/Application/User/syscalls.c ****   return -1;
 122              		.loc 1 57 3 view .LVU21
 123              	.LBE5:
 124              	.LBE4:
  62:STM32CubeIDE/Application/User/syscalls.c ****   _kill(status, -1);
 125              		.loc 1 62 1 is_stmt 0 view .LVU22
 126 0000 10B5     		push	{r4, lr}
 127              	.LCFI1:
 128              		.cfi_def_cfa_offset 8
 129              		.cfi_offset 4, -8
 130              		.cfi_offset 14, -4
 131              	.LBB7:
 132              	.LBB6:
  57:STM32CubeIDE/Application/User/syscalls.c ****   return -1;
 133              		.loc 1 57 3 view .LVU23
 134 0002 FFF7FEFF 		bl	__errno
 135              	.LVL3:
  57:STM32CubeIDE/Application/User/syscalls.c ****   return -1;
 136              		.loc 1 57 9 discriminator 1 view .LVU24
 137 0006 1623     		movs	r3, #22
 138 0008 0360     		str	r3, [r0]
  58:STM32CubeIDE/Application/User/syscalls.c **** }
 139              		.loc 1 58 3 is_stmt 1 view .LVU25
 140              	.LVL4:
 141              	.L5:
  58:STM32CubeIDE/Application/User/syscalls.c **** }
 142              		.loc 1 58 3 is_stmt 0 view .LVU26
 143              	.LBE6:
 144              	.LBE7:
  64:STM32CubeIDE/Application/User/syscalls.c ****   while (1) {}    /* Make sure we hang here */
 145              		.loc 1 64 3 is_stmt 1 view .LVU27
 146              		.loc 1 64 14 view .LVU28
 147              		.loc 1 64 9 view .LVU29
 148 000a FEE7     		b	.L5
 149              		.cfi_endproc
 150              	.LFE28:
 152              		.section	.text._read,"ax",%progbits
 153              		.align	1
 154              		.weak	_read
 155              		.syntax unified
 156              		.code	16
 157              		.thumb_func
 159              	_read:
 160              	.LVL5:
ARM GAS  /tmp/ccnUSUfH.s 			page 5


 161              	.LFB29:
  65:STM32CubeIDE/Application/User/syscalls.c **** }
  66:STM32CubeIDE/Application/User/syscalls.c **** 
  67:STM32CubeIDE/Application/User/syscalls.c **** __attribute__((weak)) int _read(int file, char *ptr, int len)
  68:STM32CubeIDE/Application/User/syscalls.c **** {
 162              		.loc 1 68 1 view -0
 163              		.cfi_startproc
 164              		@ args = 0, pretend = 0, frame = 0
 165              		@ frame_needed = 0, uses_anonymous_args = 0
  69:STM32CubeIDE/Application/User/syscalls.c ****   (void)file;
 166              		.loc 1 69 3 view .LVU31
  70:STM32CubeIDE/Application/User/syscalls.c ****   int DataIdx;
 167              		.loc 1 70 3 view .LVU32
  71:STM32CubeIDE/Application/User/syscalls.c **** 
  72:STM32CubeIDE/Application/User/syscalls.c ****   for (DataIdx = 0; DataIdx < len; DataIdx++)
 168              		.loc 1 72 3 view .LVU33
  68:STM32CubeIDE/Application/User/syscalls.c ****   (void)file;
 169              		.loc 1 68 1 is_stmt 0 view .LVU34
 170 0000 70B5     		push	{r4, r5, r6, lr}
 171              	.LCFI2:
 172              		.cfi_def_cfa_offset 16
 173              		.cfi_offset 4, -16
 174              		.cfi_offset 5, -12
 175              		.cfi_offset 6, -8
 176              		.cfi_offset 14, -4
  68:STM32CubeIDE/Application/User/syscalls.c ****   (void)file;
 177              		.loc 1 68 1 view .LVU35
 178 0002 0E00     		movs	r6, r1
 179 0004 1400     		movs	r4, r2
 180              		.loc 1 72 16 view .LVU36
 181 0006 0025     		movs	r5, #0
 182              	.LVL6:
 183              	.L7:
 184              		.loc 1 72 29 is_stmt 1 discriminator 1 view .LVU37
 185 0008 A542     		cmp	r5, r4
 186 000a 01DB     		blt	.L8
  73:STM32CubeIDE/Application/User/syscalls.c ****   {
  74:STM32CubeIDE/Application/User/syscalls.c ****     *ptr++ = __io_getchar();
  75:STM32CubeIDE/Application/User/syscalls.c ****   }
  76:STM32CubeIDE/Application/User/syscalls.c **** 
  77:STM32CubeIDE/Application/User/syscalls.c ****   return len;
 187              		.loc 1 77 3 view .LVU38
  78:STM32CubeIDE/Application/User/syscalls.c **** }
 188              		.loc 1 78 1 is_stmt 0 view .LVU39
 189              		@ sp needed
 190 000c 2000     		movs	r0, r4
 191              	.LVL7:
 192              	.LVL8:
 193              		.loc 1 78 1 view .LVU40
 194 000e 70BD     		pop	{r4, r5, r6, pc}
 195              	.LVL9:
 196              	.L8:
  74:STM32CubeIDE/Application/User/syscalls.c ****   }
 197              		.loc 1 74 5 is_stmt 1 view .LVU41
  74:STM32CubeIDE/Application/User/syscalls.c ****   }
 198              		.loc 1 74 14 is_stmt 0 view .LVU42
 199 0010 FFF7FEFF 		bl	__io_getchar
ARM GAS  /tmp/ccnUSUfH.s 			page 6


 200              	.LVL10:
  74:STM32CubeIDE/Application/User/syscalls.c ****   }
 201              		.loc 1 74 12 discriminator 1 view .LVU43
 202 0014 7055     		strb	r0, [r6, r5]
  72:STM32CubeIDE/Application/User/syscalls.c ****   {
 203              		.loc 1 72 43 is_stmt 1 discriminator 3 view .LVU44
 204 0016 0135     		adds	r5, r5, #1
 205              	.LVL11:
  72:STM32CubeIDE/Application/User/syscalls.c ****   {
 206              		.loc 1 72 43 is_stmt 0 discriminator 3 view .LVU45
 207 0018 F6E7     		b	.L7
 208              		.cfi_endproc
 209              	.LFE29:
 211              		.section	.text._write,"ax",%progbits
 212              		.align	1
 213              		.weak	_write
 214              		.syntax unified
 215              		.code	16
 216              		.thumb_func
 218              	_write:
 219              	.LVL12:
 220              	.LFB30:
  79:STM32CubeIDE/Application/User/syscalls.c **** 
  80:STM32CubeIDE/Application/User/syscalls.c **** __attribute__((weak)) int _write(int file, char *ptr, int len)
  81:STM32CubeIDE/Application/User/syscalls.c **** {
 221              		.loc 1 81 1 is_stmt 1 view -0
 222              		.cfi_startproc
 223              		@ args = 0, pretend = 0, frame = 0
 224              		@ frame_needed = 0, uses_anonymous_args = 0
  82:STM32CubeIDE/Application/User/syscalls.c ****   (void)file;
 225              		.loc 1 82 3 view .LVU47
  83:STM32CubeIDE/Application/User/syscalls.c ****   int DataIdx;
 226              		.loc 1 83 3 view .LVU48
  84:STM32CubeIDE/Application/User/syscalls.c **** 
  85:STM32CubeIDE/Application/User/syscalls.c ****   for (DataIdx = 0; DataIdx < len; DataIdx++)
 227              		.loc 1 85 3 view .LVU49
  81:STM32CubeIDE/Application/User/syscalls.c ****   (void)file;
 228              		.loc 1 81 1 is_stmt 0 view .LVU50
 229 0000 70B5     		push	{r4, r5, r6, lr}
 230              	.LCFI3:
 231              		.cfi_def_cfa_offset 16
 232              		.cfi_offset 4, -16
 233              		.cfi_offset 5, -12
 234              		.cfi_offset 6, -8
 235              		.cfi_offset 14, -4
  81:STM32CubeIDE/Application/User/syscalls.c ****   (void)file;
 236              		.loc 1 81 1 view .LVU51
 237 0002 0E00     		movs	r6, r1
 238 0004 1400     		movs	r4, r2
 239              		.loc 1 85 16 view .LVU52
 240 0006 0025     		movs	r5, #0
 241              	.LVL13:
 242              	.L10:
 243              		.loc 1 85 29 is_stmt 1 discriminator 1 view .LVU53
 244 0008 A542     		cmp	r5, r4
 245 000a 01DB     		blt	.L11
  86:STM32CubeIDE/Application/User/syscalls.c ****   {
ARM GAS  /tmp/ccnUSUfH.s 			page 7


  87:STM32CubeIDE/Application/User/syscalls.c ****     __io_putchar(*ptr++);
  88:STM32CubeIDE/Application/User/syscalls.c ****   }
  89:STM32CubeIDE/Application/User/syscalls.c ****   return len;
 246              		.loc 1 89 3 view .LVU54
  90:STM32CubeIDE/Application/User/syscalls.c **** }
 247              		.loc 1 90 1 is_stmt 0 view .LVU55
 248              		@ sp needed
 249 000c 2000     		movs	r0, r4
 250              	.LVL14:
 251              	.LVL15:
 252              		.loc 1 90 1 view .LVU56
 253 000e 70BD     		pop	{r4, r5, r6, pc}
 254              	.LVL16:
 255              	.L11:
  87:STM32CubeIDE/Application/User/syscalls.c ****   }
 256              		.loc 1 87 5 is_stmt 1 view .LVU57
  87:STM32CubeIDE/Application/User/syscalls.c ****   }
 257              		.loc 1 87 5 is_stmt 0 view .LVU58
 258 0010 705D     		ldrb	r0, [r6, r5]
 259 0012 FFF7FEFF 		bl	__io_putchar
 260              	.LVL17:
  85:STM32CubeIDE/Application/User/syscalls.c ****   {
 261              		.loc 1 85 43 is_stmt 1 discriminator 3 view .LVU59
 262 0016 0135     		adds	r5, r5, #1
 263              	.LVL18:
  85:STM32CubeIDE/Application/User/syscalls.c ****   {
 264              		.loc 1 85 43 is_stmt 0 discriminator 3 view .LVU60
 265 0018 F6E7     		b	.L10
 266              		.cfi_endproc
 267              	.LFE30:
 269              		.section	.text._close,"ax",%progbits
 270              		.align	1
 271              		.global	_close
 272              		.syntax unified
 273              		.code	16
 274              		.thumb_func
 276              	_close:
 277              	.LVL19:
 278              	.LFB31:
  91:STM32CubeIDE/Application/User/syscalls.c **** 
  92:STM32CubeIDE/Application/User/syscalls.c **** int _close(int file)
  93:STM32CubeIDE/Application/User/syscalls.c **** {
 279              		.loc 1 93 1 is_stmt 1 view -0
 280              		.cfi_startproc
 281              		@ args = 0, pretend = 0, frame = 0
 282              		@ frame_needed = 0, uses_anonymous_args = 0
 283              		@ link register save eliminated.
  94:STM32CubeIDE/Application/User/syscalls.c ****   (void)file;
 284              		.loc 1 94 3 view .LVU62
  95:STM32CubeIDE/Application/User/syscalls.c ****   return -1;
 285              		.loc 1 95 3 view .LVU63
 286              		.loc 1 95 10 is_stmt 0 discriminator 1 view .LVU64
 287 0000 0120     		movs	r0, #1
 288              	.LVL20:
  96:STM32CubeIDE/Application/User/syscalls.c **** }
 289              		.loc 1 96 1 view .LVU65
 290              		@ sp needed
ARM GAS  /tmp/ccnUSUfH.s 			page 8


 291 0002 4042     		rsbs	r0, r0, #0
 292 0004 7047     		bx	lr
 293              		.cfi_endproc
 294              	.LFE31:
 296              		.section	.text._fstat,"ax",%progbits
 297              		.align	1
 298              		.global	_fstat
 299              		.syntax unified
 300              		.code	16
 301              		.thumb_func
 303              	_fstat:
 304              	.LVL21:
 305              	.LFB32:
  97:STM32CubeIDE/Application/User/syscalls.c **** 
  98:STM32CubeIDE/Application/User/syscalls.c **** 
  99:STM32CubeIDE/Application/User/syscalls.c **** int _fstat(int file, struct stat *st)
 100:STM32CubeIDE/Application/User/syscalls.c **** {
 306              		.loc 1 100 1 is_stmt 1 view -0
 307              		.cfi_startproc
 308              		@ args = 0, pretend = 0, frame = 0
 309              		@ frame_needed = 0, uses_anonymous_args = 0
 310              		@ link register save eliminated.
 101:STM32CubeIDE/Application/User/syscalls.c ****   (void)file;
 311              		.loc 1 101 3 view .LVU67
 102:STM32CubeIDE/Application/User/syscalls.c ****   st->st_mode = S_IFCHR;
 312              		.loc 1 102 3 view .LVU68
 313              		.loc 1 102 15 is_stmt 0 view .LVU69
 314 0000 8023     		movs	r3, #128
 103:STM32CubeIDE/Application/User/syscalls.c ****   return 0;
 104:STM32CubeIDE/Application/User/syscalls.c **** }
 315              		.loc 1 104 1 view .LVU70
 316              		@ sp needed
 102:STM32CubeIDE/Application/User/syscalls.c ****   st->st_mode = S_IFCHR;
 317              		.loc 1 102 15 view .LVU71
 318 0002 9B01     		lsls	r3, r3, #6
 319              		.loc 1 104 1 view .LVU72
 320 0004 0020     		movs	r0, #0
 321              	.LVL22:
 102:STM32CubeIDE/Application/User/syscalls.c ****   st->st_mode = S_IFCHR;
 322              		.loc 1 102 15 view .LVU73
 323 0006 4B60     		str	r3, [r1, #4]
 103:STM32CubeIDE/Application/User/syscalls.c ****   return 0;
 324              		.loc 1 103 3 is_stmt 1 view .LVU74
 325              		.loc 1 104 1 is_stmt 0 view .LVU75
 326 0008 7047     		bx	lr
 327              		.cfi_endproc
 328              	.LFE32:
 330              		.section	.text._isatty,"ax",%progbits
 331              		.align	1
 332              		.global	_isatty
 333              		.syntax unified
 334              		.code	16
 335              		.thumb_func
 337              	_isatty:
 338              	.LVL23:
 339              	.LFB33:
 105:STM32CubeIDE/Application/User/syscalls.c **** 
ARM GAS  /tmp/ccnUSUfH.s 			page 9


 106:STM32CubeIDE/Application/User/syscalls.c **** int _isatty(int file)
 107:STM32CubeIDE/Application/User/syscalls.c **** {
 340              		.loc 1 107 1 is_stmt 1 view -0
 341              		.cfi_startproc
 342              		@ args = 0, pretend = 0, frame = 0
 343              		@ frame_needed = 0, uses_anonymous_args = 0
 344              		@ link register save eliminated.
 108:STM32CubeIDE/Application/User/syscalls.c ****   (void)file;
 345              		.loc 1 108 3 view .LVU77
 109:STM32CubeIDE/Application/User/syscalls.c ****   return 1;
 346              		.loc 1 109 3 view .LVU78
 110:STM32CubeIDE/Application/User/syscalls.c **** }
 347              		.loc 1 110 1 is_stmt 0 view .LVU79
 348 0000 0120     		movs	r0, #1
 349              	.LVL24:
 350              		.loc 1 110 1 view .LVU80
 351              		@ sp needed
 352 0002 7047     		bx	lr
 353              		.cfi_endproc
 354              	.LFE33:
 356              		.section	.text._lseek,"ax",%progbits
 357              		.align	1
 358              		.global	_lseek
 359              		.syntax unified
 360              		.code	16
 361              		.thumb_func
 363              	_lseek:
 364              	.LVL25:
 365              	.LFB34:
 111:STM32CubeIDE/Application/User/syscalls.c **** 
 112:STM32CubeIDE/Application/User/syscalls.c **** int _lseek(int file, int ptr, int dir)
 113:STM32CubeIDE/Application/User/syscalls.c **** {
 366              		.loc 1 113 1 is_stmt 1 view -0
 367              		.cfi_startproc
 368              		@ args = 0, pretend = 0, frame = 0
 369              		@ frame_needed = 0, uses_anonymous_args = 0
 370              		@ link register save eliminated.
 114:STM32CubeIDE/Application/User/syscalls.c ****   (void)file;
 371              		.loc 1 114 3 view .LVU82
 115:STM32CubeIDE/Application/User/syscalls.c ****   (void)ptr;
 372              		.loc 1 115 3 view .LVU83
 116:STM32CubeIDE/Application/User/syscalls.c ****   (void)dir;
 373              		.loc 1 116 3 view .LVU84
 117:STM32CubeIDE/Application/User/syscalls.c ****   return 0;
 374              		.loc 1 117 3 view .LVU85
 118:STM32CubeIDE/Application/User/syscalls.c **** }
 375              		.loc 1 118 1 is_stmt 0 view .LVU86
 376 0000 0020     		movs	r0, #0
 377              	.LVL26:
 378              		.loc 1 118 1 view .LVU87
 379              		@ sp needed
 380 0002 7047     		bx	lr
 381              		.cfi_endproc
 382              	.LFE34:
 384              		.section	.text._open,"ax",%progbits
 385              		.align	1
 386              		.global	_open
ARM GAS  /tmp/ccnUSUfH.s 			page 10


 387              		.syntax unified
 388              		.code	16
 389              		.thumb_func
 391              	_open:
 392              	.LVL27:
 393              	.LFB35:
 119:STM32CubeIDE/Application/User/syscalls.c **** 
 120:STM32CubeIDE/Application/User/syscalls.c **** int _open(char *path, int flags, ...)
 121:STM32CubeIDE/Application/User/syscalls.c **** {
 394              		.loc 1 121 1 is_stmt 1 view -0
 395              		.cfi_startproc
 396              		@ args = 4, pretend = 12, frame = 0
 397              		@ frame_needed = 0, uses_anonymous_args = 1
 398              		@ link register save eliminated.
 122:STM32CubeIDE/Application/User/syscalls.c ****   (void)path;
 399              		.loc 1 122 3 view .LVU89
 123:STM32CubeIDE/Application/User/syscalls.c ****   (void)flags;
 400              		.loc 1 123 3 view .LVU90
 124:STM32CubeIDE/Application/User/syscalls.c ****   /* Pretend like we always fail */
 125:STM32CubeIDE/Application/User/syscalls.c ****   return -1;
 401              		.loc 1 125 3 view .LVU91
 402              		.loc 1 125 10 is_stmt 0 discriminator 1 view .LVU92
 403 0000 0120     		movs	r0, #1
 404              	.LVL28:
 121:STM32CubeIDE/Application/User/syscalls.c ****   (void)path;
 405              		.loc 1 121 1 view .LVU93
 406 0002 0EB4     		push	{r1, r2, r3}
 407              	.LCFI4:
 408              		.cfi_def_cfa_offset 12
 126:STM32CubeIDE/Application/User/syscalls.c **** }
 409              		.loc 1 126 1 view .LVU94
 410 0004 4042     		rsbs	r0, r0, #0
 411              		@ sp needed
 412 0006 03B0     		add	sp, sp, #12
 413 0008 7047     		bx	lr
 414              		.cfi_endproc
 415              	.LFE35:
 417              		.section	.text._wait,"ax",%progbits
 418              		.align	1
 419              		.global	_wait
 420              		.syntax unified
 421              		.code	16
 422              		.thumb_func
 424              	_wait:
 425              	.LVL29:
 426              	.LFB36:
 127:STM32CubeIDE/Application/User/syscalls.c **** 
 128:STM32CubeIDE/Application/User/syscalls.c **** int _wait(int *status)
 129:STM32CubeIDE/Application/User/syscalls.c **** {
 427              		.loc 1 129 1 is_stmt 1 view -0
 428              		.cfi_startproc
 429              		@ args = 0, pretend = 0, frame = 0
 430              		@ frame_needed = 0, uses_anonymous_args = 0
 130:STM32CubeIDE/Application/User/syscalls.c ****   (void)status;
 431              		.loc 1 130 3 view .LVU96
 131:STM32CubeIDE/Application/User/syscalls.c ****   errno = ECHILD;
 432              		.loc 1 131 3 view .LVU97
ARM GAS  /tmp/ccnUSUfH.s 			page 11


 129:STM32CubeIDE/Application/User/syscalls.c ****   (void)status;
 433              		.loc 1 129 1 is_stmt 0 view .LVU98
 434 0000 10B5     		push	{r4, lr}
 435              	.LCFI5:
 436              		.cfi_def_cfa_offset 8
 437              		.cfi_offset 4, -8
 438              		.cfi_offset 14, -4
 439              		.loc 1 131 3 view .LVU99
 440 0002 FFF7FEFF 		bl	__errno
 441              	.LVL30:
 132:STM32CubeIDE/Application/User/syscalls.c ****   return -1;
 133:STM32CubeIDE/Application/User/syscalls.c **** }
 442              		.loc 1 133 1 view .LVU100
 443              		@ sp needed
 131:STM32CubeIDE/Application/User/syscalls.c ****   return -1;
 444              		.loc 1 131 9 discriminator 1 view .LVU101
 445 0006 0A23     		movs	r3, #10
 446 0008 0360     		str	r3, [r0]
 132:STM32CubeIDE/Application/User/syscalls.c ****   return -1;
 447              		.loc 1 132 3 is_stmt 1 view .LVU102
 132:STM32CubeIDE/Application/User/syscalls.c ****   return -1;
 448              		.loc 1 132 10 is_stmt 0 discriminator 1 view .LVU103
 449 000a 0120     		movs	r0, #1
 450              		.loc 1 133 1 view .LVU104
 451 000c 4042     		rsbs	r0, r0, #0
 452 000e 10BD     		pop	{r4, pc}
 453              		.cfi_endproc
 454              	.LFE36:
 456              		.section	.text._unlink,"ax",%progbits
 457              		.align	1
 458              		.global	_unlink
 459              		.syntax unified
 460              		.code	16
 461              		.thumb_func
 463              	_unlink:
 464              	.LVL31:
 465              	.LFB37:
 134:STM32CubeIDE/Application/User/syscalls.c **** 
 135:STM32CubeIDE/Application/User/syscalls.c **** int _unlink(char *name)
 136:STM32CubeIDE/Application/User/syscalls.c **** {
 466              		.loc 1 136 1 is_stmt 1 view -0
 467              		.cfi_startproc
 468              		@ args = 0, pretend = 0, frame = 0
 469              		@ frame_needed = 0, uses_anonymous_args = 0
 137:STM32CubeIDE/Application/User/syscalls.c ****   (void)name;
 470              		.loc 1 137 3 view .LVU106
 138:STM32CubeIDE/Application/User/syscalls.c ****   errno = ENOENT;
 471              		.loc 1 138 3 view .LVU107
 136:STM32CubeIDE/Application/User/syscalls.c ****   (void)name;
 472              		.loc 1 136 1 is_stmt 0 view .LVU108
 473 0000 10B5     		push	{r4, lr}
 474              	.LCFI6:
 475              		.cfi_def_cfa_offset 8
 476              		.cfi_offset 4, -8
 477              		.cfi_offset 14, -4
 478              		.loc 1 138 3 view .LVU109
 479 0002 FFF7FEFF 		bl	__errno
ARM GAS  /tmp/ccnUSUfH.s 			page 12


 480              	.LVL32:
 139:STM32CubeIDE/Application/User/syscalls.c ****   return -1;
 140:STM32CubeIDE/Application/User/syscalls.c **** }
 481              		.loc 1 140 1 view .LVU110
 482              		@ sp needed
 138:STM32CubeIDE/Application/User/syscalls.c ****   return -1;
 483              		.loc 1 138 9 discriminator 1 view .LVU111
 484 0006 0223     		movs	r3, #2
 485 0008 0360     		str	r3, [r0]
 139:STM32CubeIDE/Application/User/syscalls.c ****   return -1;
 486              		.loc 1 139 3 is_stmt 1 view .LVU112
 139:STM32CubeIDE/Application/User/syscalls.c ****   return -1;
 487              		.loc 1 139 10 is_stmt 0 discriminator 1 view .LVU113
 488 000a 0120     		movs	r0, #1
 489              		.loc 1 140 1 view .LVU114
 490 000c 4042     		rsbs	r0, r0, #0
 491 000e 10BD     		pop	{r4, pc}
 492              		.cfi_endproc
 493              	.LFE37:
 495              		.section	.text._times,"ax",%progbits
 496              		.align	1
 497              		.global	_times
 498              		.syntax unified
 499              		.code	16
 500              		.thumb_func
 502              	_times:
 503              	.LVL33:
 504              	.LFB38:
 141:STM32CubeIDE/Application/User/syscalls.c **** 
 142:STM32CubeIDE/Application/User/syscalls.c **** int _times(struct tms *buf)
 143:STM32CubeIDE/Application/User/syscalls.c **** {
 505              		.loc 1 143 1 is_stmt 1 view -0
 506              		.cfi_startproc
 507              		@ args = 0, pretend = 0, frame = 0
 508              		@ frame_needed = 0, uses_anonymous_args = 0
 509              		@ link register save eliminated.
 144:STM32CubeIDE/Application/User/syscalls.c ****   (void)buf;
 510              		.loc 1 144 3 view .LVU116
 145:STM32CubeIDE/Application/User/syscalls.c ****   return -1;
 511              		.loc 1 145 3 view .LVU117
 512              		.loc 1 145 10 is_stmt 0 discriminator 1 view .LVU118
 513 0000 0120     		movs	r0, #1
 514              	.LVL34:
 146:STM32CubeIDE/Application/User/syscalls.c **** }
 515              		.loc 1 146 1 view .LVU119
 516              		@ sp needed
 517 0002 4042     		rsbs	r0, r0, #0
 518 0004 7047     		bx	lr
 519              		.cfi_endproc
 520              	.LFE38:
 522              		.section	.text._stat,"ax",%progbits
 523              		.align	1
 524              		.global	_stat
 525              		.syntax unified
 526              		.code	16
 527              		.thumb_func
 529              	_stat:
ARM GAS  /tmp/ccnUSUfH.s 			page 13


 530              	.LVL35:
 531              	.LFB39:
 147:STM32CubeIDE/Application/User/syscalls.c **** 
 148:STM32CubeIDE/Application/User/syscalls.c **** int _stat(char *file, struct stat *st)
 149:STM32CubeIDE/Application/User/syscalls.c **** {
 532              		.loc 1 149 1 is_stmt 1 view -0
 533              		.cfi_startproc
 534              		@ args = 0, pretend = 0, frame = 0
 535              		@ frame_needed = 0, uses_anonymous_args = 0
 536              		@ link register save eliminated.
 150:STM32CubeIDE/Application/User/syscalls.c ****   (void)file;
 537              		.loc 1 150 3 view .LVU121
 151:STM32CubeIDE/Application/User/syscalls.c ****   st->st_mode = S_IFCHR;
 538              		.loc 1 151 3 view .LVU122
 539              		.loc 1 151 15 is_stmt 0 view .LVU123
 540 0000 8023     		movs	r3, #128
 152:STM32CubeIDE/Application/User/syscalls.c ****   return 0;
 153:STM32CubeIDE/Application/User/syscalls.c **** }
 541              		.loc 1 153 1 view .LVU124
 542              		@ sp needed
 151:STM32CubeIDE/Application/User/syscalls.c ****   st->st_mode = S_IFCHR;
 543              		.loc 1 151 15 view .LVU125
 544 0002 9B01     		lsls	r3, r3, #6
 545              		.loc 1 153 1 view .LVU126
 546 0004 0020     		movs	r0, #0
 547              	.LVL36:
 151:STM32CubeIDE/Application/User/syscalls.c ****   st->st_mode = S_IFCHR;
 548              		.loc 1 151 15 view .LVU127
 549 0006 4B60     		str	r3, [r1, #4]
 152:STM32CubeIDE/Application/User/syscalls.c ****   return 0;
 550              		.loc 1 152 3 is_stmt 1 view .LVU128
 551              		.loc 1 153 1 is_stmt 0 view .LVU129
 552 0008 7047     		bx	lr
 553              		.cfi_endproc
 554              	.LFE39:
 556              		.section	.text._link,"ax",%progbits
 557              		.align	1
 558              		.global	_link
 559              		.syntax unified
 560              		.code	16
 561              		.thumb_func
 563              	_link:
 564              	.LVL37:
 565              	.LFB40:
 154:STM32CubeIDE/Application/User/syscalls.c **** 
 155:STM32CubeIDE/Application/User/syscalls.c **** int _link(char *old, char *new)
 156:STM32CubeIDE/Application/User/syscalls.c **** {
 566              		.loc 1 156 1 is_stmt 1 view -0
 567              		.cfi_startproc
 568              		@ args = 0, pretend = 0, frame = 0
 569              		@ frame_needed = 0, uses_anonymous_args = 0
 157:STM32CubeIDE/Application/User/syscalls.c ****   (void)old;
 570              		.loc 1 157 3 view .LVU131
 158:STM32CubeIDE/Application/User/syscalls.c ****   (void)new;
 571              		.loc 1 158 3 view .LVU132
 159:STM32CubeIDE/Application/User/syscalls.c ****   errno = EMLINK;
 572              		.loc 1 159 3 view .LVU133
ARM GAS  /tmp/ccnUSUfH.s 			page 14


 156:STM32CubeIDE/Application/User/syscalls.c ****   (void)old;
 573              		.loc 1 156 1 is_stmt 0 view .LVU134
 574 0000 10B5     		push	{r4, lr}
 575              	.LCFI7:
 576              		.cfi_def_cfa_offset 8
 577              		.cfi_offset 4, -8
 578              		.cfi_offset 14, -4
 579              		.loc 1 159 3 view .LVU135
 580 0002 FFF7FEFF 		bl	__errno
 581              	.LVL38:
 160:STM32CubeIDE/Application/User/syscalls.c ****   return -1;
 161:STM32CubeIDE/Application/User/syscalls.c **** }
 582              		.loc 1 161 1 view .LVU136
 583              		@ sp needed
 159:STM32CubeIDE/Application/User/syscalls.c ****   return -1;
 584              		.loc 1 159 9 discriminator 1 view .LVU137
 585 0006 1F23     		movs	r3, #31
 586 0008 0360     		str	r3, [r0]
 160:STM32CubeIDE/Application/User/syscalls.c ****   return -1;
 587              		.loc 1 160 3 is_stmt 1 view .LVU138
 160:STM32CubeIDE/Application/User/syscalls.c ****   return -1;
 588              		.loc 1 160 10 is_stmt 0 discriminator 1 view .LVU139
 589 000a 0120     		movs	r0, #1
 590              		.loc 1 161 1 view .LVU140
 591 000c 4042     		rsbs	r0, r0, #0
 592 000e 10BD     		pop	{r4, pc}
 593              		.cfi_endproc
 594              	.LFE40:
 596              		.section	.text._fork,"ax",%progbits
 597              		.align	1
 598              		.global	_fork
 599              		.syntax unified
 600              		.code	16
 601              		.thumb_func
 603              	_fork:
 604              	.LFB41:
 162:STM32CubeIDE/Application/User/syscalls.c **** 
 163:STM32CubeIDE/Application/User/syscalls.c **** int _fork(void)
 164:STM32CubeIDE/Application/User/syscalls.c **** {
 605              		.loc 1 164 1 is_stmt 1 view -0
 606              		.cfi_startproc
 607              		@ args = 0, pretend = 0, frame = 0
 608              		@ frame_needed = 0, uses_anonymous_args = 0
 165:STM32CubeIDE/Application/User/syscalls.c ****   errno = EAGAIN;
 609              		.loc 1 165 3 view .LVU142
 164:STM32CubeIDE/Application/User/syscalls.c ****   errno = EAGAIN;
 610              		.loc 1 164 1 is_stmt 0 view .LVU143
 611 0000 10B5     		push	{r4, lr}
 612              	.LCFI8:
 613              		.cfi_def_cfa_offset 8
 614              		.cfi_offset 4, -8
 615              		.cfi_offset 14, -4
 616              		.loc 1 165 3 view .LVU144
 617 0002 FFF7FEFF 		bl	__errno
 618              	.LVL39:
 166:STM32CubeIDE/Application/User/syscalls.c ****   return -1;
 167:STM32CubeIDE/Application/User/syscalls.c **** }
ARM GAS  /tmp/ccnUSUfH.s 			page 15


 619              		.loc 1 167 1 view .LVU145
 620              		@ sp needed
 165:STM32CubeIDE/Application/User/syscalls.c ****   return -1;
 621              		.loc 1 165 9 discriminator 1 view .LVU146
 622 0006 0B23     		movs	r3, #11
 623 0008 0360     		str	r3, [r0]
 166:STM32CubeIDE/Application/User/syscalls.c ****   return -1;
 624              		.loc 1 166 3 is_stmt 1 view .LVU147
 166:STM32CubeIDE/Application/User/syscalls.c ****   return -1;
 625              		.loc 1 166 10 is_stmt 0 discriminator 1 view .LVU148
 626 000a 0120     		movs	r0, #1
 627              		.loc 1 167 1 view .LVU149
 628 000c 4042     		rsbs	r0, r0, #0
 629 000e 10BD     		pop	{r4, pc}
 630              		.cfi_endproc
 631              	.LFE41:
 633              		.section	.text._execve,"ax",%progbits
 634              		.align	1
 635              		.global	_execve
 636              		.syntax unified
 637              		.code	16
 638              		.thumb_func
 640              	_execve:
 641              	.LVL40:
 642              	.LFB42:
 168:STM32CubeIDE/Application/User/syscalls.c **** 
 169:STM32CubeIDE/Application/User/syscalls.c **** int _execve(char *name, char **argv, char **env)
 170:STM32CubeIDE/Application/User/syscalls.c **** {
 643              		.loc 1 170 1 is_stmt 1 view -0
 644              		.cfi_startproc
 645              		@ args = 0, pretend = 0, frame = 0
 646              		@ frame_needed = 0, uses_anonymous_args = 0
 171:STM32CubeIDE/Application/User/syscalls.c ****   (void)name;
 647              		.loc 1 171 3 view .LVU151
 172:STM32CubeIDE/Application/User/syscalls.c ****   (void)argv;
 648              		.loc 1 172 3 view .LVU152
 173:STM32CubeIDE/Application/User/syscalls.c ****   (void)env;
 649              		.loc 1 173 3 view .LVU153
 174:STM32CubeIDE/Application/User/syscalls.c ****   errno = ENOMEM;
 650              		.loc 1 174 3 view .LVU154
 170:STM32CubeIDE/Application/User/syscalls.c ****   (void)name;
 651              		.loc 1 170 1 is_stmt 0 view .LVU155
 652 0000 10B5     		push	{r4, lr}
 653              	.LCFI9:
 654              		.cfi_def_cfa_offset 8
 655              		.cfi_offset 4, -8
 656              		.cfi_offset 14, -4
 657              		.loc 1 174 3 view .LVU156
 658 0002 FFF7FEFF 		bl	__errno
 659              	.LVL41:
 175:STM32CubeIDE/Application/User/syscalls.c ****   return -1;
 176:STM32CubeIDE/Application/User/syscalls.c **** }
 660              		.loc 1 176 1 view .LVU157
 661              		@ sp needed
 174:STM32CubeIDE/Application/User/syscalls.c ****   return -1;
 662              		.loc 1 174 9 discriminator 1 view .LVU158
 663 0006 0C23     		movs	r3, #12
ARM GAS  /tmp/ccnUSUfH.s 			page 16


 664 0008 0360     		str	r3, [r0]
 175:STM32CubeIDE/Application/User/syscalls.c ****   return -1;
 665              		.loc 1 175 3 is_stmt 1 view .LVU159
 175:STM32CubeIDE/Application/User/syscalls.c ****   return -1;
 666              		.loc 1 175 10 is_stmt 0 discriminator 1 view .LVU160
 667 000a 0120     		movs	r0, #1
 668              		.loc 1 176 1 view .LVU161
 669 000c 4042     		rsbs	r0, r0, #0
 670 000e 10BD     		pop	{r4, pc}
 671              		.cfi_endproc
 672              	.LFE42:
 674              		.global	environ
 675              		.section	.data.environ,"aw"
 676              		.align	2
 679              	environ:
 680 0000 00000000 		.word	__env
 681              		.global	__env
 682              		.section	.bss.__env,"aw",%nobits
 683              		.align	2
 686              	__env:
 687 0000 00000000 		.space	4
 688              		.weak	__io_putchar
 689              		.weak	__io_getchar
 690              		.text
 691              	.Letext0:
 692              		.file 2 "/usr/include/newlib/machine/_default_types.h"
 693              		.file 3 "/usr/include/newlib/sys/_types.h"
 694              		.file 4 "/usr/include/newlib/sys/_timeval.h"
 695              		.file 5 "/usr/include/newlib/sys/_timespec.h"
 696              		.file 6 "/usr/include/newlib/sys/types.h"
 697              		.file 7 "/usr/include/newlib/sys/stat.h"
 698              		.file 8 "/usr/include/newlib/sys/times.h"
 699              		.file 9 "/usr/include/newlib/sys/errno.h"
ARM GAS  /tmp/ccnUSUfH.s 			page 17


DEFINED SYMBOLS
                            *ABS*:00000000 syscalls.c
     /tmp/ccnUSUfH.s:19     .text.initialise_monitor_handles:00000000 $t
     /tmp/ccnUSUfH.s:25     .text.initialise_monitor_handles:00000000 initialise_monitor_handles
     /tmp/ccnUSUfH.s:39     .text._getpid:00000000 $t
     /tmp/ccnUSUfH.s:45     .text._getpid:00000000 _getpid
     /tmp/ccnUSUfH.s:61     .text._kill:00000000 $t
     /tmp/ccnUSUfH.s:67     .text._kill:00000000 _kill
     /tmp/ccnUSUfH.s:101    .text._exit:00000000 $t
     /tmp/ccnUSUfH.s:107    .text._exit:00000000 _exit
     /tmp/ccnUSUfH.s:153    .text._read:00000000 $t
     /tmp/ccnUSUfH.s:159    .text._read:00000000 _read
     /tmp/ccnUSUfH.s:212    .text._write:00000000 $t
     /tmp/ccnUSUfH.s:218    .text._write:00000000 _write
     /tmp/ccnUSUfH.s:270    .text._close:00000000 $t
     /tmp/ccnUSUfH.s:276    .text._close:00000000 _close
     /tmp/ccnUSUfH.s:297    .text._fstat:00000000 $t
     /tmp/ccnUSUfH.s:303    .text._fstat:00000000 _fstat
     /tmp/ccnUSUfH.s:331    .text._isatty:00000000 $t
     /tmp/ccnUSUfH.s:337    .text._isatty:00000000 _isatty
     /tmp/ccnUSUfH.s:357    .text._lseek:00000000 $t
     /tmp/ccnUSUfH.s:363    .text._lseek:00000000 _lseek
     /tmp/ccnUSUfH.s:385    .text._open:00000000 $t
     /tmp/ccnUSUfH.s:391    .text._open:00000000 _open
     /tmp/ccnUSUfH.s:418    .text._wait:00000000 $t
     /tmp/ccnUSUfH.s:424    .text._wait:00000000 _wait
     /tmp/ccnUSUfH.s:457    .text._unlink:00000000 $t
     /tmp/ccnUSUfH.s:463    .text._unlink:00000000 _unlink
     /tmp/ccnUSUfH.s:496    .text._times:00000000 $t
     /tmp/ccnUSUfH.s:502    .text._times:00000000 _times
     /tmp/ccnUSUfH.s:523    .text._stat:00000000 $t
     /tmp/ccnUSUfH.s:529    .text._stat:00000000 _stat
     /tmp/ccnUSUfH.s:557    .text._link:00000000 $t
     /tmp/ccnUSUfH.s:563    .text._link:00000000 _link
     /tmp/ccnUSUfH.s:597    .text._fork:00000000 $t
     /tmp/ccnUSUfH.s:603    .text._fork:00000000 _fork
     /tmp/ccnUSUfH.s:634    .text._execve:00000000 $t
     /tmp/ccnUSUfH.s:640    .text._execve:00000000 _execve
     /tmp/ccnUSUfH.s:679    .data.environ:00000000 environ
     /tmp/ccnUSUfH.s:676    .data.environ:00000000 $d
     /tmp/ccnUSUfH.s:686    .bss.__env:00000000 __env
     /tmp/ccnUSUfH.s:683    .bss.__env:00000000 $d
                           .group:00000000 wm4.0.e310b2036dcc8a4d3b16f3fea9ebd0de
                           .group:00000000 wm4._newlib_version.h.4.411db44ea2338a62eca2f0777f81481b
                           .group:00000000 wm4.newlib.h.27.07bf1b8b16da454ae07478107717878b
                           .group:00000000 wm4.ieeefp.h.77.fbf6f2f498a71d39a0aaf172d6680419
                           .group:00000000 wm4.features.h.22.4e5514d51694f64cae235f84d9e565a5
                           .group:00000000 wm4.config.h.224.10ee1ad185d877c6e334e6581faab44d
                           .group:00000000 wm4._ansi.h.31.de524f58584151836e90d8620a16f8e8
                           .group:00000000 wm4._default_types.h.6.959254cf5f09734ea7516c89e8bb21bd
                           .group:00000000 wm4.stddef.h.39.0dc9006b34572d4d9cae4c8b422c4971
                           .group:00000000 wm4.cdefs.h.49.70fc7af612f78ddcace70fdd90b5623b
                           .group:00000000 wm4._types.h.20.dd0d04dca3800a0d2a6129b87f3adbb2
                           .group:00000000 wm4.stddef.h.158.6f8e08a347b1cff664332fa350bfceb3
                           .group:00000000 wm4._types.h.127.3bdfe3ff8ea2d0985b03d9cbe93480e3
                           .group:00000000 wm4.reent.h.18.25503cdc8b7e55dd0d6ea7b3e5af7a03
                           .group:00000000 wm4.lock.h.2.c0958401bd0ce484d507ee19aacab817
ARM GAS  /tmp/ccnUSUfH.s 			page 18


                           .group:00000000 wm4.reent.h.78.7f0775353a33c852a1479c008f68cd03
                           .group:00000000 wm4.time.h.14.849270cc7997ccc4e05edd146e568a9f
                           .group:00000000 wm4.stddef.h.158.eec8bf00b5213f43d095cb984c5f22e3
                           .group:00000000 wm4.time.h.2.4581ce0ffb6627cfc02162c94bf846c9
                           .group:00000000 wm4.time.h.25.0e6a0fdbc9955f5707ed54246ed2e089
                           .group:00000000 wm4.types.h.40.8b6acba56cefbb11746718204edc8f5e
                           .group:00000000 wm4._stdint.h.10.c24fa3af3bc1706662bb5593a907e841
                           .group:00000000 wm4._endian.h.31.65a10590763c3dde1ac4a7f66d7d4891
                           .group:00000000 wm4.endian.h.9.49f3a4695c1b61e8a0808de3c4a106cb
                           .group:00000000 wm4._timeval.h.32.bec3221fa7a9bb0bdde696c9c57e47d2
                           .group:00000000 wm4.timespec.h.41.d855182eb0e690443ab8651bcedca6e1
                           .group:00000000 wm4.select.h.19.8f92964f85316d866d3bb193a38b5ac3
                           .group:00000000 wm4.types.h.51.e2a6e4379b4797ffcc4841f8498fd61b
                           .group:00000000 wm4.sched.h.22.c60982713a5c428609783c78f9c78d95
                           .group:00000000 wm4._pthreadtypes.h.36.fcee9961c35163dde6267ef772ad1972
                           .group:00000000 wm4.time.h.142.403dcded079b6de6a2d2f21a34c2ae96
                           .group:00000000 wm4.stat.h.54.5a9b823658423102e7a8de4ed089eedc
                           .group:00000000 wm4.stdlib.h.13.4ed386f5c1a80d71e72172885d946ef2
                           .group:00000000 wm4.alloca.h.8.dfc0c703c47ec3e69746825b17d9e66d
                           .group:00000000 wm4.stdlib.h.56.f4862cfbf4363a1db01842d5bdf72c18
                           .group:00000000 wm4.errno.h.2.ba016d646105af6cad23be83630b6a3f
                           .group:00000000 wm4.errno.h.9.ae5ea2b0ff9ea6e39e585807e35200d3
                           .group:00000000 wm4.stdio.h.27.3fc80220048df77954e38daec3bb9670
                           .group:00000000 wm4.stdarg.h.34.3a23a216c0c293b3d2ea2e89281481e6
                           .group:00000000 wm4.stdio.h.47.1f5845210bb9053bbca9ed76fc4018da
                           .group:00000000 wm4.stdio.h.2.4aa87247282eca6c8f36f9de33d8df1a
                           .group:00000000 wm4.stdio.h.87.a1e20d2651f9bfb66e51bfbe849db00a
                           .group:00000000 wm4.stdint.h.29.6d480f4ba0f60596e88234283d42444f
                           .group:00000000 wm4.signal.h.31.1e41f887ed1384065c2378e275de5bce
                           .group:00000000 wm4.signal.h.18.14c8d0c03fc1e06775633fad7399cfc7
                           .group:00000000 wm4.time.h.40.07bdef2e51e429b46276cd6f2246b78b

UNDEFINED SYMBOLS
__errno
__io_getchar
__io_putchar
