/Users/tohid/stm32Projects/sbsfu/st_sbsfu/Projects/NUCLEO-G071RB/Applications/1_Image/1_Image_SBSFU/SBSFU/Target/sfu_low_level_flash.c:32:17:SFU_LL_FLASH_Init	8	static
/Users/tohid/stm32Projects/sbsfu/st_sbsfu/Projects/NUCLEO-G071RB/Applications/1_Image/1_Image_SBSFU/SBSFU/Target/sfu_low_level_flash.c:51:17:SFU_LL_FLASH_Erase_Size	8	static
/Users/tohid/stm32Projects/sbsfu/st_sbsfu/Projects/NUCLEO-G071RB/Applications/1_Image/1_Image_SBSFU/SBSFU/Target/sfu_low_level_flash.c:73:17:SFU_LL_FLASH_Write	8	static
/Users/tohid/stm32Projects/sbsfu/st_sbsfu/Projects/NUCLEO-G071RB/Applications/1_Image/1_Image_SBSFU/SBSFU/Target/sfu_low_level_flash.c:94:17:SFU_LL_FLASH_Read	8	static
/Users/tohid/stm32Projects/sbsfu/st_sbsfu/Projects/NUCLEO-G071RB/Applications/1_Image/1_Image_SBSFU/SBSFU/Target/sfu_low_level_flash.c:116:17:SFU_LL_FLASH_Compare	8	static
/Users/tohid/stm32Projects/sbsfu/st_sbsfu/Projects/NUCLEO-G071RB/Applications/1_Image/1_Image_SBSFU/SBSFU/Target/sfu_low_level_flash.c:134:17:SFU_LL_FLASH_Config_Exe	8	static
/Users/tohid/stm32Projects/sbsfu/st_sbsfu/Projects/NUCLEO-G071RB/Applications/1_Image/1_Image_SBSFU/SBSFU/Target/sfu_low_level_flash.c:157:10:SFU_LL_FLASH_GetPage	8	static
