/Users/tohid/stm32Projects/sbsfu/st_sbsfu/Drivers/BSP/STM32G0xx_Nucleo/stm32g0xx_nucleo.c:143:10:BSP_GetVersion	0	static
/Users/tohid/stm32Projects/sbsfu/st_sbsfu/Drivers/BSP/STM32G0xx_Nucleo/stm32g0xx_nucleo.c:162:6:BSP_LED_Init	32	static
/Users/tohid/stm32Projects/sbsfu/st_sbsfu/Drivers/BSP/STM32G0xx_Nucleo/stm32g0xx_nucleo.c:186:6:BSP_LED_DeInit	16	static
/Users/tohid/stm32Projects/sbsfu/st_sbsfu/Drivers/BSP/STM32G0xx_Nucleo/stm32g0xx_nucleo.c:205:6:BSP_LED_On	8	static
/Users/tohid/stm32Projects/sbsfu/st_sbsfu/Drivers/BSP/STM32G0xx_Nucleo/stm32g0xx_nucleo.c:217:6:BSP_LED_Off	8	static
/Users/tohid/stm32Projects/sbsfu/st_sbsfu/Drivers/BSP/STM32G0xx_Nucleo/stm32g0xx_nucleo.c:229:6:BSP_LED_Toggle	8	static
/Users/tohid/stm32Projects/sbsfu/st_sbsfu/Drivers/BSP/STM32G0xx_Nucleo/stm32g0xx_nucleo.c:253:6:BSP_PB_Init	40	static
/Users/tohid/stm32Projects/sbsfu/st_sbsfu/Drivers/BSP/STM32G0xx_Nucleo/stm32g0xx_nucleo.c:292:6:BSP_PB_DeInit	8	static
/Users/tohid/stm32Projects/sbsfu/st_sbsfu/Drivers/BSP/STM32G0xx_Nucleo/stm32g0xx_nucleo.c:307:10:BSP_PB_GetState	8	static
