../../../../../../../Drivers/CMSIS/Include/core_cm0plus.h:987:34:__NVIC_SystemReset	0	static,ignoring_inline_asm
/Users/tohid/stm32Projects/sbsfu/st_sbsfu/Projects/NUCLEO-G071RB/Applications/1_Image/1_Image_SECoreBin/Src/se_low_level.c:79:16:SE_LL_CRC_Config	8	static
/Users/tohid/stm32Projects/sbsfu/st_sbsfu/Projects/NUCLEO-G071RB/Applications/1_Image/1_Image_SECoreBin/Src/se_low_level.c:110:16:SE_LL_CRC_Init	16	static
/Users/tohid/stm32Projects/sbsfu/st_sbsfu/Projects/NUCLEO-G071RB/Applications/1_Image/1_Image_SECoreBin/Src/se_low_level.c:123:16:SE_LL_CRC_DeInit	8	static
/Users/tohid/stm32Projects/sbsfu/st_sbsfu/Projects/NUCLEO-G071RB/Applications/1_Image/1_Image_SECoreBin/Src/se_low_level.c:142:10:SE_LL_CRC_Calculate	8	static
/Users/tohid/stm32Projects/sbsfu/st_sbsfu/Projects/NUCLEO-G071RB/Applications/1_Image/1_Image_SECoreBin/Src/se_low_level.c:161:16:SE_LL_FLASH_Erase	40	static
/Users/tohid/stm32Projects/sbsfu/st_sbsfu/Projects/NUCLEO-G071RB/Applications/1_Image/1_Image_SECoreBin/Src/se_low_level.c:200:16:SE_LL_FLASH_Write	24	static
/Users/tohid/stm32Projects/sbsfu/st_sbsfu/Projects/NUCLEO-G071RB/Applications/1_Image/1_Image_SECoreBin/Src/se_low_level.c:257:16:SE_LL_FLASH_Read	12	static
/Users/tohid/stm32Projects/sbsfu/st_sbsfu/Projects/NUCLEO-G071RB/Applications/1_Image/1_Image_SECoreBin/Src/se_low_level.c:308:16:SE_LL_FLASH_EXT_Decrypt_Init	0	static
/Users/tohid/stm32Projects/sbsfu/st_sbsfu/Projects/NUCLEO-G071RB/Applications/1_Image/1_Image_SECoreBin/Src/se_low_level.c:324:16:SE_LL_Buffer_in_ram	8	static
/Users/tohid/stm32Projects/sbsfu/st_sbsfu/Projects/NUCLEO-G071RB/Applications/1_Image/1_Image_SECoreBin/Src/se_low_level.c:352:16:SE_LL_Buffer_in_SBSFU_ram	8	static
/Users/tohid/stm32Projects/sbsfu/st_sbsfu/Projects/NUCLEO-G071RB/Applications/1_Image/1_Image_SECoreBin/Src/se_low_level.c:380:16:SE_LL_Buffer_part_of_SE_ram	8	static
/Users/tohid/stm32Projects/sbsfu/st_sbsfu/Projects/NUCLEO-G071RB/Applications/1_Image/1_Image_SECoreBin/Src/se_low_level.c:409:16:SE_LL_Buffer_part_of_SE_rom	8	static
/Users/tohid/stm32Projects/sbsfu/st_sbsfu/Projects/NUCLEO-G071RB/Applications/1_Image/1_Image_SECoreBin/Src/se_low_level.c:447:16:SE_LL_Save_Disable_Irq	0	static
/Users/tohid/stm32Projects/sbsfu/st_sbsfu/Projects/NUCLEO-G071RB/Applications/1_Image/1_Image_SECoreBin/Src/se_low_level.c:461:16:SE_LL_Restore_Enable_Irq	0	static
/Users/tohid/stm32Projects/sbsfu/st_sbsfu/Projects/NUCLEO-G071RB/Applications/1_Image/1_Image_SECoreBin/Src/se_low_level.c:534:6:NMI_Handler	8	static,ignoring_inline_asm
/Users/tohid/stm32Projects/sbsfu/st_sbsfu/Projects/NUCLEO-G071RB/Applications/1_Image/1_Image_SECoreBin/Src/se_low_level.c:600:6:HardFault_Handler	8	static
/Users/tohid/stm32Projects/sbsfu/st_sbsfu/Projects/NUCLEO-G071RB/Applications/1_Image/1_Image_SECoreBin/Src/se_low_level.c:610:7:SE_LL_CORE_Cleanup	8	static
/Users/tohid/stm32Projects/sbsfu/st_sbsfu/Projects/NUCLEO-G071RB/Applications/1_Image/1_Image_SECoreBin/Src/se_low_level.c:637:16:SE_LL_Lock_Keys	0	static
