/Users/tohid/stm32Projects/sbsfu/st_sbsfu/Projects/STM32F413H-Discovery/Applications/2_Images/2_Images_SBSFU/SBSFU/App/sfu_loader.c:636:24:SFU_LOADER_VerifyFwHeader	56	static
/Users/tohid/stm32Projects/sbsfu/st_sbsfu/Projects/STM32F413H-Discovery/Applications/2_Images/2_Images_SBSFU/SBSFU/App/sfu_loader.c:64:17:SFU_LOADER_Init	0	static
/Users/tohid/stm32Projects/sbsfu/st_sbsfu/Projects/STM32F413H-Discovery/Applications/2_Images/2_Images_SBSFU/SBSFU/App/sfu_loader.c:101:17:SFU_LOADER_DeInit	0	static
/Users/tohid/stm32Projects/sbsfu/st_sbsfu/Projects/STM32F413H-Discovery/Applications/2_Images/2_Images_SBSFU/SBSFU/App/sfu_loader.c:118:17:SFU_LOADER_DownloadNewUserFw	40	static
/Users/tohid/stm32Projects/sbsfu/st_sbsfu/Projects/STM32F413H-Discovery/Applications/2_Images/2_Images_SBSFU/SBSFU/App/sfu_loader.c:179:17:SFU_COM_YMODEM_HeaderPktRxCpltCallback	8	static
/Users/tohid/stm32Projects/sbsfu/st_sbsfu/Projects/STM32F413H-Discovery/Applications/2_Images/2_Images_SBSFU/SBSFU/App/sfu_loader.c:212:17:SFU_COM_YMODEM_DataPktRxCpltCallback	32	static
