/Users/tohid/stm32Projects/sbsfu/st_sbsfu/Projects/STM32F413H-Discovery/Applications/2_Images/2_Images_SBSFU/SBSFU/App/sfu_fwimg_common.c:71:17:MemoryCompare	24	static
/Users/tohid/stm32Projects/sbsfu/st_sbsfu/Projects/STM32F413H-Discovery/Applications/2_Images/2_Images_SBSFU/SBSFU/App/sfu_fwimg_common.c:150:17:VerifyFwSignatureScatter	2160	static
/Users/tohid/stm32Projects/sbsfu/st_sbsfu/Projects/STM32F413H-Discovery/Applications/2_Images/2_Images_SBSFU/SBSFU/App/sfu_fwimg_common.c:335:17:ParseFWInfo	8	static
/Users/tohid/stm32Projects/sbsfu/st_sbsfu/Projects/STM32F413H-Discovery/Applications/2_Images/2_Images_SBSFU/SBSFU/App/sfu_fwimg_common.c:378:17:VerifyFwSignature	48	static
/Users/tohid/stm32Projects/sbsfu/st_sbsfu/Projects/STM32F413H-Discovery/Applications/2_Images/2_Images_SBSFU/SBSFU/App/sfu_fwimg_common.c:437:17:VerifySlot	4	static
/Users/tohid/stm32Projects/sbsfu/st_sbsfu/Projects/STM32F413H-Discovery/Applications/2_Images/2_Images_SBSFU/SBSFU/App/sfu_fwimg_common.c:460:17:CleanUpSlot	32	static
/Users/tohid/stm32Projects/sbsfu/st_sbsfu/Projects/STM32F413H-Discovery/Applications/2_Images/2_Images_SBSFU/SBSFU/App/sfu_fwimg_common.c:514:27:SFU_IMG_InitImageHandling	48	static
/Users/tohid/stm32Projects/sbsfu/st_sbsfu/Projects/STM32F413H-Discovery/Applications/2_Images/2_Images_SBSFU/SBSFU/App/sfu_fwimg_common.c:725:17:SFU_IMG_InvalidateCurrentFirmware	8	static
/Users/tohid/stm32Projects/sbsfu/st_sbsfu/Projects/STM32F413H-Discovery/Applications/2_Images/2_Images_SBSFU/SBSFU/App/sfu_fwimg_common.c:763:17:SFU_IMG_VerifyActiveImg	16	static
/Users/tohid/stm32Projects/sbsfu/st_sbsfu/Projects/STM32F413H-Discovery/Applications/2_Images/2_Images_SBSFU/SBSFU/App/sfu_fwimg_common.c:789:17:SFU_IMG_VerifyActiveSlot	0	static
/Users/tohid/stm32Projects/sbsfu/st_sbsfu/Projects/STM32F413H-Discovery/Applications/2_Images/2_Images_SBSFU/SBSFU/App/sfu_fwimg_common.c:802:17:SFU_IMG_VerifyEmptyActiveSlot	0	static
/Users/tohid/stm32Projects/sbsfu/st_sbsfu/Projects/STM32F413H-Discovery/Applications/2_Images/2_Images_SBSFU/SBSFU/App/sfu_fwimg_common.c:813:17:SFU_IMG_ControlActiveImgTag	8	static
/Users/tohid/stm32Projects/sbsfu/st_sbsfu/Projects/STM32F413H-Discovery/Applications/2_Images/2_Images_SBSFU/SBSFU/App/sfu_fwimg_common.c:845:17:SFU_IMG_LaunchActiveImg	8	static
/Users/tohid/stm32Projects/sbsfu/st_sbsfu/Projects/STM32F413H-Discovery/Applications/2_Images/2_Images_SBSFU/SBSFU/App/sfu_fwimg_common.c:930:17:SFU_IMG_Validation	32	static
/Users/tohid/stm32Projects/sbsfu/st_sbsfu/Projects/STM32F413H-Discovery/Applications/2_Images/2_Images_SBSFU/SBSFU/App/sfu_fwimg_common.c:960:10:SFU_IMG_GetFwImageSlot	8	static
/Users/tohid/stm32Projects/sbsfu/st_sbsfu/Projects/STM32F413H-Discovery/Applications/2_Images/2_Images_SBSFU/SBSFU/App/sfu_fwimg_common.c:101:17:VerifyHeaderSignature	16	static
/Users/tohid/stm32Projects/sbsfu/st_sbsfu/Projects/STM32F413H-Discovery/Applications/2_Images/2_Images_SBSFU/SBSFU/App/sfu_fwimg_common.c:353:17:CheckAndGetFWHeader	8	static
/Users/tohid/stm32Projects/sbsfu/st_sbsfu/Projects/STM32F413H-Discovery/Applications/2_Images/2_Images_SBSFU/SBSFU/App/sfu_fwimg_common.c:746:17:SFU_IMG_VerifyActiveImgMetadata	0	static
/Users/tohid/stm32Projects/sbsfu/st_sbsfu/Projects/STM32F413H-Discovery/Applications/2_Images/2_Images_SBSFU/SBSFU/App/sfu_fwimg_common.c:869:10:SFU_IMG_GetActiveFwVersion	328	static
/Users/tohid/stm32Projects/sbsfu/st_sbsfu/Projects/STM32F413H-Discovery/Applications/2_Images/2_Images_SBSFU/SBSFU/App/sfu_fwimg_common.c:893:17:SFU_IMG_DetectFW	336	static
/Users/tohid/stm32Projects/sbsfu/st_sbsfu/Projects/STM32F413H-Discovery/Applications/2_Images/2_Images_SBSFU/SBSFU/App/sfu_fwimg_common.c:995:17:SFU_IMG_CheckFwVersion	0	static
/Users/tohid/stm32Projects/sbsfu/st_sbsfu/Projects/STM32F413H-Discovery/Applications/2_Images/2_Images_SBSFU/SBSFU/App/sfu_fwimg_common.c:1069:17:SFU_IMG_CheckCandidateVersion	24	static
