Archive member included to satisfy reference by file (symbol)

/opt/ST/STM32CubeCLT_1.20.0/GNU-tools-for-STM32/bin/../lib/gcc/arm-none-eabi/13.3.1/../../../../arm-none-eabi/lib/thumb/v6-m/nofp/libc_nano.a(libc_a-exit.o)
                              /opt/ST/STM32CubeCLT_1.20.0/GNU-tools-for-STM32/bin/../lib/gcc/arm-none-eabi/13.3.1/../../../../arm-none-eabi/lib/thumb/v6-m/nofp/crt0.o (exit)
/opt/ST/STM32CubeCLT_1.20.0/GNU-tools-for-STM32/bin/../lib/gcc/arm-none-eabi/13.3.1/../../../../arm-none-eabi/lib/thumb/v6-m/nofp/libc_nano.a(libc_a-setvbuf.o)
                              ./Application/SBSFU/App/sfu_com_trace.o (setvbuf)
/opt/ST/STM32CubeCLT_1.20.0/GNU-tools-for-STM32/bin/../lib/gcc/arm-none-eabi/13.3.1/../../../../arm-none-eabi/lib/thumb/v6-m/nofp/libc_nano.a(libc_a-findfp.o)
                              /opt/ST/STM32CubeCLT_1.20.0/GNU-tools-for-STM32/bin/../lib/gcc/arm-none-eabi/13.3.1/../../../../arm-none-eabi/lib/thumb/v6-m/nofp/libc_nano.a(libc_a-exit.o) (__stdio_exit_handler)
/opt/ST/STM32CubeCLT_1.20.0/GNU-tools-for-STM32/bin/../lib/gcc/arm-none-eabi/13.3.1/../../../../arm-none-eabi/lib/thumb/v6-m/nofp/libc_nano.a(libc_a-fwalk.o)
                              /opt/ST/STM32CubeCLT_1.20.0/GNU-tools-for-STM32/bin/../lib/gcc/arm-none-eabi/13.3.1/../../../../arm-none-eabi/lib/thumb/v6-m/nofp/libc_nano.a(libc_a-findfp.o) (_fwalk_sglue)
/opt/ST/STM32CubeCLT_1.20.0/GNU-tools-for-STM32/bin/../lib/gcc/arm-none-eabi/13.3.1/../../../../arm-none-eabi/lib/thumb/v6-m/nofp/libc_nano.a(libc_a-makebuf.o)
                              /opt/ST/STM32CubeCLT_1.20.0/GNU-tools-for-STM32/bin/../lib/gcc/arm-none-eabi/13.3.1/../../../../arm-none-eabi/lib/thumb/v6-m/nofp/libc_nano.a(libc_a-setvbuf.o) (__swhatbuf_r)
/opt/ST/STM32CubeCLT_1.20.0/GNU-tools-for-STM32/bin/../lib/gcc/arm-none-eabi/13.3.1/../../../../arm-none-eabi/lib/thumb/v6-m/nofp/libc_nano.a(libc_a-printf.o)
                              ./Application/SBSFU/App/sfu_boot.o (printf)
/opt/ST/STM32CubeCLT_1.20.0/GNU-tools-for-STM32/bin/../lib/gcc/arm-none-eabi/13.3.1/../../../../arm-none-eabi/lib/thumb/v6-m/nofp/libc_nano.a(libc_a-puts.o)
                              ./Application/SBSFU/App/sfu_boot.o (puts)
/opt/ST/STM32CubeCLT_1.20.0/GNU-tools-for-STM32/bin/../lib/gcc/arm-none-eabi/13.3.1/../../../../arm-none-eabi/lib/thumb/v6-m/nofp/libc_nano.a(libc_a-memcmp.o)
                              ./Application/SBSFU/App/sfu_fwimg_common.o (memcmp)
/opt/ST/STM32CubeCLT_1.20.0/GNU-tools-for-STM32/bin/../lib/gcc/arm-none-eabi/13.3.1/../../../../arm-none-eabi/lib/thumb/v6-m/nofp/libc_nano.a(libc_a-memset.o)
                              /opt/ST/STM32CubeCLT_1.20.0/GNU-tools-for-STM32/bin/../lib/gcc/arm-none-eabi/13.3.1/../../../../arm-none-eabi/lib/thumb/v6-m/nofp/crt0.o (memset)
/opt/ST/STM32CubeCLT_1.20.0/GNU-tools-for-STM32/bin/../lib/gcc/arm-none-eabi/13.3.1/../../../../arm-none-eabi/lib/thumb/v6-m/nofp/libc_nano.a(libc_a-isattyr.o)
                              /opt/ST/STM32CubeCLT_1.20.0/GNU-tools-for-STM32/bin/../lib/gcc/arm-none-eabi/13.3.1/../../../../arm-none-eabi/lib/thumb/v6-m/nofp/libc_nano.a(libc_a-makebuf.o) (_isatty_r)
/opt/ST/STM32CubeCLT_1.20.0/GNU-tools-for-STM32/bin/../lib/gcc/arm-none-eabi/13.3.1/../../../../arm-none-eabi/lib/thumb/v6-m/nofp/libc_nano.a(libc_a-errno.o)
                              ./Application/Core/syscalls.o (__errno)
/opt/ST/STM32CubeCLT_1.20.0/GNU-tools-for-STM32/bin/../lib/gcc/arm-none-eabi/13.3.1/../../../../arm-none-eabi/lib/thumb/v6-m/nofp/libc_nano.a(libc_a-init.o)
                              /opt/ST/STM32CubeCLT_1.20.0/GNU-tools-for-STM32/bin/../lib/gcc/arm-none-eabi/13.3.1/../../../../arm-none-eabi/lib/thumb/v6-m/nofp/crt0.o (__libc_init_array)
/opt/ST/STM32CubeCLT_1.20.0/GNU-tools-for-STM32/bin/../lib/gcc/arm-none-eabi/13.3.1/../../../../arm-none-eabi/lib/thumb/v6-m/nofp/libc_nano.a(libc_a-lock.o)
                              /opt/ST/STM32CubeCLT_1.20.0/GNU-tools-for-STM32/bin/../lib/gcc/arm-none-eabi/13.3.1/../../../../arm-none-eabi/lib/thumb/v6-m/nofp/libc_nano.a(libc_a-findfp.o) (__retarget_lock_init_recursive)
/opt/ST/STM32CubeCLT_1.20.0/GNU-tools-for-STM32/bin/../lib/gcc/arm-none-eabi/13.3.1/../../../../arm-none-eabi/lib/thumb/v6-m/nofp/libc_nano.a(libc_a-reent.o)
                              /opt/ST/STM32CubeCLT_1.20.0/GNU-tools-for-STM32/bin/../lib/gcc/arm-none-eabi/13.3.1/../../../../arm-none-eabi/lib/thumb/v6-m/nofp/libc_nano.a(libc_a-isattyr.o) (errno)
/opt/ST/STM32CubeCLT_1.20.0/GNU-tools-for-STM32/bin/../lib/gcc/arm-none-eabi/13.3.1/../../../../arm-none-eabi/lib/thumb/v6-m/nofp/libc_nano.a(libc_a-impure.o)
                              ./Application/SBSFU/App/sfu_com_trace.o (_impure_ptr)
/opt/ST/STM32CubeCLT_1.20.0/GNU-tools-for-STM32/bin/../lib/gcc/arm-none-eabi/13.3.1/../../../../arm-none-eabi/lib/thumb/v6-m/nofp/libc_nano.a(libc_a-fstatr.o)
[...]
Memory Configuration

Name             Origin             Length             Attributes
SE_Entry_Secure_ROM_Region 0x08000200         0x00000200         xr
SE_Key_region_ROM 0x08000400         0x00000400         xr
SE_Startup_region_ROM 0x08000800         0x00000100         xr
SE_ROM_region    0x08000900         0x00005700         xr
SE_IF_region_ROM 0x08006000         0x00000900         xr
SB_HDP_ROM_region 0x08006900         0x00000200         xr
SB_ROM_region    0x08006b00         0x00007500         xr
SE_RAM_region    0x20000400         0x00000c00         xrw
SB_HDP_Code_RAM_region 0x20001000         0x00000200         xrw
SB_RAM_region    0x20001200         0x00007e00         xrw
ISR_VECTOR       0x08000000         0x00000200         xr
SE_Binary_region_ROM 0x08000200         0x00005e00         xr
*default*        0x00000000         0xffffffff

Linker script and memory map

LOAD /opt/ST/STM32CubeCLT_1.20.0/GNU-tools-for-STM32/bin/../lib/gcc/arm-none-eabi/13.3.1/thumb/v6-m/nofp/crti.o
LOAD /opt/ST/STM32CubeCLT_1.20.0/GNU-tools-for-STM32/bin/../lib/gcc/arm-none-eabi/13.3.1/thumb/v6-m/nofp/crtbegin.o
LOAD /opt/ST/STM32CubeCLT_1.20.0/GNU-tools-for-STM32/bin/../lib/gcc/arm-none-eabi/13.3.1/../../../../arm-none-eabi/lib/thumb/v6-m/nofp/crt0.o
LOAD ./Application/Core/SE_CORE_Bin.o
LOAD ./Application/Core/main.o
LOAD ./Application/Core/stm32g0xx_hal_msp.o
LOAD ./Application/Core/stm32g0xx_it.o
LOAD ./Application/Core/syscalls.o
LOAD ./Application/SBSFU/App/sfu_boot.o
LOAD ./Application/SBSFU/App/sfu_com_loader.o
LOAD ./Application/SBSFU/App/sfu_com_trace.o
LOAD ./Application/SBSFU/App/sfu_error.o
LOAD ./Application/SBSFU/App/sfu_fwimg_common.o
LOAD ./Application/SBSFU/App/sfu_loader.o
LOAD ./Application/SBSFU/App/sfu_mpu_isolation.o
LOAD ./Application/SBSFU/App/sfu_new_image.o
LOAD ./Application/SBSFU/App/sfu_test.o
LOAD ./Application/SBSFU/Target/sfu_low_level.o
LOAD ./Application/SBSFU/Target/sfu_low_level_flash.o
LOAD ./Application/SBSFU/Target/sfu_low_level_flash_ext.o
LOAD ./Application/SBSFU/Target/sfu_low_level_flash_int.o
LOAD ./Application/SBSFU/Target/sfu_low_level_security.o
LOAD ./Application/Startup/sfu_se_mpu.o
LOAD ./Application/Startup/startup_stm32g071xx.o
LOAD ./Drivers/BSP/STM32G0xx_Nucleo/stm32g0xx_nucleo.o
LOAD ./Drivers/CMSIS/system_stm32g0xx.o
LOAD ./Drivers/STM32G0xx_HAL_Driver/stm32g0xx_hal.o
LOAD ./Drivers/STM32G0xx_HAL_Driver/stm32g0xx_hal_adc.o
LOAD ./Drivers/STM32G0xx_HAL_Driver/stm32g0xx_hal_adc_ex.o
LOAD ./Drivers/STM32G0xx_HAL_Driver/stm32g0xx_hal_cortex.o
LOAD ./Drivers/STM32G0xx_HAL_Driver/stm32g0xx_hal_crc.o
LOAD ./Drivers/STM32G0xx_HAL_Driver/stm32g0xx_hal_crc_ex.o
LOAD ./Drivers/STM32G0xx_HAL_Driver/stm32g0xx_hal_dma.o
LOAD ./Drivers/STM32G0xx_HAL_Driver/stm32g0xx_hal_dma_ex.o
LOAD ./Drivers/STM32G0xx_HAL_Driver/stm32g0xx_hal_flash.o
LOAD ./Drivers/STM32G0xx_HAL_Driver/stm32g0xx_hal_flash_ex.o
LOAD ./Drivers/STM32G0xx_HAL_Driver/stm32g0xx_hal_gpio.o
LOAD ./Drivers/STM32G0xx_HAL_Driver/stm32g0xx_hal_i2c.o
LOAD ./Drivers/STM32G0xx_HAL_Driver/stm32g0xx_hal_i2c_ex.o
LOAD ./Drivers/STM32G0xx_HAL_Driver/stm32g0xx_hal_iwdg.o
LOAD ./Drivers/STM32G0xx_HAL_Driver/stm32g0xx_hal_pwr.o
LOAD ./Drivers/STM32G0xx_HAL_Driver/stm32g0xx_hal_pwr_ex.o
LOAD ./Drivers/STM32G0xx_HAL_Driver/stm32g0xx_hal_rcc.o
LOAD ./Drivers/STM32G0xx_HAL_Driver/stm32g0xx_hal_rcc_ex.o
LOAD ./Drivers/STM32G0xx_HAL_Driver/stm32g0xx_hal_rtc.o
LOAD ./Drivers/STM32G0xx_HAL_Driver/stm32g0xx_hal_rtc_ex.o
LOAD ./Drivers/STM32G0xx_HAL_Driver/stm32g0xx_hal_spi.o
LOAD ./Drivers/STM32G0xx_HAL_Driver/stm32g0xx_hal_spi_ex.o
LOAD ./Drivers/STM32G0xx_HAL_Driver/stm32g0xx_hal_tim.o
LOAD ./Drivers/STM32G0xx_HAL_Driver/stm32g0xx_hal_tim_ex.o
LOAD ./Drivers/STM32G0xx_HAL_Driver/stm32g0xx_hal_uart.o
LOAD ./Drivers/STM32G0xx_HAL_Driver/stm32g0xx_hal_uart_ex.o
LOAD ./Middlewares/STM32_Secure_Engine/se_interface_application.o
LOAD ./Middlewares/STM32_Secure_Engine/se_interface_bootloader.o
LOAD ./Middlewares/STM32_Secure_Engine/se_interface_common.o
START GROUP
LOAD /opt/ST/STM32CubeCLT_1.20.0/GNU-tools-for-STM32/bin/../lib/gcc/arm-none-eabi/13.3.1/../../../../arm-none-eabi/lib/thumb/v6-m/nofp/libc_nano.a
LOAD /opt/ST/STM32CubeCLT_1.20.0/GNU-tools-for-STM32/bin/../lib/gcc/arm-none-eabi/13.3.1/../../../../arm-none-eabi/lib/thumb/v6-m/nofp/libm.a
END GROUP
START GROUP
LOAD /opt/ST/STM32CubeCLT_1.20.0/GNU-tools-for-STM32/bin/../lib/gcc/arm-none-eabi/13.3.1/thumb/v6-m/nofp/libgcc.a
LOAD /opt/ST/STM32CubeCLT_1.20.0/GNU-tools-for-STM32/bin/../lib/gcc/arm-none-eabi/13.3.1/../../../../arm-none-eabi/lib/thumb/v6-m/nofp/libc_nano.a
END GROUP
START GROUP
LOAD /opt/ST/STM32CubeCLT_1.20.0/GNU-tools-for-STM32/bin/../lib/gcc/arm-none-eabi/13.3.1/thumb/v6-m/nofp/libgcc.a
LOAD /opt/ST/STM32CubeCLT_1.20.0/GNU-tools-for-STM32/bin/../lib/gcc/arm-none-eabi/13.3.1/../../../../arm-none-eabi/lib/thumb/v6-m/nofp/libc_nano.a
LOAD /opt/ST/STM32CubeCLT_1.20.0/GNU-tools-for-STM32/bin/../lib/gcc/arm-none-eabi/13.3.1/../../../../arm-none-eabi/lib/thumb/v6-m/nofp/libnosys.a
END GROUP
START GROUP
LOAD /opt/ST/STM32CubeCLT_1.20.0/GNU-tools-for-STM32/bin/../lib/gcc/arm-none-eabi/13.3.1/thumb/v6-m/nofp/libgcc.a
LOAD /opt/ST/STM32CubeCLT_1.20.0/GNU-tools-for-STM32/bin/../lib/gcc/arm-none-eabi/13.3.1/../../../../arm-none-eabi/lib/thumb/v6-m/nofp/libc_nano.a
LOAD /opt/ST/STM32CubeCLT_1.20.0/GNU-tools-for-STM32/bin/../lib/gcc/arm-none-eabi/13.3.1/../../../../arm-none-eabi/lib/thumb/v6-m/nofp/libnosys.a
END GROUP
LOAD /opt/ST/STM32CubeCLT_1.20.0/GNU-tools-for-STM32/bin/../lib/gcc/arm-none-eabi/13.3.1/thumb/v6-m/nofp/crtend.o
LOAD /opt/ST/STM32CubeCLT_1.20.0/GNU-tools-for-STM32/bin/../lib/gcc/arm-none-eabi/13.3.1/thumb/v6-m/nofp/crtn.o
                0x20009000                        _estack = 0x20009000
                0x00000000                        _Min_Heap_Size = 0x0
                0x00003000                        _Min_Stack_Size = 0x3000
                0x0800e000                        __ICFEDIT_SLOT_Active_1_start__ = 0x800e000
                0x0801ffff                        __ICFEDIT_SLOT_Active_1_end__ = 0x801ffff
                0x0800e000                        __ICFEDIT_SLOT_Active_1_header__ = __ICFEDIT_SLOT_Active_1_start__
                0x00000000                        __ICFEDIT_SLOT_Active_2_header__ = 0x0
                0x00000000                        __ICFEDIT_SLOT_Active_2_start__ = 0x0
                0x00000000                        __ICFEDIT_SLOT_Active_2_end__ = 0x0
                0x00000000                        __ICFEDIT_SLOT_Active_3_header__ = 0x0
                0x00000000                        __ICFEDIT_SLOT_Active_3_start__ = 0x0
                0x00000000                        __ICFEDIT_SLOT_Active_3_end__ = 0x0
                0x00000200                        VECTOR_SIZE = 0x200
                0x08000200                        __ICFEDIT_SE_Code_region_ROM_start__ = (0x8000000 + VECTOR_SIZE)
                0x08000200                        __ICFEDIT_SE_CallGate_region_ROM_start__ = __ICFEDIT_SE_Code_region_ROM_start__
                0x080003ff                        __ICFEDIT_SE_CallGate_region_ROM_end__ = (__ICFEDIT_SE_Code_region_ROM_start__ + 0x1ff)
                0x08000400                        __ICFEDIT_SE_Key_region_ROM_start__ = (__ICFEDIT_SE_CallGate_region_ROM_end__ + 0x1)
                0x080007ff                        __ICFEDIT_SE_Key_region_ROM_end__ = (__ICFEDIT_SE_Key_region_ROM_start__ + 0x3ff)
                0x08000800                        __ICFEDIT_SE_Startup_region_ROM_start__ = (__ICFEDIT_SE_Key_region_ROM_end__ + 0x1)
                0x08000900                        __ICFEDIT_SE_Code_nokey_region_ROM_start__ = (__ICFEDIT_SE_Startup_region_ROM_start__ + 0x100)
                0x08005fff                        __ICFEDIT_SE_Code_region_ROM_end__ = 0x8005fff
                0x08006000                        __ICFEDIT_SE_IF_region_ROM_start__ = (__ICFEDIT_SE_Code_region_ROM_end__ + 0x1)
                0x080068ff                        __ICFEDIT_SE_IF_region_ROM_end__ = (__ICFEDIT_SE_IF_region_ROM_start__ + 0x8ff)
                0x08006900                        __ICFEDIT_SB_HDP_region_ROM_start__ = (__ICFEDIT_SE_IF_region_ROM_end__ + 0x1)
                0x08006aff                        __ICFEDIT_SB_HDP_region_ROM_end__ = (__ICFEDIT_SB_HDP_region_ROM_start__ + 0x1ff)
                0x08006b00                        __ICFEDIT_SB_region_ROM_start__ = (__ICFEDIT_SB_HDP_region_ROM_end__ + 0x1)
                0x0800dfff                        __ICFEDIT_SB_region_ROM_end__ = 0x800dfff
                0x00000200                        SE_Entry_Secure_ROM_Region_Length = ((__ICFEDIT_SE_CallGate_region_ROM_end__ - __ICFEDIT_SE_CallGate_region_ROM_start__) + 0x1)
                0x00000400                        SE_Key_region_ROM_Length = ((__ICFEDIT_SE_Key_region_ROM_end__ - __ICFEDIT_SE_Key_region_ROM_start__) + 0x1)
                0x00000100                        SE_Startup_region_ROM_Length = (__ICFEDIT_SE_Code_nokey_region_ROM_start__ - __ICFEDIT_SE_Startup_region_ROM_start__)
                0x00005700                        SE_ROM_region_Length = ((__ICFEDIT_SE_Code_region_ROM_end__ - __ICFEDIT_SE_Code_nokey_region_ROM_start__) + 0x1)
                0x00000900                        SE_IF_region_ROM_Length = ((__ICFEDIT_SE_IF_region_ROM_end__ - __ICFEDIT_SE_IF_region_ROM_start__) + 0x1)
                0x00000200                        SB_HDP_ROM_region_Length = ((__ICFEDIT_SB_HDP_region_ROM_end__ - __ICFEDIT_SB_HDP_region_ROM_start__) + 0x1)
                0x00007500                        SB_ROM_region_Length = ((__ICFEDIT_SB_region_ROM_end__ - __ICFEDIT_SB_region_ROM_start__) + 0x1)
                0x20000000                        __ICFEDIT_SE_region_RAM_start__ = 0x20000000
                0x20000400                        __ICFEDIT_SE_region_RAM_stack_top__ = 0x20000400
                0x20000fff                        __ICFEDIT_SE_region_RAM_end__ = 0x20000fff
                0x20001000                        __ICFEDIT_SB_HDP_Code_region_RAM_start__ = (__ICFEDIT_SE_region_RAM_end__ + 0x1)
                0x200011ff                        __ICFEDIT_SB_HDP_Code_region_RAM_end__ = (__ICFEDIT_SB_HDP_Code_region_RAM_start__ + 0x1ff)
                0x20001200                        __ICFEDIT_SB_region_RAM_start__ = (__ICFEDIT_SB_HDP_Code_region_RAM_end__ + 0x1)
                0x20008fff                        __ICFEDIT_SB_region_RAM_end__ = 0x20008fff
                0x00000c00                        SE_RAM_region_Length = ((__ICFEDIT_SE_region_RAM_end__ - __ICFEDIT_SE_region_RAM_stack_top__) + 0x1)
                0x00000200                        SB_HDP_CODE_RAM_region_Length = ((__ICFEDIT_SB_HDP_Code_region_RAM_end__ - __ICFEDIT_SB_HDP_Code_region_RAM_start__) + 0x1)
                0x00007e00                        SB_RAM_region_Length = ((__ICFEDIT_SB_region_RAM_end__ - __ICFEDIT_SB_region_RAM_start__) + 0x1)
                0x08000000                        __ICFEDIT_intvec_start__ = 0x8000000
                0x00005e00                        SE_Binary_region_ROM_Length = ((__ICFEDIT_SE_Code_region_ROM_end__ - __ICFEDIT_SE_CallGate_region_ROM_start__) + 0x1)

.isr_vector     0x08000000       0xc0
                0x08000000                        . = ALIGN (0x8)
 *(.isr_vector)
 .isr_vector    0x08000000       0xbc ./Application/Startup/startup_stm32g071xx.o
                0x08000000                g_pfnVectors
                0x080000c0                        . = ALIGN (0x8)
 *fill*         0x080000bc        0x4 

.text.SE_CORE_Bin
                0x08000200     0x4ad8
                0x08000200                        SE_CORE_Bin_start = .
 *(SE_CORE_Bin)
 SE_CORE_Bin    0x08000200     0x4ad8 ./Application/Core/SE_CORE_Bin.o
                0x08004cd8                        SE_CORE_Bin_end = .

.SE_IF_Code     0x08006000      0x774
 *se_interface_application.o(.text .text*)
 .text          0x08006000        0x0 ./Middlewares/STM32_Secure_Engine/se_interface_application.o
 .text.SE_APP_GetActiveFwInfo
                0x08006000       0x4c ./Middlewares/STM32_Secure_Engine/se_interface_application.o
                0x08006000                SE_APP_GetActiveFwInfo
 .text.SE_APP_SVC_Handler
                0x0800604c        0x8 ./Middlewares/STM32_Secure_Engine/se_interface_application.o
                0x0800604c                SE_APP_SVC_Handler
 *se_interface_bootloader.o(.text .text*)
 .text          0x08006054        0x0 ./Middlewares/STM32_Secure_Engine/se_interface_bootloader.o
 .text.SE_Init  0x08006054       0x4c ./Middlewares/STM32_Secure_Engine/se_interface_bootloader.o
                0x08006054                SE_Init
 .text.SE_Startup
                0x080060a0       0x48 ./Middlewares/STM32_Secure_Engine/se_interface_bootloader.o
                0x080060a0                SE_Startup
 .text.SE_LockRestrictServices
                0x080060e8       0x60 ./Middlewares/STM32_Secure_Engine/se_interface_bootloader.o
                0x080060e8                SE_LockRestrictServices
 .text.SE_CM0_Update
                0x08006148       0x60 ./Middlewares/STM32_Secure_Engine/se_interface_bootloader.o
                0x08006148                SE_CM0_Update
 .text.SE_ExtFlash_Decrypt_Init
                0x080061a8       0x64 ./Middlewares/STM32_Secure_Engine/se_interface_bootloader.o
                0x080061a8                SE_ExtFlash_Decrypt_Init
 .text.SE_SFU_IMG_Read
                0x0800620c       0x70 ./Middlewares/STM32_Secure_Engine/se_interface_bootloader.o
                0x0800620c                SE_SFU_IMG_Read
 .text.SE_SFU_IMG_Write
                0x0800627c       0x70 ./Middlewares/STM32_Secure_Engine/se_interface_bootloader.o
                0x0800627c                SE_SFU_IMG_Write
 .text.SE_SFU_IMG_Erase
                0x080062ec       0x6c ./Middlewares/STM32_Secure_Engine/se_interface_bootloader.o
                0x080062ec                SE_SFU_IMG_Erase
 .text.SE_Decrypt_Init
                0x08006358       0x70 ./Middlewares/STM32_Secure_Engine/se_interface_bootloader.o
                0x08006358                SE_Decrypt_Init
 .text.SE_Decrypt_Append
                0x080063c8       0x78 ./Middlewares/STM32_Secure_Engine/se_interface_bootloader.o
                0x080063c8                SE_Decrypt_Append
 .text.SE_Decrypt_Finish
                0x08006440       0x6c ./Middlewares/STM32_Secure_Engine/se_interface_bootloader.o
                0x08006440                SE_Decrypt_Finish
 .text.SE_AuthenticateFW_Init
                0x080064ac       0x70 ./Middlewares/STM32_Secure_Engine/se_interface_bootloader.o
                0x080064ac                SE_AuthenticateFW_Init
 .text.SE_AuthenticateFW_Append
                0x0800651c       0x78 ./Middlewares/STM32_Secure_Engine/se_interface_bootloader.o
                0x0800651c                SE_AuthenticateFW_Append
 .text.SE_AuthenticateFW_Finish
                0x08006594       0x6c ./Middlewares/STM32_Secure_Engine/se_interface_bootloader.o
                0x08006594                SE_AuthenticateFW_Finish
 .text.SE_VerifyHeaderSignature
                0x08006600       0x60 ./Middlewares/STM32_Secure_Engine/se_interface_bootloader.o
                0x08006600                SE_VerifyHeaderSignature
 *se_interface_common.o(.text .text*)
 .text          0x08006660        0x0 ./Middlewares/STM32_Secure_Engine/se_interface_common.o
 .text.SE_EnterSecureMode
                0x08006660        0xa ./Middlewares/STM32_Secure_Engine/se_interface_common.o
                0x08006660                SE_EnterSecureMode
 .text.SE_ExitSecureMode
                0x0800666a        0x8 ./Middlewares/STM32_Secure_Engine/se_interface_common.o
                0x0800666a                SE_ExitSecureMode
 .text.SE_IsUnprivileged
                0x08006672       0x14 ./Middlewares/STM32_Secure_Engine/se_interface_common.o
                0x08006672                SE_IsUnprivileged
 .text.SE_SysCall
                0x08006686        0x4 ./Middlewares/STM32_Secure_Engine/se_interface_common.o
                0x08006686                SE_SysCall
 *fill*         0x0800668a        0x2 
 .text.SE_SVC_Handler
                0x0800668c       0xe8 ./Middlewares/STM32_Secure_Engine/se_interface_common.o
                0x0800668c                SE_SVC_Handler

.text           0x08006b00     0x56e0
                0x08006b00                        . = ALIGN (0x8)
 *(.text)
 .text          0x08006b00       0x48 /opt/ST/STM32CubeCLT_1.20.0/GNU-tools-for-STM32/bin/../lib/gcc/arm-none-eabi/13.3.1/thumb/v6-m/nofp/crtbegin.o
 .text          0x08006b48        0xc ./Application/Startup/sfu_se_mpu.o
                0x08006b48                SVC_Handler
 .text          0x08006b54       0x14 /opt/ST/STM32CubeCLT_1.20.0/GNU-tools-for-STM32/bin/../lib/gcc/arm-none-eabi/13.3.1/thumb/v6-m/nofp/libgcc.a(_thumb1_case_uqi.o)
                0x08006b54                __gnu_thumb1_case_uqi
 .text          0x08006b68       0x14 /opt/ST/STM32CubeCLT_1.20.0/GNU-tools-for-STM32/bin/../lib/gcc/arm-none-eabi/13.3.1/thumb/v6-m/nofp/libgcc.a(_thumb1_case_shi.o)
                0x08006b68                __gnu_thumb1_case_shi
 .text          0x08006b7c      0x114 /opt/ST/STM32CubeCLT_1.20.0/GNU-tools-for-STM32/bin/../lib/gcc/arm-none-eabi/13.3.1/thumb/v6-m/nofp/libgcc.a(_udivsi3.o)
                0x08006b7c                __udivsi3
                0x08006b7c                __aeabi_uidiv
                0x08006c88                __aeabi_uidivmod
 .text          0x08006c90        0x4 /opt/ST/STM32CubeCLT_1.20.0/GNU-tools-for-STM32/bin/../lib/gcc/arm-none-eabi/13.3.1/thumb/v6-m/nofp/libgcc.a(_dvmd_tls.o)
                0x08006c90                __aeabi_ldiv0
                0x08006c90                __aeabi_idiv0
 .text          0x08006c94       0x40 /opt/ST/STM32CubeCLT_1.20.0/GNU-tools-for-STM32/bin/../lib/gcc/arm-none-eabi/13.3.1/thumb/v6-m/nofp/libgcc.a(_aeabi_uldivmod.o)
                0x08006c94                __aeabi_uldivmod
 .text          0x08006cd4      0x198 /opt/ST/STM32CubeCLT_1.20.0/GNU-tools-for-STM32/bin/../lib/gcc/arm-none-eabi/13.3.1/thumb/v6-m/nofp/libgcc.a(_udivmoddi4.o)
                0x08006cd4                __udivmoddi4
 .text          0x08006e6c       0x18 /opt/ST/STM32CubeCLT_1.20.0/GNU-tools-for-STM32/bin/../lib/gcc/arm-none-eabi/13.3.1/thumb/v6-m/nofp/libgcc.a(_clzdi2.o)
                0x08006e6c                __clzdi2
 .text          0x08006e84       0x3c /opt/ST/STM32CubeCLT_1.20.0/GNU-tools-for-STM32/bin/../lib/gcc/arm-none-eabi/13.3.1/thumb/v6-m/nofp/libgcc.a(_clzsi2.o)
                0x08006e84                __clzsi2
 *(.text*)
 .text.SystemClock_Config
                0x08006ec0       0x6a ./Application/Core/main.o
                0x08006ec0                SystemClock_Config
 .text.startup.main
                0x08006f2a       0x16 ./Application/Core/main.o
                0x08006f2a                main
 .text.HAL_MspInit
                0x08006f40       0x28 ./Application/Core/stm32g0xx_hal_msp.o
                0x08006f40                HAL_MspInit
 .text.HAL_RTC_MspInit
                0x08006f68        0x8 ./Application/Core/stm32g0xx_hal_msp.o
                0x08006f68                HAL_RTC_MspInit
 .text.HAL_UART_MspInit
                0x08006f70        0x8 ./Application/Core/stm32g0xx_hal_msp.o
                0x08006f70                HAL_UART_MspInit
 .text.PendSV_Handler
                0x08006f78        0x2 ./Application/Core/stm32g0xx_it.o
                0x08006f78                PendSV_Handler
 .text.SysTick_Handler
                0x08006f7a        0x8 ./Application/Core/stm32g0xx_it.o
                0x08006f7a                SysTick_Handler
 *fill*         0x08006f82        0x2 
 .text.RTC_TAMP_IRQHandler
                0x08006f84       0x10 ./Application/Core/stm32g0xx_it.o
                0x08006f84                RTC_TAMP_IRQHandler
 .text._read    0x08006f94       0x1a ./Application/Core/syscalls.o
                0x08006f94                _read
 .text._write   0x08006fae       0x1a ./Application/Core/syscalls.o
                0x08006fae                _write
 .text._sbrk    0x08006fc8       0x34 ./Application/Core/syscalls.o
                0x08006fc8                _sbrk
 .text._close   0x08006ffc        0x6 ./Application/Core/syscalls.o
                0x08006ffc                _close
 .text._fstat   0x08007002        0xa ./Application/Core/syscalls.o
                0x08007002                _fstat
 .text._isatty  0x0800700c        0x4 ./Application/Core/syscalls.o
                0x0800700c                _isatty
 .text._lseek   0x08007010        0x4 ./Application/Core/syscalls.o
                0x08007010                _lseek
 .text.SFU_BOOT_SM_HandleCriticalFailure
                0x08007014       0x20 ./Application/SBSFU/App/sfu_boot.o
 .text.SFU_BOOT_SM_VerifyUserFwSignature
                0x08007034       0xf0 ./Application/SBSFU/App/sfu_boot.o
 .text.SFU_BOOT_SM_CheckUserFwStatus
                0x08007124       0xc4 ./Application/SBSFU/App/sfu_boot.o
 .text.SFU_BOOT_SM_DownloadNewUserFw
                0x080071e8       0xb4 ./Application/SBSFU/App/sfu_boot.o
 .text.SFU_BOOT_SM_CheckNewFwToDownload
                0x0800729c       0x44 ./Application/SBSFU/App/sfu_boot.o
 .text.SFU_BOOT_SM_CheckStatusOnReset
                0x080072e0       0x80 ./Application/SBSFU/App/sfu_boot.o
 .text.SFU_BOOT_DeInit.isra.0
                0x08007360       0x20 ./Application/SBSFU/App/sfu_boot.o
 .text.SFU_BOOT_ForceReboot
                0x08007380       0x40 ./Application/SBSFU/App/sfu_boot.o
                0x08007380                SFU_BOOT_ForceReboot
 .text.SFU_BOOT_SM_RebootStateMachine
                0x080073c0       0x18 ./Application/SBSFU/App/sfu_boot.o
 .text.SFU_BOOT_SM_ExecuteUserFw
                0x080073d8      0x104 ./Application/SBSFU/App/sfu_boot.o
 .text.SFU_BOOT_RunSecureBootService
                0x080074dc      0x12c ./Application/SBSFU/App/sfu_boot.o
                0x080074dc                SFU_BOOT_RunSecureBootService
 .text.HAL_RTCEx_Tamper2EventCallback
                0x08007608        0xa ./Application/SBSFU/App/sfu_boot.o
                0x08007608                HAL_RTCEx_Tamper2EventCallback
 .text.SFU_COM_Serial_PutByte
                0x08007612       0x14 ./Application/SBSFU/App/sfu_com_loader.o
                0x08007612                SFU_COM_Serial_PutByte
 *fill*         0x08007626        0x2 
 .text.SFU_COM_YMODEM_Receive
                0x08007628      0x330 ./Application/SBSFU/App/sfu_com_loader.o
                0x08007628                SFU_COM_YMODEM_Receive
 .text.SFU_COM_Init
                0x08007958       0x1c ./Application/SBSFU/App/sfu_com_trace.o
                0x08007958                SFU_COM_Init
 .text.SFU_COM_Serial_PutString
                0x08007974       0x24 ./Application/SBSFU/App/sfu_com_trace.o
                0x08007974                SFU_COM_Serial_PutString
 .text.__io_putchar
                0x08007998       0x18 ./Application/SBSFU/App/sfu_com_trace.o
                0x08007998                __io_putchar
 .text.SFU_EXCPT_SetError
                0x080079b0       0x1c ./Application/SBSFU/App/sfu_error.o
                0x080079b0                SFU_EXCPT_SetError
 .text.SFU_EXCPT_IrqExceptionHandler
                0x080079cc       0x40 ./Application/SBSFU/App/sfu_error.o
                0x080079cc                SFU_EXCPT_IrqExceptionHandler
 .text.SFU_EXCPT_Security_Error
                0x08007a0c       0x40 ./Application/SBSFU/App/sfu_error.o
                0x08007a0c                SFU_EXCPT_Security_Error
 .text.SFU_EXCPT_Init
                0x08007a4c        0x8 ./Application/SBSFU/App/sfu_error.o
                0x08007a4c                SFU_EXCPT_Init
 .text.SFU_EXCPT_DeInit
                0x08007a54        0x8 ./Application/SBSFU/App/sfu_error.o
                0x08007a54                SFU_EXCPT_DeInit
 .text.MemoryCompare
                0x08007a5c       0x60 ./Application/SBSFU/App/sfu_fwimg_common.o
                0x08007a5c                MemoryCompare
 .text.VerifyFwSignatureScatter
                0x08007abc      0x234 ./Application/SBSFU/App/sfu_fwimg_common.o
                0x08007abc                VerifyFwSignatureScatter
 .text.VerifyFwSignature
                0x08007cf0       0x50 ./Application/SBSFU/App/sfu_fwimg_common.o
                0x08007cf0                VerifyFwSignature
 .text.VerifySlot
                0x08007d40       0x20 ./Application/SBSFU/App/sfu_fwimg_common.o
                0x08007d40                VerifySlot
 .text.CleanUpSlot
                0x08007d60       0x64 ./Application/SBSFU/App/sfu_fwimg_common.o
                0x08007d60                CleanUpSlot
 .text.SFU_IMG_InitImageHandling
                0x08007dc4       0xa0 ./Application/SBSFU/App/sfu_fwimg_common.o
                0x08007dc4                SFU_IMG_InitImageHandling
 .text.SFU_IMG_InvalidateCurrentFirmware
                0x08007e64       0x24 ./Application/SBSFU/App/sfu_fwimg_common.o
                0x08007e64                SFU_IMG_InvalidateCurrentFirmware
 .text.SFU_IMG_VerifyActiveImg
                0x08007e88       0x1c ./Application/SBSFU/App/sfu_fwimg_common.o
                0x08007e88                SFU_IMG_VerifyActiveImg
 .text.SFU_IMG_VerifyActiveSlot
                0x08007ea4       0x24 ./Application/SBSFU/App/sfu_fwimg_common.o
                0x08007ea4                SFU_IMG_VerifyActiveSlot
 .text.SFU_IMG_VerifyEmptyActiveSlot
                0x08007ec8       0x1c ./Application/SBSFU/App/sfu_fwimg_common.o
                0x08007ec8                SFU_IMG_VerifyEmptyActiveSlot
 .text.SFU_IMG_ControlActiveImgTag
                0x08007ee4       0x40 ./Application/SBSFU/App/sfu_fwimg_common.o
                0x08007ee4                SFU_IMG_ControlActiveImgTag
 .text.SFU_IMG_LaunchActiveImg
                0x08007f24       0x40 ./Application/SBSFU/App/sfu_fwimg_common.o
                0x08007f24                SFU_IMG_LaunchActiveImg
 .text.SFU_IMG_Validation
                0x08007f64        0x8 ./Application/SBSFU/App/sfu_fwimg_common.o
                0x08007f64                SFU_IMG_Validation
 .text.SFU_IMG_GetFwImageSlot
                0x08007f6c       0x14 ./Application/SBSFU/App/sfu_fwimg_common.o
                0x08007f6c                SFU_IMG_GetFwImageSlot
 .text.VerifyHeaderSignature
                0x08007f80       0x58 ./Application/SBSFU/App/sfu_fwimg_common.o
                0x08007f80                VerifyHeaderSignature
 .text.CheckAndGetFWHeader
                0x08007fd8       0x2c ./Application/SBSFU/App/sfu_fwimg_common.o
                0x08007fd8                CheckAndGetFWHeader
 .text.SFU_IMG_VerifyActiveImgMetadata
                0x08008004       0x10 ./Application/SBSFU/App/sfu_fwimg_common.o
                0x08008004                SFU_IMG_VerifyActiveImgMetadata
 .text.SFU_IMG_GetActiveFwVersion
                0x08008014       0x20 ./Application/SBSFU/App/sfu_fwimg_common.o
                0x08008014                SFU_IMG_GetActiveFwVersion
 .text.SFU_IMG_DetectFW
                0x08008034       0x50 ./Application/SBSFU/App/sfu_fwimg_common.o
                0x08008034                SFU_IMG_DetectFW
 .text.SFU_IMG_CheckFwVersion
                0x08008084       0x28 ./Application/SBSFU/App/sfu_fwimg_common.o
                0x08008084                SFU_IMG_CheckFwVersion
 .text.SFU_LOADER_VerifyFwHeader
                0x080080ac      0x1a8 ./Application/SBSFU/App/sfu_loader.o
 .text.SFU_LOADER_Init
                0x08008254        0x8 ./Application/SBSFU/App/sfu_loader.o
                0x08008254                SFU_LOADER_Init
 .text.SFU_LOADER_DeInit
                0x0800825c        0x8 ./Application/SBSFU/App/sfu_loader.o
                0x0800825c                SFU_LOADER_DeInit
 .text.SFU_LOADER_DownloadNewUserFw
                0x08008264       0xd8 ./Application/SBSFU/App/sfu_loader.o
                0x08008264                SFU_LOADER_DownloadNewUserFw
 .text.SFU_COM_YMODEM_HeaderPktRxCpltCallback
                0x0800833c       0x2c ./Application/SBSFU/App/sfu_loader.o
                0x0800833c                SFU_COM_YMODEM_HeaderPktRxCpltCallback
 .text.SFU_COM_YMODEM_DataPktRxCpltCallback
                0x08008368      0x22c ./Application/SBSFU/App/sfu_loader.o
                0x08008368                SFU_COM_YMODEM_DataPktRxCpltCallback
 .text.SFU_MPU_SVC_Handler
                0x08008594       0xc8 ./Application/SBSFU/App/sfu_mpu_isolation.o
                0x08008594                SFU_MPU_SVC_Handler
 .text.MPU_SVC_Handler
                0x0800865c       0x22 ./Application/SBSFU/App/sfu_mpu_isolation.o
                0x0800865c                MPU_SVC_Handler
 .text.SFU_MPU_SysCall
                0x0800867e        0x8 ./Application/SBSFU/App/sfu_mpu_isolation.o
                0x0800867e                SFU_MPU_SysCall
 .text.SFU_MPU_IsUnprivileged
                0x08008686       0x14 ./Application/SBSFU/App/sfu_mpu_isolation.o
                0x08008686                SFU_MPU_IsUnprivileged
 *fill*         0x0800869a        0x2 
 .text.SFU_MPU_EnterUnprivilegedMode
                0x0800869c       0x28 ./Application/SBSFU/App/sfu_mpu_isolation.o
                0x0800869c                SFU_MPU_EnterUnprivilegedMode
 .text.SFU_IMG_GetDownloadAreaInfo
                0x080086c4       0x2c ./Application/SBSFU/App/sfu_new_image.o
                0x080086c4                SFU_IMG_GetDownloadAreaInfo
 .text.SFU_LL_DeInit
                0x080086f0        0x8 ./Application/SBSFU/Target/sfu_low_level.o
                0x080086f0                SFU_LL_DeInit
 .text.SFU_LL_CRC_Config
                0x080086f8       0x58 ./Application/SBSFU/Target/sfu_low_level.o
                0x080086f8                SFU_LL_CRC_Config
 .text.SFU_LL_CRC_Init
                0x08008750       0x24 ./Application/SBSFU/Target/sfu_low_level.o
                0x08008750                SFU_LL_CRC_Init
 .text.SFU_LL_Init
                0x08008774        0x8 ./Application/SBSFU/Target/sfu_low_level.o
                0x08008774                SFU_LL_Init
 .text.SFU_LL_CRC_Calculate
                0x0800877c       0x14 ./Application/SBSFU/Target/sfu_low_level.o
                0x0800877c                SFU_LL_CRC_Calculate
 .text.SFU_LL_UART_Init
                0x08008790       0x4c ./Application/SBSFU/Target/sfu_low_level.o
                0x08008790                SFU_LL_UART_Init
 .text.SFU_LL_UART_Transmit
                0x080087dc       0x2c ./Application/SBSFU/Target/sfu_low_level.o
                0x080087dc                SFU_LL_UART_Transmit
 .text.SFU_LL_UART_Receive
                0x08008808       0x2c ./Application/SBSFU/Target/sfu_low_level.o
                0x08008808                SFU_LL_UART_Receive
 .text.SFU_LL_UART_Flush
                0x08008834       0x20 ./Application/SBSFU/Target/sfu_low_level.o
                0x08008834                SFU_LL_UART_Flush
 .text.SFU_LL_RTC_MspInit
                0x08008854       0x80 ./Application/SBSFU/Target/sfu_low_level.o
                0x08008854                SFU_LL_RTC_MspInit
 .text.SFU_LL_UART_MspInit
                0x080088d4       0x80 ./Application/SBSFU/Target/sfu_low_level.o
                0x080088d4                SFU_LL_UART_MspInit
 .text.SFU_LL_BufferCheck_in_se_ram
                0x08008954       0x3c ./Application/SBSFU/Target/sfu_low_level.o
                0x08008954                SFU_LL_BufferCheck_in_se_ram
 .text.SFU_LL_Buffer_in_ram
                0x08008990       0x3c ./Application/SBSFU/Target/sfu_low_level.o
                0x08008990                SFU_LL_Buffer_in_ram
 .text.SFU_LL_FLASH_Init
                0x080089cc       0x18 ./Application/SBSFU/Target/sfu_low_level_flash.o
                0x080089cc                SFU_LL_FLASH_Init
 .text.SFU_LL_FLASH_Erase_Size
                0x080089e4       0x16 ./Application/SBSFU/Target/sfu_low_level_flash.o
                0x080089e4                SFU_LL_FLASH_Erase_Size
 .text.SFU_LL_FLASH_Write
                0x080089fa       0x16 ./Application/SBSFU/Target/sfu_low_level_flash.o
                0x080089fa                SFU_LL_FLASH_Write
 .text.SFU_LL_FLASH_Read
                0x08008a10       0x16 ./Application/SBSFU/Target/sfu_low_level_flash.o
                0x08008a10                SFU_LL_FLASH_Read
 .text.SFU_LL_FLASH_Compare
                0x08008a26       0x16 ./Application/SBSFU/Target/sfu_low_level_flash.o
                0x08008a26                SFU_LL_FLASH_Compare
 .text.SFU_LL_FLASH_Config_Exe
                0x08008a3c       0x24 ./Application/SBSFU/Target/sfu_low_level_flash.o
                0x08008a3c                SFU_LL_FLASH_Config_Exe
 .text.SFU_LL_FLASH_EXT_Init
                0x08008a60        0x8 ./Application/SBSFU/Target/sfu_low_level_flash_ext.o
                0x08008a60                SFU_LL_FLASH_EXT_Init
 .text.SFU_LL_FLASH_EXT_Erase_Size
                0x08008a68        0x8 ./Application/SBSFU/Target/sfu_low_level_flash_ext.o
                0x08008a68                SFU_LL_FLASH_EXT_Erase_Size
 .text.SFU_LL_FLASH_EXT_Write
                0x08008a70        0x8 ./Application/SBSFU/Target/sfu_low_level_flash_ext.o
                0x08008a70                SFU_LL_FLASH_EXT_Write
 .text.SFU_LL_FLASH_EXT_Read
                0x08008a78        0x8 ./Application/SBSFU/Target/sfu_low_level_flash_ext.o
                0x08008a78                SFU_LL_FLASH_EXT_Read
 .text.SFU_LL_FLASH_EXT_Compare
                0x08008a80        0x8 ./Application/SBSFU/Target/sfu_low_level_flash_ext.o
                0x08008a80                SFU_LL_FLASH_EXT_Compare
 .text.SFU_LL_FLASH_EXT_Config_Exe
                0x08008a88        0x8 ./Application/SBSFU/Target/sfu_low_level_flash_ext.o
                0x08008a88                SFU_LL_FLASH_EXT_Config_Exe
 .text.SFU_LL_FLASH_INT_Clear_Error
                0x08008a90       0x30 ./Application/SBSFU/Target/sfu_low_level_flash_int.o
 .text.SFU_LL_FLASH_INT_Init
                0x08008ac0        0x8 ./Application/SBSFU/Target/sfu_low_level_flash_int.o
                0x08008ac0                SFU_LL_FLASH_INT_Init
 .text.SFU_LL_FLASH_INT_Erase_Size
                0x08008ac8       0x98 ./Application/SBSFU/Target/sfu_low_level_flash_int.o
                0x08008ac8                SFU_LL_FLASH_INT_Erase_Size
 .text.SFU_LL_FLASH_INT_Write
                0x08008b60       0xd8 ./Application/SBSFU/Target/sfu_low_level_flash_int.o
                0x08008b60                SFU_LL_FLASH_INT_Write
 .text.SFU_LL_FLASH_INT_Read
                0x08008c38       0x8c ./Application/SBSFU/Target/sfu_low_level_flash_int.o
                0x08008c38                SFU_LL_FLASH_INT_Read
 .text.SFU_LL_FLASH_INT_Compare
                0x08008cc4       0x38 ./Application/SBSFU/Target/sfu_low_level_flash_int.o
                0x08008cc4                SFU_LL_FLASH_INT_Compare
 .text.NMI_Handler
                0x08008cfc       0x6c ./Application/SBSFU/Target/sfu_low_level_flash_int.o
                0x08008cfc                NMI_Handler
 .text.HardFault_Handler
                0x08008d68        0xa ./Application/SBSFU/Target/sfu_low_level_flash_int.o
                0x08008d68                HardFault_Handler
 *fill*         0x08008d72        0x2 
 .text.SFU_LL_SECU_CheckProtectionPCROP
                0x08008d74       0x50 ./Application/SBSFU/Target/sfu_low_level_security.o
 .text.SFU_LL_SECU_CheckProtectionSecUser.isra.0
                0x08008dc4       0x58 ./Application/SBSFU/Target/sfu_low_level_security.o
 .text.SFU_LL_SECU_CheckApplyStaticProtections
                0x08008e1c      0x2a0 ./Application/SBSFU/Target/sfu_low_level_security.o
                0x08008e1c                SFU_LL_SECU_CheckApplyStaticProtections
 .text.SFU_LL_SECU_GetResetSources
                0x080090bc       0x3c ./Application/SBSFU/Target/sfu_low_level_security.o
                0x080090bc                SFU_LL_SECU_GetResetSources
 .text.SFU_LL_SECU_ClearResetSources
                0x080090f8       0x14 ./Application/SBSFU/Target/sfu_low_level_security.o
                0x080090f8                SFU_LL_SECU_ClearResetSources
 .text.SFU_LL_SECU_IWDG_Refresh
                0x0800910c       0x24 ./Application/SBSFU/Target/sfu_low_level_security.o
                0x0800910c                SFU_LL_SECU_IWDG_Refresh
 .text.SFU_LL_SECU_SetProtectionMPU
                0x08009130      0x118 ./Application/SBSFU/Target/sfu_low_level_security.o
                0x08009130                SFU_LL_SECU_SetProtectionMPU
 .text.SFU_LL_SECU_SetProtectionMPU_SecUser
                0x08009248       0x38 ./Application/SBSFU/Target/sfu_low_level_security.o
                0x08009248                SFU_LL_SECU_SetProtectionMPU_SecUser
 .text.SFU_LL_SECU_SetProtectionDMA
                0x08009280       0x38 ./Application/SBSFU/Target/sfu_low_level_security.o
                0x08009280                SFU_LL_SECU_SetProtectionDMA
 .text.SFU_LL_SECU_SetProtectionDAP
                0x080092b8       0x58 ./Application/SBSFU/Target/sfu_low_level_security.o
                0x080092b8                SFU_LL_SECU_SetProtectionDAP
 .text.SFU_LL_SECU_SetProtectionANTI_TAMPER
                0x08009310       0xa8 ./Application/SBSFU/Target/sfu_low_level_security.o
                0x08009310                SFU_LL_SECU_SetProtectionANTI_TAMPER
 .text.SFU_LL_SECU_CheckApplyRuntimeProtections
                0x080093b8       0xb0 ./Application/SBSFU/Target/sfu_low_level_security.o
                0x080093b8                SFU_LL_SECU_CheckApplyRuntimeProtections
 .text.Reset_Handler
                0x08009468       0x50 ./Application/Startup/startup_stm32g071xx.o
                0x08009468                Reset_Handler
 .text.Default_Handler
                0x080094b8        0x2 ./Application/Startup/startup_stm32g071xx.o
                0x080094b8                TIM1_BRK_UP_TRG_COM_IRQHandler
                0x080094b8                TIM1_CC_IRQHandler
                0x080094b8                ADC1_COMP_IRQHandler
                0x080094b8                PVD_IRQHandler
                0x080094b8                I2C1_IRQHandler
                0x080094b8                TIM7_LPTIM2_IRQHandler
                0x080094b8                SPI1_IRQHandler
                0x080094b8                EXTI2_3_IRQHandler
                0x080094b8                I2C2_IRQHandler
                0x080094b8                TIM17_IRQHandler
                0x080094b8                TIM16_IRQHandler
                0x080094b8                TIM3_IRQHandler
                0x080094b8                EXTI4_15_IRQHandler
                0x080094b8                RCC_IRQHandler
                0x080094b8                DMA1_Channel1_IRQHandler
                0x080094b8                Default_Handler
                0x080094b8                CEC_IRQHandler
                0x080094b8                TIM14_IRQHandler
                0x080094b8                TIM15_IRQHandler
                0x080094b8                EXTI0_1_IRQHandler
                0x080094b8                SPI2_IRQHandler
                0x080094b8                TIM6_DAC_LPTIM1_IRQHandler
                0x080094b8                WWDG_IRQHandler
                0x080094b8                TIM2_IRQHandler
                0x080094b8                DMA1_Ch4_7_DMAMUX1_OVR_IRQHandler
                0x080094b8                DMA1_Channel2_3_IRQHandler
                0x080094b8                UCPD1_2_IRQHandler
                0x080094b8                USART2_IRQHandler
                0x080094b8                FLASH_IRQHandler
                0x080094b8                USART1_IRQHandler
                0x080094b8                USART3_4_LPUART1_IRQHandler
 *fill*         0x080094ba        0x2 
 .text.BSP_LED_Init
                0x080094bc       0x44 ./Drivers/BSP/STM32G0xx_Nucleo/stm32g0xx_nucleo.o
                0x080094bc                BSP_LED_Init
 .text.BSP_LED_Off
                0x08009500       0x18 ./Drivers/BSP/STM32G0xx_Nucleo/stm32g0xx_nucleo.o
                0x08009500                BSP_LED_Off
 .text.BSP_LED_Toggle
                0x08009518       0x18 ./Drivers/BSP/STM32G0xx_Nucleo/stm32g0xx_nucleo.o
                0x08009518                BSP_LED_Toggle
 .text.BSP_PB_Init
                0x08009530       0x74 ./Drivers/BSP/STM32G0xx_Nucleo/stm32g0xx_nucleo.o
                0x08009530                BSP_PB_Init
 .text.BSP_PB_GetState
                0x080095a4       0x18 ./Drivers/BSP/STM32G0xx_Nucleo/stm32g0xx_nucleo.o
                0x080095a4                BSP_PB_GetState
 .text.SystemInit
                0x080095bc        0x2 ./Drivers/CMSIS/system_stm32g0xx.o
                0x080095bc                SystemInit
 *fill*         0x080095be        0x2 
 .text.HAL_InitTick
                0x080095c0       0x48 ./Drivers/STM32G0xx_HAL_Driver/stm32g0xx_hal.o
                0x080095c0                HAL_InitTick
 .text.HAL_Init
                0x08009608       0x28 ./Drivers/STM32G0xx_HAL_Driver/stm32g0xx_hal.o
                0x08009608                HAL_Init
 .text.HAL_IncTick
                0x08009630       0x18 ./Drivers/STM32G0xx_HAL_Driver/stm32g0xx_hal.o
                0x08009630                HAL_IncTick
 .text.HAL_GetTick
                0x08009648        0xc ./Drivers/STM32G0xx_HAL_Driver/stm32g0xx_hal.o
                0x08009648                HAL_GetTick
 .text.HAL_Delay
                0x08009654       0x24 ./Drivers/STM32G0xx_HAL_Driver/stm32g0xx_hal.o
                0x08009654                HAL_Delay
 .text.HAL_SuspendTick
                0x08009678       0x10 ./Drivers/STM32G0xx_HAL_Driver/stm32g0xx_hal.o
                0x08009678                HAL_SuspendTick
 .text.HAL_NVIC_SetPriority
                0x08009688       0x54 ./Drivers/STM32G0xx_HAL_Driver/stm32g0xx_hal_cortex.o
                0x08009688                HAL_NVIC_SetPriority
 .text.HAL_NVIC_EnableIRQ
                0x080096dc       0x18 ./Drivers/STM32G0xx_HAL_Driver/stm32g0xx_hal_cortex.o
                0x080096dc                HAL_NVIC_EnableIRQ
 .text.HAL_NVIC_SystemReset
                0x080096f4       0x1c ./Drivers/STM32G0xx_HAL_Driver/stm32g0xx_hal_cortex.o
                0x080096f4                HAL_NVIC_SystemReset
 .text.HAL_SYSTICK_Config
                0x08009710       0x34 ./Drivers/STM32G0xx_HAL_Driver/stm32g0xx_hal_cortex.o
                0x08009710                HAL_SYSTICK_Config
 .text.HAL_MPU_Enable
                0x08009744       0x18 ./Drivers/STM32G0xx_HAL_Driver/stm32g0xx_hal_cortex.o
                0x08009744                HAL_MPU_Enable
 .text.HAL_MPU_ConfigRegion
                0x0800975c       0x50 ./Drivers/STM32G0xx_HAL_Driver/stm32g0xx_hal_cortex.o
                0x0800975c                HAL_MPU_ConfigRegion
 .text.CRC_Handle_8
                0x080097ac       0x58 ./Drivers/STM32G0xx_HAL_Driver/stm32g0xx_hal_crc.o
 .text.CRC_Handle_16
                0x08009804       0x2c ./Drivers/STM32G0xx_HAL_Driver/stm32g0xx_hal_crc.o
 .text.HAL_CRC_MspInit
                0x08009830        0x2 ./Drivers/STM32G0xx_HAL_Driver/stm32g0xx_hal_crc.o
                0x08009830                HAL_CRC_MspInit
 *fill*         0x08009832        0x2 
 .text.HAL_CRC_Init
                0x08009834       0x74 ./Drivers/STM32G0xx_HAL_Driver/stm32g0xx_hal_crc.o
                0x08009834                HAL_CRC_Init
 .text.HAL_CRC_Calculate
                0x080098a8       0x4a ./Drivers/STM32G0xx_HAL_Driver/stm32g0xx_hal_crc.o
                0x080098a8                HAL_CRC_Calculate
 .text.HAL_CRCEx_Polynomial_Set
                0x080098f2       0x5a ./Drivers/STM32G0xx_HAL_Driver/stm32g0xx_hal_crc_ex.o
                0x080098f2                HAL_CRCEx_Polynomial_Set
 .text.HAL_FLASH_Unlock
                0x0800994c       0x24 ./Drivers/STM32G0xx_HAL_Driver/stm32g0xx_hal_flash.o
                0x0800994c                HAL_FLASH_Unlock
 .text.HAL_FLASH_Lock
                0x08009970       0x18 ./Drivers/STM32G0xx_HAL_Driver/stm32g0xx_hal_flash.o
                0x08009970                HAL_FLASH_Lock
 .text.HAL_FLASH_OB_Unlock
                0x08009988       0x28 ./Drivers/STM32G0xx_HAL_Driver/stm32g0xx_hal_flash.o
                0x08009988                HAL_FLASH_OB_Unlock
 .text.HAL_FLASH_OB_Lock
                0x080099b0       0x1c ./Drivers/STM32G0xx_HAL_Driver/stm32g0xx_hal_flash.o
                0x080099b0                HAL_FLASH_OB_Lock
 .text.HAL_FLASH_OB_Launch
                0x080099cc       0x14 ./Drivers/STM32G0xx_HAL_Driver/stm32g0xx_hal_flash.o
                0x080099cc                HAL_FLASH_OB_Launch
 .text.FLASH_WaitForLastOperation
                0x080099e0       0x68 ./Drivers/STM32G0xx_HAL_Driver/stm32g0xx_hal_flash.o
                0x080099e0                FLASH_WaitForLastOperation
 .text.HAL_FLASH_Program
                0x08009a48       0x68 ./Drivers/STM32G0xx_HAL_Driver/stm32g0xx_hal_flash.o
                0x08009a48                HAL_FLASH_Program
 .text.HAL_FLASHEx_OBProgram
                0x08009ab0      0x14c ./Drivers/STM32G0xx_HAL_Driver/stm32g0xx_hal_flash_ex.o
                0x08009ab0                HAL_FLASHEx_OBProgram
 .text.HAL_FLASHEx_OBGetConfig
                0x08009bfc       0xb0 ./Drivers/STM32G0xx_HAL_Driver/stm32g0xx_hal_flash_ex.o
                0x08009bfc                HAL_FLASHEx_OBGetConfig
 .text.FLASH_PageErase
                0x08009cac       0x20 ./Drivers/STM32G0xx_HAL_Driver/stm32g0xx_hal_flash_ex.o
                0x08009cac                FLASH_PageErase
 .text.HAL_FLASHEx_Erase
                0x08009ccc       0x94 ./Drivers/STM32G0xx_HAL_Driver/stm32g0xx_hal_flash_ex.o
                0x08009ccc                HAL_FLASHEx_Erase
 .text.HAL_GPIO_Init
                0x08009d60      0x164 ./Drivers/STM32G0xx_HAL_Driver/stm32g0xx_hal_gpio.o
                0x08009d60                HAL_GPIO_Init
 .text.HAL_GPIO_ReadPin
                0x08009ec4        0xc ./Drivers/STM32G0xx_HAL_Driver/stm32g0xx_hal_gpio.o
                0x08009ec4                HAL_GPIO_ReadPin
 .text.HAL_GPIO_WritePin
                0x08009ed0        0xc ./Drivers/STM32G0xx_HAL_Driver/stm32g0xx_hal_gpio.o
                0x08009ed0                HAL_GPIO_WritePin
 .text.HAL_GPIO_TogglePin
                0x08009edc       0x10 ./Drivers/STM32G0xx_HAL_Driver/stm32g0xx_hal_gpio.o
                0x08009edc                HAL_GPIO_TogglePin
 .text.HAL_IWDG_Init
                0x08009eec       0x64 ./Drivers/STM32G0xx_HAL_Driver/stm32g0xx_hal_iwdg.o
                0x08009eec                HAL_IWDG_Init
 .text.HAL_IWDG_Refresh
                0x08009f50       0x10 ./Drivers/STM32G0xx_HAL_Driver/stm32g0xx_hal_iwdg.o
                0x08009f50                HAL_IWDG_Refresh
 .text.HAL_PWR_EnableBkUpAccess
                0x08009f60       0x14 ./Drivers/STM32G0xx_HAL_Driver/stm32g0xx_hal_pwr.o
                0x08009f60                HAL_PWR_EnableBkUpAccess
 .text.HAL_RCC_OscConfig
                0x08009f74      0x448 ./Drivers/STM32G0xx_HAL_Driver/stm32g0xx_hal_rcc.o
                0x08009f74                HAL_RCC_OscConfig
 .text.HAL_RCC_GetSysClockFreq
                0x0800a3bc       0x88 ./Drivers/STM32G0xx_HAL_Driver/stm32g0xx_hal_rcc.o
                0x0800a3bc                HAL_RCC_GetSysClockFreq
 .text.HAL_RCC_ClockConfig
                0x0800a444      0x154 ./Drivers/STM32G0xx_HAL_Driver/stm32g0xx_hal_rcc.o
                0x0800a444                HAL_RCC_ClockConfig
 .text.HAL_RCC_GetPCLK1Freq
                0x0800a598       0x28 ./Drivers/STM32G0xx_HAL_Driver/stm32g0xx_hal_rcc.o
                0x0800a598                HAL_RCC_GetPCLK1Freq
 .text.HAL_RCCEx_PeriphCLKConfig
                0x0800a5c0      0x208 ./Drivers/STM32G0xx_HAL_Driver/stm32g0xx_hal_rcc_ex.o
                0x0800a5c0                HAL_RCCEx_PeriphCLKConfig
 .text.HAL_RTC_WaitForSynchro
                0x0800a7c8       0x34 ./Drivers/STM32G0xx_HAL_Driver/stm32g0xx_hal_rtc.o
                0x0800a7c8                HAL_RTC_WaitForSynchro
 .text.RTC_EnterInitMode
                0x0800a7fc       0x50 ./Drivers/STM32G0xx_HAL_Driver/stm32g0xx_hal_rtc.o
                0x0800a7fc                RTC_EnterInitMode
 .text.RTC_ExitInitMode
                0x0800a84c       0x48 ./Drivers/STM32G0xx_HAL_Driver/stm32g0xx_hal_rtc.o
                0x0800a84c                RTC_ExitInitMode
 .text.HAL_RTC_Init
                0x0800a894       0xac ./Drivers/STM32G0xx_HAL_Driver/stm32g0xx_hal_rtc.o
                0x0800a894                HAL_RTC_Init
 .text.HAL_RTCEx_SetTamper_IT
                0x0800a940       0x8c ./Drivers/STM32G0xx_HAL_Driver/stm32g0xx_hal_rtc_ex.o
                0x0800a940                HAL_RTCEx_SetTamper_IT
 .text.HAL_RTCEx_Tamper1EventCallback
                0x0800a9cc        0x2 ./Drivers/STM32G0xx_HAL_Driver/stm32g0xx_hal_rtc_ex.o
                0x0800a9cc                HAL_RTCEx_Tamper1EventCallback
 .text.HAL_RTCEx_InternalTamper3EventCallback
                0x0800a9ce        0x2 ./Drivers/STM32G0xx_HAL_Driver/stm32g0xx_hal_rtc_ex.o
                0x0800a9ce                HAL_RTCEx_InternalTamper3EventCallback
 .text.HAL_RTCEx_InternalTamper4EventCallback
                0x0800a9d0        0x2 ./Drivers/STM32G0xx_HAL_Driver/stm32g0xx_hal_rtc_ex.o
                0x0800a9d0                HAL_RTCEx_InternalTamper4EventCallback
 .text.HAL_RTCEx_InternalTamper5EventCallback
                0x0800a9d2        0x2 ./Drivers/STM32G0xx_HAL_Driver/stm32g0xx_hal_rtc_ex.o
                0x0800a9d2                HAL_RTCEx_InternalTamper5EventCallback
 .text.HAL_RTCEx_InternalTamper6EventCallback
                0x0800a9d4        0x2 ./Drivers/STM32G0xx_HAL_Driver/stm32g0xx_hal_rtc_ex.o
                0x0800a9d4                HAL_RTCEx_InternalTamper6EventCallback
 .text.HAL_RTCEx_TamperIRQHandler
                0x0800a9d6       0x4a ./Drivers/STM32G0xx_HAL_Driver/stm32g0xx_hal_rtc_ex.o
                0x0800a9d6                HAL_RTCEx_TamperIRQHandler
 .text.UART_SetConfig
                0x0800aa20      0x220 ./Drivers/STM32G0xx_HAL_Driver/stm32g0xx_hal_uart.o
                0x0800aa20                UART_SetConfig
 .text.UART_AdvFeatureConfig
                0x0800ac40       0xd0 ./Drivers/STM32G0xx_HAL_Driver/stm32g0xx_hal_uart.o
                0x0800ac40                UART_AdvFeatureConfig
 .text.UART_WaitOnFlagUntilTimeout
                0x0800ad10       0xc8 ./Drivers/STM32G0xx_HAL_Driver/stm32g0xx_hal_uart.o
                0x0800ad10                UART_WaitOnFlagUntilTimeout
 .text.HAL_UART_Transmit
                0x0800add8       0xce ./Drivers/STM32G0xx_HAL_Driver/stm32g0xx_hal_uart.o
                0x0800add8                HAL_UART_Transmit
 *fill*         0x0800aea6        0x2 
 .text.HAL_UART_Receive
                0x0800aea8       0xfc ./Drivers/STM32G0xx_HAL_Driver/stm32g0xx_hal_uart.o
                0x0800aea8                HAL_UART_Receive
 .text.UART_CheckIdleState
                0x0800afa4       0x6c ./Drivers/STM32G0xx_HAL_Driver/stm32g0xx_hal_uart.o
                0x0800afa4                UART_CheckIdleState
 .text.HAL_UART_Init
                0x0800b010       0x68 ./Drivers/STM32G0xx_HAL_Driver/stm32g0xx_hal_uart.o
                0x0800b010                HAL_UART_Init
 .text.setvbuf  0x0800b078      0x16c /opt/ST/STM32CubeCLT_1.20.0/GNU-tools-for-STM32/bin/../lib/gcc/arm-none-eabi/13.3.1/../../../../arm-none-eabi/lib/thumb/v6-m/nofp/libc_nano.a(libc_a-setvbuf.o)
                0x0800b078                setvbuf
 .text.std      0x0800b1e4       0x6c /opt/ST/STM32CubeCLT_1.20.0/GNU-tools-for-STM32/bin/../lib/gcc/arm-none-eabi/13.3.1/../../../../arm-none-eabi/lib/thumb/v6-m/nofp/libc_nano.a(libc_a-findfp.o)
 .text.stdio_exit_handler
                0x0800b250       0x1c /opt/ST/STM32CubeCLT_1.20.0/GNU-tools-for-STM32/bin/../lib/gcc/arm-none-eabi/13.3.1/../../../../arm-none-eabi/lib/thumb/v6-m/nofp/libc_nano.a(libc_a-findfp.o)
 .text.cleanup_stdio
                0x0800b26c       0x3c /opt/ST/STM32CubeCLT_1.20.0/GNU-tools-for-STM32/bin/../lib/gcc/arm-none-eabi/13.3.1/../../../../arm-none-eabi/lib/thumb/v6-m/nofp/libc_nano.a(libc_a-findfp.o)
 .text.global_stdio_init.part.0
                0x0800b2a8       0x3c /opt/ST/STM32CubeCLT_1.20.0/GNU-tools-for-STM32/bin/../lib/gcc/arm-none-eabi/13.3.1/../../../../arm-none-eabi/lib/thumb/v6-m/nofp/libc_nano.a(libc_a-findfp.o)
 .text.__sfp_lock_acquire
                0x0800b2e4       0x10 /opt/ST/STM32CubeCLT_1.20.0/GNU-tools-for-STM32/bin/../lib/gcc/arm-none-eabi/13.3.1/../../../../arm-none-eabi/lib/thumb/v6-m/nofp/libc_nano.a(libc_a-findfp.o)
                0x0800b2e4                __sfp_lock_acquire
 .text.__sfp_lock_release
                0x0800b2f4       0x10 /opt/ST/STM32CubeCLT_1.20.0/GNU-tools-for-STM32/bin/../lib/gcc/arm-none-eabi/13.3.1/../../../../arm-none-eabi/lib/thumb/v6-m/nofp/libc_nano.a(libc_a-findfp.o)
                0x0800b2f4                __sfp_lock_release
 .text.__sinit  0x0800b304       0x30 /opt/ST/STM32CubeCLT_1.20.0/GNU-tools-for-STM32/bin/../lib/gcc/arm-none-eabi/13.3.1/../../../../arm-none-eabi/lib/thumb/v6-m/nofp/libc_nano.a(libc_a-findfp.o)
                0x0800b304                __sinit
 .text._fwalk_sglue
                0x0800b334       0x38 /opt/ST/STM32CubeCLT_1.20.0/GNU-tools-for-STM32/bin/../lib/gcc/arm-none-eabi/13.3.1/../../../../arm-none-eabi/lib/thumb/v6-m/nofp/libc_nano.a(libc_a-fwalk.o)
                0x0800b334                _fwalk_sglue
 .text.__swhatbuf_r
                0x0800b36c       0x54 /opt/ST/STM32CubeCLT_1.20.0/GNU-tools-for-STM32/bin/../lib/gcc/arm-none-eabi/13.3.1/../../../../arm-none-eabi/lib/thumb/v6-m/nofp/libc_nano.a(libc_a-makebuf.o)
                0x0800b36c                __swhatbuf_r
 .text.__smakebuf_r
                0x0800b3c0       0x82 /opt/ST/STM32CubeCLT_1.20.0/GNU-tools-for-STM32/bin/../lib/gcc/arm-none-eabi/13.3.1/../../../../arm-none-eabi/lib/thumb/v6-m/nofp/libc_nano.a(libc_a-makebuf.o)
                0x0800b3c0                __smakebuf_r
 *fill*         0x0800b442        0x2 
 .text.printf   0x0800b444       0x20 /opt/ST/STM32CubeCLT_1.20.0/GNU-tools-for-STM32/bin/../lib/gcc/arm-none-eabi/13.3.1/../../../../arm-none-eabi/lib/thumb/v6-m/nofp/libc_nano.a(libc_a-printf.o)
                0x0800b444                printf
                0x0800b444                iprintf
 .text._puts_r  0x0800b464       0xac /opt/ST/STM32CubeCLT_1.20.0/GNU-tools-for-STM32/bin/../lib/gcc/arm-none-eabi/13.3.1/../../../../arm-none-eabi/lib/thumb/v6-m/nofp/libc_nano.a(libc_a-puts.o)
                0x0800b464                _puts_r
 .text.puts     0x0800b510       0x14 /opt/ST/STM32CubeCLT_1.20.0/GNU-tools-for-STM32/bin/../lib/gcc/arm-none-eabi/13.3.1/../../../../arm-none-eabi/lib/thumb/v6-m/nofp/libc_nano.a(libc_a-puts.o)
                0x0800b510                puts
 .text.memcmp   0x0800b524       0x1c /opt/ST/STM32CubeCLT_1.20.0/GNU-tools-for-STM32/bin/../lib/gcc/arm-none-eabi/13.3.1/../../../../arm-none-eabi/lib/thumb/v6-m/nofp/libc_nano.a(libc_a-memcmp.o)
                0x0800b524                memcmp
 .text.memset   0x0800b540       0x10 /opt/ST/STM32CubeCLT_1.20.0/GNU-tools-for-STM32/bin/../lib/gcc/arm-none-eabi/13.3.1/../../../../arm-none-eabi/lib/thumb/v6-m/nofp/libc_nano.a(libc_a-memset.o)
                0x0800b540                memset
 .text._isatty_r
                0x0800b550       0x24 /opt/ST/STM32CubeCLT_1.20.0/GNU-tools-for-STM32/bin/../lib/gcc/arm-none-eabi/13.3.1/../../../../arm-none-eabi/lib/thumb/v6-m/nofp/libc_nano.a(libc_a-isattyr.o)
                0x0800b550                _isatty_r
 .text.__errno  0x0800b574        0xc /opt/ST/STM32CubeCLT_1.20.0/GNU-tools-for-STM32/bin/../lib/gcc/arm-none-eabi/13.3.1/../../../../arm-none-eabi/lib/thumb/v6-m/nofp/libc_nano.a(libc_a-errno.o)
                0x0800b574                __errno
 .text.__libc_init_array
                0x0800b580       0x48 /opt/ST/STM32CubeCLT_1.20.0/GNU-tools-for-STM32/bin/../lib/gcc/arm-none-eabi/13.3.1/../../../../arm-none-eabi/lib/thumb/v6-m/nofp/libc_nano.a(libc_a-init.o)
                0x0800b580                __libc_init_array
 .text.__retarget_lock_init_recursive
                0x0800b5c8        0x2 /opt/ST/STM32CubeCLT_1.20.0/GNU-tools-for-STM32/bin/../lib/gcc/arm-none-eabi/13.3.1/../../../../arm-none-eabi/lib/thumb/v6-m/nofp/libc_nano.a(libc_a-lock.o)
                0x0800b5c8                __retarget_lock_init_recursive
 .text.__retarget_lock_acquire_recursive
                0x0800b5ca        0x2 /opt/ST/STM32CubeCLT_1.20.0/GNU-tools-for-STM32/bin/../lib/gcc/arm-none-eabi/13.3.1/../../../../arm-none-eabi/lib/thumb/v6-m/nofp/libc_nano.a(libc_a-lock.o)
                0x0800b5ca                __retarget_lock_acquire_recursive
 .text.__retarget_lock_release_recursive
                0x0800b5cc        0x2 /opt/ST/STM32CubeCLT_1.20.0/GNU-tools-for-STM32/bin/../lib/gcc/arm-none-eabi/13.3.1/../../../../arm-none-eabi/lib/thumb/v6-m/nofp/libc_nano.a(libc_a-lock.o)
                0x0800b5cc                __retarget_lock_release_recursive
 *fill*         0x0800b5ce        0x2 
 .text._fstat_r
                0x0800b5d0       0x24 /opt/ST/STM32CubeCLT_1.20.0/GNU-tools-for-STM32/bin/../lib/gcc/arm-none-eabi/13.3.1/../../../../arm-none-eabi/lib/thumb/v6-m/nofp/libc_nano.a(libc_a-fstatr.o)
                0x0800b5d0                _fstat_r
 .text.memcpy   0x0800b5f4       0x12 /opt/ST/STM32CubeCLT_1.20.0/GNU-tools-for-STM32/bin/../lib/gcc/arm-none-eabi/13.3.1/../../../../arm-none-eabi/lib/thumb/v6-m/nofp/libc_nano.a(libc_a-memcpy-stub.o)
                0x0800b5f4                memcpy
 *fill*         0x0800b606        0x2 
 .text._free_r  0x0800b608       0x94 /opt/ST/STM32CubeCLT_1.20.0/GNU-tools-for-STM32/bin/../lib/gcc/arm-none-eabi/13.3.1/../../../../arm-none-eabi/lib/thumb/v6-m/nofp/libc_nano.a(libc_a-freer.o)
                0x0800b608                _free_r
 .text.__sfputc_r
                0x0800b69c       0x2a /opt/ST/STM32CubeCLT_1.20.0/GNU-tools-for-STM32/bin/../lib/gcc/arm-none-eabi/13.3.1/../../../../arm-none-eabi/lib/thumb/v6-m/nofp/libc_nano.a(libc_a-nano-vfprintf.o)
 .text.__sfputs_r
                0x0800b6c6       0x24 /opt/ST/STM32CubeCLT_1.20.0/GNU-tools-for-STM32/bin/../lib/gcc/arm-none-eabi/13.3.1/../../../../arm-none-eabi/lib/thumb/v6-m/nofp/libc_nano.a(libc_a-nano-vfprintf.o)
                0x0800b6c6                __sfputs_r
 *fill*         0x0800b6ea        0x2 
 .text._vfprintf_r
                0x0800b6ec      0x238 /opt/ST/STM32CubeCLT_1.20.0/GNU-tools-for-STM32/bin/../lib/gcc/arm-none-eabi/13.3.1/../../../../arm-none-eabi/lib/thumb/v6-m/nofp/libc_nano.a(libc_a-nano-vfprintf.o)
                0x0800b6ec                _vfiprintf_r
                0x0800b6ec                _vfprintf_r
 .text.malloc   0x0800b924       0x14 /opt/ST/STM32CubeCLT_1.20.0/GNU-tools-for-STM32/bin/../lib/gcc/arm-none-eabi/13.3.1/../../../../arm-none-eabi/lib/thumb/v6-m/nofp/libc_nano.a(libc_a-malloc.o)
                0x0800b924                malloc
 .text.sbrk_aligned
                0x0800b938       0x44 /opt/ST/STM32CubeCLT_1.20.0/GNU-tools-for-STM32/bin/../lib/gcc/arm-none-eabi/13.3.1/../../../../arm-none-eabi/lib/thumb/v6-m/nofp/libc_nano.a(libc_a-mallocr.o)
 .text._malloc_r
                0x0800b97c      0x100 /opt/ST/STM32CubeCLT_1.20.0/GNU-tools-for-STM32/bin/../lib/gcc/arm-none-eabi/13.3.1/../../../../arm-none-eabi/lib/thumb/v6-m/nofp/libc_nano.a(libc_a-mallocr.o)
                0x0800b97c                _malloc_r
 .text._printf_common
                0x0800ba7c       0xde /opt/ST/STM32CubeCLT_1.20.0/GNU-tools-for-STM32/bin/../lib/gcc/arm-none-eabi/13.3.1/../../../../arm-none-eabi/lib/thumb/v6-m/nofp/libc_nano.a(libc_a-nano-vfprintf_i.o)
                0x0800ba7c                _printf_common
 *fill*         0x0800bb5a        0x2 
 .text._printf_i
                0x0800bb5c      0x218 /opt/ST/STM32CubeCLT_1.20.0/GNU-tools-for-STM32/bin/../lib/gcc/arm-none-eabi/13.3.1/../../../../arm-none-eabi/lib/thumb/v6-m/nofp/libc_nano.a(libc_a-nano-vfprintf_i.o)
                0x0800bb5c                _printf_i
 .text.__sflush_r
                0x0800bd74      0x10c /opt/ST/STM32CubeCLT_1.20.0/GNU-tools-for-STM32/bin/../lib/gcc/arm-none-eabi/13.3.1/../../../../arm-none-eabi/lib/thumb/v6-m/nofp/libc_nano.a(libc_a-fflush.o)
                0x0800bd74                __sflush_r
 .text._fflush_r
                0x0800be80       0x56 /opt/ST/STM32CubeCLT_1.20.0/GNU-tools-for-STM32/bin/../lib/gcc/arm-none-eabi/13.3.1/../../../../arm-none-eabi/lib/thumb/v6-m/nofp/libc_nano.a(libc_a-fflush.o)
                0x0800be80                _fflush_r
 *fill*         0x0800bed6        0x2 
 .text.__malloc_lock
                0x0800bed8       0x10 /opt/ST/STM32CubeCLT_1.20.0/GNU-tools-for-STM32/bin/../lib/gcc/arm-none-eabi/13.3.1/../../../../arm-none-eabi/lib/thumb/v6-m/nofp/libc_nano.a(libc_a-mlock.o)
                0x0800bed8                __malloc_lock
 .text.__malloc_unlock
                0x0800bee8       0x10 /opt/ST/STM32CubeCLT_1.20.0/GNU-tools-for-STM32/bin/../lib/gcc/arm-none-eabi/13.3.1/../../../../arm-none-eabi/lib/thumb/v6-m/nofp/libc_nano.a(libc_a-mlock.o)
                0x0800bee8                __malloc_unlock
 .text.__sread  0x0800bef8       0x28 /opt/ST/STM32CubeCLT_1.20.0/GNU-tools-for-STM32/bin/../lib/gcc/arm-none-eabi/13.3.1/../../../../arm-none-eabi/lib/thumb/v6-m/nofp/libc_nano.a(libc_a-stdio.o)
                0x0800bef8                __sread
 .text.__swrite
                0x0800bf20       0x38 /opt/ST/STM32CubeCLT_1.20.0/GNU-tools-for-STM32/bin/../lib/gcc/arm-none-eabi/13.3.1/../../../../arm-none-eabi/lib/thumb/v6-m/nofp/libc_nano.a(libc_a-stdio.o)
                0x0800bf20                __swrite
 .text.__sseek  0x0800bf58       0x2c /opt/ST/STM32CubeCLT_1.20.0/GNU-tools-for-STM32/bin/../lib/gcc/arm-none-eabi/13.3.1/../../../../arm-none-eabi/lib/thumb/v6-m/nofp/libc_nano.a(libc_a-stdio.o)
                0x0800bf58                __sseek
 .text.__sclose
                0x0800bf84        0xc /opt/ST/STM32CubeCLT_1.20.0/GNU-tools-for-STM32/bin/../lib/gcc/arm-none-eabi/13.3.1/../../../../arm-none-eabi/lib/thumb/v6-m/nofp/libc_nano.a(libc_a-stdio.o)
                0x0800bf84                __sclose
 .text.__swbuf_r
                0x0800bf90       0x84 /opt/ST/STM32CubeCLT_1.20.0/GNU-tools-for-STM32/bin/../lib/gcc/arm-none-eabi/13.3.1/../../../../arm-none-eabi/lib/thumb/v6-m/nofp/libc_nano.a(libc_a-wbuf.o)
                0x0800bf90                __swbuf_r
 .text.__swsetup_r
                0x0800c014       0xbc /opt/ST/STM32CubeCLT_1.20.0/GNU-tools-for-STM32/bin/../lib/gcc/arm-none-eabi/13.3.1/../../../../arm-none-eabi/lib/thumb/v6-m/nofp/libc_nano.a(libc_a-wsetup.o)
                0x0800c014                __swsetup_r
 .text._lseek_r
                0x0800c0d0       0x28 /opt/ST/STM32CubeCLT_1.20.0/GNU-tools-for-STM32/bin/../lib/gcc/arm-none-eabi/13.3.1/../../../../arm-none-eabi/lib/thumb/v6-m/nofp/libc_nano.a(libc_a-lseekr.o)
                0x0800c0d0                _lseek_r
 .text._read_r  0x0800c0f8       0x28 /opt/ST/STM32CubeCLT_1.20.0/GNU-tools-for-STM32/bin/../lib/gcc/arm-none-eabi/13.3.1/../../../../arm-none-eabi/lib/thumb/v6-m/nofp/libc_nano.a(libc_a-readr.o)
                0x0800c0f8                _read_r
 .text._sbrk_r  0x0800c120       0x24 /opt/ST/STM32CubeCLT_1.20.0/GNU-tools-for-STM32/bin/../lib/gcc/arm-none-eabi/13.3.1/../../../../arm-none-eabi/lib/thumb/v6-m/nofp/libc_nano.a(libc_a-sbrkr.o)
                0x0800c120                _sbrk_r
 .text._write_r
                0x0800c144       0x28 /opt/ST/STM32CubeCLT_1.20.0/GNU-tools-for-STM32/bin/../lib/gcc/arm-none-eabi/13.3.1/../../../../arm-none-eabi/lib/thumb/v6-m/nofp/libc_nano.a(libc_a-writer.o)
                0x0800c144                _write_r
 .text._close_r
                0x0800c16c       0x24 /opt/ST/STM32CubeCLT_1.20.0/GNU-tools-for-STM32/bin/../lib/gcc/arm-none-eabi/13.3.1/../../../../arm-none-eabi/lib/thumb/v6-m/nofp/libc_nano.a(libc_a-closer.o)
                0x0800c16c                _close_r
 .text.memchr   0x0800c190       0x16 /opt/ST/STM32CubeCLT_1.20.0/GNU-tools-for-STM32/bin/../lib/gcc/arm-none-eabi/13.3.1/../../../../arm-none-eabi/lib/thumb/v6-m/nofp/libc_nano.a(libc_a-memchr-stub.o)
                0x0800c190                memchr
 *(.glue_7)
 .glue_7        0x0800c1a6        0x0 linker stubs
 *(.glue_7t)
 .glue_7t       0x0800c1a6        0x0 linker stubs
 *(.eh_frame)
 *fill*         0x0800c1a6        0x2 
 .eh_frame      0x0800c1a8        0x0 /opt/ST/STM32CubeCLT_1.20.0/GNU-tools-for-STM32/bin/../lib/gcc/arm-none-eabi/13.3.1/thumb/v6-m/nofp/crtbegin.o
 *(.init)
 .init          0x0800c1a8        0x4 /opt/ST/STM32CubeCLT_1.20.0/GNU-tools-for-STM32/bin/../lib/gcc/arm-none-eabi/13.3.1/thumb/v6-m/nofp/crti.o
                0x0800c1a8                _init
 .init          0x0800c1ac        0x8 /opt/ST/STM32CubeCLT_1.20.0/GNU-tools-for-STM32/bin/../lib/gcc/arm-none-eabi/13.3.1/thumb/v6-m/nofp/crtn.o
 *(.fini)
 .fini          0x0800c1b4        0x4 /opt/ST/STM32CubeCLT_1.20.0/GNU-tools-for-STM32/bin/../lib/gcc/arm-none-eabi/13.3.1/thumb/v6-m/nofp/crti.o
                0x0800c1b4                _fini
 .fini          0x0800c1b8        0x8 /opt/ST/STM32CubeCLT_1.20.0/GNU-tools-for-STM32/bin/../lib/gcc/arm-none-eabi/13.3.1/thumb/v6-m/nofp/crtn.o
 .fini.__stub   0x0800c1c0       0x20 linker stubs
                0x0800c1e0                        . = ALIGN (0x8)
                0x0800c1e0                        _etext = .

.vfp11_veneer   0x0800c1e0        0x0
 .vfp11_veneer  0x0800c1e0        0x0 linker stubs

.v4_bx          0x0800c1e0        0x0
 .v4_bx         0x0800c1e0        0x0 linker stubs

.iplt           0x0800c1e0        0x0
 .iplt          0x0800c1e0        0x0 /opt/ST/STM32CubeCLT_1.20.0/GNU-tools-for-STM32/bin/../lib/gcc/arm-none-eabi/13.3.1/thumb/v6-m/nofp/crtbegin.o

.rodata         0x0800c1e0      0xc20
                0x0800c1e0                        . = ALIGN (0x8)
 *(.rodata)
 .rodata        0x0800c1e0       0x20 ./Application/SBSFU/App/sfu_boot.o
 .rodata        0x0800c200       0x44 ./Application/SBSFU/App/sfu_error.o
 .rodata        0x0800c244       0x60 ./Application/SBSFU/App/sfu_fwimg_common.o
                0x0800c244                SlotStartAdd
                0x0800c264                SlotEndAdd
                0x0800c284                SlotHeaderAdd
 .rodata        0x0800c2a4       0x87 ./Application/SBSFU/App/sfu_loader.o
 *fill*         0x0800c32b        0x1 
 .rodata        0x0800c32c       0x80 ./Application/SBSFU/Target/sfu_low_level_security.o
 .rodata        0x0800c3ac       0x60 ./Drivers/CMSIS/system_stm32g0xx.o
                0x0800c3ac                AHBPrescTable
                0x0800c3ec                APBPrescTable
 .rodata        0x0800c40c       0x18 ./Drivers/STM32G0xx_HAL_Driver/stm32g0xx_hal_uart.o
                0x0800c40c                UARTPrescTable
 *(.rodata*)
 .rodata.str1.1
                0x0800c424      0x9d8 ./Application/SBSFU/App/sfu_boot.o
                                0x626 (size before relaxing)
 .rodata.str1.1
                0x0800cdfc        0x0 ./Application/SBSFU/App/sfu_com_loader.o
                                  0x3 (size before relaxing)
 .rodata.str1.1
                0x0800cdfc        0x0 ./Application/SBSFU/App/sfu_error.o
                                0x1b2 (size before relaxing)
 .rodata.str1.1
                0x0800cdfc        0x0 ./Application/SBSFU/App/sfu_fwimg_common.o
                                 0xcd (size before relaxing)
 .rodata.str1.1
                0x0800cdfc        0x0 ./Application/SBSFU/Target/sfu_low_level_security.o
                                0x101 (size before relaxing)
 .rodata._vfprintf_r.str1.1
                0x0800cdfc        0x0 /opt/ST/STM32CubeCLT_1.20.0/GNU-tools-for-STM32/bin/../lib/gcc/arm-none-eabi/13.3.1/../../../../arm-none-eabi/lib/thumb/v6-m/nofp/libc_nano.a(libc_a-nano-vfprintf.o)
                                 0x11 (size before relaxing)
 .rodata._printf_i.str1.1
                0x0800cdfc        0x0 /opt/ST/STM32CubeCLT_1.20.0/GNU-tools-for-STM32/bin/../lib/gcc/arm-none-eabi/13.3.1/../../../../arm-none-eabi/lib/thumb/v6-m/nofp/libc_nano.a(libc_a-nano-vfprintf_i.o)
                                 0x22 (size before relaxing)
                0x0800ce00                        . = ALIGN (0x8)
 *fill*         0x0800cdfc        0x4 

.ARM.extab      0x0800ce00        0x0
                0x0800ce00                        . = ALIGN (0x8)
 *(.ARM.extab* .gnu.linkonce.armextab.*)
                0x0800ce00                        . = ALIGN (0x8)

.ARM            0x0800ce00        0x8
                0x0800ce00                        . = ALIGN (0x8)
                0x0800ce00                        __exidx_start = .
 *(.ARM.exidx*)
 .ARM.exidx     0x0800ce00        0x8 /opt/ST/STM32CubeCLT_1.20.0/GNU-tools-for-STM32/bin/../lib/gcc/arm-none-eabi/13.3.1/thumb/v6-m/nofp/libgcc.a(_udivmoddi4.o)
                0x0800ce08                        __exidx_end = .
                0x0800ce08                        . = ALIGN (0x8)

.preinit_array  0x0800ce08        0x0
                0x0800ce08                        . = ALIGN (0x8)
                0x0800ce08                        PROVIDE (__preinit_array_start = .)
 *(.preinit_array*)
                0x0800ce08                        PROVIDE (__preinit_array_end = .)
                0x0800ce08                        . = ALIGN (0x8)

.init_array     0x0800ce08        0x8
                0x0800ce08                        . = ALIGN (0x8)
                0x0800ce08                        PROVIDE (__init_array_start = .)
 *(SORT_BY_NAME(.init_array.*))
 *(.init_array*)
 .init_array    0x0800ce08        0x4 /opt/ST/STM32CubeCLT_1.20.0/GNU-tools-for-STM32/bin/../lib/gcc/arm-none-eabi/13.3.1/thumb/v6-m/nofp/crtbegin.o
                0x0800ce0c                        PROVIDE (__init_array_end = .)
                0x0800ce10                        . = ALIGN (0x8)
 *fill*         0x0800ce0c        0x4 

.fini_array     0x0800ce10        0x8
                0x0800ce10                        . = ALIGN (0x8)
                [!provide]                        PROVIDE (__fini_array_start = .)
 *(SORT_BY_NAME(.fini_array.*))
 *(.fini_array*)
 .fini_array    0x0800ce10        0x4 /opt/ST/STM32CubeCLT_1.20.0/GNU-tools-for-STM32/bin/../lib/gcc/arm-none-eabi/13.3.1/thumb/v6-m/nofp/crtbegin.o
                [!provide]                        PROVIDE (__fini_array_end = .)
                0x0800ce18                        . = ALIGN (0x8)
 *fill*         0x0800ce14        0x4 
                0x0800ce18                        _sidata = LOADADDR (.data)

.RamFunc        0x20001000      0x110 load address 0x08006900
                0x20001000                        . = ALIGN (0x8)
 *(.RamFunc)
 .RamFunc       0x20001000       0x9c ./Application/SBSFU/Target/sfu_low_level_security.o
                0x20001000                SFU_LL_SECU_ActivateSecUser
 .RamFunc       0x2000109c       0x2a ./Application/Startup/sfu_se_mpu.o
                0x2000109c                jump_to_function
                0x200010a4                launch_application
 *fill*         0x200010c6        0x2 
 .RamFunc       0x200010c8       0x38 ./Drivers/STM32G0xx_HAL_Driver/stm32g0xx_hal_flash.o
 .RamFunc.__stub
                0x20001100       0x10 linker stubs
                0x20001110                        . = ALIGN (0x8)

.rel.dyn        0x20001110        0x0 load address 0x08006a10
 .rel.iplt      0x20001110        0x0 /opt/ST/STM32CubeCLT_1.20.0/GNU-tools-for-STM32/bin/../lib/gcc/arm-none-eabi/13.3.1/thumb/v6-m/nofp/crtbegin.o

.data           0x20001200       0x80 load address 0x0800ce18
                0x20001200                        . = ALIGN (0x8)
                0x20001200                        _sdata = .
 *(.data)
 .data          0x20001200        0x8 ./Application/SBSFU/App/sfu_boot.o
                0x20001200                uFlowProtectValue
                0x20001204                uFlowCryptoValue
 .data          0x20001208        0xc ./Drivers/BSP/STM32G0xx_Nucleo/stm32g0xx_nucleo.o
                0x20001208                SpixTimeout
                0x2000120c                LED_PORT
                0x20001210                BUTTON_PORT
 .data          0x20001214        0x4 ./Drivers/CMSIS/system_stm32g0xx.o
                0x20001214                SystemCoreClock
 .data          0x20001218        0x8 ./Drivers/STM32G0xx_HAL_Driver/stm32g0xx_hal.o
                0x20001218                uwTickFreq
                0x2000121c                uwTickPrio
 *(.data*)
 .data.__sglue  0x20001220        0xc /opt/ST/STM32CubeCLT_1.20.0/GNU-tools-for-STM32/bin/../lib/gcc/arm-none-eabi/13.3.1/../../../../arm-none-eabi/lib/thumb/v6-m/nofp/libc_nano.a(libc_a-findfp.o)
                0x20001220                __sglue
 .data._impure_ptr
                0x2000122c        0x4 /opt/ST/STM32CubeCLT_1.20.0/GNU-tools-for-STM32/bin/../lib/gcc/arm-none-eabi/13.3.1/../../../../arm-none-eabi/lib/thumb/v6-m/nofp/libc_nano.a(libc_a-impure.o)
                0x2000122c                _impure_ptr
 .data._impure_data
                0x20001230       0x4c /opt/ST/STM32CubeCLT_1.20.0/GNU-tools-for-STM32/bin/../lib/gcc/arm-none-eabi/13.3.1/../../../../arm-none-eabi/lib/thumb/v6-m/nofp/libc_nano.a(libc_a-impure.o)
                0x20001230                _impure_data
                0x20001280                        . = ALIGN (0x8)
 *fill*         0x2000127c        0x4 
                0x20001280                        _edata = .

.igot.plt       0x20001280        0x0 load address 0x0800ce98
 .igot.plt      0x20001280        0x0 /opt/ST/STM32CubeCLT_1.20.0/GNU-tools-for-STM32/bin/../lib/gcc/arm-none-eabi/13.3.1/thumb/v6-m/nofp/crtbegin.o
                0x20001280                        . = ALIGN (0x4)

.bss            0x20001280      0xd7c load address 0x0800ce98
                0x20001280                        _sbss = .
                0x20001280                        __bss_start__ = _sbss
 *(.bss)
 .bss           0x20001280       0x1c /opt/ST/STM32CubeCLT_1.20.0/GNU-tools-for-STM32/bin/../lib/gcc/arm-none-eabi/13.3.1/thumb/v6-m/nofp/crtbegin.o
 .bss           0x2000129c       0x2c ./Application/Core/stm32g0xx_it.o
                0x2000129c                RtcHandle
 .bss           0x200012c8        0x8 ./Application/Core/syscalls.o
                0x200012cc                __env
 .bss           0x200012d0        0xc ./Application/SBSFU/App/sfu_boot.o
                0x200012d4                initialDeviceStatusCheck
 *fill*         0x200012dc        0x4 
 .bss           0x200012e0      0x406 ./Application/SBSFU/App/sfu_com_loader.o
 *fill*         0x200016e6        0x2 
 .bss           0x200016e8      0x165 ./Application/SBSFU/App/sfu_fwimg_common.o
                0x20001708                fw_image_header_validated
                0x20001848                SFU_IMG_Line
                0x2000184c                SFU_IMG_Status
 *fill*         0x2000184d        0x3 
 .bss           0x20001850      0x570 ./Application/SBSFU/App/sfu_loader.o
 .bss           0x20001dc0       0xb8 ./Application/SBSFU/Target/sfu_low_level.o
 .bss           0x20001e78        0x4 ./Application/SBSFU/Target/sfu_low_level_flash_int.o
 .bss           0x20001e7c       0x10 ./Application/SBSFU/Target/sfu_low_level_security.o
 .bss           0x20001e8c        0x4 ./Drivers/STM32G0xx_HAL_Driver/stm32g0xx_hal.o
                0x20001e8c                uwTick
 .bss           0x20001e90       0x1c ./Drivers/STM32G0xx_HAL_Driver/stm32g0xx_hal_flash.o
                0x20001e90                pFlash
 .bss           0x20001eac        0x1 ./Middlewares/STM32_Secure_Engine/se_interface_bootloader.o
 *(.bss*)
 *fill*         0x20001ead        0x3 
 .bss.__sf      0x20001eb0      0x138 /opt/ST/STM32CubeCLT_1.20.0/GNU-tools-for-STM32/bin/../lib/gcc/arm-none-eabi/13.3.1/../../../../arm-none-eabi/lib/thumb/v6-m/nofp/libc_nano.a(libc_a-findfp.o)
                0x20001eb0                __sf
 .bss.__stdio_exit_handler
                0x20001fe8        0x4 /opt/ST/STM32CubeCLT_1.20.0/GNU-tools-for-STM32/bin/../lib/gcc/arm-none-eabi/13.3.1/../../../../arm-none-eabi/lib/thumb/v6-m/nofp/libc_nano.a(libc_a-findfp.o)
                0x20001fe8                __stdio_exit_handler
 .bss.__lock___malloc_recursive_mutex
                0x20001fec        0x1 /opt/ST/STM32CubeCLT_1.20.0/GNU-tools-for-STM32/bin/../lib/gcc/arm-none-eabi/13.3.1/../../../../arm-none-eabi/lib/thumb/v6-m/nofp/libc_nano.a(libc_a-lock.o)
                0x20001fec                __lock___malloc_recursive_mutex
 .bss.__lock___sfp_recursive_mutex
                0x20001fed        0x1 /opt/ST/STM32CubeCLT_1.20.0/GNU-tools-for-STM32/bin/../lib/gcc/arm-none-eabi/13.3.1/../../../../arm-none-eabi/lib/thumb/v6-m/nofp/libc_nano.a(libc_a-lock.o)
                0x20001fed                __lock___sfp_recursive_mutex
 *fill*         0x20001fee        0x2 
 .bss.errno     0x20001ff0        0x4 /opt/ST/STM32CubeCLT_1.20.0/GNU-tools-for-STM32/bin/../lib/gcc/arm-none-eabi/13.3.1/../../../../arm-none-eabi/lib/thumb/v6-m/nofp/libc_nano.a(libc_a-reent.o)
                0x20001ff0                errno
 .bss.__malloc_sbrk_start
                0x20001ff4        0x4 /opt/ST/STM32CubeCLT_1.20.0/GNU-tools-for-STM32/bin/../lib/gcc/arm-none-eabi/13.3.1/../../../../arm-none-eabi/lib/thumb/v6-m/nofp/libc_nano.a(libc_a-mallocr.o)
                0x20001ff4                __malloc_sbrk_start
 .bss.__malloc_free_list
                0x20001ff8        0x4 /opt/ST/STM32CubeCLT_1.20.0/GNU-tools-for-STM32/bin/../lib/gcc/arm-none-eabi/13.3.1/../../../../arm-none-eabi/lib/thumb/v6-m/nofp/libc_nano.a(libc_a-mallocr.o)
                0x20001ff8                __malloc_free_list
 *(COMMON)
                0x20001ffc                        . = ALIGN (0x4)
                0x20001ffc                        _ebss = .
                0x20001ffc                        __bss_end__ = _ebss

._user_heap_stack
                0x20001ffc     0x3004 load address 0x0800ce98
                0x20002000                        . = ALIGN (0x8)
 *fill*         0x20001ffc        0x4 
                0x20002000                        PROVIDE (end = .)
                [!provide]                        PROVIDE (_end = .)
                0x20002000                        . = (. + _Min_Heap_Size)
                0x20005000                        . = (. + _Min_Stack_Size)
 *fill*         0x20002000     0x3000 
                0x20005000                        . = ALIGN (0x8)

/DISCARD/
 libc.a(*)
 libm.a(*)
 libgcc.a(*)

.ARM.attributes
                0x00000000       0x28
 *(.ARM.attributes)
 .ARM.attributes
                0x00000000       0x1e /opt/ST/STM32CubeCLT_1.20.0/GNU-tools-for-STM32/bin/../lib/gcc/arm-none-eabi/13.3.1/thumb/v6-m/nofp/crti.o
 .ARM.attributes
                0x0000001e       0x2c /opt/ST/STM32CubeCLT_1.20.0/GNU-tools-for-STM32/bin/../lib/gcc/arm-none-eabi/13.3.1/thumb/v6-m/nofp/crtbegin.o
 .ARM.attributes
                0x0000004a       0x2c ./Application/Core/SE_CORE_Bin.o
 .ARM.attributes
                0x00000076       0x2c ./Application/Core/main.o
 .ARM.attributes
                0x000000a2       0x2c ./Application/Core/stm32g0xx_hal_msp.o
 .ARM.attributes
                0x000000ce       0x2c ./Application/Core/stm32g0xx_it.o
 .ARM.attributes
                0x000000fa       0x2c ./Application/Core/syscalls.o
 .ARM.attributes
                0x00000126       0x2c ./Application/SBSFU/App/sfu_boot.o
 .ARM.attributes
                0x00000152       0x2c ./Application/SBSFU/App/sfu_com_loader.o
 .ARM.attributes
                0x0000017e       0x2c ./Application/SBSFU/App/sfu_com_trace.o
 .ARM.attributes
                0x000001aa       0x2c ./Application/SBSFU/App/sfu_error.o
 .ARM.attributes
                0x000001d6       0x2c ./Application/SBSFU/App/sfu_fwimg_common.o
 .ARM.attributes
                0x00000202       0x2c ./Application/SBSFU/App/sfu_loader.o
 .ARM.attributes
                0x0000022e       0x2c ./Application/SBSFU/App/sfu_mpu_isolation.o
 .ARM.attributes
                0x0000025a       0x2c ./Application/SBSFU/App/sfu_new_image.o
 .ARM.attributes
                0x00000286       0x2c ./Application/SBSFU/Target/sfu_low_level.o
 .ARM.attributes
                0x000002b2       0x2c ./Application/SBSFU/Target/sfu_low_level_flash.o
 .ARM.attributes
                0x000002de       0x2c ./Application/SBSFU/Target/sfu_low_level_flash_ext.o
 .ARM.attributes
                0x0000030a       0x2c ./Application/SBSFU/Target/sfu_low_level_flash_int.o
 .ARM.attributes
                0x00000336       0x2c ./Application/SBSFU/Target/sfu_low_level_security.o
 .ARM.attributes
                0x00000362       0x1c ./Application/Startup/sfu_se_mpu.o
 .ARM.attributes
                0x0000037e       0x21 ./Application/Startup/startup_stm32g071xx.o
 .ARM.attributes
                0x0000039f       0x2c ./Drivers/BSP/STM32G0xx_Nucleo/stm32g0xx_nucleo.o
 .ARM.attributes
                0x000003cb       0x2c ./Drivers/CMSIS/system_stm32g0xx.o
 .ARM.attributes
                0x000003f7       0x2c ./Drivers/STM32G0xx_HAL_Driver/stm32g0xx_hal.o
 .ARM.attributes
                0x00000423       0x2c ./Drivers/STM32G0xx_HAL_Driver/stm32g0xx_hal_cortex.o
 .ARM.attributes
                0x0000044f       0x2c ./Drivers/STM32G0xx_HAL_Driver/stm32g0xx_hal_crc.o
 .ARM.attributes
                0x0000047b       0x2c ./Drivers/STM32G0xx_HAL_Driver/stm32g0xx_hal_crc_ex.o
 .ARM.attributes
                0x000004a7       0x2c ./Drivers/STM32G0xx_HAL_Driver/stm32g0xx_hal_flash.o
 .ARM.attributes
                0x000004d3       0x2c ./Drivers/STM32G0xx_HAL_Driver/stm32g0xx_hal_flash_ex.o
 .ARM.attributes
                0x000004ff       0x2c ./Drivers/STM32G0xx_HAL_Driver/stm32g0xx_hal_gpio.o
 .ARM.attributes
                0x0000052b       0x2c ./Drivers/STM32G0xx_HAL_Driver/stm32g0xx_hal_iwdg.o
 .ARM.attributes
                0x00000557       0x2c ./Drivers/STM32G0xx_HAL_Driver/stm32g0xx_hal_pwr.o
 .ARM.attributes
                0x00000583       0x2c ./Drivers/STM32G0xx_HAL_Driver/stm32g0xx_hal_rcc.o
 .ARM.attributes
                0x000005af       0x2c ./Drivers/STM32G0xx_HAL_Driver/stm32g0xx_hal_rcc_ex.o
 .ARM.attributes
                0x000005db       0x2c ./Drivers/STM32G0xx_HAL_Driver/stm32g0xx_hal_rtc.o
 .ARM.attributes
                0x00000607       0x2c ./Drivers/STM32G0xx_HAL_Driver/stm32g0xx_hal_rtc_ex.o
 .ARM.attributes
                0x00000633       0x2c ./Drivers/STM32G0xx_HAL_Driver/stm32g0xx_hal_uart.o
 .ARM.attributes
                0x0000065f       0x2c ./Middlewares/STM32_Secure_Engine/se_interface_application.o
 .ARM.attributes
                0x0000068b       0x2c ./Middlewares/STM32_Secure_Engine/se_interface_bootloader.o
 .ARM.attributes
                0x000006b7       0x2c ./Middlewares/STM32_Secure_Engine/se_interface_common.o
 .ARM.attributes
                0x000006e3       0x2c /opt/ST/STM32CubeCLT_1.20.0/GNU-tools-for-STM32/bin/../lib/gcc/arm-none-eabi/13.3.1/../../../../arm-none-eabi/lib/thumb/v6-m/nofp/libc_nano.a(libc_a-setvbuf.o)
 .ARM.attributes
                0x0000070f       0x2c /opt/ST/STM32CubeCLT_1.20.0/GNU-tools-for-STM32/bin/../lib/gcc/arm-none-eabi/13.3.1/../../../../arm-none-eabi/lib/thumb/v6-m/nofp/libc_nano.a(libc_a-findfp.o)
 .ARM.attributes
                0x0000073b       0x2c /opt/ST/STM32CubeCLT_1.20.0/GNU-tools-for-STM32/bin/../lib/gcc/arm-none-eabi/13.3.1/../../../../arm-none-eabi/lib/thumb/v6-m/nofp/libc_nano.a(libc_a-fwalk.o)
 .ARM.attributes
                0x00000767       0x2c /opt/ST/STM32CubeCLT_1.20.0/GNU-tools-for-STM32/bin/../lib/gcc/arm-none-eabi/13.3.1/../../../../arm-none-eabi/lib/thumb/v6-m/nofp/libc_nano.a(libc_a-makebuf.o)
 .ARM.attributes
                0x00000793       0x2c /opt/ST/STM32CubeCLT_1.20.0/GNU-tools-for-STM32/bin/../lib/gcc/arm-none-eabi/13.3.1/../../../../arm-none-eabi/lib/thumb/v6-m/nofp/libc_nano.a(libc_a-printf.o)
 .ARM.attributes
                0x000007bf       0x2c /opt/ST/STM32CubeCLT_1.20.0/GNU-tools-for-STM32/bin/../lib/gcc/arm-none-eabi/13.3.1/../../../../arm-none-eabi/lib/thumb/v6-m/nofp/libc_nano.a(libc_a-puts.o)
 .ARM.attributes
                0x000007eb       0x2c /opt/ST/STM32CubeCLT_1.20.0/GNU-tools-for-STM32/bin/../lib/gcc/arm-none-eabi/13.3.1/../../../../arm-none-eabi/lib/thumb/v6-m/nofp/libc_nano.a(libc_a-memcmp.o)
 .ARM.attributes
                0x00000817       0x2c /opt/ST/STM32CubeCLT_1.20.0/GNU-tools-for-STM32/bin/../lib/gcc/arm-none-eabi/13.3.1/../../../../arm-none-eabi/lib/thumb/v6-m/nofp/libc_nano.a(libc_a-memset.o)
 .ARM.attributes
                0x00000843       0x2c /opt/ST/STM32CubeCLT_1.20.0/GNU-tools-for-STM32/bin/../lib/gcc/arm-none-eabi/13.3.1/../../../../arm-none-eabi/lib/thumb/v6-m/nofp/libc_nano.a(libc_a-isattyr.o)
 .ARM.attributes
                0x0000086f       0x2c /opt/ST/STM32CubeCLT_1.20.0/GNU-tools-for-STM32/bin/../lib/gcc/arm-none-eabi/13.3.1/../../../../arm-none-eabi/lib/thumb/v6-m/nofp/libc_nano.a(libc_a-errno.o)
 .ARM.attributes
                0x0000089b       0x2c /opt/ST/STM32CubeCLT_1.20.0/GNU-tools-for-STM32/bin/../lib/gcc/arm-none-eabi/13.3.1/../../../../arm-none-eabi/lib/thumb/v6-m/nofp/libc_nano.a(libc_a-init.o)
 .ARM.attributes
                0x000008c7       0x2c /opt/ST/STM32CubeCLT_1.20.0/GNU-tools-for-STM32/bin/../lib/gcc/arm-none-eabi/13.3.1/../../../../arm-none-eabi/lib/thumb/v6-m/nofp/libc_nano.a(libc_a-lock.o)
 .ARM.attributes
                0x000008f3       0x2c /opt/ST/STM32CubeCLT_1.20.0/GNU-tools-for-STM32/bin/../lib/gcc/arm-none-eabi/13.3.1/../../../../arm-none-eabi/lib/thumb/v6-m/nofp/libc_nano.a(libc_a-reent.o)
 .ARM.attributes
                0x0000091f       0x2c /opt/ST/STM32CubeCLT_1.20.0/GNU-tools-for-STM32/bin/../lib/gcc/arm-none-eabi/13.3.1/../../../../arm-none-eabi/lib/thumb/v6-m/nofp/libc_nano.a(libc_a-impure.o)
 .ARM.attributes
                0x0000094b       0x2c /opt/ST/STM32CubeCLT_1.20.0/GNU-tools-for-STM32/bin/../lib/gcc/arm-none-eabi/13.3.1/../../../../arm-none-eabi/lib/thumb/v6-m/nofp/libc_nano.a(libc_a-fstatr.o)
 .ARM.attributes
                0x00000977       0x2c /opt/ST/STM32CubeCLT_1.20.0/GNU-tools-for-STM32/bin/../lib/gcc/arm-none-eabi/13.3.1/../../../../arm-none-eabi/lib/thumb/v6-m/nofp/libc_nano.a(libc_a-memcpy-stub.o)
 .ARM.attributes
                0x000009a3       0x2c /opt/ST/STM32CubeCLT_1.20.0/GNU-tools-for-STM32/bin/../lib/gcc/arm-none-eabi/13.3.1/../../../../arm-none-eabi/lib/thumb/v6-m/nofp/libc_nano.a(libc_a-freer.o)
 .ARM.attributes
                0x000009cf       0x2c /opt/ST/STM32CubeCLT_1.20.0/GNU-tools-for-STM32/bin/../lib/gcc/arm-none-eabi/13.3.1/../../../../arm-none-eabi/lib/thumb/v6-m/nofp/libc_nano.a(libc_a-nano-vfprintf.o)
 .ARM.attributes
                0x000009fb       0x2c /opt/ST/STM32CubeCLT_1.20.0/GNU-tools-for-STM32/bin/../lib/gcc/arm-none-eabi/13.3.1/../../../../arm-none-eabi/lib/thumb/v6-m/nofp/libc_nano.a(libc_a-malloc.o)
 .ARM.attributes
                0x00000a27       0x2c /opt/ST/STM32CubeCLT_1.20.0/GNU-tools-for-STM32/bin/../lib/gcc/arm-none-eabi/13.3.1/../../../../arm-none-eabi/lib/thumb/v6-m/nofp/libc_nano.a(libc_a-mallocr.o)
 .ARM.attributes
                0x00000a53       0x2c /opt/ST/STM32CubeCLT_1.20.0/GNU-tools-for-STM32/bin/../lib/gcc/arm-none-eabi/13.3.1/../../../../arm-none-eabi/lib/thumb/v6-m/nofp/libc_nano.a(libc_a-nano-vfprintf_i.o)
 .ARM.attributes
                0x00000a7f       0x2c /opt/ST/STM32CubeCLT_1.20.0/GNU-tools-for-STM32/bin/../lib/gcc/arm-none-eabi/13.3.1/../../../../arm-none-eabi/lib/thumb/v6-m/nofp/libc_nano.a(libc_a-fflush.o)
 .ARM.attributes
                0x00000aab       0x2c /opt/ST/STM32CubeCLT_1.20.0/GNU-tools-for-STM32/bin/../lib/gcc/arm-none-eabi/13.3.1/../../../../arm-none-eabi/lib/thumb/v6-m/nofp/libc_nano.a(libc_a-mlock.o)
 .ARM.attributes
                0x00000ad7       0x2c /opt/ST/STM32CubeCLT_1.20.0/GNU-tools-for-STM32/bin/../lib/gcc/arm-none-eabi/13.3.1/../../../../arm-none-eabi/lib/thumb/v6-m/nofp/libc_nano.a(libc_a-stdio.o)
 .ARM.attributes
                0x00000b03       0x2c /opt/ST/STM32CubeCLT_1.20.0/GNU-tools-for-STM32/bin/../lib/gcc/arm-none-eabi/13.3.1/../../../../arm-none-eabi/lib/thumb/v6-m/nofp/libc_nano.a(libc_a-wbuf.o)
 .ARM.attributes
                0x00000b2f       0x2c /opt/ST/STM32CubeCLT_1.20.0/GNU-tools-for-STM32/bin/../lib/gcc/arm-none-eabi/13.3.1/../../../../arm-none-eabi/lib/thumb/v6-m/nofp/libc_nano.a(libc_a-wsetup.o)
 .ARM.attributes
                0x00000b5b       0x2c /opt/ST/STM32CubeCLT_1.20.0/GNU-tools-for-STM32/bin/../lib/gcc/arm-none-eabi/13.3.1/../../../../arm-none-eabi/lib/thumb/v6-m/nofp/libc_nano.a(libc_a-lseekr.o)
 .ARM.attributes
                0x00000b87       0x2c /opt/ST/STM32CubeCLT_1.20.0/GNU-tools-for-STM32/bin/../lib/gcc/arm-none-eabi/13.3.1/../../../../arm-none-eabi/lib/thumb/v6-m/nofp/libc_nano.a(libc_a-readr.o)
 .ARM.attributes
                0x00000bb3       0x2c /opt/ST/STM32CubeCLT_1.20.0/GNU-tools-for-STM32/bin/../lib/gcc/arm-none-eabi/13.3.1/../../../../arm-none-eabi/lib/thumb/v6-m/nofp/libc_nano.a(libc_a-sbrkr.o)
 .ARM.attributes
                0x00000bdf       0x2c /opt/ST/STM32CubeCLT_1.20.0/GNU-tools-for-STM32/bin/../lib/gcc/arm-none-eabi/13.3.1/../../../../arm-none-eabi/lib/thumb/v6-m/nofp/libc_nano.a(libc_a-writer.o)
 .ARM.attributes
                0x00000c0b       0x2c /opt/ST/STM32CubeCLT_1.20.0/GNU-tools-for-STM32/bin/../lib/gcc/arm-none-eabi/13.3.1/../../../../arm-none-eabi/lib/thumb/v6-m/nofp/libc_nano.a(libc_a-closer.o)
 .ARM.attributes
                0x00000c37       0x2c /opt/ST/STM32CubeCLT_1.20.0/GNU-tools-for-STM32/bin/../lib/gcc/arm-none-eabi/13.3.1/../../../../arm-none-eabi/lib/thumb/v6-m/nofp/libc_nano.a(libc_a-memchr-stub.o)
 .ARM.attributes
                0x00000c63       0x1e /opt/ST/STM32CubeCLT_1.20.0/GNU-tools-for-STM32/bin/../lib/gcc/arm-none-eabi/13.3.1/thumb/v6-m/nofp/libgcc.a(_thumb1_case_uqi.o)
 .ARM.attributes
                0x00000c81       0x1e /opt/ST/STM32CubeCLT_1.20.0/GNU-tools-for-STM32/bin/../lib/gcc/arm-none-eabi/13.3.1/thumb/v6-m/nofp/libgcc.a(_thumb1_case_shi.o)
 .ARM.attributes
                0x00000c9f       0x1e /opt/ST/STM32CubeCLT_1.20.0/GNU-tools-for-STM32/bin/../lib/gcc/arm-none-eabi/13.3.1/thumb/v6-m/nofp/libgcc.a(_udivsi3.o)
 .ARM.attributes
                0x00000cbd       0x1e /opt/ST/STM32CubeCLT_1.20.0/GNU-tools-for-STM32/bin/../lib/gcc/arm-none-eabi/13.3.1/thumb/v6-m/nofp/libgcc.a(_dvmd_tls.o)
 .ARM.attributes
                0x00000cdb       0x1e /opt/ST/STM32CubeCLT_1.20.0/GNU-tools-for-STM32/bin/../lib/gcc/arm-none-eabi/13.3.1/thumb/v6-m/nofp/libgcc.a(_aeabi_uldivmod.o)
 .ARM.attributes
                0x00000cf9       0x2c /opt/ST/STM32CubeCLT_1.20.0/GNU-tools-for-STM32/bin/../lib/gcc/arm-none-eabi/13.3.1/thumb/v6-m/nofp/libgcc.a(_udivmoddi4.o)
 .ARM.attributes
                0x00000d25       0x1e /opt/ST/STM32CubeCLT_1.20.0/GNU-tools-for-STM32/bin/../lib/gcc/arm-none-eabi/13.3.1/thumb/v6-m/nofp/libgcc.a(_clzdi2.o)
 .ARM.attributes
                0x00000d43       0x1e /opt/ST/STM32CubeCLT_1.20.0/GNU-tools-for-STM32/bin/../lib/gcc/arm-none-eabi/13.3.1/thumb/v6-m/nofp/libgcc.a(_clzsi2.o)
 .ARM.attributes
                0x00000d61       0x1e /opt/ST/STM32CubeCLT_1.20.0/GNU-tools-for-STM32/bin/../lib/gcc/arm-none-eabi/13.3.1/thumb/v6-m/nofp/crtn.o
OUTPUT(SBSFU.elf elf32-littlearm)
LOAD linker stubs
LOAD /opt/ST/STM32CubeCLT_1.20.0/GNU-tools-for-STM32/bin/../lib/gcc/arm-none-eabi/13.3.1/../../../../arm-none-eabi/lib/thumb/v6-m/nofp/libc.a
LOAD /opt/ST/STM32CubeCLT_1.20.0/GNU-tools-for-STM32/bin/../lib/gcc/arm-none-eabi/13.3.1/../../../../arm-none-eabi/lib/thumb/v6-m/nofp/libm.a
LOAD /opt/ST/STM32CubeCLT_1.20.0/GNU-tools-for-STM32/bin/../lib/gcc/arm-none-eabi/13.3.1/thumb/v6-m/nofp/libgcc.a

.debug_info     0x00000000    0x1e0e0
 .debug_info    0x00000000       0x77 ./Application/Core/SE_CORE_Bin.o
 .debug_info    0x00000077      0x395 ./Application/Core/main.o
 .debug_info    0x0000040c      0xdf1 ./Application/Core/stm32g0xx_hal_msp.o
 .debug_info    0x000011fd      0x3d5 ./Application/Core/stm32g0xx_it.o
 .debug_info    0x000015d2      0x83b ./Application/Core/syscalls.o
 .debug_info    0x00001e0d     0x167e ./Application/SBSFU/App/sfu_boot.o
 .debug_info    0x0000348b      0x8ca ./Application/SBSFU/App/sfu_com_loader.o
 .debug_info    0x00003d55      0x912 ./Application/SBSFU/App/sfu_com_trace.o
 .debug_info    0x00004667      0x4f2 ./Application/SBSFU/App/sfu_error.o
 .debug_info    0x00004b59     0x1681 ./Application/SBSFU/App/sfu_fwimg_common.o
 .debug_info    0x000061da      0xa3a ./Application/SBSFU/App/sfu_loader.o
 .debug_info    0x00006c14      0x638 ./Application/SBSFU/App/sfu_mpu_isolation.o
 .debug_info    0x0000724c      0x1f9 ./Application/SBSFU/App/sfu_new_image.o
 .debug_info    0x00007445     0x18ad ./Application/SBSFU/Target/sfu_low_level.o
 .debug_info    0x00008cf2      0x610 ./Application/SBSFU/Target/sfu_low_level_flash.o
 .debug_info    0x00009302      0x2c8 ./Application/SBSFU/Target/sfu_low_level_flash_ext.o
 .debug_info    0x000095ca      0xad3 ./Application/SBSFU/Target/sfu_low_level_flash_int.o
 .debug_info    0x0000a09d     0x1dbb ./Application/SBSFU/Target/sfu_low_level_security.o
 .debug_info    0x0000be58       0x23 ./Application/Startup/sfu_se_mpu.o
 .debug_info    0x0000be7b       0x30 ./Application/Startup/startup_stm32g071xx.o
 .debug_info    0x0000beab     0x2093 ./Drivers/BSP/STM32G0xx_Nucleo/stm32g0xx_nucleo.o
 .debug_info    0x0000df3e      0x347 ./Drivers/CMSIS/system_stm32g0xx.o
 .debug_info    0x0000e285      0xb4a ./Drivers/STM32G0xx_HAL_Driver/stm32g0xx_hal.o
 .debug_info    0x0000edcf      0xa23 ./Drivers/STM32G0xx_HAL_Driver/stm32g0xx_hal_cortex.o
 .debug_info    0x0000f7f2      0x633 ./Drivers/STM32G0xx_HAL_Driver/stm32g0xx_hal_crc.o
 .debug_info    0x0000fe25      0x378 ./Drivers/STM32G0xx_HAL_Driver/stm32g0xx_hal_crc_ex.o
 .debug_info    0x0001019d      0x81a ./Drivers/STM32G0xx_HAL_Driver/stm32g0xx_hal_flash.o
 .debug_info    0x000109b7      0xd19 ./Drivers/STM32G0xx_HAL_Driver/stm32g0xx_hal_flash_ex.o
 .debug_info    0x000116d0      0x60b ./Drivers/STM32G0xx_HAL_Driver/stm32g0xx_hal_gpio.o
 .debug_info    0x00011cdb      0x25e ./Drivers/STM32G0xx_HAL_Driver/stm32g0xx_hal_iwdg.o
 .debug_info    0x00011f39      0x5da ./Drivers/STM32G0xx_HAL_Driver/stm32g0xx_hal_pwr.o
 .debug_info    0x00012513      0xdaf ./Drivers/STM32G0xx_HAL_Driver/stm32g0xx_hal_rcc.o
 .debug_info    0x000132c2      0x85b ./Drivers/STM32G0xx_HAL_Driver/stm32g0xx_hal_rcc_ex.o
 .debug_info    0x00013b1d     0x1120 ./Drivers/STM32G0xx_HAL_Driver/stm32g0xx_hal_rtc.o
 .debug_info    0x00014c3d     0x1599 ./Drivers/STM32G0xx_HAL_Driver/stm32g0xx_hal_rtc_ex.o